Archive member included to satisfy reference by file (symbol)

c:/progra~1/raspbe~1/picosd~1.1/gcc-ar~1/bin/../lib/gcc/arm-none-eabi/10.3.1/thumb/v6-m/nofp\libgcc.a(_dvmd_tls.o)
                              CMakeFiles/okhi.dir/C_/Program_Files/Raspberry_Pi/Pico_SDK_v1.5.1/pico-sdk/src/rp2_common/pico_divider/divider.S.obj (__aeabi_idiv0)
c:/progra~1/raspbe~1/picosd~1.1/gcc-ar~1/bin/../lib/gcc/arm-none-eabi/10.3.1/../../../../arm-none-eabi/lib/thumb/v6-m/nofp\libg.a(lib_a-calloc.o)
                              CMakeFiles/okhi.dir/C_/Program_Files/Raspberry_Pi/Pico_SDK_v1.5.1/pico-sdk/src/rp2_common/pico_malloc/pico_malloc.c.obj (calloc)
c:/progra~1/raspbe~1/picosd~1.1/gcc-ar~1/bin/../lib/gcc/arm-none-eabi/10.3.1/../../../../arm-none-eabi/lib/thumb/v6-m/nofp\libg.a(lib_a-callocr.o)
                              c:/progra~1/raspbe~1/picosd~1.1/gcc-ar~1/bin/../lib/gcc/arm-none-eabi/10.3.1/../../../../arm-none-eabi/lib/thumb/v6-m/nofp\libg.a(lib_a-calloc.o) (_calloc_r)
c:/progra~1/raspbe~1/picosd~1.1/gcc-ar~1/bin/../lib/gcc/arm-none-eabi/10.3.1/../../../../arm-none-eabi/lib/thumb/v6-m/nofp\libg.a(lib_a-errno.o)
                              c:/progra~1/raspbe~1/picosd~1.1/gcc-ar~1/bin/../lib/gcc/arm-none-eabi/10.3.1/../../../../arm-none-eabi/lib/thumb/v6-m/nofp\libg.a(lib_a-callocr.o) (__errno)
c:/progra~1/raspbe~1/picosd~1.1/gcc-ar~1/bin/../lib/gcc/arm-none-eabi/10.3.1/../../../../arm-none-eabi/lib/thumb/v6-m/nofp\libg.a(lib_a-fflush.o)
                              CMakeFiles/okhi.dir/okhi.c.obj (fflush)
c:/progra~1/raspbe~1/picosd~1.1/gcc-ar~1/bin/../lib/gcc/arm-none-eabi/10.3.1/../../../../arm-none-eabi/lib/thumb/v6-m/nofp\libg.a(lib_a-findfp.o)
                              c:/progra~1/raspbe~1/picosd~1.1/gcc-ar~1/bin/../lib/gcc/arm-none-eabi/10.3.1/../../../../arm-none-eabi/lib/thumb/v6-m/nofp\libg.a(lib_a-fflush.o) (__sinit)
c:/progra~1/raspbe~1/picosd~1.1/gcc-ar~1/bin/../lib/gcc/arm-none-eabi/10.3.1/../../../../arm-none-eabi/lib/thumb/v6-m/nofp\libg.a(lib_a-freer.o)
                              c:/progra~1/raspbe~1/picosd~1.1/gcc-ar~1/bin/../lib/gcc/arm-none-eabi/10.3.1/../../../../arm-none-eabi/lib/thumb/v6-m/nofp\libg.a(lib_a-fflush.o) (_free_r)
c:/progra~1/raspbe~1/picosd~1.1/gcc-ar~1/bin/../lib/gcc/arm-none-eabi/10.3.1/../../../../arm-none-eabi/lib/thumb/v6-m/nofp\libg.a(lib_a-fwalk.o)
                              c:/progra~1/raspbe~1/picosd~1.1/gcc-ar~1/bin/../lib/gcc/arm-none-eabi/10.3.1/../../../../arm-none-eabi/lib/thumb/v6-m/nofp\libg.a(lib_a-findfp.o) (_fwalk)
c:/progra~1/raspbe~1/picosd~1.1/gcc-ar~1/bin/../lib/gcc/arm-none-eabi/10.3.1/../../../../arm-none-eabi/lib/thumb/v6-m/nofp\libg.a(lib_a-impure.o)
                              c:/progra~1/raspbe~1/picosd~1.1/gcc-ar~1/bin/../lib/gcc/arm-none-eabi/10.3.1/../../../../arm-none-eabi/lib/thumb/v6-m/nofp\libg.a(lib_a-fflush.o) (_global_impure_ptr)
c:/progra~1/raspbe~1/picosd~1.1/gcc-ar~1/bin/../lib/gcc/arm-none-eabi/10.3.1/../../../../arm-none-eabi/lib/thumb/v6-m/nofp\libg.a(lib_a-init.o)
                              c:/progra~1/raspbe~1/picosd~1.1/gcc-ar~1/bin/../lib/gcc/arm-none-eabi/10.3.1/../../../../arm-none-eabi/lib/thumb/v6-m/nofp/crt0.o (__libc_init_array)
c:/progra~1/raspbe~1/picosd~1.1/gcc-ar~1/bin/../lib/gcc/arm-none-eabi/10.3.1/../../../../arm-none-eabi/lib/thumb/v6-m/nofp\libg.a(lib_a-lock.o)
                              c:/progra~1/raspbe~1/picosd~1.1/gcc-ar~1/bin/../lib/gcc/arm-none-eabi/10.3.1/../../../../arm-none-eabi/lib/thumb/v6-m/nofp\libg.a(lib_a-findfp.o) (__retarget_lock_init_recursive)
c:/progra~1/raspbe~1/picosd~1.1/gcc-ar~1/bin/../lib/gcc/arm-none-eabi/10.3.1/../../../../arm-none-eabi/lib/thumb/v6-m/nofp\libg.a(lib_a-malloc.o)
                              CMakeFiles/okhi.dir/C_/Program_Files/Raspberry_Pi/Pico_SDK_v1.5.1/pico-sdk/src/rp2_common/pico_malloc/pico_malloc.c.obj (malloc)
c:/progra~1/raspbe~1/picosd~1.1/gcc-ar~1/bin/../lib/gcc/arm-none-eabi/10.3.1/../../../../arm-none-eabi/lib/thumb/v6-m/nofp\libg.a(lib_a-mallocr.o)
                              c:/progra~1/raspbe~1/picosd~1.1/gcc-ar~1/bin/../lib/gcc/arm-none-eabi/10.3.1/../../../../arm-none-eabi/lib/thumb/v6-m/nofp\libg.a(lib_a-callocr.o) (_malloc_r)
c:/progra~1/raspbe~1/picosd~1.1/gcc-ar~1/bin/../lib/gcc/arm-none-eabi/10.3.1/../../../../arm-none-eabi/lib/thumb/v6-m/nofp\libg.a(lib_a-mlock.o)
                              c:/progra~1/raspbe~1/picosd~1.1/gcc-ar~1/bin/../lib/gcc/arm-none-eabi/10.3.1/../../../../arm-none-eabi/lib/thumb/v6-m/nofp\libg.a(lib_a-freer.o) (__malloc_lock)
c:/progra~1/raspbe~1/picosd~1.1/gcc-ar~1/bin/../lib/gcc/arm-none-eabi/10.3.1/../../../../arm-none-eabi/lib/thumb/v6-m/nofp\libg.a(lib_a-realloc.o)
                              CMakeFiles/okhi.dir/C_/Program_Files/Raspberry_Pi/Pico_SDK_v1.5.1/pico-sdk/src/rp2_common/pico_malloc/pico_malloc.c.obj (realloc)
c:/progra~1/raspbe~1/picosd~1.1/gcc-ar~1/bin/../lib/gcc/arm-none-eabi/10.3.1/../../../../arm-none-eabi/lib/thumb/v6-m/nofp\libg.a(lib_a-reallocr.o)
[...]
Memory Configuration

Name             Origin             Length             Attributes
FLASH            0x10000000         0x00200000         xr
RAM              0x20000000         0x00040000         xrw
SCRATCH_X        0x20040000         0x00001000         xrw
SCRATCH_Y        0x20041000         0x00001000         xrw
*default*        0x00000000         0xffffffff

Linker script and memory map

LOAD c:/progra~1/raspbe~1/picosd~1.1/gcc-ar~1/bin/../lib/gcc/arm-none-eabi/10.3.1/thumb/v6-m/nofp/crti.o
LOAD c:/progra~1/raspbe~1/picosd~1.1/gcc-ar~1/bin/../lib/gcc/arm-none-eabi/10.3.1/thumb/v6-m/nofp/crtbegin.o
LOAD c:/progra~1/raspbe~1/picosd~1.1/gcc-ar~1/bin/../lib/gcc/arm-none-eabi/10.3.1/../../../../arm-none-eabi/lib/thumb/v6-m/nofp/crt0.o

.flash_begin    0x10000000        0x0
                0x10000000                __flash_binary_start = .

.boot2          0x10000000      0x100
                0x10000000                __boot2_start__ = .
 *(.boot2)
 .boot2         0x10000000      0x100 C:\Users\regue\AppData\Local\Temp\ccMk7Gwh.o
                0x10000100                __boot2_end__ = .
                0x00000001                ASSERT (((__boot2_end__ - __boot2_start__) == 0x100), ERROR: Pico second stage bootloader must be 256 bytes in size)

.flashtext      0x10000100      0x1d8
                0x10000100                __logical_binary_start = .
 *(.vectors)
 .vectors       0x10000100       0xd4 CMakeFiles/okhi.dir/C_/Program_Files/Raspberry_Pi/Pico_SDK_v1.5.1/pico-sdk/src/rp2_common/pico_standard_link/crt0.S.obj
                0x10000100                __VECTOR_TABLE
                0x10000100                __vectors
                0x100001c0                isr_invalid
                0x100001c0                __default_isrs_start
                0x100001c2                isr_nmi
                0x100001c4                isr_hardfault
                0x100001c6                isr_svcall
                0x100001c8                isr_pendsv
                0x100001ca                isr_systick
                0x100001cc                isr_irq23
                0x100001cc                isr_irq18
                0x100001cc                isr_irq11
                0x100001cc                isr_irq28
                0x100001cc                isr_irq19
                0x100001cc                isr_irq0
                0x100001cc                isr_irq6
                0x100001cc                isr_irq5
                0x100001cc                isr_irq12
                0x100001cc                isr_irq22
                0x100001cc                isr_irq31
                0x100001cc                isr_irq17
                0x100001cc                isr_irq27
                0x100001cc                isr_irq30
                0x100001cc                isr_irq2
                0x100001cc                isr_irq10
                0x100001cc                isr_irq8
                0x100001cc                isr_irq24
                0x100001cc                isr_irq1
                0x100001cc                isr_irq7
                0x100001cc                isr_irq21
                0x100001cc                isr_irq20
                0x100001cc                isr_irq15
                0x100001cc                isr_irq25
                0x100001cc                isr_irq13
                0x100001cc                __unhandled_user_irq
                0x100001cc                isr_irq4
                0x100001cc                isr_irq16
                0x100001cc                isr_irq29
                0x100001cc                isr_irq26
                0x100001cc                __default_isrs_end
                0x100001cc                isr_irq3
                0x100001cc                isr_irq14
                0x100001cc                isr_irq9
                0x100001d2                unhandled_user_irq_num_in_r0
 *(.binary_info_header)
 .binary_info_header
                0x100001d4       0x14 CMakeFiles/okhi.dir/C_/Program_Files/Raspberry_Pi/Pico_SDK_v1.5.1/pico-sdk/src/rp2_common/pico_standard_link/crt0.S.obj
                0x100001e8                __binary_info_header_end = .
 *(.reset)
 .reset         0x100001e8       0xac CMakeFiles/okhi.dir/C_/Program_Files/Raspberry_Pi/Pico_SDK_v1.5.1/pico-sdk/src/rp2_common/pico_standard_link/crt0.S.obj
                0x100001e8                _entry_point
 *fill*         0x10000294        0x4 
 .reset.__stub  0x10000298       0x10 linker stubs
 .reset         0x100002a8       0x30 CMakeFiles/okhi.dir/C_/Program_Files/Raspberry_Pi/Pico_SDK_v1.5.1/pico-sdk/src/rp2_common/pico_standard_link/binary_info.c.obj

.rodata         0x100002d8        0x0
 *(SORT_BY_ALIGNMENT(SORT_BY_NAME(.flashdata*)))
                0x100002d8                . = ALIGN (0x4)

.ARM.extab
 *(.ARM.extab* .gnu.linkonce.armextab.*)
                0x100002d8                __exidx_start = .

.ARM.exidx
 *(.ARM.exidx* .gnu.linkonce.armexidx.*)
                0x100002d8                __exidx_end = .
                0x100002d8                . = ALIGN (0x4)
                0x100002d8                __binary_info_start = .

.binary_info    0x100002d8       0x2c
 *(.binary_info.keep.*)
 .binary_info.keep.__bi_ptr22
                0x100002d8        0x4 CMakeFiles/okhi.dir/C_/Program_Files/Raspberry_Pi/Pico_SDK_v1.5.1/pico-sdk/src/rp2_common/pico_standard_link/binary_info.c.obj
 .binary_info.keep.__bi_ptr30
                0x100002dc        0x4 CMakeFiles/okhi.dir/C_/Program_Files/Raspberry_Pi/Pico_SDK_v1.5.1/pico-sdk/src/rp2_common/pico_standard_link/binary_info.c.obj
 .binary_info.keep.__bi_ptr38
                0x100002e0        0x4 CMakeFiles/okhi.dir/C_/Program_Files/Raspberry_Pi/Pico_SDK_v1.5.1/pico-sdk/src/rp2_common/pico_standard_link/binary_info.c.obj
 .binary_info.keep.__bi_ptr44
                0x100002e4        0x4 CMakeFiles/okhi.dir/C_/Program_Files/Raspberry_Pi/Pico_SDK_v1.5.1/pico-sdk/src/rp2_common/pico_standard_link/binary_info.c.obj
 .binary_info.keep.__bi_ptr50
                0x100002e8        0x4 CMakeFiles/okhi.dir/C_/Program_Files/Raspberry_Pi/Pico_SDK_v1.5.1/pico-sdk/src/rp2_common/pico_standard_link/binary_info.c.obj
 .binary_info.keep.__bi_ptr69
                0x100002ec        0x4 CMakeFiles/okhi.dir/C_/Program_Files/Raspberry_Pi/Pico_SDK_v1.5.1/pico-sdk/src/rp2_common/pico_standard_link/binary_info.c.obj
 .binary_info.keep.__bi_ptr75
                0x100002f0        0x4 CMakeFiles/okhi.dir/C_/Program_Files/Raspberry_Pi/Pico_SDK_v1.5.1/pico-sdk/src/rp2_common/pico_standard_link/binary_info.c.obj
 .binary_info.keep.__bi_ptr81
                0x100002f4        0x4 CMakeFiles/okhi.dir/C_/Program_Files/Raspberry_Pi/Pico_SDK_v1.5.1/pico-sdk/src/rp2_common/pico_standard_link/binary_info.c.obj
 .binary_info.keep.__bi_ptr91
                0x100002f8        0x4 CMakeFiles/okhi.dir/C_/Program_Files/Raspberry_Pi/Pico_SDK_v1.5.1/pico-sdk/src/rp2_common/pico_standard_link/binary_info.c.obj
 *(.binary_info.*)
 .binary_info.__bi_ptr33
                0x100002fc        0x4 CMakeFiles/okhi.dir/C_/Program_Files/Raspberry_Pi/Pico_SDK_v1.5.1/pico-sdk/src/rp2_common/pico_stdio_uart/stdio_uart.c.obj
 .binary_info.__bi_ptr34
                0x10000300        0x4 CMakeFiles/okhi.dir/C_/Program_Files/Raspberry_Pi/Pico_SDK_v1.5.1/pico-sdk/src/rp2_common/pico_stdio_uart/stdio_uart.c.obj
                0x10000304                __binary_info_end = .
                0x10000304                . = ALIGN (0x4)

.ram_vector_table
                0x20000000       0xc0
 *(.ram_vector_table)
 .ram_vector_table
                0x20000000       0xc0 CMakeFiles/okhi.dir/C_/Program_Files/Raspberry_Pi/Pico_SDK_v1.5.1/pico-sdk/src/rp2_common/pico_runtime/runtime.c.obj
                0x20000000                ram_vector_table

.text           0x200000c0     0x7328 load address 0x10000304
                0x200000c0                __ram_text_start__ = .
 *(.init)
 .init          0x200000c0        0x4 c:/progra~1/raspbe~1/picosd~1.1/gcc-ar~1/bin/../lib/gcc/arm-none-eabi/10.3.1/thumb/v6-m/nofp/crti.o
                0x200000c0                _init
 *(.text*)
 .text          0x200000c4       0x48 c:/progra~1/raspbe~1/picosd~1.1/gcc-ar~1/bin/../lib/gcc/arm-none-eabi/10.3.1/thumb/v6-m/nofp/crtbegin.o
 .text.sm_config_set_clkdiv
                0x2000010c       0x3c CMakeFiles/okhi.dir/okhi.c.obj
 .text.pio_get_default_sm_config
                0x20000148       0x28 CMakeFiles/okhi.dir/okhi.c.obj
 .text.get_start_free_flash_space_addr
                0x20000170       0x18 CMakeFiles/okhi.dir/okhi.c.obj
 .text.get_flash_end_address
                0x20000188        0x6 CMakeFiles/okhi.dir/okhi.c.obj
 .text.get_free_flash_space
                0x2000018e       0x10 CMakeFiles/okhi.dir/okhi.c.obj
 *fill*         0x2000019e        0x2 
 .text.capture_limit_value
                0x200001a0        0x8 CMakeFiles/okhi.dir/okhi.c.obj
 .text.crc16_usb
                0x200001a8       0x2c CMakeFiles/okhi.dir/okhi.c.obj
 .text.crc5_usb
                0x200001d4       0x20 CMakeFiles/okhi.dir/okhi.c.obj
 .text.handle_folding
                0x200001f4       0x88 CMakeFiles/okhi.dir/okhi.c.obj
 .text.process_packet
                0x2000027c      0x1f4 CMakeFiles/okhi.dir/okhi.c.obj
 .text.start_time
                0x20000470       0x30 CMakeFiles/okhi.dir/okhi.c.obj
 .text.bootsel_pressed_safely
                0x200004a0       0x60 CMakeFiles/okhi.dir/okhi.c.obj
 .text.gpio_callback
                0x20000500       0x54 CMakeFiles/okhi.dir/okhi.c.obj
                0x20000500                gpio_callback
 .text.pio1_irq
                0x20000554       0x44 CMakeFiles/okhi.dir/okhi.c.obj
                0x20000554                pio1_irq
 .text.pio0_irq
                0x20000598       0x44 CMakeFiles/okhi.dir/okhi.c.obj
                0x20000598                pio0_irq
 .text.process_buffer
                0x200005dc      0x160 CMakeFiles/okhi.dir/okhi.c.obj
 .text.print_g_fold_count
                0x2000073c       0x3c CMakeFiles/okhi.dir/okhi.c.obj
 .text.init_esp_seq
                0x20000778       0xc0 CMakeFiles/okhi.dir/okhi.c.obj
 .text.my_spi_write_blocking
                0x20000838      0x1a0 CMakeFiles/okhi.dir/okhi.c.obj
 .text.my_spi_to_esp_write_blocking
                0x200009d8       0x26 CMakeFiles/okhi.dir/okhi.c.obj
 *fill*         0x200009fe        0x2 
 .text.print_packet
                0x20000a00      0x208 CMakeFiles/okhi.dir/okhi.c.obj
 .text.display_buffer
                0x20000c08      0x180 CMakeFiles/okhi.dir/okhi.c.obj
 .text.core1_main
                0x20000d88      0x114 CMakeFiles/okhi.dir/okhi.c.obj
                0x20000d88                core1_main
 .text.reinit_dbuff
                0x20000e9c       0x20 CMakeFiles/okhi.dir/okhi.c.obj
 .text.blink_led
                0x20000ebc       0x50 CMakeFiles/okhi.dir/okhi.c.obj
 .text.boot_press
                0x20000f0c       0x38 CMakeFiles/okhi.dir/okhi.c.obj
 .text.get_pin_state
                0x20000f44       0x64 CMakeFiles/okhi.dir/okhi.c.obj
 .text.detect_hw_version
                0x20000fa8       0x86 CMakeFiles/okhi.dir/okhi.c.obj
 *fill*         0x2000102e        0x2 
 .text.init_ver
                0x20001030       0xe8 CMakeFiles/okhi.dir/okhi.c.obj
 .text.free_all_pio_state_machines
                0x20001118       0x26 CMakeFiles/okhi.dir/okhi.c.obj
 *fill*         0x2000113e        0x2 
 .text.pio_destroy
                0x20001140       0x28 CMakeFiles/okhi.dir/okhi.c.obj
 .text.init_seq
                0x20001168      0x218 CMakeFiles/okhi.dir/okhi.c.obj
 .text.main     0x20001380      0x4e0 CMakeFiles/okhi.dir/okhi.c.obj
                0x20001380                main
 .text.set_sys_clock_pll
                0x20001860       0x78 CMakeFiles/okhi.dir/C_/Program_Files/Raspberry_Pi/Pico_SDK_v1.5.1/pico-sdk/src/rp2_common/pico_stdlib/stdlib.c.obj
                0x20001860                set_sys_clock_pll
 .text.check_sys_clock_khz
                0x200018d8       0xa4 CMakeFiles/okhi.dir/C_/Program_Files/Raspberry_Pi/Pico_SDK_v1.5.1/pico-sdk/src/rp2_common/pico_stdlib/stdlib.c.obj
                0x200018d8                check_sys_clock_khz
 .text.gpio_set_function
                0x2000197c       0x30 CMakeFiles/okhi.dir/C_/Program_Files/Raspberry_Pi/Pico_SDK_v1.5.1/pico-sdk/src/rp2_common/hardware_gpio/gpio.c.obj
                0x2000197c                gpio_set_function
 .text.gpio_set_pulls
                0x200019ac       0x34 CMakeFiles/okhi.dir/C_/Program_Files/Raspberry_Pi/Pico_SDK_v1.5.1/pico-sdk/src/rp2_common/hardware_gpio/gpio.c.obj
                0x200019ac                gpio_set_pulls
 .text.gpio_set_irq_callback
                0x200019e0       0x48 CMakeFiles/okhi.dir/C_/Program_Files/Raspberry_Pi/Pico_SDK_v1.5.1/pico-sdk/src/rp2_common/hardware_gpio/gpio.c.obj
                0x200019e0                gpio_set_irq_callback
 .text.gpio_acknowledge_irq
                0x20001a28       0x18 CMakeFiles/okhi.dir/C_/Program_Files/Raspberry_Pi/Pico_SDK_v1.5.1/pico-sdk/src/rp2_common/hardware_gpio/gpio.c.obj
                0x20001a28                gpio_acknowledge_irq
 .text._gpio_set_irq_enabled
                0x20001a40       0x34 CMakeFiles/okhi.dir/C_/Program_Files/Raspberry_Pi/Pico_SDK_v1.5.1/pico-sdk/src/rp2_common/hardware_gpio/gpio.c.obj
 .text.gpio_set_irq_enabled
                0x20001a74       0x20 CMakeFiles/okhi.dir/C_/Program_Files/Raspberry_Pi/Pico_SDK_v1.5.1/pico-sdk/src/rp2_common/hardware_gpio/gpio.c.obj
                0x20001a74                gpio_set_irq_enabled
 .text.gpio_set_irq_enabled_with_callback
                0x20001a94       0x20 CMakeFiles/okhi.dir/C_/Program_Files/Raspberry_Pi/Pico_SDK_v1.5.1/pico-sdk/src/rp2_common/hardware_gpio/gpio.c.obj
                0x20001a94                gpio_set_irq_enabled_with_callback
 .text.gpio_default_irq_handler
                0x20001ab4       0x98 CMakeFiles/okhi.dir/C_/Program_Files/Raspberry_Pi/Pico_SDK_v1.5.1/pico-sdk/src/rp2_common/hardware_gpio/gpio.c.obj
 .text.gpio_set_input_enabled
                0x20001b4c       0x30 CMakeFiles/okhi.dir/C_/Program_Files/Raspberry_Pi/Pico_SDK_v1.5.1/pico-sdk/src/rp2_common/hardware_gpio/gpio.c.obj
                0x20001b4c                gpio_set_input_enabled
 .text.gpio_init
                0x20001b7c       0x16 CMakeFiles/okhi.dir/C_/Program_Files/Raspberry_Pi/Pico_SDK_v1.5.1/pico-sdk/src/rp2_common/hardware_gpio/gpio.c.obj
                0x20001b7c                gpio_init
 .text.gpio_deinit
                0x20001b92        0xa CMakeFiles/okhi.dir/C_/Program_Files/Raspberry_Pi/Pico_SDK_v1.5.1/pico-sdk/src/rp2_common/hardware_gpio/gpio.c.obj
                0x20001b92                gpio_deinit
 .text.running_on_fpga
                0x20001b9c       0x14 CMakeFiles/okhi.dir/C_/Program_Files/Raspberry_Pi/Pico_SDK_v1.5.1/pico-sdk/src/rp2_common/pico_platform/platform.c.obj
                0x20001b9c                running_on_fpga
 .text.hw_claim_lock
                0x20001bb0       0x18 CMakeFiles/okhi.dir/C_/Program_Files/Raspberry_Pi/Pico_SDK_v1.5.1/pico-sdk/src/rp2_common/hardware_claim/claim.c.obj
                0x20001bb0                hw_claim_lock
 .text.hw_claim_unlock
                0x20001bc8       0x14 CMakeFiles/okhi.dir/C_/Program_Files/Raspberry_Pi/Pico_SDK_v1.5.1/pico-sdk/src/rp2_common/hardware_claim/claim.c.obj
                0x20001bc8                hw_claim_unlock
 .text.hw_is_claimed
                0x20001bdc       0x16 CMakeFiles/okhi.dir/C_/Program_Files/Raspberry_Pi/Pico_SDK_v1.5.1/pico-sdk/src/rp2_common/hardware_claim/claim.c.obj
                0x20001bdc                hw_is_claimed
 .text.hw_claim_or_assert
                0x20001bf2       0x32 CMakeFiles/okhi.dir/C_/Program_Files/Raspberry_Pi/Pico_SDK_v1.5.1/pico-sdk/src/rp2_common/hardware_claim/claim.c.obj
                0x20001bf2                hw_claim_or_assert
 .text.hw_claim_unused_from_range
                0x20001c24       0x50 CMakeFiles/okhi.dir/C_/Program_Files/Raspberry_Pi/Pico_SDK_v1.5.1/pico-sdk/src/rp2_common/hardware_claim/claim.c.obj
                0x20001c24                hw_claim_unused_from_range
 .text.hw_claim_clear
                0x20001c74       0x40 CMakeFiles/okhi.dir/C_/Program_Files/Raspberry_Pi/Pico_SDK_v1.5.1/pico-sdk/src/rp2_common/hardware_claim/claim.c.obj
                0x20001c74                hw_claim_clear
 .text.spin_locks_reset
                0x20001cb4       0x20 CMakeFiles/okhi.dir/C_/Program_Files/Raspberry_Pi/Pico_SDK_v1.5.1/pico-sdk/src/rp2_common/hardware_sync/sync.c.obj
                0x20001cb4                spin_locks_reset
 .text.next_striped_spin_lock_num
                0x20001cd4       0x1c CMakeFiles/okhi.dir/C_/Program_Files/Raspberry_Pi/Pico_SDK_v1.5.1/pico-sdk/src/rp2_common/hardware_sync/sync.c.obj
                0x20001cd4                next_striped_spin_lock_num
 .text.set_raw_irq_handler_and_unlock
                0x20001cf0       0x28 CMakeFiles/okhi.dir/C_/Program_Files/Raspberry_Pi/Pico_SDK_v1.5.1/pico-sdk/src/rp2_common/hardware_irq/irq.c.obj
 .text.make_branch
                0x20001d18       0x48 CMakeFiles/okhi.dir/C_/Program_Files/Raspberry_Pi/Pico_SDK_v1.5.1/pico-sdk/src/rp2_common/hardware_irq/irq.c.obj
 .text.insert_branch_and_link
                0x20001d60       0x40 CMakeFiles/okhi.dir/C_/Program_Files/Raspberry_Pi/Pico_SDK_v1.5.1/pico-sdk/src/rp2_common/hardware_irq/irq.c.obj
 .text.irq_is_enabled
                0x20001da0       0x18 CMakeFiles/okhi.dir/C_/Program_Files/Raspberry_Pi/Pico_SDK_v1.5.1/pico-sdk/src/rp2_common/hardware_irq/irq.c.obj
                0x20001da0                irq_is_enabled
 .text.irq_set_mask_enabled
                0x20001db8       0x20 CMakeFiles/okhi.dir/C_/Program_Files/Raspberry_Pi/Pico_SDK_v1.5.1/pico-sdk/src/rp2_common/hardware_irq/irq.c.obj
                0x20001db8                irq_set_mask_enabled
 .text.irq_set_enabled
                0x20001dd8        0xe CMakeFiles/okhi.dir/C_/Program_Files/Raspberry_Pi/Pico_SDK_v1.5.1/pico-sdk/src/rp2_common/hardware_irq/irq.c.obj
                0x20001dd8                irq_set_enabled
 *fill*         0x20001de6        0x2 
 .text.irq_get_vtable_handler
                0x20001de8       0x10 CMakeFiles/okhi.dir/C_/Program_Files/Raspberry_Pi/Pico_SDK_v1.5.1/pico-sdk/src/rp2_common/hardware_irq/irq.c.obj
                0x20001de8                irq_get_vtable_handler
 .text.irq_set_exclusive_handler
                0x20001df8       0x54 CMakeFiles/okhi.dir/C_/Program_Files/Raspberry_Pi/Pico_SDK_v1.5.1/pico-sdk/src/rp2_common/hardware_irq/irq.c.obj
                0x20001df8                irq_set_exclusive_handler
 .text.irq_add_shared_handler
                0x20001e4c      0x234 CMakeFiles/okhi.dir/C_/Program_Files/Raspberry_Pi/Pico_SDK_v1.5.1/pico-sdk/src/rp2_common/hardware_irq/irq.c.obj
                0x20001e4c                irq_add_shared_handler
 .text.irq_remove_handler
                0x20002080      0x1ac CMakeFiles/okhi.dir/C_/Program_Files/Raspberry_Pi/Pico_SDK_v1.5.1/pico-sdk/src/rp2_common/hardware_irq/irq.c.obj
                0x20002080                irq_remove_handler
 .text.irq_add_tail_to_free_list
                0x2000222c       0xf0 CMakeFiles/okhi.dir/C_/Program_Files/Raspberry_Pi/Pico_SDK_v1.5.1/pico-sdk/src/rp2_common/hardware_irq/irq.c.obj
                0x2000222c                irq_add_tail_to_free_list
 .text.irq_init_priorities
                0x2000231c       0x1c CMakeFiles/okhi.dir/C_/Program_Files/Raspberry_Pi/Pico_SDK_v1.5.1/pico-sdk/src/rp2_common/hardware_irq/irq.c.obj
                0x2000231c                irq_init_priorities
 .text.lock_init
                0x20002338       0x10 CMakeFiles/okhi.dir/C_/Program_Files/Raspberry_Pi/Pico_SDK_v1.5.1/pico-sdk/src/common/pico_sync/lock_core.c.obj
                0x20002338                lock_init
 .text.mutex_init
                0x20002348       0x1a CMakeFiles/okhi.dir/C_/Program_Files/Raspberry_Pi/Pico_SDK_v1.5.1/pico-sdk/src/common/pico_sync/mutex.c.obj
                0x20002348                mutex_init
 .text.recursive_mutex_init
                0x20002362       0x1e CMakeFiles/okhi.dir/C_/Program_Files/Raspberry_Pi/Pico_SDK_v1.5.1/pico-sdk/src/common/pico_sync/mutex.c.obj
                0x20002362                recursive_mutex_init
 .text.alarm_pool_post_alloc_init
                0x20002380       0x40 CMakeFiles/okhi.dir/C_/Program_Files/Raspberry_Pi/Pico_SDK_v1.5.1/pico-sdk/src/common/pico_time/time.c.obj
 .text.sleep_until_callback
                0x200023c0       0x30 CMakeFiles/okhi.dir/C_/Program_Files/Raspberry_Pi/Pico_SDK_v1.5.1/pico-sdk/src/common/pico_time/time.c.obj
 .text.timer_pool_entry_comparator
                0x200023f0       0x7c CMakeFiles/okhi.dir/C_/Program_Files/Raspberry_Pi/Pico_SDK_v1.5.1/pico-sdk/src/common/pico_time/time.c.obj
                0x200023f0                timer_pool_entry_comparator
 .text.ph_add_child_node
                0x2000246c       0xa4 CMakeFiles/okhi.dir/C_/Program_Files/Raspberry_Pi/Pico_SDK_v1.5.1/pico-sdk/src/common/pico_time/time.c.obj
 .text.ph_merge_nodes
                0x20002510       0x3e CMakeFiles/okhi.dir/C_/Program_Files/Raspberry_Pi/Pico_SDK_v1.5.1/pico-sdk/src/common/pico_time/time.c.obj
 *fill*         0x2000254e        0x2 
 .text.add_alarm_under_lock
                0x20002550      0x174 CMakeFiles/okhi.dir/C_/Program_Files/Raspberry_Pi/Pico_SDK_v1.5.1/pico-sdk/src/common/pico_time/time.c.obj
 .text.alarm_pool_alarm_callback
                0x200026c4      0x33c CMakeFiles/okhi.dir/C_/Program_Files/Raspberry_Pi/Pico_SDK_v1.5.1/pico-sdk/src/common/pico_time/time.c.obj
 .text.alarm_pool_init_default
                0x20002a00       0x40 CMakeFiles/okhi.dir/C_/Program_Files/Raspberry_Pi/Pico_SDK_v1.5.1/pico-sdk/src/common/pico_time/time.c.obj
                0x20002a00                alarm_pool_init_default
 .text.alarm_pool_get_default
                0x20002a40       0x2c CMakeFiles/okhi.dir/C_/Program_Files/Raspberry_Pi/Pico_SDK_v1.5.1/pico-sdk/src/common/pico_time/time.c.obj
                0x20002a40                alarm_pool_get_default
 .text.alarm_pool_add_alarm_at
                0x20002a6c      0x168 CMakeFiles/okhi.dir/C_/Program_Files/Raspberry_Pi/Pico_SDK_v1.5.1/pico-sdk/src/common/pico_time/time.c.obj
                0x20002a6c                alarm_pool_add_alarm_at
 .text.alarm_pool_cancel_alarm
                0x20002bd4       0xf8 CMakeFiles/okhi.dir/C_/Program_Files/Raspberry_Pi/Pico_SDK_v1.5.1/pico-sdk/src/common/pico_time/time.c.obj
                0x20002bd4                alarm_pool_cancel_alarm
 .text.sleep_until
                0x20002ccc       0xfc CMakeFiles/okhi.dir/C_/Program_Files/Raspberry_Pi/Pico_SDK_v1.5.1/pico-sdk/src/common/pico_time/time.c.obj
                0x20002ccc                sleep_until
 .text.sleep_us
                0x20002dc8       0x58 CMakeFiles/okhi.dir/C_/Program_Files/Raspberry_Pi/Pico_SDK_v1.5.1/pico-sdk/src/common/pico_time/time.c.obj
                0x20002dc8                sleep_us
 .text.sleep_ms
                0x20002e20       0x14 CMakeFiles/okhi.dir/C_/Program_Files/Raspberry_Pi/Pico_SDK_v1.5.1/pico-sdk/src/common/pico_time/time.c.obj
                0x20002e20                sleep_ms
 .text.best_effort_wfe_or_timeout
                0x20002e34       0xac CMakeFiles/okhi.dir/C_/Program_Files/Raspberry_Pi/Pico_SDK_v1.5.1/pico-sdk/src/common/pico_time/time.c.obj
                0x20002e34                best_effort_wfe_or_timeout
 .text.hardware_alarm_irq_handler
                0x20002ee0       0x90 CMakeFiles/okhi.dir/C_/Program_Files/Raspberry_Pi/Pico_SDK_v1.5.1/pico-sdk/src/rp2_common/hardware_timer/timer.c.obj
 .text.hardware_alarm_claim
                0x20002f70       0x18 CMakeFiles/okhi.dir/C_/Program_Files/Raspberry_Pi/Pico_SDK_v1.5.1/pico-sdk/src/rp2_common/hardware_timer/timer.c.obj
                0x20002f70                hardware_alarm_claim
 .text.time_us_64
                0x20002f88       0x18 CMakeFiles/okhi.dir/C_/Program_Files/Raspberry_Pi/Pico_SDK_v1.5.1/pico-sdk/src/rp2_common/hardware_timer/timer.c.obj
                0x20002f88                time_us_64
 .text.busy_wait_until
                0x20002fa0       0x28 CMakeFiles/okhi.dir/C_/Program_Files/Raspberry_Pi/Pico_SDK_v1.5.1/pico-sdk/src/rp2_common/hardware_timer/timer.c.obj
                0x20002fa0                busy_wait_until
 .text.busy_wait_us
                0x20002fc8       0x48 CMakeFiles/okhi.dir/C_/Program_Files/Raspberry_Pi/Pico_SDK_v1.5.1/pico-sdk/src/rp2_common/hardware_timer/timer.c.obj
                0x20002fc8                busy_wait_us
 .text.hardware_alarm_set_callback
                0x20003010       0x90 CMakeFiles/okhi.dir/C_/Program_Files/Raspberry_Pi/Pico_SDK_v1.5.1/pico-sdk/src/rp2_common/hardware_timer/timer.c.obj
                0x20003010                hardware_alarm_set_callback
 .text.hardware_alarm_set_target
                0x200030a0       0xe8 CMakeFiles/okhi.dir/C_/Program_Files/Raspberry_Pi/Pico_SDK_v1.5.1/pico-sdk/src/rp2_common/hardware_timer/timer.c.obj
                0x200030a0                hardware_alarm_set_target
 .text.hardware_alarm_cancel
                0x20003188       0x40 CMakeFiles/okhi.dir/C_/Program_Files/Raspberry_Pi/Pico_SDK_v1.5.1/pico-sdk/src/rp2_common/hardware_timer/timer.c.obj
                0x20003188                hardware_alarm_cancel
 .text.ph_add_child_node
                0x200031c8       0xa4 CMakeFiles/okhi.dir/C_/Program_Files/Raspberry_Pi/Pico_SDK_v1.5.1/pico-sdk/src/common/pico_util/pheap.c.obj
 .text.ph_merge_nodes
                0x2000326c       0x3e CMakeFiles/okhi.dir/C_/Program_Files/Raspberry_Pi/Pico_SDK_v1.5.1/pico-sdk/src/common/pico_util/pheap.c.obj
 *fill*         0x200032aa        0x2 
 .text.ph_clear
                0x200032ac       0x70 CMakeFiles/okhi.dir/C_/Program_Files/Raspberry_Pi/Pico_SDK_v1.5.1/pico-sdk/src/common/pico_util/pheap.c.obj
                0x200032ac                ph_clear
 .text.ph_post_alloc_init
                0x2000331c        0xe CMakeFiles/okhi.dir/C_/Program_Files/Raspberry_Pi/Pico_SDK_v1.5.1/pico-sdk/src/common/pico_util/pheap.c.obj
                0x2000331c                ph_post_alloc_init
 *fill*         0x2000332a        0x2 
 .text.ph_merge_two_pass
                0x2000332c       0xa8 CMakeFiles/okhi.dir/C_/Program_Files/Raspberry_Pi/Pico_SDK_v1.5.1/pico-sdk/src/common/pico_util/pheap.c.obj
                0x2000332c                ph_merge_two_pass
 .text.ph_remove_any_head
                0x200033d4      0x128 CMakeFiles/okhi.dir/C_/Program_Files/Raspberry_Pi/Pico_SDK_v1.5.1/pico-sdk/src/common/pico_util/pheap.c.obj
 .text.ph_remove_head
                0x200034fc       0x14 CMakeFiles/okhi.dir/C_/Program_Files/Raspberry_Pi/Pico_SDK_v1.5.1/pico-sdk/src/common/pico_util/pheap.c.obj
                0x200034fc                ph_remove_head
 .text.ph_remove_and_free_node
                0x20003510       0xf8 CMakeFiles/okhi.dir/C_/Program_Files/Raspberry_Pi/Pico_SDK_v1.5.1/pico-sdk/src/common/pico_util/pheap.c.obj
                0x20003510                ph_remove_and_free_node
 .text.uart_disable_before_lcr_write
                0x20003608       0x48 CMakeFiles/okhi.dir/C_/Program_Files/Raspberry_Pi/Pico_SDK_v1.5.1/pico-sdk/src/rp2_common/hardware_uart/uart.c.obj
 .text.uart_write_lcr_bits_masked
                0x20003650       0x22 CMakeFiles/okhi.dir/C_/Program_Files/Raspberry_Pi/Pico_SDK_v1.5.1/pico-sdk/src/rp2_common/hardware_uart/uart.c.obj
 *fill*         0x20003672        0x2 
 .text.uart_set_baudrate
                0x20003674       0x5c CMakeFiles/okhi.dir/C_/Program_Files/Raspberry_Pi/Pico_SDK_v1.5.1/pico-sdk/src/rp2_common/hardware_uart/uart.c.obj
                0x20003674                uart_set_baudrate
 .text.uart_set_format
                0x200036d0       0x2c CMakeFiles/okhi.dir/C_/Program_Files/Raspberry_Pi/Pico_SDK_v1.5.1/pico-sdk/src/rp2_common/hardware_uart/uart.c.obj
                0x200036d0                uart_set_format
 .text.uart_set_fifo_enabled
                0x200036fc       0x10 CMakeFiles/okhi.dir/C_/Program_Files/Raspberry_Pi/Pico_SDK_v1.5.1/pico-sdk/src/rp2_common/hardware_uart/uart.c.obj
                0x200036fc                uart_set_fifo_enabled
 .text.uart_set_translate_crlf
                0x2000370c       0x28 CMakeFiles/okhi.dir/C_/Program_Files/Raspberry_Pi/Pico_SDK_v1.5.1/pico-sdk/src/rp2_common/hardware_uart/uart.c.obj
                0x2000370c                uart_set_translate_crlf
 .text.uart_init
                0x20003734       0x80 CMakeFiles/okhi.dir/C_/Program_Files/Raspberry_Pi/Pico_SDK_v1.5.1/pico-sdk/src/rp2_common/hardware_uart/uart.c.obj
                0x20003734                uart_init
 .text.clock_configure
                0x200037b4      0x108 CMakeFiles/okhi.dir/C_/Program_Files/Raspberry_Pi/Pico_SDK_v1.5.1/pico-sdk/src/rp2_common/hardware_clocks/clocks.c.obj
                0x200037b4                clock_configure
 .text.clocks_init
                0x200038bc      0x100 CMakeFiles/okhi.dir/C_/Program_Files/Raspberry_Pi/Pico_SDK_v1.5.1/pico-sdk/src/rp2_common/hardware_clocks/clocks.c.obj
                0x200038bc                clocks_init
 .text.clock_get_hz
                0x200039bc        0xc CMakeFiles/okhi.dir/C_/Program_Files/Raspberry_Pi/Pico_SDK_v1.5.1/pico-sdk/src/rp2_common/hardware_clocks/clocks.c.obj
                0x200039bc                clock_get_hz
 .text.pll_init
                0x200039c8      0x120 CMakeFiles/okhi.dir/C_/Program_Files/Raspberry_Pi/Pico_SDK_v1.5.1/pico-sdk/src/rp2_common/hardware_pll/pll.c.obj
                0x200039c8                pll_init
 .text.watchdog_start_tick
                0x20003ae8       0x10 CMakeFiles/okhi.dir/C_/Program_Files/Raspberry_Pi/Pico_SDK_v1.5.1/pico-sdk/src/rp2_common/hardware_watchdog/watchdog.c.obj
                0x20003ae8                watchdog_start_tick
 .text.watchdog_update
                0x20003af8       0x14 CMakeFiles/okhi.dir/C_/Program_Files/Raspberry_Pi/Pico_SDK_v1.5.1/pico-sdk/src/rp2_common/hardware_watchdog/watchdog.c.obj
                0x20003af8                watchdog_update
 .text._watchdog_enable
                0x20003b0c       0x78 CMakeFiles/okhi.dir/C_/Program_Files/Raspberry_Pi/Pico_SDK_v1.5.1/pico-sdk/src/rp2_common/hardware_watchdog/watchdog.c.obj
                0x20003b0c                _watchdog_enable
 .text.watchdog_enable
                0x20003b84       0x18 CMakeFiles/okhi.dir/C_/Program_Files/Raspberry_Pi/Pico_SDK_v1.5.1/pico-sdk/src/rp2_common/hardware_watchdog/watchdog.c.obj
                0x20003b84                watchdog_enable
 .text.watchdog_reboot
                0x20003b9c       0x48 CMakeFiles/okhi.dir/C_/Program_Files/Raspberry_Pi/Pico_SDK_v1.5.1/pico-sdk/src/rp2_common/hardware_watchdog/watchdog.c.obj
                0x20003b9c                watchdog_reboot
 .text.watchdog_caused_reboot
                0x20003be4       0x10 CMakeFiles/okhi.dir/C_/Program_Files/Raspberry_Pi/Pico_SDK_v1.5.1/pico-sdk/src/rp2_common/hardware_watchdog/watchdog.c.obj
                0x20003be4                watchdog_caused_reboot
 .text.xosc_init
                0x20003bf4       0x28 CMakeFiles/okhi.dir/C_/Program_Files/Raspberry_Pi/Pico_SDK_v1.5.1/pico-sdk/src/rp2_common/hardware_xosc/xosc.c.obj
                0x20003bf4                xosc_init
 .text._exit    0x20003c1c        0x4 CMakeFiles/okhi.dir/C_/Program_Files/Raspberry_Pi/Pico_SDK_v1.5.1/pico-sdk/src/rp2_common/pico_runtime/runtime.c.obj
                0x20003c1c                _exit
 .text._sbrk    0x20003c20       0x38 CMakeFiles/okhi.dir/C_/Program_Files/Raspberry_Pi/Pico_SDK_v1.5.1/pico-sdk/src/rp2_common/pico_runtime/runtime.c.obj
                0x20003c20                _sbrk
 .text.exit     0x20003c58        0x6 CMakeFiles/okhi.dir/C_/Program_Files/Raspberry_Pi/Pico_SDK_v1.5.1/pico-sdk/src/rp2_common/pico_runtime/runtime.c.obj
                0x20003c58                exit
 *fill*         0x20003c5e        0x2 
 .text.__assert_func
                0x20003c60       0x3c CMakeFiles/okhi.dir/C_/Program_Files/Raspberry_Pi/Pico_SDK_v1.5.1/pico-sdk/src/rp2_common/pico_runtime/runtime.c.obj
                0x20003c60                __assert_func
 .text.runtime_init
                0x20003c9c       0xf8 CMakeFiles/okhi.dir/C_/Program_Files/Raspberry_Pi/Pico_SDK_v1.5.1/pico-sdk/src/rp2_common/pico_runtime/runtime.c.obj
                0x20003c9c                runtime_init
 .text.panic    0x20003d94       0x30 CMakeFiles/okhi.dir/C_/Program_Files/Raspberry_Pi/Pico_SDK_v1.5.1/pico-sdk/src/rp2_common/pico_runtime/runtime.c.obj
                0x20003d94                panic
 .text._out_buffer
                0x20003dc4        0x8 CMakeFiles/okhi.dir/C_/Program_Files/Raspberry_Pi/Pico_SDK_v1.5.1/pico-sdk/src/rp2_common/pico_printf/printf.c.obj
 .text._out_null
                0x20003dcc        0x2 CMakeFiles/okhi.dir/C_/Program_Files/Raspberry_Pi/Pico_SDK_v1.5.1/pico-sdk/src/rp2_common/pico_printf/printf.c.obj
 .text._out_fct
                0x20003dce        0xe CMakeFiles/okhi.dir/C_/Program_Files/Raspberry_Pi/Pico_SDK_v1.5.1/pico-sdk/src/rp2_common/pico_printf/printf.c.obj
 .text._atoi    0x20003ddc       0x24 CMakeFiles/okhi.dir/C_/Program_Files/Raspberry_Pi/Pico_SDK_v1.5.1/pico-sdk/src/rp2_common/pico_printf/printf.c.obj
 .text._out_rev
                0x20003e00       0xae CMakeFiles/okhi.dir/C_/Program_Files/Raspberry_Pi/Pico_SDK_v1.5.1/pico-sdk/src/rp2_common/pico_printf/printf.c.obj
 .text._ntoa_format
                0x20003eae      0x112 CMakeFiles/okhi.dir/C_/Program_Files/Raspberry_Pi/Pico_SDK_v1.5.1/pico-sdk/src/rp2_common/pico_printf/printf.c.obj
 .text._ntoa_long
                0x20003fc0       0xbc CMakeFiles/okhi.dir/C_/Program_Files/Raspberry_Pi/Pico_SDK_v1.5.1/pico-sdk/src/rp2_common/pico_printf/printf.c.obj
 .text._ntoa_long_long
                0x2000407c       0xe2 CMakeFiles/okhi.dir/C_/Program_Files/Raspberry_Pi/Pico_SDK_v1.5.1/pico-sdk/src/rp2_common/pico_printf/printf.c.obj
 *fill*         0x2000415e        0x2 
 .text._etoa    0x20004160      0x414 CMakeFiles/okhi.dir/C_/Program_Files/Raspberry_Pi/Pico_SDK_v1.5.1/pico-sdk/src/rp2_common/pico_printf/printf.c.obj
 .text._ftoa    0x20004574      0x354 CMakeFiles/okhi.dir/C_/Program_Files/Raspberry_Pi/Pico_SDK_v1.5.1/pico-sdk/src/rp2_common/pico_printf/printf.c.obj
 .text._vsnprintf
                0x200048c8      0x624 CMakeFiles/okhi.dir/C_/Program_Files/Raspberry_Pi/Pico_SDK_v1.5.1/pico-sdk/src/rp2_common/pico_printf/printf.c.obj
 .text.__wrap_sprintf
                0x20004eec       0x28 CMakeFiles/okhi.dir/C_/Program_Files/Raspberry_Pi/Pico_SDK_v1.5.1/pico-sdk/src/rp2_common/pico_printf/printf.c.obj
                0x20004eec                __wrap_sprintf
 .text.vfctprintf
                0x20004f14       0x20 CMakeFiles/okhi.dir/C_/Program_Files/Raspberry_Pi/Pico_SDK_v1.5.1/pico-sdk/src/rp2_common/pico_printf/printf.c.obj
                0x20004f14                vfctprintf
 .text          0x20004f34       0x10 CMakeFiles/okhi.dir/C_/Program_Files/Raspberry_Pi/Pico_SDK_v1.5.1/pico-sdk/src/rp2_common/pico_bit_ops/bit_ops_aeabi.S.obj
 .text.rom_func_lookup
                0x20004f44       0x10 CMakeFiles/okhi.dir/C_/Program_Files/Raspberry_Pi/Pico_SDK_v1.5.1/pico-sdk/src/rp2_common/pico_bootrom/bootrom.c.obj
                0x20004f44                rom_func_lookup
 .text.rom_data_lookup
                0x20004f54       0x10 CMakeFiles/okhi.dir/C_/Program_Files/Raspberry_Pi/Pico_SDK_v1.5.1/pico-sdk/src/rp2_common/pico_bootrom/bootrom.c.obj
                0x20004f54                rom_data_lookup
 .text.rom_funcs_lookup
                0x20004f64       0x36 CMakeFiles/okhi.dir/C_/Program_Files/Raspberry_Pi/Pico_SDK_v1.5.1/pico-sdk/src/rp2_common/pico_bootrom/bootrom.c.obj
                0x20004f64                rom_funcs_lookup
 *fill*         0x20004f9a        0x2 
 .text.__wrap___aeabi_idiv
                0x20004f9c       0x50 CMakeFiles/okhi.dir/C_/Program_Files/Raspberry_Pi/Pico_SDK_v1.5.1/pico-sdk/src/rp2_common/pico_divider/divider.S.obj
                0x20004f9c                __wrap___aeabi_idivmod
                0x20004f9c                divmod_s32s32
                0x20004f9c                div_s32s32
                0x20004f9c                __wrap___aeabi_idiv
                0x20004fa4                divmod_s32s32_unsafe
                0x20004fd0                divmod_s32s32_savestate
 .text.__wrap___aeabi_uidiv
                0x20004fec       0x4c CMakeFiles/okhi.dir/C_/Program_Files/Raspberry_Pi/Pico_SDK_v1.5.1/pico-sdk/src/rp2_common/pico_divider/divider.S.obj
                0x20004fec                __wrap___aeabi_uidiv
                0x20004fec                __wrap___aeabi_uidivmod
                0x20004fec                div_u32u32
                0x20004fec                divmod_u32u32
                0x20004ff4                divmod_u32u32_unsafe
                0x2000501c                divmod_u32u32_savestate
 .text.__wrap___aeabi_ldiv
                0x20005038      0x424 CMakeFiles/okhi.dir/C_/Program_Files/Raspberry_Pi/Pico_SDK_v1.5.1/pico-sdk/src/rp2_common/pico_divider/divider.S.obj
                0x20005038                div_s64s64
                0x20005038                divmod_s64s64
                0x20005038                __wrap___aeabi_ldivmod
                0x20005068                divmod_u64u64
                0x20005068                div_u64u64
                0x20005068                __wrap___aeabi_uldivmod
                0x20005078                divmod_u64u64_savestate
                0x20005098                divmod_s64s64_unsafe
                0x20005120                divmod_u64u64_unsafe
 .text.__wrap___aeabi_darithmetic
                0x2000545c       0x80 CMakeFiles/okhi.dir/C_/Program_Files/Raspberry_Pi/Pico_SDK_v1.5.1/pico-sdk/src/rp2_common/pico_double/double_aeabi.S.obj
                0x2000545c                __wrap___aeabi_drsub
                0x20005462                __wrap___aeabi_dsub
                0x20005474                __wrap___aeabi_dadd
                0x20005486                __wrap___aeabi_ddiv
                0x200054c2                __wrap___aeabi_dmul
 .text.__wrap___aeabi_cdcmple
                0x200054dc       0x6c CMakeFiles/okhi.dir/C_/Program_Files/Raspberry_Pi/Pico_SDK_v1.5.1/pico-sdk/src/rp2_common/pico_double/double_aeabi.S.obj
                0x200054dc                __wrap___aeabi_cdrcmple
                0x200054ec                __wrap___aeabi_cdcmpeq
                0x200054ec                __wrap___aeabi_cdcmple
 .text.__wrap___aeabi_dcmplt
                0x20005548        0xc CMakeFiles/okhi.dir/C_/Program_Files/Raspberry_Pi/Pico_SDK_v1.5.1/pico-sdk/src/rp2_common/pico_double/double_aeabi.S.obj
                0x20005548                __wrap___aeabi_dcmplt
 .text.__wrap___aeabi_dcmple
                0x20005554       0x10 CMakeFiles/okhi.dir/C_/Program_Files/Raspberry_Pi/Pico_SDK_v1.5.1/pico-sdk/src/rp2_common/pico_double/double_aeabi.S.obj
                0x20005554                __wrap___aeabi_dcmple
 .text.__wrap___aeabi_dcmpge
                0x20005564       0x10 CMakeFiles/okhi.dir/C_/Program_Files/Raspberry_Pi/Pico_SDK_v1.5.1/pico-sdk/src/rp2_common/pico_double/double_aeabi.S.obj
                0x20005564                __wrap___aeabi_dcmpge
 .text.__wrap___aeabi_dcmpgt
                0x20005574        0xa CMakeFiles/okhi.dir/C_/Program_Files/Raspberry_Pi/Pico_SDK_v1.5.1/pico-sdk/src/rp2_common/pico_double/double_aeabi.S.obj
                0x20005574                __wrap___aeabi_dcmpgt
 .text.__wrap___aeabi_dcmpun
                0x2000557e       0x1c CMakeFiles/okhi.dir/C_/Program_Files/Raspberry_Pi/Pico_SDK_v1.5.1/pico-sdk/src/rp2_common/pico_double/double_aeabi.S.obj
                0x2000557e                __wrap___aeabi_dcmpun
 *fill*         0x2000559a        0x2 
 .text.__wrap___aeabi_i2d
                0x2000559c       0x38 CMakeFiles/okhi.dir/C_/Program_Files/Raspberry_Pi/Pico_SDK_v1.5.1/pico-sdk/src/rp2_common/pico_double/double_aeabi.S.obj
                0x2000559c                __wrap___aeabi_ui2d
                0x200055a4                __wrap___aeabi_i2d
 .text.__wrap___aeabi_d2iz
                0x200055d4       0x48 CMakeFiles/okhi.dir/C_/Program_Files/Raspberry_Pi/Pico_SDK_v1.5.1/pico-sdk/src/rp2_common/pico_double/double_aeabi.S.obj
                0x200055d4                double2int_z
                0x200055d4                __wrap___aeabi_d2iz
 .text.__wrap___aeabi_d2uiz
                0x2000561c       0x18 CMakeFiles/okhi.dir/C_/Program_Files/Raspberry_Pi/Pico_SDK_v1.5.1/pico-sdk/src/rp2_common/pico_double/double_aeabi.S.obj
                0x2000561c                __wrap___aeabi_d2uiz
                0x2000561c                double2uint
 .text.__aeabi_double_init
                0x20005634       0xc8 CMakeFiles/okhi.dir/C_/Program_Files/Raspberry_Pi/Pico_SDK_v1.5.1/pico-sdk/src/rp2_common/pico_double/double_init_rom.c.obj
                0x20005634                __aeabi_double_init
 .text.double_table_shim_on_use_helper
                0x200056fc       0x34 CMakeFiles/okhi.dir/C_/Program_Files/Raspberry_Pi/Pico_SDK_v1.5.1/pico-sdk/src/rp2_common/pico_double/double_v1_rom_shim.S.obj
                0x200056fc                double_table_shim_on_use_helper
 .text.__wrap___aeabi_dsub
                0x20005730       0x10 CMakeFiles/okhi.dir/C_/Program_Files/Raspberry_Pi/Pico_SDK_v1.5.1/pico-sdk/src/rp2_common/pico_double/double_v1_rom_shim.S.obj
                0x20005730                drsub_shim
                0x20005736                dsub_shim
 .text.dadd_shim
                0x20005740      0x15c CMakeFiles/okhi.dir/C_/Program_Files/Raspberry_Pi/Pico_SDK_v1.5.1/pico-sdk/src/rp2_common/pico_double/double_v1_rom_shim.S.obj
                0x20005740                dadd_shim
 .text.dmul_shim
                0x2000589c      0x15c CMakeFiles/okhi.dir/C_/Program_Files/Raspberry_Pi/Pico_SDK_v1.5.1/pico-sdk/src/rp2_common/pico_double/double_v1_rom_shim.S.obj
                0x2000589c                dmul_shim
 .text.ddiv_shim
                0x200059f8      0x1b0 CMakeFiles/okhi.dir/C_/Program_Files/Raspberry_Pi/Pico_SDK_v1.5.1/pico-sdk/src/rp2_common/pico_double/double_v1_rom_shim.S.obj
                0x200059f8                ddiv_shim
 .text.double2uint_shim
                0x20005ba8        0xe CMakeFiles/okhi.dir/C_/Program_Files/Raspberry_Pi/Pico_SDK_v1.5.1/pico-sdk/src/rp2_common/pico_double/double_v1_rom_shim.S.obj
                0x20005ba8                double2uint_shim
                0x20005baa                double2ufix_shim
 *fill*         0x20005bb6        0x2 
 .text.double2uint64_shim
                0x20005bb8       0x70 CMakeFiles/okhi.dir/C_/Program_Files/Raspberry_Pi/Pico_SDK_v1.5.1/pico-sdk/src/rp2_common/pico_double/double_v1_rom_shim.S.obj
                0x20005bb8                double2uint64_shim
                0x20005bba                double2ufix64_shim
                0x20005bda                d2fix_a
 .text.dunpacks
                0x20005c28       0x3c CMakeFiles/okhi.dir/C_/Program_Files/Raspberry_Pi/Pico_SDK_v1.5.1/pico-sdk/src/rp2_common/pico_double/double_v1_rom_shim.S.obj
                0x20005c28                dunpacks
 .text.__aeabi_lmul
                0x20005c64       0x32 CMakeFiles/okhi.dir/C_/Program_Files/Raspberry_Pi/Pico_SDK_v1.5.1/pico-sdk/src/rp2_common/pico_int64_ops/pico_int64_ops_aeabi.S.obj
                0x20005c64                __wrap___aeabi_lmul
 *fill*         0x20005c96        0x2 
 .text.__wrap___aeabi_farithmetic
                0x20005c98       0x58 CMakeFiles/okhi.dir/C_/Program_Files/Raspberry_Pi/Pico_SDK_v1.5.1/pico-sdk/src/rp2_common/pico_float/float_aeabi.S.obj
                0x20005c98                __wrap___aeabi_frsub
                0x20005c9e                __wrap___aeabi_fsub
                0x20005ca8                __wrap___aeabi_fadd
                0x20005cb2                __wrap___aeabi_fdiv
                0x20005cde                __wrap___aeabi_fmul
 .text.__wrap___aeabi_ui2f
                0x20005cf0        0xa CMakeFiles/okhi.dir/C_/Program_Files/Raspberry_Pi/Pico_SDK_v1.5.1/pico-sdk/src/rp2_common/pico_float/float_aeabi.S.obj
                0x20005cf0                __wrap___aeabi_ui2f
 *fill*         0x20005cfa        0x2 
 .text.__wrap___aeabi_i2f
                0x20005cfc       0x44 CMakeFiles/okhi.dir/C_/Program_Files/Raspberry_Pi/Pico_SDK_v1.5.1/pico-sdk/src/rp2_common/pico_float/float_aeabi.S.obj
                0x20005cfc                __wrap___aeabi_i2f
 .text.__wrap___aeabi_f2uiz
                0x20005d40       0x10 CMakeFiles/okhi.dir/C_/Program_Files/Raspberry_Pi/Pico_SDK_v1.5.1/pico-sdk/src/rp2_common/pico_float/float_aeabi.S.obj
                0x20005d40                __wrap___aeabi_f2uiz
 .text.__wrap___aeabi_f2d
                0x20005d50       0x14 CMakeFiles/okhi.dir/C_/Program_Files/Raspberry_Pi/Pico_SDK_v1.5.1/pico-sdk/src/rp2_common/pico_float/float_aeabi.S.obj
                0x20005d50                __wrap___aeabi_f2d
 .text.__aeabi_float_init
                0x20005d64       0xfc CMakeFiles/okhi.dir/C_/Program_Files/Raspberry_Pi/Pico_SDK_v1.5.1/pico-sdk/src/rp2_common/pico_float/float_init_rom.c.obj
                0x20005d64                __aeabi_float_init
 .text.float_table_shim_on_use_helper
                0x20005e60       0x34 CMakeFiles/okhi.dir/C_/Program_Files/Raspberry_Pi/Pico_SDK_v1.5.1/pico-sdk/src/rp2_common/pico_float/float_v1_rom_shim.S.obj
                0x20005e60                float_table_shim_on_use_helper
 .text.float2double_shim
                0x20005e94       0x30 CMakeFiles/okhi.dir/C_/Program_Files/Raspberry_Pi/Pico_SDK_v1.5.1/pico-sdk/src/rp2_common/pico_float/float_v1_rom_shim.S.obj
                0x20005e94                float2double_shim
 .text          0x20005ec4       0x10 CMakeFiles/okhi.dir/C_/Program_Files/Raspberry_Pi/Pico_SDK_v1.5.1/pico-sdk/src/rp2_common/pico_mem_ops/mem_ops_aeabi.S.obj
                0x20005ec4                __aeabi_mem_init
 .text.memset   0x20005ed4        0xc CMakeFiles/okhi.dir/C_/Program_Files/Raspberry_Pi/Pico_SDK_v1.5.1/pico-sdk/src/rp2_common/pico_mem_ops/mem_ops_aeabi.S.obj
                0x20005ed4                __wrap_memset
 .text.memcpy   0x20005ee0        0xc CMakeFiles/okhi.dir/C_/Program_Files/Raspberry_Pi/Pico_SDK_v1.5.1/pico-sdk/src/rp2_common/pico_mem_ops/mem_ops_aeabi.S.obj
                0x20005ee0                __wrap_memcpy
                0x20005ee0                __wrap___aeabi_memcpy
 .text.stdio_out_chars_no_crlf
                0x20005eec        0xe CMakeFiles/okhi.dir/C_/Program_Files/Raspberry_Pi/Pico_SDK_v1.5.1/pico-sdk/src/rp2_common/pico_stdio/stdio.c.obj
 *fill*         0x20005efa        0x2 
 .text.stdio_out_chars_crlf
                0x20005efc       0x80 CMakeFiles/okhi.dir/C_/Program_Files/Raspberry_Pi/Pico_SDK_v1.5.1/pico-sdk/src/rp2_common/pico_stdio/stdio.c.obj
 .text.stdio_stack_buffer_flush
                0x20005f7c       0x44 CMakeFiles/okhi.dir/C_/Program_Files/Raspberry_Pi/Pico_SDK_v1.5.1/pico-sdk/src/rp2_common/pico_stdio/stdio.c.obj
 .text.stdio_buffered_printer
                0x20005fc0       0x20 CMakeFiles/okhi.dir/C_/Program_Files/Raspberry_Pi/Pico_SDK_v1.5.1/pico-sdk/src/rp2_common/pico_stdio/stdio.c.obj
 .text.stdio_get_until
                0x20005fe0       0x80 CMakeFiles/okhi.dir/C_/Program_Files/Raspberry_Pi/Pico_SDK_v1.5.1/pico-sdk/src/rp2_common/pico_stdio/stdio.c.obj
 .text.stdout_serialize_begin
                0x20006060       0x5c CMakeFiles/okhi.dir/C_/Program_Files/Raspberry_Pi/Pico_SDK_v1.5.1/pico-sdk/src/rp2_common/pico_stdio/stdio.c.obj
                0x20006060                stdout_serialize_begin
 .text.stdout_serialize_end
                0x200060bc       0x10 CMakeFiles/okhi.dir/C_/Program_Files/Raspberry_Pi/Pico_SDK_v1.5.1/pico-sdk/src/rp2_common/pico_stdio/stdio.c.obj
                0x200060bc                stdout_serialize_end
 .text.stdio_put_string
                0x200060cc       0x98 CMakeFiles/okhi.dir/C_/Program_Files/Raspberry_Pi/Pico_SDK_v1.5.1/pico-sdk/src/rp2_common/pico_stdio/stdio.c.obj
 .text._read    0x20006164       0x24 CMakeFiles/okhi.dir/C_/Program_Files/Raspberry_Pi/Pico_SDK_v1.5.1/pico-sdk/src/rp2_common/pico_stdio/stdio.c.obj
                0x20006164                _read
 .text._write   0x20006188       0x22 CMakeFiles/okhi.dir/C_/Program_Files/Raspberry_Pi/Pico_SDK_v1.5.1/pico-sdk/src/rp2_common/pico_stdio/stdio.c.obj
                0x20006188                _write
 .text._close   0x200061aa        0x6 CMakeFiles/okhi.dir/C_/Program_Files/Raspberry_Pi/Pico_SDK_v1.5.1/pico-sdk/src/rp2_common/pico_stdio/stdio.c.obj
                0x200061aa                _close
 .text._lseek   0x200061b0        0x6 CMakeFiles/okhi.dir/C_/Program_Files/Raspberry_Pi/Pico_SDK_v1.5.1/pico-sdk/src/rp2_common/pico_stdio/stdio.c.obj
                0x200061b0                _lseek
 *fill*         0x200061b6        0x2 
 .text.stdio_set_driver_enabled
                0x200061b8       0x2c CMakeFiles/okhi.dir/C_/Program_Files/Raspberry_Pi/Pico_SDK_v1.5.1/pico-sdk/src/rp2_common/pico_stdio/stdio.c.obj
                0x200061b8                stdio_set_driver_enabled
 .text.stdio_flush
                0x200061e4       0x20 CMakeFiles/okhi.dir/C_/Program_Files/Raspberry_Pi/Pico_SDK_v1.5.1/pico-sdk/src/rp2_common/pico_stdio/stdio.c.obj
                0x200061e4                stdio_flush
 .text.__wrap_puts
                0x20006204       0x1e CMakeFiles/okhi.dir/C_/Program_Files/Raspberry_Pi/Pico_SDK_v1.5.1/pico-sdk/src/rp2_common/pico_stdio/stdio.c.obj
                0x20006204                __wrap_puts
 *fill*         0x20006222        0x2 
 .text.__wrap_vprintf
                0x20006224       0x40 CMakeFiles/okhi.dir/C_/Program_Files/Raspberry_Pi/Pico_SDK_v1.5.1/pico-sdk/src/rp2_common/pico_stdio/stdio.c.obj
                0x20006224                __wrap_vprintf
 .text.__wrap_printf
                0x20006264       0x18 CMakeFiles/okhi.dir/C_/Program_Files/Raspberry_Pi/Pico_SDK_v1.5.1/pico-sdk/src/rp2_common/pico_stdio/stdio.c.obj
                0x20006264                __wrap_printf
 .text.stdio_init_all
                0x2000627c        0xa CMakeFiles/okhi.dir/C_/Program_Files/Raspberry_Pi/Pico_SDK_v1.5.1/pico-sdk/src/rp2_common/pico_stdio/stdio.c.obj
                0x2000627c                stdio_init_all
 *fill*         0x20006286        0x2 
 .text.stdio_uart_out_chars
                0x20006288       0x74 CMakeFiles/okhi.dir/C_/Program_Files/Raspberry_Pi/Pico_SDK_v1.5.1/pico-sdk/src/rp2_common/pico_stdio_uart/stdio_uart.c.obj
 .text.stdio_uart_in_chars
                0x200062fc       0x80 CMakeFiles/okhi.dir/C_/Program_Files/Raspberry_Pi/Pico_SDK_v1.5.1/pico-sdk/src/rp2_common/pico_stdio_uart/stdio_uart.c.obj
                0x200062fc                stdio_uart_in_chars
 .text.on_uart_rx
                0x2000637c       0x28 CMakeFiles/okhi.dir/C_/Program_Files/Raspberry_Pi/Pico_SDK_v1.5.1/pico-sdk/src/rp2_common/pico_stdio_uart/stdio_uart.c.obj
 .text.stdio_uart_set_chars_available_callback
                0x200063a4       0x8c CMakeFiles/okhi.dir/C_/Program_Files/Raspberry_Pi/Pico_SDK_v1.5.1/pico-sdk/src/rp2_common/pico_stdio_uart/stdio_uart.c.obj
 .text.stdio_uart_init_full
                0x20006430       0x44 CMakeFiles/okhi.dir/C_/Program_Files/Raspberry_Pi/Pico_SDK_v1.5.1/pico-sdk/src/rp2_common/pico_stdio_uart/stdio_uart.c.obj
                0x20006430                stdio_uart_init_full
 .text.stdio_uart_init
                0x20006474       0x28 CMakeFiles/okhi.dir/C_/Program_Files/Raspberry_Pi/Pico_SDK_v1.5.1/pico-sdk/src/rp2_common/pico_stdio_uart/stdio_uart.c.obj
                0x20006474                stdio_uart_init
 .text.core1_trampoline
                0x2000649c        0x2 CMakeFiles/okhi.dir/C_/Program_Files/Raspberry_Pi/Pico_SDK_v1.5.1/pico-sdk/src/rp2_common/pico_multicore/multicore.c.obj
 .text.core1_wrapper
                0x2000649e        0xc CMakeFiles/okhi.dir/C_/Program_Files/Raspberry_Pi/Pico_SDK_v1.5.1/pico-sdk/src/rp2_common/pico_multicore/multicore.c.obj
                0x2000649e                core1_wrapper
 .text.multicore_fifo_push_blocking
                0x200064aa       0x14 CMakeFiles/okhi.dir/C_/Program_Files/Raspberry_Pi/Pico_SDK_v1.5.1/pico-sdk/src/rp2_common/pico_multicore/multicore.c.obj
                0x200064aa                multicore_fifo_push_blocking
 .text.multicore_fifo_pop_blocking
                0x200064be       0x16 CMakeFiles/okhi.dir/C_/Program_Files/Raspberry_Pi/Pico_SDK_v1.5.1/pico-sdk/src/rp2_common/pico_multicore/multicore.c.obj
                0x200064be                multicore_fifo_pop_blocking
 .text.multicore_reset_core1
                0x200064d4       0x28 CMakeFiles/okhi.dir/C_/Program_Files/Raspberry_Pi/Pico_SDK_v1.5.1/pico-sdk/src/rp2_common/pico_multicore/multicore.c.obj
                0x200064d4                multicore_reset_core1
 .text.multicore_launch_core1_raw
                0x200064fc       0x6e CMakeFiles/okhi.dir/C_/Program_Files/Raspberry_Pi/Pico_SDK_v1.5.1/pico-sdk/src/rp2_common/pico_multicore/multicore.c.obj
                0x200064fc                multicore_launch_core1_raw
 *fill*         0x2000656a        0x2 
 .text.multicore_launch_core1_with_stack
                0x2000656c       0x50 CMakeFiles/okhi.dir/C_/Program_Files/Raspberry_Pi/Pico_SDK_v1.5.1/pico-sdk/src/rp2_common/pico_multicore/multicore.c.obj
                0x2000656c                multicore_launch_core1_with_stack
 .text.multicore_launch_core1
                0x200065bc       0x24 CMakeFiles/okhi.dir/C_/Program_Files/Raspberry_Pi/Pico_SDK_v1.5.1/pico-sdk/src/rp2_common/pico_multicore/multicore.c.obj
                0x200065bc                multicore_launch_core1
 .text._pio_can_add_program_at_offset
                0x200065e0       0x3c CMakeFiles/okhi.dir/C_/Program_Files/Raspberry_Pi/Pico_SDK_v1.5.1/pico-sdk/src/rp2_common/hardware_pio/pio.c.obj
 .text._pio_find_offset_for_program
                0x2000661c       0x7c CMakeFiles/okhi.dir/C_/Program_Files/Raspberry_Pi/Pico_SDK_v1.5.1/pico-sdk/src/rp2_common/hardware_pio/pio.c.obj
 .text._pio_add_program_at_offset
                0x20006698       0x78 CMakeFiles/okhi.dir/C_/Program_Files/Raspberry_Pi/Pico_SDK_v1.5.1/pico-sdk/src/rp2_common/hardware_pio/pio.c.obj
 .text.pio_sm_unclaim
                0x20006710       0x20 CMakeFiles/okhi.dir/C_/Program_Files/Raspberry_Pi/Pico_SDK_v1.5.1/pico-sdk/src/rp2_common/hardware_pio/pio.c.obj
                0x20006710                pio_sm_unclaim
 .text.pio_claim_unused_sm
                0x20006730       0x3c CMakeFiles/okhi.dir/C_/Program_Files/Raspberry_Pi/Pico_SDK_v1.5.1/pico-sdk/src/rp2_common/hardware_pio/pio.c.obj
                0x20006730                pio_claim_unused_sm
 .text.pio_sm_is_claimed
                0x2000676c       0x20 CMakeFiles/okhi.dir/C_/Program_Files/Raspberry_Pi/Pico_SDK_v1.5.1/pico-sdk/src/rp2_common/hardware_pio/pio.c.obj
                0x2000676c                pio_sm_is_claimed
 .text.pio_add_program
                0x2000678c       0x38 CMakeFiles/okhi.dir/C_/Program_Files/Raspberry_Pi/Pico_SDK_v1.5.1/pico-sdk/src/rp2_common/hardware_pio/pio.c.obj
                0x2000678c                pio_add_program
 .text.pio_clear_instruction_memory
                0x200067c4       0x3c CMakeFiles/okhi.dir/C_/Program_Files/Raspberry_Pi/Pico_SDK_v1.5.1/pico-sdk/src/rp2_common/hardware_pio/pio.c.obj
                0x200067c4                pio_clear_instruction_memory
 .text.pio_sm_set_consecutive_pindirs
                0x20006800       0xa4 CMakeFiles/okhi.dir/C_/Program_Files/Raspberry_Pi/Pico_SDK_v1.5.1/pico-sdk/src/rp2_common/hardware_pio/pio.c.obj
                0x20006800                pio_sm_set_consecutive_pindirs
 .text.pio_sm_init
                0x200068a4       0xe4 CMakeFiles/okhi.dir/C_/Program_Files/Raspberry_Pi/Pico_SDK_v1.5.1/pico-sdk/src/rp2_common/hardware_pio/pio.c.obj
                0x200068a4                pio_sm_init
 .text.spi_set_baudrate
                0x20006988       0xcc CMakeFiles/okhi.dir/C_/Program_Files/Raspberry_Pi/Pico_SDK_v1.5.1/pico-sdk/src/rp2_common/hardware_spi/spi.c.obj
                0x20006988                spi_set_baudrate
 .text.spi_init
                0x20006a54       0x74 CMakeFiles/okhi.dir/C_/Program_Files/Raspberry_Pi/Pico_SDK_v1.5.1/pico-sdk/src/rp2_common/hardware_spi/spi.c.obj
                0x20006a54                spi_init
 .text.adc_init
                0x20006ac8       0x34 CMakeFiles/okhi.dir/C_/Program_Files/Raspberry_Pi/Pico_SDK_v1.5.1/pico-sdk/src/rp2_common/hardware_adc/adc.c.obj
                0x20006ac8                adc_init
 .text          0x20006afc        0x4 c:/progra~1/raspbe~1/picosd~1.1/gcc-ar~1/bin/../lib/gcc/arm-none-eabi/10.3.1/thumb/v6-m/nofp\libgcc.a(_dvmd_tls.o)
                0x20006afc                __aeabi_idiv0
                0x20006afc                __aeabi_ldiv0
 .text.__sflush_r
                0x20006b00      0x140 c:/progra~1/raspbe~1/picosd~1.1/gcc-ar~1/bin/../lib/gcc/arm-none-eabi/10.3.1/../../../../arm-none-eabi/lib/thumb/v6-m/nofp\libg.a(lib_a-fflush.o)
                0x20006b00                __sflush_r
 .text._fflush_r
                0x20006c40       0x6c c:/progra~1/raspbe~1/picosd~1.1/gcc-ar~1/bin/../lib/gcc/arm-none-eabi/10.3.1/../../../../arm-none-eabi/lib/thumb/v6-m/nofp\libg.a(lib_a-fflush.o)
                0x20006c40                _fflush_r
 .text.fflush   0x20006cac       0x78 c:/progra~1/raspbe~1/picosd~1.1/gcc-ar~1/bin/../lib/gcc/arm-none-eabi/10.3.1/../../../../arm-none-eabi/lib/thumb/v6-m/nofp\libg.a(lib_a-fflush.o)
                0x20006cac                fflush
 .text._cleanup_r
                0x20006d24       0x10 c:/progra~1/raspbe~1/picosd~1.1/gcc-ar~1/bin/../lib/gcc/arm-none-eabi/10.3.1/../../../../arm-none-eabi/lib/thumb/v6-m/nofp\libg.a(lib_a-findfp.o)
                0x20006d24                _cleanup_r
 .text.__sinit  0x20006d34      0x120 c:/progra~1/raspbe~1/picosd~1.1/gcc-ar~1/bin/../lib/gcc/arm-none-eabi/10.3.1/../../../../arm-none-eabi/lib/thumb/v6-m/nofp\libg.a(lib_a-findfp.o)
                0x20006d34                __sinit
 .text.__sfp_lock_acquire
                0x20006e54       0x10 c:/progra~1/raspbe~1/picosd~1.1/gcc-ar~1/bin/../lib/gcc/arm-none-eabi/10.3.1/../../../../arm-none-eabi/lib/thumb/v6-m/nofp\libg.a(lib_a-findfp.o)
                0x20006e54                __sfp_lock_acquire
 .text.__sfp_lock_release
                0x20006e64       0x10 c:/progra~1/raspbe~1/picosd~1.1/gcc-ar~1/bin/../lib/gcc/arm-none-eabi/10.3.1/../../../../arm-none-eabi/lib/thumb/v6-m/nofp\libg.a(lib_a-findfp.o)
                0x20006e64                __sfp_lock_release
 .text._malloc_trim_r
                0x20006e74       0x9c c:/progra~1/raspbe~1/picosd~1.1/gcc-ar~1/bin/../lib/gcc/arm-none-eabi/10.3.1/../../../../arm-none-eabi/lib/thumb/v6-m/nofp\libg.a(lib_a-freer.o)
                0x20006e74                _malloc_trim_r
 .text._free_r  0x20006f10      0x1c4 c:/progra~1/raspbe~1/picosd~1.1/gcc-ar~1/bin/../lib/gcc/arm-none-eabi/10.3.1/../../../../arm-none-eabi/lib/thumb/v6-m/nofp\libg.a(lib_a-freer.o)
                0x20006f10                _free_r
 .text._fwalk_reent
                0x200070d4       0x48 c:/progra~1/raspbe~1/picosd~1.1/gcc-ar~1/bin/../lib/gcc/arm-none-eabi/10.3.1/../../../../arm-none-eabi/lib/thumb/v6-m/nofp\libg.a(lib_a-fwalk.o)
                0x200070d4                _fwalk_reent
 .text.__retarget_lock_init_recursive
                0x2000711c        0x4 c:/progra~1/raspbe~1/picosd~1.1/gcc-ar~1/bin/../lib/gcc/arm-none-eabi/10.3.1/../../../../arm-none-eabi/lib/thumb/v6-m/nofp\libg.a(lib_a-lock.o)
                0x2000711c                __retarget_lock_init_recursive
 .text.__retarget_lock_close_recursive
                0x20007120        0x4 c:/progra~1/raspbe~1/picosd~1.1/gcc-ar~1/bin/../lib/gcc/arm-none-eabi/10.3.1/../../../../arm-none-eabi/lib/thumb/v6-m/nofp\libg.a(lib_a-lock.o)
                0x20007120                __retarget_lock_close_recursive
 .text.__retarget_lock_acquire_recursive
                0x20007124        0x4 c:/progra~1/raspbe~1/picosd~1.1/gcc-ar~1/bin/../lib/gcc/arm-none-eabi/10.3.1/../../../../arm-none-eabi/lib/thumb/v6-m/nofp\libg.a(lib_a-lock.o)
                0x20007124                __retarget_lock_acquire_recursive
 .text.__retarget_lock_release_recursive
                0x20007128        0x4 c:/progra~1/raspbe~1/picosd~1.1/gcc-ar~1/bin/../lib/gcc/arm-none-eabi/10.3.1/../../../../arm-none-eabi/lib/thumb/v6-m/nofp\libg.a(lib_a-lock.o)
                0x20007128                __retarget_lock_release_recursive
 .text.__malloc_lock
                0x2000712c       0x10 c:/progra~1/raspbe~1/picosd~1.1/gcc-ar~1/bin/../lib/gcc/arm-none-eabi/10.3.1/../../../../arm-none-eabi/lib/thumb/v6-m/nofp\libg.a(lib_a-mlock.o)
                0x2000712c                __malloc_lock
 .text.__malloc_unlock
                0x2000713c       0x10 c:/progra~1/raspbe~1/picosd~1.1/gcc-ar~1/bin/../lib/gcc/arm-none-eabi/10.3.1/../../../../arm-none-eabi/lib/thumb/v6-m/nofp\libg.a(lib_a-mlock.o)
                0x2000713c                __malloc_unlock
 .text._sbrk_r  0x2000714c       0x24 c:/progra~1/raspbe~1/picosd~1.1/gcc-ar~1/bin/../lib/gcc/arm-none-eabi/10.3.1/../../../../arm-none-eabi/lib/thumb/v6-m/nofp\libg.a(lib_a-sbrkr.o)
                0x2000714c                _sbrk_r
 .text.__sread  0x20007170       0x28 c:/progra~1/raspbe~1/picosd~1.1/gcc-ar~1/bin/../lib/gcc/arm-none-eabi/10.3.1/../../../../arm-none-eabi/lib/thumb/v6-m/nofp\libg.a(lib_a-stdio.o)
                0x20007170                __sread
 .text.__swrite
                0x20007198       0x40 c:/progra~1/raspbe~1/picosd~1.1/gcc-ar~1/bin/../lib/gcc/arm-none-eabi/10.3.1/../../../../arm-none-eabi/lib/thumb/v6-m/nofp\libg.a(lib_a-stdio.o)
                0x20007198                __swrite
 .text.__sseek  0x200071d8       0x2c c:/progra~1/raspbe~1/picosd~1.1/gcc-ar~1/bin/../lib/gcc/arm-none-eabi/10.3.1/../../../../arm-none-eabi/lib/thumb/v6-m/nofp\libg.a(lib_a-stdio.o)
                0x200071d8                __sseek
 .text.__sclose
                0x20007204        0xc c:/progra~1/raspbe~1/picosd~1.1/gcc-ar~1/bin/../lib/gcc/arm-none-eabi/10.3.1/../../../../arm-none-eabi/lib/thumb/v6-m/nofp\libg.a(lib_a-stdio.o)
                0x20007204                __sclose
 .text.strlen   0x20007210       0x5c c:/progra~1/raspbe~1/picosd~1.1/gcc-ar~1/bin/../lib/gcc/arm-none-eabi/10.3.1/../../../../arm-none-eabi/lib/thumb/v6-m/nofp\libg.a(lib_a-strlen-stub.o)
                0x20007210                strlen
 .text._write_r
                0x2000726c       0x28 c:/progra~1/raspbe~1/picosd~1.1/gcc-ar~1/bin/../lib/gcc/arm-none-eabi/10.3.1/../../../../arm-none-eabi/lib/thumb/v6-m/nofp\libg.a(lib_a-writer.o)
                0x2000726c                _write_r
 .text._close_r
                0x20007294       0x24 c:/progra~1/raspbe~1/picosd~1.1/gcc-ar~1/bin/../lib/gcc/arm-none-eabi/10.3.1/../../../../arm-none-eabi/lib/thumb/v6-m/nofp\libg.a(lib_a-closer.o)
                0x20007294                _close_r
 .text._fclose_r
                0x200072b8       0xdc c:/progra~1/raspbe~1/picosd~1.1/gcc-ar~1/bin/../lib/gcc/arm-none-eabi/10.3.1/../../../../arm-none-eabi/lib/thumb/v6-m/nofp\libg.a(lib_a-fclose.o)
                0x200072b8                _fclose_r
 .text._lseek_r
                0x20007394       0x28 c:/progra~1/raspbe~1/picosd~1.1/gcc-ar~1/bin/../lib/gcc/arm-none-eabi/10.3.1/../../../../arm-none-eabi/lib/thumb/v6-m/nofp\libg.a(lib_a-lseekr.o)
                0x20007394                _lseek_r
 .text._read_r  0x200073bc       0x28 c:/progra~1/raspbe~1/picosd~1.1/gcc-ar~1/bin/../lib/gcc/arm-none-eabi/10.3.1/../../../../arm-none-eabi/lib/thumb/v6-m/nofp\libg.a(lib_a-readr.o)
                0x200073bc                _read_r
 *(.fini)
 .fini          0x200073e4        0x4 c:/progra~1/raspbe~1/picosd~1.1/gcc-ar~1/bin/../lib/gcc/arm-none-eabi/10.3.1/thumb/v6-m/nofp/crti.o
                0x200073e4                _fini
 *crtbegin.o(.ctors)
 *crtbegin?.o(.ctors)
 *(EXCLUDE_FILE(*crtend.o *crtend?.o) .ctors)
 *(SORT_BY_NAME(.ctors.*))
 *(.ctors)
 *crtbegin.o(.dtors)
 *crtbegin?.o(.dtors)
 *(EXCLUDE_FILE(*crtend.o *crtend?.o) .dtors)
 *(SORT_BY_NAME(.dtors.*))
 *(.dtors)
 *(.eh_frame*)
 .eh_frame      0x200073e8        0x0 c:/progra~1/raspbe~1/picosd~1.1/gcc-ar~1/bin/../lib/gcc/arm-none-eabi/10.3.1/thumb/v6-m/nofp/crtbegin.o
                0x200073e8                . = ALIGN (0x4)
                0x200073e8                __ram_text_end__ = .
                0x10000304                __ram_text_source__ = LOADADDR (.text)

.glue_7         0x200073e8        0x0 load address 0x1000762c
 .glue_7        0x200073e8        0x0 linker stubs

.glue_7t        0x200073e8        0x0 load address 0x1000762c
 .glue_7t       0x200073e8        0x0 linker stubs

.vfp11_veneer   0x200073e8        0x0 load address 0x1000762c
 .vfp11_veneer  0x200073e8        0x0 linker stubs

.v4_bx          0x200073e8        0x0 load address 0x1000762c
 .v4_bx         0x200073e8        0x0 linker stubs

.iplt           0x200073e8        0x0 load address 0x1000762c
 .iplt          0x200073e8        0x0 c:/progra~1/raspbe~1/picosd~1.1/gcc-ar~1/bin/../lib/gcc/arm-none-eabi/10.3.1/thumb/v6-m/nofp/crtbegin.o

.rel.dyn        0x200073e8        0x0 load address 0x1000762c
 .rel.iplt      0x200073e8        0x0 c:/progra~1/raspbe~1/picosd~1.1/gcc-ar~1/bin/../lib/gcc/arm-none-eabi/10.3.1/thumb/v6-m/nofp/crtbegin.o
                0x200073e8                . = ALIGN (0x4)

.data           0x200073f0     0x271c load address 0x1000762c
                0x200073f0                __data_start__ = .
 *(vtable)
 *(.time_critical*)
 .time_critical.mutex_try_enter
                0x200073f0       0x46 CMakeFiles/okhi.dir/C_/Program_Files/Raspberry_Pi/Pico_SDK_v1.5.1/pico-sdk/src/common/pico_sync/mutex.c.obj
                0x200073f0                mutex_try_enter
 *fill*         0x20007436        0x2 
 .time_critical.mutex_enter_block_until
                0x20007438       0x8c CMakeFiles/okhi.dir/C_/Program_Files/Raspberry_Pi/Pico_SDK_v1.5.1/pico-sdk/src/common/pico_sync/mutex.c.obj
                0x20007438                mutex_enter_block_until
 .time_critical.mutex_try_enter_block_until
                0x200074c4       0x34 CMakeFiles/okhi.dir/C_/Program_Files/Raspberry_Pi/Pico_SDK_v1.5.1/pico-sdk/src/common/pico_sync/mutex.c.obj
                0x200074c4                mutex_try_enter_block_until
 .time_critical.mutex_exit
                0x200074f8       0x4c CMakeFiles/okhi.dir/C_/Program_Files/Raspberry_Pi/Pico_SDK_v1.5.1/pico-sdk/src/common/pico_sync/mutex.c.obj
                0x200074f8                mutex_exit
 .time_critical.spi_write_blocking
                0x20007544       0x3a CMakeFiles/okhi.dir/C_/Program_Files/Raspberry_Pi/Pico_SDK_v1.5.1/pico-sdk/src/rp2_common/hardware_spi/spi.c.obj
                0x20007544                spi_write_blocking
                0x20007580                . = ALIGN (0x4)
 *fill*         0x2000757e        0x2 
 *(.rodata*)
 .rodata.init_ver
                0x20007580       0x24 CMakeFiles/okhi.dir/okhi.c.obj
 .rodata        0x200075a4      0x57c CMakeFiles/okhi.dir/okhi.c.obj
 .rodata.crc16_usb_tab
                0x20007b20      0x200 CMakeFiles/okhi.dir/okhi.c.obj
 .rodata.crc5_usb_tab
                0x20007d20      0x100 CMakeFiles/okhi.dir/okhi.c.obj
 .rodata.tar_lowsp_pio0_program
                0x20007e20        0x6 CMakeFiles/okhi.dir/okhi.c.obj
 *fill*         0x20007e26        0x2 
 .rodata.tar_lowsp_pio0_program_instructions
                0x20007e28       0x40 CMakeFiles/okhi.dir/okhi.c.obj
 .rodata.tar_pio1_program
                0x20007e68        0x6 CMakeFiles/okhi.dir/okhi.c.obj
 *fill*         0x20007e6e        0x2 
 .rodata.tar_pio1_program_instructions
                0x20007e70       0x28 CMakeFiles/okhi.dir/okhi.c.obj
 .rodata.hw_claim_clear.str1.4
                0x20007e98       0x7d CMakeFiles/okhi.dir/C_/Program_Files/Raspberry_Pi/Pico_SDK_v1.5.1/pico-sdk/src/rp2_common/hardware_claim/claim.c.obj
 *fill*         0x20007f15        0x3 
 .rodata.__func__.0
                0x20007f18        0xf CMakeFiles/okhi.dir/C_/Program_Files/Raspberry_Pi/Pico_SDK_v1.5.1/pico-sdk/src/rp2_common/hardware_claim/claim.c.obj
 *fill*         0x20007f27        0x1 
 .rodata.make_branch.str1.4
                0x20007f28       0x89 CMakeFiles/okhi.dir/C_/Program_Files/Raspberry_Pi/Pico_SDK_v1.5.1/pico-sdk/src/rp2_common/hardware_irq/irq.c.obj
 *fill*         0x20007fb1        0x3 
 .rodata.insert_branch_and_link.str1.4
                0x20007fb4       0x10 CMakeFiles/okhi.dir/C_/Program_Files/Raspberry_Pi/Pico_SDK_v1.5.1/pico-sdk/src/rp2_common/hardware_irq/irq.c.obj
 .rodata.irq_set_exclusive_handler.str1.4
                0x20007fc4       0x36 CMakeFiles/okhi.dir/C_/Program_Files/Raspberry_Pi/Pico_SDK_v1.5.1/pico-sdk/src/rp2_common/hardware_irq/irq.c.obj
 *fill*         0x20007ffa        0x2 
 .rodata.irq_add_shared_handler.str1.4
                0x20007ffc       0xd9 CMakeFiles/okhi.dir/C_/Program_Files/Raspberry_Pi/Pico_SDK_v1.5.1/pico-sdk/src/rp2_common/hardware_irq/irq.c.obj
 *fill*         0x200080d5        0x3 
 .rodata.irq_remove_handler.str1.4
                0x200080d8       0x3a CMakeFiles/okhi.dir/C_/Program_Files/Raspberry_Pi/Pico_SDK_v1.5.1/pico-sdk/src/rp2_common/hardware_irq/irq.c.obj
 *fill*         0x20008112        0x2 
 .rodata.irq_add_tail_to_free_list.str1.4
                0x20008114       0x3a CMakeFiles/okhi.dir/C_/Program_Files/Raspberry_Pi/Pico_SDK_v1.5.1/pico-sdk/src/rp2_common/hardware_irq/irq.c.obj
 *fill*         0x2000814e        0x2 
 .rodata.__func__.0
                0x20008150       0x1a CMakeFiles/okhi.dir/C_/Program_Files/Raspberry_Pi/Pico_SDK_v1.5.1/pico-sdk/src/rp2_common/hardware_irq/irq.c.obj
 *fill*         0x2000816a        0x2 
 .rodata.__func__.1
                0x2000816c       0x17 CMakeFiles/okhi.dir/C_/Program_Files/Raspberry_Pi/Pico_SDK_v1.5.1/pico-sdk/src/rp2_common/hardware_irq/irq.c.obj
 *fill*         0x20008183        0x1 
 .rodata.__func__.2
                0x20008184       0x13 CMakeFiles/okhi.dir/C_/Program_Files/Raspberry_Pi/Pico_SDK_v1.5.1/pico-sdk/src/rp2_common/hardware_irq/irq.c.obj
 *fill*         0x20008197        0x1 
 .rodata.__func__.3
                0x20008198        0xc CMakeFiles/okhi.dir/C_/Program_Files/Raspberry_Pi/Pico_SDK_v1.5.1/pico-sdk/src/rp2_common/hardware_irq/irq.c.obj
 .rodata.__func__.4
                0x200081a4        0xf CMakeFiles/okhi.dir/C_/Program_Files/Raspberry_Pi/Pico_SDK_v1.5.1/pico-sdk/src/rp2_common/hardware_irq/irq.c.obj
 *fill*         0x200081b3        0x1 
 .rodata.__func__.5
                0x200081b4       0x17 CMakeFiles/okhi.dir/C_/Program_Files/Raspberry_Pi/Pico_SDK_v1.5.1/pico-sdk/src/rp2_common/hardware_irq/irq.c.obj
 *fill*         0x200081cb        0x1 
 .rodata.__func__.6
                0x200081cc       0x1a CMakeFiles/okhi.dir/C_/Program_Files/Raspberry_Pi/Pico_SDK_v1.5.1/pico-sdk/src/rp2_common/hardware_irq/irq.c.obj
 *fill*         0x200081e6        0x2 
 .rodata.str1.4
                0x200081e8      0x125 CMakeFiles/okhi.dir/C_/Program_Files/Raspberry_Pi/Pico_SDK_v1.5.1/pico-sdk/src/common/pico_sync/mutex.c.obj
 *fill*         0x2000830d        0x3 
 .rodata.__func__.1
                0x20008310        0xb CMakeFiles/okhi.dir/C_/Program_Files/Raspberry_Pi/Pico_SDK_v1.5.1/pico-sdk/src/common/pico_sync/mutex.c.obj
 *fill*         0x2000831b        0x1 
 .rodata.__func__.3
                0x2000831c       0x18 CMakeFiles/okhi.dir/C_/Program_Files/Raspberry_Pi/Pico_SDK_v1.5.1/pico-sdk/src/common/pico_sync/mutex.c.obj
 .rodata.repeating_timer_callback.str1.4
                0x20008334       0x67 CMakeFiles/okhi.dir/C_/Program_Files/Raspberry_Pi/Pico_SDK_v1.5.1/pico-sdk/src/common/pico_time/time.c.obj
 *fill*         0x2000839b        0x1 
 .rodata.timer_pool_entry_comparator.str1.4
                0x2000839c       0x22 CMakeFiles/okhi.dir/C_/Program_Files/Raspberry_Pi/Pico_SDK_v1.5.1/pico-sdk/src/common/pico_time/time.c.obj
 *fill*         0x200083be        0x2 
 .rodata.ph_add_child_node.str1.4
                0x200083c0       0xb2 CMakeFiles/okhi.dir/C_/Program_Files/Raspberry_Pi/Pico_SDK_v1.5.1/pico-sdk/src/common/pico_time/time.c.obj
 *fill*         0x20008472        0x2 
 .rodata.add_alarm_under_lock.str1.4
                0x20008474       0x28 CMakeFiles/okhi.dir/C_/Program_Files/Raspberry_Pi/Pico_SDK_v1.5.1/pico-sdk/src/common/pico_time/time.c.obj
                                 0x2b (size before relaxing)
 .rodata.alarm_pool_alarm_callback.str1.4
                0x2000849c       0x98 CMakeFiles/okhi.dir/C_/Program_Files/Raspberry_Pi/Pico_SDK_v1.5.1/pico-sdk/src/common/pico_time/time.c.obj
                                0x118 (size before relaxing)
 .rodata.alarm_pool_get_default.str1.4
                0x20008534       0x21 CMakeFiles/okhi.dir/C_/Program_Files/Raspberry_Pi/Pico_SDK_v1.5.1/pico-sdk/src/common/pico_time/time.c.obj
 *fill*         0x20008555        0x3 
 .rodata.alarm_pool_cancel_alarm.str1.4
                0x20008558       0x27 CMakeFiles/okhi.dir/C_/Program_Files/Raspberry_Pi/Pico_SDK_v1.5.1/pico-sdk/src/common/pico_time/time.c.obj
 *fill*         0x2000857f        0x1 
 .rodata.sleep_until.str1.4
                0x20008580       0x4d CMakeFiles/okhi.dir/C_/Program_Files/Raspberry_Pi/Pico_SDK_v1.5.1/pico-sdk/src/common/pico_time/time.c.obj
 *fill*         0x200085cd        0x3 
 .rodata.__func__.1
                0x200085d0       0x18 CMakeFiles/okhi.dir/C_/Program_Files/Raspberry_Pi/Pico_SDK_v1.5.1/pico-sdk/src/common/pico_time/time.c.obj
 .rodata.__func__.10
                0x200085e8       0x15 CMakeFiles/okhi.dir/C_/Program_Files/Raspberry_Pi/Pico_SDK_v1.5.1/pico-sdk/src/common/pico_time/time.c.obj
 *fill*         0x200085fd        0x3 
 .rodata.__func__.11
                0x20008600       0x1a CMakeFiles/okhi.dir/C_/Program_Files/Raspberry_Pi/Pico_SDK_v1.5.1/pico-sdk/src/common/pico_time/time.c.obj
 *fill*         0x2000861a        0x2 
 .rodata.__func__.12
                0x2000861c        0xa CMakeFiles/okhi.dir/C_/Program_Files/Raspberry_Pi/Pico_SDK_v1.5.1/pico-sdk/src/common/pico_time/time.c.obj
 *fill*         0x20008626        0x2 
 .rodata.__func__.3
                0x20008628       0x17 CMakeFiles/okhi.dir/C_/Program_Files/Raspberry_Pi/Pico_SDK_v1.5.1/pico-sdk/src/common/pico_time/time.c.obj
 *fill*         0x2000863f        0x1 
 .rodata.__func__.4
                0x20008640       0x12 CMakeFiles/okhi.dir/C_/Program_Files/Raspberry_Pi/Pico_SDK_v1.5.1/pico-sdk/src/common/pico_time/time.c.obj
 *fill*         0x20008652        0x2 
 .rodata.__func__.5
                0x20008654        0xd CMakeFiles/okhi.dir/C_/Program_Files/Raspberry_Pi/Pico_SDK_v1.5.1/pico-sdk/src/common/pico_time/time.c.obj
 *fill*         0x20008661        0x3 
 .rodata.__func__.6
                0x20008664       0x12 CMakeFiles/okhi.dir/C_/Program_Files/Raspberry_Pi/Pico_SDK_v1.5.1/pico-sdk/src/common/pico_time/time.c.obj
 *fill*         0x20008676        0x2 
 .rodata.__func__.7
                0x20008678        0xf CMakeFiles/okhi.dir/C_/Program_Files/Raspberry_Pi/Pico_SDK_v1.5.1/pico-sdk/src/common/pico_time/time.c.obj
 *fill*         0x20008687        0x1 
 .rodata.__func__.8
                0x20008688        0xc CMakeFiles/okhi.dir/C_/Program_Files/Raspberry_Pi/Pico_SDK_v1.5.1/pico-sdk/src/common/pico_time/time.c.obj
 .rodata.__func__.9
                0x20008694       0x15 CMakeFiles/okhi.dir/C_/Program_Files/Raspberry_Pi/Pico_SDK_v1.5.1/pico-sdk/src/common/pico_time/time.c.obj
 *fill*         0x200086a9        0x7 
 .rodata.at_the_end_of_time
                0x200086b0        0x8 CMakeFiles/okhi.dir/C_/Program_Files/Raspberry_Pi/Pico_SDK_v1.5.1/pico-sdk/src/common/pico_time/time.c.obj
                0x200086b0                at_the_end_of_time
 .rodata.hardware_alarm_claim.str1.4
                0x200086b8       0x22 CMakeFiles/okhi.dir/C_/Program_Files/Raspberry_Pi/Pico_SDK_v1.5.1/pico-sdk/src/rp2_common/hardware_timer/timer.c.obj
 .rodata.busy_wait_us.str1.4
                0x200086da       0x7d CMakeFiles/okhi.dir/C_/Program_Files/Raspberry_Pi/Pico_SDK_v1.5.1/pico-sdk/src/rp2_common/hardware_timer/timer.c.obj
 *fill*         0x200086da        0x2 
 .rodata.hardware_alarm_set_target.str1.4
                0x200086dc       0x81 CMakeFiles/okhi.dir/C_/Program_Files/Raspberry_Pi/Pico_SDK_v1.5.1/pico-sdk/src/rp2_common/hardware_timer/timer.c.obj
 *fill*         0x2000875d        0x3 
 .rodata.__func__.0
                0x20008760       0x1a CMakeFiles/okhi.dir/C_/Program_Files/Raspberry_Pi/Pico_SDK_v1.5.1/pico-sdk/src/rp2_common/hardware_timer/timer.c.obj
 *fill*         0x2000877a        0x2 
 .rodata.__func__.1
                0x2000877c       0x15 CMakeFiles/okhi.dir/C_/Program_Files/Raspberry_Pi/Pico_SDK_v1.5.1/pico-sdk/src/rp2_common/hardware_timer/timer.c.obj
 .rodata.ph_add_child_node.str1.4
                0x20008791       0xb2 CMakeFiles/okhi.dir/C_/Program_Files/Raspberry_Pi/Pico_SDK_v1.5.1/pico-sdk/src/common/pico_util/pheap.c.obj
 *fill*         0x20008791        0x3 
 .rodata.ph_remove_any_head.str1.4
                0x20008794       0xa8 CMakeFiles/okhi.dir/C_/Program_Files/Raspberry_Pi/Pico_SDK_v1.5.1/pico-sdk/src/common/pico_util/pheap.c.obj
                                 0xbc (size before relaxing)
 .rodata.ph_remove_and_free_node.str1.4
                0x2000883c       0x1e CMakeFiles/okhi.dir/C_/Program_Files/Raspberry_Pi/Pico_SDK_v1.5.1/pico-sdk/src/common/pico_util/pheap.c.obj
                                 0x26 (size before relaxing)
 *fill*         0x2000885a        0x2 
 .rodata.__func__.0
                0x2000885c       0x18 CMakeFiles/okhi.dir/C_/Program_Files/Raspberry_Pi/Pico_SDK_v1.5.1/pico-sdk/src/common/pico_util/pheap.c.obj
 .rodata.__func__.1
                0x20008874       0x13 CMakeFiles/okhi.dir/C_/Program_Files/Raspberry_Pi/Pico_SDK_v1.5.1/pico-sdk/src/common/pico_util/pheap.c.obj
 *fill*         0x20008887        0x1 
 .rodata.__func__.2
                0x20008888       0x12 CMakeFiles/okhi.dir/C_/Program_Files/Raspberry_Pi/Pico_SDK_v1.5.1/pico-sdk/src/common/pico_util/pheap.c.obj
 *fill*         0x2000889a        0x2 
 .rodata.__func__.3
                0x2000889c        0xc CMakeFiles/okhi.dir/C_/Program_Files/Raspberry_Pi/Pico_SDK_v1.5.1/pico-sdk/src/common/pico_util/pheap.c.obj
 .rodata.clock_configure.str1.4
                0x200088a8       0x73 CMakeFiles/okhi.dir/C_/Program_Files/Raspberry_Pi/Pico_SDK_v1.5.1/pico-sdk/src/rp2_common/hardware_clocks/clocks.c.obj
 *fill*         0x2000891b        0x1 
 .rodata.__func__.1
                0x2000891c       0x10 CMakeFiles/okhi.dir/C_/Program_Files/Raspberry_Pi/Pico_SDK_v1.5.1/pico-sdk/src/rp2_common/hardware_clocks/clocks.c.obj
 .rodata.pll_init.str1.4
                0x2000892c      0x140 CMakeFiles/okhi.dir/C_/Program_Files/Raspberry_Pi/Pico_SDK_v1.5.1/pico-sdk/src/rp2_common/hardware_pll/pll.c.obj
 .rodata.__func__.0
                0x20008a6c        0x9 CMakeFiles/okhi.dir/C_/Program_Files/Raspberry_Pi/Pico_SDK_v1.5.1/pico-sdk/src/rp2_common/hardware_pll/pll.c.obj
 *fill*         0x20008a75        0x3 
 .rodata.__assert_func.str1.4
                0x20008a78       0x3f CMakeFiles/okhi.dir/C_/Program_Files/Raspberry_Pi/Pico_SDK_v1.5.1/pico-sdk/src/rp2_common/pico_runtime/runtime.c.obj
                                 0x43 (size before relaxing)
 *fill*         0x20008ab7        0x1 
 .rodata.runtime_init.str1.4
                0x20008ab8       0x7d CMakeFiles/okhi.dir/C_/Program_Files/Raspberry_Pi/Pico_SDK_v1.5.1/pico-sdk/src/rp2_common/pico_runtime/runtime.c.obj
 *fill*         0x20008b35        0x3 
 .rodata.panic.str1.4
                0x20008b38       0x12 CMakeFiles/okhi.dir/C_/Program_Files/Raspberry_Pi/Pico_SDK_v1.5.1/pico-sdk/src/rp2_common/pico_runtime/runtime.c.obj
 *fill*         0x20008b4a        0x2 
 .rodata.__func__.2
                0x20008b4c        0xd CMakeFiles/okhi.dir/C_/Program_Files/Raspberry_Pi/Pico_SDK_v1.5.1/pico-sdk/src/rp2_common/pico_runtime/runtime.c.obj
 *fill*         0x20008b59        0x3 
 .rodata._ftoa.str1.4
                0x20008b5c       0x15 CMakeFiles/okhi.dir/C_/Program_Files/Raspberry_Pi/Pico_SDK_v1.5.1/pico-sdk/src/rp2_common/pico_printf/printf.c.obj
 *fill*         0x20008b71        0x3 
 .rodata._vsnprintf
                0x20008b74      0x1e0 CMakeFiles/okhi.dir/C_/Program_Files/Raspberry_Pi/Pico_SDK_v1.5.1/pico-sdk/src/rp2_common/pico_printf/printf.c.obj
 *fill*         0x20008d54        0x4 
 .rodata.pow10.0
                0x20008d58       0x50 CMakeFiles/okhi.dir/C_/Program_Files/Raspberry_Pi/Pico_SDK_v1.5.1/pico-sdk/src/rp2_common/pico_printf/printf.c.obj
 .rodata.__aeabi_double_init.str1.4
                0x20008da8       0xb8 CMakeFiles/okhi.dir/C_/Program_Files/Raspberry_Pi/Pico_SDK_v1.5.1/pico-sdk/src/rp2_common/pico_double/double_init_rom.c.obj
 .rodata.__func__.0
                0x20008e60       0x14 CMakeFiles/okhi.dir/C_/Program_Files/Raspberry_Pi/Pico_SDK_v1.5.1/pico-sdk/src/rp2_common/pico_double/double_init_rom.c.obj
 .rodata.__aeabi_float_init.str1.4
                0x20008e74       0x96 CMakeFiles/okhi.dir/C_/Program_Files/Raspberry_Pi/Pico_SDK_v1.5.1/pico-sdk/src/rp2_common/pico_float/float_init_rom.c.obj
                                 0x9a (size before relaxing)
 *fill*         0x20008f0a        0x2 
 .rodata.__func__.0
                0x20008f0c       0x13 CMakeFiles/okhi.dir/C_/Program_Files/Raspberry_Pi/Pico_SDK_v1.5.1/pico-sdk/src/rp2_common/pico_float/float_init_rom.c.obj
 *fill*         0x20008f1f        0x1 
 .rodata.str1.4
                0x20008f20       0x90 CMakeFiles/okhi.dir/C_/Program_Files/Raspberry_Pi/Pico_SDK_v1.5.1/pico-sdk/src/rp2_common/pico_standard_link/binary_info.c.obj
 .rodata.__bi_44
                0x20008fb0        0xc CMakeFiles/okhi.dir/C_/Program_Files/Raspberry_Pi/Pico_SDK_v1.5.1/pico-sdk/src/rp2_common/pico_standard_link/binary_info.c.obj
 .rodata.__bi_69
                0x20008fbc        0xc CMakeFiles/okhi.dir/C_/Program_Files/Raspberry_Pi/Pico_SDK_v1.5.1/pico-sdk/src/rp2_common/pico_standard_link/binary_info.c.obj
 .rodata.__bi_75
                0x20008fc8        0xc CMakeFiles/okhi.dir/C_/Program_Files/Raspberry_Pi/Pico_SDK_v1.5.1/pico-sdk/src/rp2_common/pico_standard_link/binary_info.c.obj
 .rodata.__bi_81
                0x20008fd4        0xc CMakeFiles/okhi.dir/C_/Program_Files/Raspberry_Pi/Pico_SDK_v1.5.1/pico-sdk/src/rp2_common/pico_standard_link/binary_info.c.obj
 .rodata.__bi_91
                0x20008fe0        0xc CMakeFiles/okhi.dir/C_/Program_Files/Raspberry_Pi/Pico_SDK_v1.5.1/pico-sdk/src/rp2_common/pico_standard_link/binary_info.c.obj
 .rodata.stdout_serialize_begin.str1.4
                0x20008fec       0x7d CMakeFiles/okhi.dir/C_/Program_Files/Raspberry_Pi/Pico_SDK_v1.5.1/pico-sdk/src/rp2_common/pico_stdio/stdio.c.obj
 .rodata.__func__.3
                0x20008fec       0x15 CMakeFiles/okhi.dir/C_/Program_Files/Raspberry_Pi/Pico_SDK_v1.5.1/pico-sdk/src/rp2_common/pico_stdio/stdio.c.obj
 *fill*         0x20009001        0x3 
 .rodata.crlf_str.2
                0x20009004        0x2 CMakeFiles/okhi.dir/C_/Program_Files/Raspberry_Pi/Pico_SDK_v1.5.1/pico-sdk/src/rp2_common/pico_stdio/stdio.c.obj
 *fill*         0x20009006        0x2 
 .rodata.str1.4
                0x20009008       0x2c CMakeFiles/okhi.dir/C_/Program_Files/Raspberry_Pi/Pico_SDK_v1.5.1/pico-sdk/src/rp2_common/pico_stdio_uart/stdio_uart.c.obj
 .rodata.__bi_33.4
                0x20009034        0xc CMakeFiles/okhi.dir/C_/Program_Files/Raspberry_Pi/Pico_SDK_v1.5.1/pico-sdk/src/rp2_common/pico_stdio_uart/stdio_uart.c.obj
 .rodata.__bi_34.5
                0x20009040        0x8 CMakeFiles/okhi.dir/C_/Program_Files/Raspberry_Pi/Pico_SDK_v1.5.1/pico-sdk/src/rp2_common/pico_stdio_uart/stdio_uart.c.obj
 .rodata.multicore_lockout_start_block_until.str1.4
                0x20009048       0x79 CMakeFiles/okhi.dir/C_/Program_Files/Raspberry_Pi/Pico_SDK_v1.5.1/pico-sdk/src/rp2_common/pico_multicore/multicore.c.obj
 *fill*         0x200090c1        0x3 
 .rodata.multicore_launch_core1_with_stack.str1.4
                0x200090c4       0x19 CMakeFiles/okhi.dir/C_/Program_Files/Raspberry_Pi/Pico_SDK_v1.5.1/pico-sdk/src/rp2_common/pico_multicore/multicore.c.obj
 *fill*         0x200090dd        0x3 
 .rodata.__func__.2
                0x200090e0       0x22 CMakeFiles/okhi.dir/C_/Program_Files/Raspberry_Pi/Pico_SDK_v1.5.1/pico-sdk/src/rp2_common/pico_multicore/multicore.c.obj
 *fill*         0x20009102        0x2 
 .rodata._pio_find_offset_for_program.str1.4
                0x20009104       0x85 CMakeFiles/okhi.dir/C_/Program_Files/Raspberry_Pi/Pico_SDK_v1.5.1/pico-sdk/src/rp2_common/hardware_pio/pio.c.obj
 *fill*         0x20009189        0x3 
 .rodata._pio_add_program_at_offset.str1.4
                0x2000918c       0x11 CMakeFiles/okhi.dir/C_/Program_Files/Raspberry_Pi/Pico_SDK_v1.5.1/pico-sdk/src/rp2_common/hardware_pio/pio.c.obj
 *fill*         0x2000919d        0x3 
 .rodata.pio_claim_unused_sm.str1.4
                0x200091a0       0x24 CMakeFiles/okhi.dir/C_/Program_Files/Raspberry_Pi/Pico_SDK_v1.5.1/pico-sdk/src/rp2_common/hardware_pio/pio.c.obj
 .rodata.__func__.1
                0x200091c4       0x1d CMakeFiles/okhi.dir/C_/Program_Files/Raspberry_Pi/Pico_SDK_v1.5.1/pico-sdk/src/rp2_common/hardware_pio/pio.c.obj
 *fill*         0x200091e1        0x3 
 .rodata._global_impure_ptr
                0x200091e4        0x4 c:/progra~1/raspbe~1/picosd~1.1/gcc-ar~1/bin/../lib/gcc/arm-none-eabi/10.3.1/../../../../arm-none-eabi/lib/thumb/v6-m/nofp\libg.a(lib_a-impure.o)
                0x200091e4                _global_impure_ptr
                0x200091e8                . = ALIGN (0x4)
 *(.data*)
 .data.g_display_time
                0x200091e8        0x4 CMakeFiles/okhi.dir/okhi.c.obj
 .data.hwver    0x200091ec        0x1 CMakeFiles/okhi.dir/okhi.c.obj
 *fill*         0x200091ed        0x3 
 .data.hwver_name
                0x200091f0        0x4 CMakeFiles/okhi.dir/okhi.c.obj
 .data.striped_spin_lock_num
                0x200091f4        0x1 CMakeFiles/okhi.dir/C_/Program_Files/Raspberry_Pi/Pico_SDK_v1.5.1/pico-sdk/src/rp2_common/hardware_sync/sync.c.obj
 *fill*         0x200091f5        0x3 
 .data          0x200091f8       0x48 CMakeFiles/okhi.dir/C_/Program_Files/Raspberry_Pi/Pico_SDK_v1.5.1/pico-sdk/src/rp2_common/hardware_irq/irq_handler_chain.S.obj
                0x200091f8                irq_handler_chain_slots
                0x20009228                irq_handler_chain_first_slot
                0x20009232                irq_handler_chain_remove_tail
 .data.default_alarm_pool
                0x20009240       0x18 CMakeFiles/okhi.dir/C_/Program_Files/Raspberry_Pi/Pico_SDK_v1.5.1/pico-sdk/src/common/pico_time/time.c.obj
 .data.default_alarm_pool_heap
                0x20009258       0x10 CMakeFiles/okhi.dir/C_/Program_Files/Raspberry_Pi/Pico_SDK_v1.5.1/pico-sdk/src/common/pico_time/time.c.obj
 *fill*         0x20009268        0x8 
 .data.aeabi_bits_funcs
                0x20009270       0x10 CMakeFiles/okhi.dir/C_/Program_Files/Raspberry_Pi/Pico_SDK_v1.5.1/pico-sdk/src/rp2_common/pico_bit_ops/bit_ops_aeabi.S.obj
                0x20009270                aeabi_bits_funcs
                0x20009280                aeabi_bits_funcs_end
 .data.aeabi_mem_funcs
                0x20009280       0x10 CMakeFiles/okhi.dir/C_/Program_Files/Raspberry_Pi/Pico_SDK_v1.5.1/pico-sdk/src/rp2_common/pico_mem_ops/mem_ops_aeabi.S.obj
                0x20009280                aeabi_mem_funcs
                0x20009290                aeabi_mem_funcs_end
 .data.stdio_uart
                0x20009290       0x18 CMakeFiles/okhi.dir/C_/Program_Files/Raspberry_Pi/Pico_SDK_v1.5.1/pico-sdk/src/rp2_common/pico_stdio_uart/stdio_uart.c.obj
                0x20009290                stdio_uart
 .data._impure_ptr
                0x200092a8        0x4 c:/progra~1/raspbe~1/picosd~1.1/gcc-ar~1/bin/../lib/gcc/arm-none-eabi/10.3.1/../../../../arm-none-eabi/lib/thumb/v6-m/nofp\libg.a(lib_a-impure.o)
                0x200092a8                _impure_ptr
 *fill*         0x200092ac        0x4 
 .data.impure_data
                0x200092b0      0x428 c:/progra~1/raspbe~1/picosd~1.1/gcc-ar~1/bin/../lib/gcc/arm-none-eabi/10.3.1/../../../../arm-none-eabi/lib/thumb/v6-m/nofp\libg.a(lib_a-impure.o)
 .data.__malloc_av_
                0x200096d8      0x408 c:/progra~1/raspbe~1/picosd~1.1/gcc-ar~1/bin/../lib/gcc/arm-none-eabi/10.3.1/../../../../arm-none-eabi/lib/thumb/v6-m/nofp\libg.a(lib_a-mallocr.o)
                0x200096d8                __malloc_av_
 .data.__malloc_sbrk_base
                0x20009ae0        0x4 c:/progra~1/raspbe~1/picosd~1.1/gcc-ar~1/bin/../lib/gcc/arm-none-eabi/10.3.1/../../../../arm-none-eabi/lib/thumb/v6-m/nofp\libg.a(lib_a-mallocr.o)
                0x20009ae0                __malloc_sbrk_base
 .data.__malloc_trim_threshold
                0x20009ae4        0x4 c:/progra~1/raspbe~1/picosd~1.1/gcc-ar~1/bin/../lib/gcc/arm-none-eabi/10.3.1/../../../../arm-none-eabi/lib/thumb/v6-m/nofp\libg.a(lib_a-mallocr.o)
                0x20009ae4                __malloc_trim_threshold
                0x20009ae8                . = ALIGN (0x4)
 *(.after_data.*)
                0x20009ae8                . = ALIGN (0x4)
                0x20009ae8                PROVIDE (__mutex_array_start = .)
 *(SORT_BY_NAME(.mutex_array.*))
 *(.mutex_array)
 .mutex_array   0x20009ae8        0x8 CMakeFiles/okhi.dir/C_/Program_Files/Raspberry_Pi/Pico_SDK_v1.5.1/pico-sdk/src/rp2_common/pico_malloc/pico_malloc.c.obj
 .mutex_array   0x20009af0        0x8 CMakeFiles/okhi.dir/C_/Program_Files/Raspberry_Pi/Pico_SDK_v1.5.1/pico-sdk/src/rp2_common/pico_stdio/stdio.c.obj
                0x20009af8                PROVIDE (__mutex_array_end = .)
                0x20009af8                . = ALIGN (0x4)
                0x20009af8                PROVIDE (__preinit_array_start = .)
 *(SORT_BY_NAME(.preinit_array.*))
 .preinit_array.00001
                0x20009af8        0x4 CMakeFiles/okhi.dir/C_/Program_Files/Raspberry_Pi/Pico_SDK_v1.5.1/pico-sdk/src/rp2_common/pico_mem_ops/mem_ops_aeabi.S.obj
 .preinit_array.00010
                0x20009afc        0x4 CMakeFiles/okhi.dir/C_/Program_Files/Raspberry_Pi/Pico_SDK_v1.5.1/pico-sdk/src/rp2_common/pico_bit_ops/bit_ops_aeabi.S.obj
 .preinit_array.00020
                0x20009b00        0x4 CMakeFiles/okhi.dir/C_/Program_Files/Raspberry_Pi/Pico_SDK_v1.5.1/pico-sdk/src/rp2_common/pico_double/double_aeabi.S.obj
 .preinit_array.00020
                0x20009b04        0x4 CMakeFiles/okhi.dir/C_/Program_Files/Raspberry_Pi/Pico_SDK_v1.5.1/pico-sdk/src/rp2_common/pico_float/float_aeabi.S.obj
 *(.preinit_array)
                0x20009b08                PROVIDE (__preinit_array_end = .)
                0x20009b08                . = ALIGN (0x4)
                0x20009b08                PROVIDE (__init_array_start = .)
 *(SORT_BY_NAME(.init_array.*))
 *(.init_array)
 .init_array    0x20009b08        0x4 c:/progra~1/raspbe~1/picosd~1.1/gcc-ar~1/bin/../lib/gcc/arm-none-eabi/10.3.1/thumb/v6-m/nofp/crtbegin.o
                0x20009b0c                PROVIDE (__init_array_end = .)
                0x20009b0c                . = ALIGN (0x4)
                [!provide]                PROVIDE (__fini_array_start = .)
 *(SORT_BY_NAME(.fini_array.*))
 *(.fini_array)
                [!provide]                PROVIDE (__fini_array_end = .)
 *(.jcr)
                0x20009b0c                . = ALIGN (0x4)
                0x20009b0c                __data_end__ = .
                0x1000762c                __etext = LOADADDR (.data)

.igot.plt       0x20009b0c        0x0 load address 0x10009d48
 .igot.plt      0x20009b0c        0x0 c:/progra~1/raspbe~1/picosd~1.1/gcc-ar~1/bin/../lib/gcc/arm-none-eabi/10.3.1/thumb/v6-m/nofp/crtbegin.o

.uninitialized_data
                0x20009b0c        0x4 load address 0x10009d48
                0x20009b0c                . = ALIGN (0x4)
 *(.uninitialized_data*)
 .uninitialized_data
                0x20009b0c        0x4 CMakeFiles/okhi.dir/okhi.c.obj
                0x20009b0c                wait_20

.scratch_x      0x20040000        0x0 load address 0x10009d48
                0x20040000                __scratch_x_start__ = .
 *(.scratch_x.*)
                0x20040000                . = ALIGN (0x4)
                0x20040000                __scratch_x_end__ = .
                0x10009d48                __scratch_x_source__ = LOADADDR (.scratch_x)

.scratch_y      0x20041000        0x0 load address 0x10009d48
                0x20041000                __scratch_y_start__ = .
 *(.scratch_y.*)
                0x20041000                . = ALIGN (0x4)
                0x20041000                __scratch_y_end__ = .
                0x10009d48                __scratch_y_source__ = LOADADDR (.scratch_y)

.bss            0x20009b10    0x1f8c0
                0x20009b10                . = ALIGN (0x4)
                0x20009b10                __bss_start__ = .
 *(SORT_BY_ALIGNMENT(SORT_BY_NAME(.bss*)))
 .bss.default_alarm_pool_entries
                0x20009b10      0x100 CMakeFiles/okhi.dir/C_/Program_Files/Raspberry_Pi/Pico_SDK_v1.5.1/pico-sdk/src/common/pico_time/time.c.obj
 .bss           0x20009c10       0x1c c:/progra~1/raspbe~1/picosd~1.1/gcc-ar~1/bin/../lib/gcc/arm-none-eabi/10.3.1/thumb/v6-m/nofp/crtbegin.o
 .bss.__lock___malloc_recursive_mutex
                0x20009c2c        0x1 c:/progra~1/raspbe~1/picosd~1.1/gcc-ar~1/bin/../lib/gcc/arm-none-eabi/10.3.1/../../../../arm-none-eabi/lib/thumb/v6-m/nofp\libg.a(lib_a-lock.o)
                0x20009c2c                __lock___malloc_recursive_mutex
 *fill*         0x20009c2d        0x3 
 .bss.__lock___sfp_recursive_mutex
                0x20009c30        0x1 c:/progra~1/raspbe~1/picosd~1.1/gcc-ar~1/bin/../lib/gcc/arm-none-eabi/10.3.1/../../../../arm-none-eabi/lib/thumb/v6-m/nofp\libg.a(lib_a-lock.o)
                0x20009c30                __lock___sfp_recursive_mutex
 *fill*         0x20009c31        0x3 
 .bss.__lock___sinit_recursive_mutex
                0x20009c34        0x1 c:/progra~1/raspbe~1/picosd~1.1/gcc-ar~1/bin/../lib/gcc/arm-none-eabi/10.3.1/../../../../arm-none-eabi/lib/thumb/v6-m/nofp\libg.a(lib_a-lock.o)
                0x20009c34                __lock___sinit_recursive_mutex
 *fill*         0x20009c35        0x3 
 .bss.__malloc_current_mallinfo
                0x20009c38       0x28 c:/progra~1/raspbe~1/picosd~1.1/gcc-ar~1/bin/../lib/gcc/arm-none-eabi/10.3.1/../../../../arm-none-eabi/lib/thumb/v6-m/nofp\libg.a(lib_a-mallocr.o)
                0x20009c38                __malloc_current_mallinfo
 .bss.__malloc_top_pad