Archive member included to satisfy reference by file (symbol)

c:/progra~1/raspbe~1/picosd~1.1/gcc-ar~1/bin/../lib/gcc/arm-none-eabi/10.3.1/thumb/v6-m/nofp\libgcc.a(_dvmd_tls.o)
                              CMakeFiles/okhi.dir/C_/Program_Files/Raspberry_Pi/Pico_SDK_v1.5.1/pico-sdk/src/rp2_common/pico_divider/divider.S.obj (__aeabi_idiv0)
c:/progra~1/raspbe~1/picosd~1.1/gcc-ar~1/bin/../lib/gcc/arm-none-eabi/10.3.1/../../../../arm-none-eabi/lib/thumb/v6-m/nofp\libg.a(lib_a-calloc.o)
                              CMakeFiles/okhi.dir/C_/Program_Files/Raspberry_Pi/Pico_SDK_v1.5.1/pico-sdk/src/rp2_common/pico_malloc/pico_malloc.c.obj (calloc)
c:/progra~1/raspbe~1/picosd~1.1/gcc-ar~1/bin/../lib/gcc/arm-none-eabi/10.3.1/../../../../arm-none-eabi/lib/thumb/v6-m/nofp\libg.a(lib_a-callocr.o)
                              c:/progra~1/raspbe~1/picosd~1.1/gcc-ar~1/bin/../lib/gcc/arm-none-eabi/10.3.1/../../../../arm-none-eabi/lib/thumb/v6-m/nofp\libg.a(lib_a-calloc.o) (_calloc_r)
c:/progra~1/raspbe~1/picosd~1.1/gcc-ar~1/bin/../lib/gcc/arm-none-eabi/10.3.1/../../../../arm-none-eabi/lib/thumb/v6-m/nofp\libg.a(lib_a-errno.o)
                              c:/progra~1/raspbe~1/picosd~1.1/gcc-ar~1/bin/../lib/gcc/arm-none-eabi/10.3.1/../../../../arm-none-eabi/lib/thumb/v6-m/nofp\libg.a(lib_a-callocr.o) (__errno)
c:/progra~1/raspbe~1/picosd~1.1/gcc-ar~1/bin/../lib/gcc/arm-none-eabi/10.3.1/../../../../arm-none-eabi/lib/thumb/v6-m/nofp\libg.a(lib_a-fflush.o)
                              CMakeFiles/okhi.dir/okhi.c.obj (fflush)
c:/progra~1/raspbe~1/picosd~1.1/gcc-ar~1/bin/../lib/gcc/arm-none-eabi/10.3.1/../../../../arm-none-eabi/lib/thumb/v6-m/nofp\libg.a(lib_a-findfp.o)
                              c:/progra~1/raspbe~1/picosd~1.1/gcc-ar~1/bin/../lib/gcc/arm-none-eabi/10.3.1/../../../../arm-none-eabi/lib/thumb/v6-m/nofp\libg.a(lib_a-fflush.o) (__sinit)
c:/progra~1/raspbe~1/picosd~1.1/gcc-ar~1/bin/../lib/gcc/arm-none-eabi/10.3.1/../../../../arm-none-eabi/lib/thumb/v6-m/nofp\libg.a(lib_a-freer.o)
                              c:/progra~1/raspbe~1/picosd~1.1/gcc-ar~1/bin/../lib/gcc/arm-none-eabi/10.3.1/../../../../arm-none-eabi/lib/thumb/v6-m/nofp\libg.a(lib_a-fflush.o) (_free_r)
c:/progra~1/raspbe~1/picosd~1.1/gcc-ar~1/bin/../lib/gcc/arm-none-eabi/10.3.1/../../../../arm-none-eabi/lib/thumb/v6-m/nofp\libg.a(lib_a-fwalk.o)
                              c:/progra~1/raspbe~1/picosd~1.1/gcc-ar~1/bin/../lib/gcc/arm-none-eabi/10.3.1/../../../../arm-none-eabi/lib/thumb/v6-m/nofp\libg.a(lib_a-findfp.o) (_fwalk)
c:/progra~1/raspbe~1/picosd~1.1/gcc-ar~1/bin/../lib/gcc/arm-none-eabi/10.3.1/../../../../arm-none-eabi/lib/thumb/v6-m/nofp\libg.a(lib_a-impure.o)
                              c:/progra~1/raspbe~1/picosd~1.1/gcc-ar~1/bin/../lib/gcc/arm-none-eabi/10.3.1/../../../../arm-none-eabi/lib/thumb/v6-m/nofp\libg.a(lib_a-fflush.o) (_global_impure_ptr)
c:/progra~1/raspbe~1/picosd~1.1/gcc-ar~1/bin/../lib/gcc/arm-none-eabi/10.3.1/../../../../arm-none-eabi/lib/thumb/v6-m/nofp\libg.a(lib_a-init.o)
                              c:/progra~1/raspbe~1/picosd~1.1/gcc-ar~1/bin/../lib/gcc/arm-none-eabi/10.3.1/../../../../arm-none-eabi/lib/thumb/v6-m/nofp/crt0.o (__libc_init_array)
c:/progra~1/raspbe~1/picosd~1.1/gcc-ar~1/bin/../lib/gcc/arm-none-eabi/10.3.1/../../../../arm-none-eabi/lib/thumb/v6-m/nofp\libg.a(lib_a-lock.o)
                              c:/progra~1/raspbe~1/picosd~1.1/gcc-ar~1/bin/../lib/gcc/arm-none-eabi/10.3.1/../../../../arm-none-eabi/lib/thumb/v6-m/nofp\libg.a(lib_a-findfp.o) (__retarget_lock_init_recursive)
c:/progra~1/raspbe~1/picosd~1.1/gcc-ar~1/bin/../lib/gcc/arm-none-eabi/10.3.1/../../../../arm-none-eabi/lib/thumb/v6-m/nofp\libg.a(lib_a-malloc.o)
                              CMakeFiles/okhi.dir/C_/Program_Files/Raspberry_Pi/Pico_SDK_v1.5.1/pico-sdk/src/rp2_common/pico_malloc/pico_malloc.c.obj (malloc)
c:/progra~1/raspbe~1/picosd~1.1/gcc-ar~1/bin/../lib/gcc/arm-none-eabi/10.3.1/../../../../arm-none-eabi/lib/thumb/v6-m/nofp\libg.a(lib_a-mallocr.o)
                              c:/progra~1/raspbe~1/picosd~1.1/gcc-ar~1/bin/../lib/gcc/arm-none-eabi/10.3.1/../../../../arm-none-eabi/lib/thumb/v6-m/nofp\libg.a(lib_a-callocr.o) (_malloc_r)
c:/progra~1/raspbe~1/picosd~1.1/gcc-ar~1/bin/../lib/gcc/arm-none-eabi/10.3.1/../../../../arm-none-eabi/lib/thumb/v6-m/nofp\libg.a(lib_a-mlock.o)
                              c:/progra~1/raspbe~1/picosd~1.1/gcc-ar~1/bin/../lib/gcc/arm-none-eabi/10.3.1/../../../../arm-none-eabi/lib/thumb/v6-m/nofp\libg.a(lib_a-freer.o) (__malloc_lock)
c:/progra~1/raspbe~1/picosd~1.1/gcc-ar~1/bin/../lib/gcc/arm-none-eabi/10.3.1/../../../../arm-none-eabi/lib/thumb/v6-m/nofp\libg.a(lib_a-realloc.o)
                              CMakeFiles/okhi.dir/C_/Program_Files/Raspberry_Pi/Pico_SDK_v1.5.1/pico-sdk/src/rp2_common/pico_malloc/pico_malloc.c.obj (realloc)
c:/progra~1/raspbe~1/picosd~1.1/gcc-ar~1/bin/../lib/gcc/arm-none-eabi/10.3.1/../../../../arm-none-eabi/lib/thumb/v6-m/nofp\libg.a(lib_a-reallocr.o)
[...]
Memory Configuration

Name             Origin             Length             Attributes
FLASH            0x10000000         0x00200000         xr
RAM              0x20000000         0x00040000         xrw
SCRATCH_X        0x20040000         0x00001000         xrw
SCRATCH_Y        0x20041000         0x00001000         xrw
*default*        0x00000000         0xffffffff

Linker script and memory map

LOAD c:/progra~1/raspbe~1/picosd~1.1/gcc-ar~1/bin/../lib/gcc/arm-none-eabi/10.3.1/thumb/v6-m/nofp/crti.o
LOAD c:/progra~1/raspbe~1/picosd~1.1/gcc-ar~1/bin/../lib/gcc/arm-none-eabi/10.3.1/thumb/v6-m/nofp/crtbegin.o
LOAD c:/progra~1/raspbe~1/picosd~1.1/gcc-ar~1/bin/../lib/gcc/arm-none-eabi/10.3.1/../../../../arm-none-eabi/lib/thumb/v6-m/nofp/crt0.o

.flash_begin    0x10000000        0x0
                0x10000000                __flash_binary_start = .

.boot2          0x10000000      0x100
                0x10000000                __boot2_start__ = .
 *(.boot2)
 .boot2         0x10000000      0x100 C:\Users\regue\AppData\Local\Temp\ccyJcn3H.o
                0x10000100                __boot2_end__ = .
                0x00000001                ASSERT (((__boot2_end__ - __boot2_start__) == 0x100), ERROR: Pico second stage bootloader must be 256 bytes in size)

.flashtext      0x10000100      0x1d8
                0x10000100                __logical_binary_start = .
 *(.vectors)
 .vectors       0x10000100       0xd4 CMakeFiles/okhi.dir/C_/Program_Files/Raspberry_Pi/Pico_SDK_v1.5.1/pico-sdk/src/rp2_common/pico_standard_link/crt0.S.obj
                0x10000100                __VECTOR_TABLE
                0x10000100                __vectors
                0x100001c0                isr_invalid
                0x100001c0                __default_isrs_start
                0x100001c2                isr_nmi
                0x100001c4                isr_hardfault
                0x100001c6                isr_svcall
                0x100001c8                isr_pendsv
                0x100001ca                isr_systick
                0x100001cc                isr_irq23
                0x100001cc                isr_irq18
                0x100001cc                isr_irq11
                0x100001cc                isr_irq28
                0x100001cc                isr_irq19
                0x100001cc                isr_irq0
                0x100001cc                isr_irq6
                0x100001cc                isr_irq5
                0x100001cc                isr_irq12
                0x100001cc                isr_irq22
                0x100001cc                isr_irq31
                0x100001cc                isr_irq17
                0x100001cc                isr_irq27
                0x100001cc                isr_irq30
                0x100001cc                isr_irq2
                0x100001cc                isr_irq10
                0x100001cc                isr_irq8
                0x100001cc                isr_irq24
                0x100001cc                isr_irq1
                0x100001cc                isr_irq7
                0x100001cc                isr_irq21
                0x100001cc                isr_irq20
                0x100001cc                isr_irq15
                0x100001cc                isr_irq25
                0x100001cc                isr_irq13
                0x100001cc                __unhandled_user_irq
                0x100001cc                isr_irq4
                0x100001cc                isr_irq16
                0x100001cc                isr_irq29
                0x100001cc                isr_irq26
                0x100001cc                __default_isrs_end
                0x100001cc                isr_irq3
                0x100001cc                isr_irq14
                0x100001cc                isr_irq9
                0x100001d2                unhandled_user_irq_num_in_r0
 *(.binary_info_header)
 .binary_info_header
                0x100001d4       0x14 CMakeFiles/okhi.dir/C_/Program_Files/Raspberry_Pi/Pico_SDK_v1.5.1/pico-sdk/src/rp2_common/pico_standard_link/crt0.S.obj
                0x100001e8                __binary_info_header_end = .
 *(.reset)
 .reset         0x100001e8       0xac CMakeFiles/okhi.dir/C_/Program_Files/Raspberry_Pi/Pico_SDK_v1.5.1/pico-sdk/src/rp2_common/pico_standard_link/crt0.S.obj
                0x100001e8                _entry_point
 *fill*         0x10000294        0x4 
 .reset.__stub  0x10000298       0x10 linker stubs
 .reset         0x100002a8       0x30 CMakeFiles/okhi.dir/C_/Program_Files/Raspberry_Pi/Pico_SDK_v1.5.1/pico-sdk/src/rp2_common/pico_standard_link/binary_info.c.obj

.rodata         0x100002d8        0x0
 *(SORT_BY_ALIGNMENT(SORT_BY_NAME(.flashdata*)))
                0x100002d8                . = ALIGN (0x4)

.ARM.extab
 *(.ARM.extab* .gnu.linkonce.armextab.*)
                0x100002d8                __exidx_start = .

.ARM.exidx
 *(.ARM.exidx* .gnu.linkonce.armexidx.*)
                0x100002d8                __exidx_end = .
                0x100002d8                . = ALIGN (0x4)
                0x100002d8                __binary_info_start = .

.binary_info    0x100002d8       0x2c
 *(.binary_info.keep.*)
 .binary_info.keep.__bi_ptr22
                0x100002d8        0x4 CMakeFiles/okhi.dir/C_/Program_Files/Raspberry_Pi/Pico_SDK_v1.5.1/pico-sdk/src/rp2_common/pico_standard_link/binary_info.c.obj
 .binary_info.keep.__bi_ptr30
                0x100002dc        0x4 CMakeFiles/okhi.dir/C_/Program_Files/Raspberry_Pi/Pico_SDK_v1.5.1/pico-sdk/src/rp2_common/pico_standard_link/binary_info.c.obj
 .binary_info.keep.__bi_ptr38
                0x100002e0        0x4 CMakeFiles/okhi.dir/C_/Program_Files/Raspberry_Pi/Pico_SDK_v1.5.1/pico-sdk/src/rp2_common/pico_standard_link/binary_info.c.obj
 .binary_info.keep.__bi_ptr44
                0x100002e4        0x4 CMakeFiles/okhi.dir/C_/Program_Files/Raspberry_Pi/Pico_SDK_v1.5.1/pico-sdk/src/rp2_common/pico_standard_link/binary_info.c.obj
 .binary_info.keep.__bi_ptr50
                0x100002e8        0x4 CMakeFiles/okhi.dir/C_/Program_Files/Raspberry_Pi/Pico_SDK_v1.5.1/pico-sdk/src/rp2_common/pico_standard_link/binary_info.c.obj
 .binary_info.keep.__bi_ptr69
                0x100002ec        0x4 CMakeFiles/okhi.dir/C_/Program_Files/Raspberry_Pi/Pico_SDK_v1.5.1/pico-sdk/src/rp2_common/pico_standard_link/binary_info.c.obj
 .binary_info.keep.__bi_ptr75
                0x100002f0        0x4 CMakeFiles/okhi.dir/C_/Program_Files/Raspberry_Pi/Pico_SDK_v1.5.1/pico-sdk/src/rp2_common/pico_standard_link/binary_info.c.obj
 .binary_info.keep.__bi_ptr81
                0x100002f4        0x4 CMakeFiles/okhi.dir/C_/Program_Files/Raspberry_Pi/Pico_SDK_v1.5.1/pico-sdk/src/rp2_common/pico_standard_link/binary_info.c.obj
 .binary_info.keep.__bi_ptr91
                0x100002f8        0x4 CMakeFiles/okhi.dir/C_/Program_Files/Raspberry_Pi/Pico_SDK_v1.5.1/pico-sdk/src/rp2_common/pico_standard_link/binary_info.c.obj
 *(.binary_info.*)
 .binary_info.__bi_ptr33
                0x100002fc        0x4 CMakeFiles/okhi.dir/C_/Program_Files/Raspberry_Pi/Pico_SDK_v1.5.1/pico-sdk/src/rp2_common/pico_stdio_uart/stdio_uart.c.obj
 .binary_info.__bi_ptr34
                0x10000300        0x4 CMakeFiles/okhi.dir/C_/Program_Files/Raspberry_Pi/Pico_SDK_v1.5.1/pico-sdk/src/rp2_common/pico_stdio_uart/stdio_uart.c.obj
                0x10000304                __binary_info_end = .
                0x10000304                . = ALIGN (0x4)

.ram_vector_table
                0x20000000       0xc0
 *(.ram_vector_table)
 .ram_vector_table
                0x20000000       0xc0 CMakeFiles/okhi.dir/C_/Program_Files/Raspberry_Pi/Pico_SDK_v1.5.1/pico-sdk/src/rp2_common/pico_runtime/runtime.c.obj
                0x20000000                ram_vector_table

.text           0x200000c0     0x7264 load address 0x10000304
                0x200000c0                __ram_text_start__ = .
 *(.init)
 .init          0x200000c0        0x4 c:/progra~1/raspbe~1/picosd~1.1/gcc-ar~1/bin/../lib/gcc/arm-none-eabi/10.3.1/thumb/v6-m/nofp/crti.o
                0x200000c0                _init
 *(.text*)
 .text          0x200000c4       0x48 c:/progra~1/raspbe~1/picosd~1.1/gcc-ar~1/bin/../lib/gcc/arm-none-eabi/10.3.1/thumb/v6-m/nofp/crtbegin.o
 .text.sm_config_set_clkdiv
                0x2000010c       0x3c CMakeFiles/okhi.dir/okhi.c.obj
 .text.pio_get_default_sm_config
                0x20000148       0x28 CMakeFiles/okhi.dir/okhi.c.obj
 .text.get_start_free_flash_space_addr
                0x20000170       0x18 CMakeFiles/okhi.dir/okhi.c.obj
 .text.get_flash_end_address
                0x20000188        0x6 CMakeFiles/okhi.dir/okhi.c.obj
 .text.get_free_flash_space
                0x2000018e       0x10 CMakeFiles/okhi.dir/okhi.c.obj
 *fill*         0x2000019e        0x2 
 .text.capture_limit_value
                0x200001a0        0x8 CMakeFiles/okhi.dir/okhi.c.obj
 .text.crc16_usb
                0x200001a8       0x2c CMakeFiles/okhi.dir/okhi.c.obj
 .text.crc5_usb
                0x200001d4       0x20 CMakeFiles/okhi.dir/okhi.c.obj
 .text.handle_folding
                0x200001f4       0x88 CMakeFiles/okhi.dir/okhi.c.obj
 .text.process_packet
                0x2000027c      0x1f4 CMakeFiles/okhi.dir/okhi.c.obj
 .text.start_time
                0x20000470       0x30 CMakeFiles/okhi.dir/okhi.c.obj
 .text.gpio_callback
                0x200004a0       0x54 CMakeFiles/okhi.dir/okhi.c.obj
                0x200004a0                gpio_callback
 .text.pio1_irq
                0x200004f4       0x44 CMakeFiles/okhi.dir/okhi.c.obj
                0x200004f4                pio1_irq
 .text.pio0_irq
                0x20000538       0x44 CMakeFiles/okhi.dir/okhi.c.obj
                0x20000538                pio0_irq
 .text.process_buffer
                0x2000057c      0x148 CMakeFiles/okhi.dir/okhi.c.obj
 .text.print_g_fold_count
                0x200006c4       0x3c CMakeFiles/okhi.dir/okhi.c.obj
 .text.init_esp_seq
                0x20000700       0xc0 CMakeFiles/okhi.dir/okhi.c.obj
 .text.my_spi_write_blocking
                0x200007c0      0x1a0 CMakeFiles/okhi.dir/okhi.c.obj
 .text.my_spi_to_esp_write_blocking
                0x20000960       0x26 CMakeFiles/okhi.dir/okhi.c.obj
 *fill*         0x20000986        0x2 
 .text.print_packet
                0x20000988      0x208 CMakeFiles/okhi.dir/okhi.c.obj
 .text.display_buffer
                0x20000b90      0x180 CMakeFiles/okhi.dir/okhi.c.obj
 .text.core1_main
                0x20000d10      0x114 CMakeFiles/okhi.dir/okhi.c.obj
                0x20000d10                core1_main
 .text.reinit_dbuff
                0x20000e24       0x20 CMakeFiles/okhi.dir/okhi.c.obj
 .text.blink_led
                0x20000e44       0x3a CMakeFiles/okhi.dir/okhi.c.obj
 .text.get_pin_state
                0x20000e7e       0x64 CMakeFiles/okhi.dir/okhi.c.obj
 .text.detect_hw_version
                0x20000ee2       0x86 CMakeFiles/okhi.dir/okhi.c.obj
 .text.init_ver
                0x20000f68       0xe8 CMakeFiles/okhi.dir/okhi.c.obj
 .text.free_all_pio_state_machines
                0x20001050       0x26 CMakeFiles/okhi.dir/okhi.c.obj
 *fill*         0x20001076        0x2 
 .text.pio_destroy
                0x20001078       0x28 CMakeFiles/okhi.dir/okhi.c.obj
 .text.init_seq
                0x200010a0      0x224 CMakeFiles/okhi.dir/okhi.c.obj
 .text.main     0x200012c4      0x4d8 CMakeFiles/okhi.dir/okhi.c.obj
                0x200012c4                main
 .text.set_sys_clock_pll
                0x2000179c       0x78 CMakeFiles/okhi.dir/C_/Program_Files/Raspberry_Pi/Pico_SDK_v1.5.1/pico-sdk/src/rp2_common/pico_stdlib/stdlib.c.obj
                0x2000179c                set_sys_clock_pll
 .text.check_sys_clock_khz
                0x20001814       0xa4 CMakeFiles/okhi.dir/C_/Program_Files/Raspberry_Pi/Pico_SDK_v1.5.1/pico-sdk/src/rp2_common/pico_stdlib/stdlib.c.obj
                0x20001814                check_sys_clock_khz
 .text.gpio_set_function
                0x200018b8       0x30 CMakeFiles/okhi.dir/C_/Program_Files/Raspberry_Pi/Pico_SDK_v1.5.1/pico-sdk/src/rp2_common/hardware_gpio/gpio.c.obj
                0x200018b8                gpio_set_function
 .text.gpio_set_pulls
                0x200018e8       0x34 CMakeFiles/okhi.dir/C_/Program_Files/Raspberry_Pi/Pico_SDK_v1.5.1/pico-sdk/src/rp2_common/hardware_gpio/gpio.c.obj
                0x200018e8                gpio_set_pulls
 .text.gpio_set_irq_callback
                0x2000191c       0x48 CMakeFiles/okhi.dir/C_/Program_Files/Raspberry_Pi/Pico_SDK_v1.5.1/pico-sdk/src/rp2_common/hardware_gpio/gpio.c.obj
                0x2000191c                gpio_set_irq_callback
 .text.gpio_acknowledge_irq
                0x20001964       0x18 CMakeFiles/okhi.dir/C_/Program_Files/Raspberry_Pi/Pico_SDK_v1.5.1/pico-sdk/src/rp2_common/hardware_gpio/gpio.c.obj
                0x20001964                gpio_acknowledge_irq
 .text._gpio_set_irq_enabled
                0x2000197c       0x34 CMakeFiles/okhi.dir/C_/Program_Files/Raspberry_Pi/Pico_SDK_v1.5.1/pico-sdk/src/rp2_common/hardware_gpio/gpio.c.obj
 .text.gpio_set_irq_enabled
                0x200019b0       0x20 CMakeFiles/okhi.dir/C_/Program_Files/Raspberry_Pi/Pico_SDK_v1.5.1/pico-sdk/src/rp2_common/hardware_gpio/gpio.c.obj
                0x200019b0                gpio_set_irq_enabled
 .text.gpio_set_irq_enabled_with_callback
                0x200019d0       0x20 CMakeFiles/okhi.dir/C_/Program_Files/Raspberry_Pi/Pico_SDK_v1.5.1/pico-sdk/src/rp2_common/hardware_gpio/gpio.c.obj
                0x200019d0                gpio_set_irq_enabled_with_callback
 .text.gpio_default_irq_handler
                0x200019f0       0x98 CMakeFiles/okhi.dir/C_/Program_Files/Raspberry_Pi/Pico_SDK_v1.5.1/pico-sdk/src/rp2_common/hardware_gpio/gpio.c.obj
 .text.gpio_set_input_enabled
                0x20001a88       0x30 CMakeFiles/okhi.dir/C_/Program_Files/Raspberry_Pi/Pico_SDK_v1.5.1/pico-sdk/src/rp2_common/hardware_gpio/gpio.c.obj
                0x20001a88                gpio_set_input_enabled
 .text.gpio_init
                0x20001ab8       0x16 CMakeFiles/okhi.dir/C_/Program_Files/Raspberry_Pi/Pico_SDK_v1.5.1/pico-sdk/src/rp2_common/hardware_gpio/gpio.c.obj
                0x20001ab8                gpio_init
 .text.gpio_deinit
                0x20001ace        0xa CMakeFiles/okhi.dir/C_/Program_Files/Raspberry_Pi/Pico_SDK_v1.5.1/pico-sdk/src/rp2_common/hardware_gpio/gpio.c.obj
                0x20001ace                gpio_deinit
 .text.running_on_fpga
                0x20001ad8       0x14 CMakeFiles/okhi.dir/C_/Program_Files/Raspberry_Pi/Pico_SDK_v1.5.1/pico-sdk/src/rp2_common/pico_platform/platform.c.obj
                0x20001ad8                running_on_fpga
 .text.hw_claim_lock
                0x20001aec       0x18 CMakeFiles/okhi.dir/C_/Program_Files/Raspberry_Pi/Pico_SDK_v1.5.1/pico-sdk/src/rp2_common/hardware_claim/claim.c.obj
                0x20001aec                hw_claim_lock
 .text.hw_claim_unlock
                0x20001b04       0x14 CMakeFiles/okhi.dir/C_/Program_Files/Raspberry_Pi/Pico_SDK_v1.5.1/pico-sdk/src/rp2_common/hardware_claim/claim.c.obj
                0x20001b04                hw_claim_unlock
 .text.hw_is_claimed
                0x20001b18       0x16 CMakeFiles/okhi.dir/C_/Program_Files/Raspberry_Pi/Pico_SDK_v1.5.1/pico-sdk/src/rp2_common/hardware_claim/claim.c.obj
                0x20001b18                hw_is_claimed
 .text.hw_claim_or_assert
                0x20001b2e       0x32 CMakeFiles/okhi.dir/C_/Program_Files/Raspberry_Pi/Pico_SDK_v1.5.1/pico-sdk/src/rp2_common/hardware_claim/claim.c.obj
                0x20001b2e                hw_claim_or_assert
 .text.hw_claim_unused_from_range
                0x20001b60       0x50 CMakeFiles/okhi.dir/C_/Program_Files/Raspberry_Pi/Pico_SDK_v1.5.1/pico-sdk/src/rp2_common/hardware_claim/claim.c.obj
                0x20001b60                hw_claim_unused_from_range
 .text.hw_claim_clear
                0x20001bb0       0x40 CMakeFiles/okhi.dir/C_/Program_Files/Raspberry_Pi/Pico_SDK_v1.5.1/pico-sdk/src/rp2_common/hardware_claim/claim.c.obj
                0x20001bb0                hw_claim_clear
 .text.spin_locks_reset
                0x20001bf0       0x20 CMakeFiles/okhi.dir/C_/Program_Files/Raspberry_Pi/Pico_SDK_v1.5.1/pico-sdk/src/rp2_common/hardware_sync/sync.c.obj
                0x20001bf0                spin_locks_reset
 .text.next_striped_spin_lock_num
                0x20001c10       0x1c CMakeFiles/okhi.dir/C_/Program_Files/Raspberry_Pi/Pico_SDK_v1.5.1/pico-sdk/src/rp2_common/hardware_sync/sync.c.obj
                0x20001c10                next_striped_spin_lock_num
 .text.set_raw_irq_handler_and_unlock
                0x20001c2c       0x28 CMakeFiles/okhi.dir/C_/Program_Files/Raspberry_Pi/Pico_SDK_v1.5.1/pico-sdk/src/rp2_common/hardware_irq/irq.c.obj
 .text.make_branch
                0x20001c54       0x48 CMakeFiles/okhi.dir/C_/Program_Files/Raspberry_Pi/Pico_SDK_v1.5.1/pico-sdk/src/rp2_common/hardware_irq/irq.c.obj
 .text.insert_branch_and_link
                0x20001c9c       0x40 CMakeFiles/okhi.dir/C_/Program_Files/Raspberry_Pi/Pico_SDK_v1.5.1/pico-sdk/src/rp2_common/hardware_irq/irq.c.obj
 .text.irq_is_enabled
                0x20001cdc       0x18 CMakeFiles/okhi.dir/C_/Program_Files/Raspberry_Pi/Pico_SDK_v1.5.1/pico-sdk/src/rp2_common/hardware_irq/irq.c.obj
                0x20001cdc                irq_is_enabled
 .text.irq_set_mask_enabled
                0x20001cf4       0x20 CMakeFiles/okhi.dir/C_/Program_Files/Raspberry_Pi/Pico_SDK_v1.5.1/pico-sdk/src/rp2_common/hardware_irq/irq.c.obj
                0x20001cf4                irq_set_mask_enabled
 .text.irq_set_enabled
                0x20001d14        0xe CMakeFiles/okhi.dir/C_/Program_Files/Raspberry_Pi/Pico_SDK_v1.5.1/pico-sdk/src/rp2_common/hardware_irq/irq.c.obj
                0x20001d14                irq_set_enabled
 *fill*         0x20001d22        0x2 
 .text.irq_get_vtable_handler
                0x20001d24       0x10 CMakeFiles/okhi.dir/C_/Program_Files/Raspberry_Pi/Pico_SDK_v1.5.1/pico-sdk/src/rp2_common/hardware_irq/irq.c.obj
                0x20001d24                irq_get_vtable_handler
 .text.irq_set_exclusive_handler
                0x20001d34       0x54 CMakeFiles/okhi.dir/C_/Program_Files/Raspberry_Pi/Pico_SDK_v1.5.1/pico-sdk/src/rp2_common/hardware_irq/irq.c.obj
                0x20001d34                irq_set_exclusive_handler
 .text.irq_add_shared_handler
                0x20001d88      0x234 CMakeFiles/okhi.dir/C_/Program_Files/Raspberry_Pi/Pico_SDK_v1.5.1/pico-sdk/src/rp2_common/hardware_irq/irq.c.obj
                0x20001d88                irq_add_shared_handler
 .text.irq_remove_handler
                0x20001fbc      0x1ac CMakeFiles/okhi.dir/C_/Program_Files/Raspberry_Pi/Pico_SDK_v1.5.1/pico-sdk/src/rp2_common/hardware_irq/irq.c.obj
                0x20001fbc                irq_remove_handler
 .text.irq_add_tail_to_free_list
                0x20002168       0xf0 CMakeFiles/okhi.dir/C_/Program_Files/Raspberry_Pi/Pico_SDK_v1.5.1/pico-sdk/src/rp2_common/hardware_irq/irq.c.obj
                0x20002168                irq_add_tail_to_free_list
 .text.irq_init_priorities
                0x20002258       0x1c CMakeFiles/okhi.dir/C_/Program_Files/Raspberry_Pi/Pico_SDK_v1.5.1/pico-sdk/src/rp2_common/hardware_irq/irq.c.obj
                0x20002258                irq_init_priorities
 .text.lock_init
                0x20002274       0x10 CMakeFiles/okhi.dir/C_/Program_Files/Raspberry_Pi/Pico_SDK_v1.5.1/pico-sdk/src/common/pico_sync/lock_core.c.obj
                0x20002274                lock_init
 .text.mutex_init
                0x20002284       0x1a CMakeFiles/okhi.dir/C_/Program_Files/Raspberry_Pi/Pico_SDK_v1.5.1/pico-sdk/src/common/pico_sync/mutex.c.obj
                0x20002284                mutex_init
 .text.recursive_mutex_init
                0x2000229e       0x1e CMakeFiles/okhi.dir/C_/Program_Files/Raspberry_Pi/Pico_SDK_v1.5.1/pico-sdk/src/common/pico_sync/mutex.c.obj
                0x2000229e                recursive_mutex_init
 .text.alarm_pool_post_alloc_init
                0x200022bc       0x40 CMakeFiles/okhi.dir/C_/Program_Files/Raspberry_Pi/Pico_SDK_v1.5.1/pico-sdk/src/common/pico_time/time.c.obj
 .text.sleep_until_callback
                0x200022fc       0x30 CMakeFiles/okhi.dir/C_/Program_Files/Raspberry_Pi/Pico_SDK_v1.5.1/pico-sdk/src/common/pico_time/time.c.obj
 .text.timer_pool_entry_comparator
                0x2000232c       0x7c CMakeFiles/okhi.dir/C_/Program_Files/Raspberry_Pi/Pico_SDK_v1.5.1/pico-sdk/src/common/pico_time/time.c.obj
                0x2000232c                timer_pool_entry_comparator
 .text.ph_add_child_node
                0x200023a8       0xa4 CMakeFiles/okhi.dir/C_/Program_Files/Raspberry_Pi/Pico_SDK_v1.5.1/pico-sdk/src/common/pico_time/time.c.obj
 .text.ph_merge_nodes
                0x2000244c       0x3e CMakeFiles/okhi.dir/C_/Program_Files/Raspberry_Pi/Pico_SDK_v1.5.1/pico-sdk/src/common/pico_time/time.c.obj
 *fill*         0x2000248a        0x2 
 .text.add_alarm_under_lock
                0x2000248c      0x174 CMakeFiles/okhi.dir/C_/Program_Files/Raspberry_Pi/Pico_SDK_v1.5.1/pico-sdk/src/common/pico_time/time.c.obj
 .text.alarm_pool_alarm_callback
                0x20002600      0x33c CMakeFiles/okhi.dir/C_/Program_Files/Raspberry_Pi/Pico_SDK_v1.5.1/pico-sdk/src/common/pico_time/time.c.obj
 .text.alarm_pool_init_default
                0x2000293c       0x40 CMakeFiles/okhi.dir/C_/Program_Files/Raspberry_Pi/Pico_SDK_v1.5.1/pico-sdk/src/common/pico_time/time.c.obj
                0x2000293c                alarm_pool_init_default
 .text.alarm_pool_get_default
                0x2000297c       0x2c CMakeFiles/okhi.dir/C_/Program_Files/Raspberry_Pi/Pico_SDK_v1.5.1/pico-sdk/src/common/pico_time/time.c.obj
                0x2000297c                alarm_pool_get_default
 .text.alarm_pool_add_alarm_at
                0x200029a8      0x168 CMakeFiles/okhi.dir/C_/Program_Files/Raspberry_Pi/Pico_SDK_v1.5.1/pico-sdk/src/common/pico_time/time.c.obj
                0x200029a8                alarm_pool_add_alarm_at
 .text.alarm_pool_cancel_alarm
                0x20002b10       0xf8 CMakeFiles/okhi.dir/C_/Program_Files/Raspberry_Pi/Pico_SDK_v1.5.1/pico-sdk/src/common/pico_time/time.c.obj
                0x20002b10                alarm_pool_cancel_alarm
 .text.sleep_until
                0x20002c08       0xfc CMakeFiles/okhi.dir/C_/Program_Files/Raspberry_Pi/Pico_SDK_v1.5.1/pico-sdk/src/common/pico_time/time.c.obj
                0x20002c08                sleep_until
 .text.sleep_us
                0x20002d04       0x58 CMakeFiles/okhi.dir/C_/Program_Files/Raspberry_Pi/Pico_SDK_v1.5.1/pico-sdk/src/common/pico_time/time.c.obj
                0x20002d04                sleep_us
 .text.sleep_ms
                0x20002d5c       0x14 CMakeFiles/okhi.dir/C_/Program_Files/Raspberry_Pi/Pico_SDK_v1.5.1/pico-sdk/src/common/pico_time/time.c.obj
                0x20002d5c                sleep_ms
 .text.best_effort_wfe_or_timeout
                0x20002d70       0xac CMakeFiles/okhi.dir/C_/Program_Files/Raspberry_Pi/Pico_SDK_v1.5.1/pico-sdk/src/common/pico_time/time.c.obj
                0x20002d70                best_effort_wfe_or_timeout
 .text.hardware_alarm_irq_handler
                0x20002e1c       0x90 CMakeFiles/okhi.dir/C_/Program_Files/Raspberry_Pi/Pico_SDK_v1.5.1/pico-sdk/src/rp2_common/hardware_timer/timer.c.obj
 .text.hardware_alarm_claim
                0x20002eac       0x18 CMakeFiles/okhi.dir/C_/Program_Files/Raspberry_Pi/Pico_SDK_v1.5.1/pico-sdk/src/rp2_common/hardware_timer/timer.c.obj
                0x20002eac                hardware_alarm_claim
 .text.time_us_64
                0x20002ec4       0x18 CMakeFiles/okhi.dir/C_/Program_Files/Raspberry_Pi/Pico_SDK_v1.5.1/pico-sdk/src/rp2_common/hardware_timer/timer.c.obj
                0x20002ec4                time_us_64
 .text.busy_wait_until
                0x20002edc       0x28 CMakeFiles/okhi.dir/C_/Program_Files/Raspberry_Pi/Pico_SDK_v1.5.1/pico-sdk/src/rp2_common/hardware_timer/timer.c.obj
                0x20002edc                busy_wait_until
 .text.busy_wait_us
                0x20002f04       0x48 CMakeFiles/okhi.dir/C_/Program_Files/Raspberry_Pi/Pico_SDK_v1.5.1/pico-sdk/src/rp2_common/hardware_timer/timer.c.obj
                0x20002f04                busy_wait_us
 .text.hardware_alarm_set_callback
                0x20002f4c       0x90 CMakeFiles/okhi.dir/C_/Program_Files/Raspberry_Pi/Pico_SDK_v1.5.1/pico-sdk/src/rp2_common/hardware_timer/timer.c.obj
                0x20002f4c                hardware_alarm_set_callback
 .text.hardware_alarm_set_target
                0x20002fdc       0xe8 CMakeFiles/okhi.dir/C_/Program_Files/Raspberry_Pi/Pico_SDK_v1.5.1/pico-sdk/src/rp2_common/hardware_timer/timer.c.obj
                0x20002fdc                hardware_alarm_set_target
 .text.hardware_alarm_cancel
                0x200030c4       0x40 CMakeFiles/okhi.dir/C_/Program_Files/Raspberry_Pi/Pico_SDK_v1.5.1/pico-sdk/src/rp2_common/hardware_timer/timer.c.obj
                0x200030c4                hardware_alarm_cancel
 .text.ph_add_child_node
                0x20003104       0xa4 CMakeFiles/okhi.dir/C_/Program_Files/Raspberry_Pi/Pico_SDK_v1.5.1/pico-sdk/src/common/pico_util/pheap.c.obj
 .text.ph_merge_nodes
                0x200031a8       0x3e CMakeFiles/okhi.dir/C_/Program_Files/Raspberry_Pi/Pico_SDK_v1.5.1/pico-sdk/src/common/pico_util/pheap.c.obj
 *fill*         0x200031e6        0x2 
 .text.ph_clear
                0x200031e8       0x70 CMakeFiles/okhi.dir/C_/Program_Files/Raspberry_Pi/Pico_SDK_v1.5.1/pico-sdk/src/common/pico_util/pheap.c.obj
                0x200031e8                ph_clear
 .text.ph_post_alloc_init
                0x20003258        0xe CMakeFiles/okhi.dir/C_/Program_Files/Raspberry_Pi/Pico_SDK_v1.5.1/pico-sdk/src/common/pico_util/pheap.c.obj
                0x20003258                ph_post_alloc_init
 *fill*         0x20003266        0x2 
 .text.ph_merge_two_pass
                0x20003268       0xa8 CMakeFiles/okhi.dir/C_/Program_Files/Raspberry_Pi/Pico_SDK_v1.5.1/pico-sdk/src/common/pico_util/pheap.c.obj
                0x20003268                ph_merge_two_pass
 .text.ph_remove_any_head
                0x20003310      0x128 CMakeFiles/okhi.dir/C_/Program_Files/Raspberry_Pi/Pico_SDK_v1.5.1/pico-sdk/src/common/pico_util/pheap.c.obj
 .text.ph_remove_head
                0x20003438       0x14 CMakeFiles/okhi.dir/C_/Program_Files/Raspberry_Pi/Pico_SDK_v1.5.1/pico-sdk/src/common/pico_util/pheap.c.obj
                0x20003438                ph_remove_head
 .text.ph_remove_and_free_node
                0x2000344c       0xf8 CMakeFiles/okhi.dir/C_/Program_Files/Raspberry_Pi/Pico_SDK_v1.5.1/pico-sdk/src/common/pico_util/pheap.c.obj
                0x2000344c                ph_remove_and_free_node
 .text.uart_disable_before_lcr_write
                0x20003544       0x48 CMakeFiles/okhi.dir/C_/Program_Files/Raspberry_Pi/Pico_SDK_v1.5.1/pico-sdk/src/rp2_common/hardware_uart/uart.c.obj
 .text.uart_write_lcr_bits_masked
                0x2000358c       0x22 CMakeFiles/okhi.dir/C_/Program_Files/Raspberry_Pi/Pico_SDK_v1.5.1/pico-sdk/src/rp2_common/hardware_uart/uart.c.obj
 *fill*         0x200035ae        0x2 
 .text.uart_set_baudrate
                0x200035b0       0x5c CMakeFiles/okhi.dir/C_/Program_Files/Raspberry_Pi/Pico_SDK_v1.5.1/pico-sdk/src/rp2_common/hardware_uart/uart.c.obj
                0x200035b0                uart_set_baudrate
 .text.uart_set_format
                0x2000360c       0x2c CMakeFiles/okhi.dir/C_/Program_Files/Raspberry_Pi/Pico_SDK_v1.5.1/pico-sdk/src/rp2_common/hardware_uart/uart.c.obj
                0x2000360c                uart_set_format
 .text.uart_set_fifo_enabled
                0x20003638       0x10 CMakeFiles/okhi.dir/C_/Program_Files/Raspberry_Pi/Pico_SDK_v1.5.1/pico-sdk/src/rp2_common/hardware_uart/uart.c.obj
                0x20003638                uart_set_fifo_enabled
 .text.uart_set_translate_crlf
                0x20003648       0x28 CMakeFiles/okhi.dir/C_/Program_Files/Raspberry_Pi/Pico_SDK_v1.5.1/pico-sdk/src/rp2_common/hardware_uart/uart.c.obj
                0x20003648                uart_set_translate_crlf
 .text.uart_init
                0x20003670       0x80 CMakeFiles/okhi.dir/C_/Program_Files/Raspberry_Pi/Pico_SDK_v1.5.1/pico-sdk/src/rp2_common/hardware_uart/uart.c.obj
                0x20003670                uart_init
 .text.clock_configure
                0x200036f0      0x108 CMakeFiles/okhi.dir/C_/Program_Files/Raspberry_Pi/Pico_SDK_v1.5.1/pico-sdk/src/rp2_common/hardware_clocks/clocks.c.obj
                0x200036f0                clock_configure
 .text.clocks_init
                0x200037f8      0x100 CMakeFiles/okhi.dir/C_/Program_Files/Raspberry_Pi/Pico_SDK_v1.5.1/pico-sdk/src/rp2_common/hardware_clocks/clocks.c.obj
                0x200037f8                clocks_init
 .text.clock_get_hz
                0x200038f8        0xc CMakeFiles/okhi.dir/C_/Program_Files/Raspberry_Pi/Pico_SDK_v1.5.1/pico-sdk/src/rp2_common/hardware_clocks/clocks.c.obj
                0x200038f8                clock_get_hz
 .text.pll_init
                0x20003904      0x120 CMakeFiles/okhi.dir/C_/Program_Files/Raspberry_Pi/Pico_SDK_v1.5.1/pico-sdk/src/rp2_common/hardware_pll/pll.c.obj
                0x20003904                pll_init
 .text.watchdog_start_tick
                0x20003a24       0x10 CMakeFiles/okhi.dir/C_/Program_Files/Raspberry_Pi/Pico_SDK_v1.5.1/pico-sdk/src/rp2_common/hardware_watchdog/watchdog.c.obj
                0x20003a24                watchdog_start_tick
 .text.watchdog_update
                0x20003a34       0x14 CMakeFiles/okhi.dir/C_/Program_Files/Raspberry_Pi/Pico_SDK_v1.5.1/pico-sdk/src/rp2_common/hardware_watchdog/watchdog.c.obj
                0x20003a34                watchdog_update
 .text._watchdog_enable
                0x20003a48       0x78 CMakeFiles/okhi.dir/C_/Program_Files/Raspberry_Pi/Pico_SDK_v1.5.1/pico-sdk/src/rp2_common/hardware_watchdog/watchdog.c.obj
                0x20003a48                _watchdog_enable
 .text.watchdog_enable
                0x20003ac0       0x18 CMakeFiles/okhi.dir/C_/Program_Files/Raspberry_Pi/Pico_SDK_v1.5.1/pico-sdk/src/rp2_common/hardware_watchdog/watchdog.c.obj
                0x20003ac0                watchdog_enable
 .text.watchdog_reboot
                0x20003ad8       0x48 CMakeFiles/okhi.dir/C_/Program_Files/Raspberry_Pi/Pico_SDK_v1.5.1/pico-sdk/src/rp2_common/hardware_watchdog/watchdog.c.obj
                0x20003ad8                watchdog_reboot
 .text.watchdog_caused_reboot
                0x20003b20       0x10 CMakeFiles/okhi.dir/C_/Program_Files/Raspberry_Pi/Pico_SDK_v1.5.1/pico-sdk/src/rp2_common/hardware_watchdog/watchdog.c.obj
                0x20003b20                watchdog_caused_reboot
 .text.xosc_init
                0x20003b30       0x28 CMakeFiles/okhi.dir/C_/Program_Files/Raspberry_Pi/Pico_SDK_v1.5.1/pico-sdk/src/rp2_common/hardware_xosc/xosc.c.obj
                0x20003b30                xosc_init
 .text._exit    0x20003b58        0x4 CMakeFiles/okhi.dir/C_/Program_Files/Raspberry_Pi/Pico_SDK_v1.5.1/pico-sdk/src/rp2_common/pico_runtime/runtime.c.obj
                0x20003b58                _exit
 .text._sbrk    0x20003b5c       0x38 CMakeFiles/okhi.dir/C_/Program_Files/Raspberry_Pi/Pico_SDK_v1.5.1/pico-sdk/src/rp2_common/pico_runtime/runtime.c.obj
                0x20003b5c                _sbrk
 .text.exit     0x20003b94        0x6 CMakeFiles/okhi.dir/C_/Program_Files/Raspberry_Pi/Pico_SDK_v1.5.1/pico-sdk/src/rp2_common/pico_runtime/runtime.c.obj
                0x20003b94                exit
 *fill*         0x20003b9a        0x2 
 .text.__assert_func
                0x20003b9c       0x3c CMakeFiles/okhi.dir/C_/Program_Files/Raspberry_Pi/Pico_SDK_v1.5.1/pico-sdk/src/rp2_common/pico_runtime/runtime.c.obj
                0x20003b9c                __assert_func
 .text.runtime_init
                0x20003bd8       0xf8 CMakeFiles/okhi.dir/C_/Program_Files/Raspberry_Pi/Pico_SDK_v1.5.1/pico-sdk/src/rp2_common/pico_runtime/runtime.c.obj
                0x20003bd8                runtime_init
 .text.panic    0x20003cd0       0x30 CMakeFiles/okhi.dir/C_/Program_Files/Raspberry_Pi/Pico_SDK_v1.5.1/pico-sdk/src/rp2_common/pico_runtime/runtime.c.obj
                0x20003cd0                panic
 .text._out_buffer
                0x20003d00        0x8 CMakeFiles/okhi.dir/C_/Program_Files/Raspberry_Pi/Pico_SDK_v1.5.1/pico-sdk/src/rp2_common/pico_printf/printf.c.obj
 .text._out_null
                0x20003d08        0x2 CMakeFiles/okhi.dir/C_/Program_Files/Raspberry_Pi/Pico_SDK_v1.5.1/pico-sdk/src/rp2_common/pico_printf/printf.c.obj
 .text._out_fct
                0x20003d0a        0xe CMakeFiles/okhi.dir/C_/Program_Files/Raspberry_Pi/Pico_SDK_v1.5.1/pico-sdk/src/rp2_common/pico_printf/printf.c.obj
 .text._atoi    0x20003d18       0x24 CMakeFiles/okhi.dir/C_/Program_Files/Raspberry_Pi/Pico_SDK_v1.5.1/pico-sdk/src/rp2_common/pico_printf/printf.c.obj
 .text._out_rev
                0x20003d3c       0xae CMakeFiles/okhi.dir/C_/Program_Files/Raspberry_Pi/Pico_SDK_v1.5.1/pico-sdk/src/rp2_common/pico_printf/printf.c.obj
 .text._ntoa_format
                0x20003dea      0x112 CMakeFiles/okhi.dir/C_/Program_Files/Raspberry_Pi/Pico_SDK_v1.5.1/pico-sdk/src/rp2_common/pico_printf/printf.c.obj
 .text._ntoa_long
                0x20003efc       0xbc CMakeFiles/okhi.dir/C_/Program_Files/Raspberry_Pi/Pico_SDK_v1.5.1/pico-sdk/src/rp2_common/pico_printf/printf.c.obj
 .text._ntoa_long_long
                0x20003fb8       0xe2 CMakeFiles/okhi.dir/C_/Program_Files/Raspberry_Pi/Pico_SDK_v1.5.1/pico-sdk/src/rp2_common/pico_printf/printf.c.obj
 *fill*         0x2000409a        0x2 
 .text._etoa    0x2000409c      0x414 CMakeFiles/okhi.dir/C_/Program_Files/Raspberry_Pi/Pico_SDK_v1.5.1/pico-sdk/src/rp2_common/pico_printf/printf.c.obj
 .text._ftoa    0x200044b0      0x354 CMakeFiles/okhi.dir/C_/Program_Files/Raspberry_Pi/Pico_SDK_v1.5.1/pico-sdk/src/rp2_common/pico_printf/printf.c.obj
 .text._vsnprintf
                0x20004804      0x624 CMakeFiles/okhi.dir/C_/Program_Files/Raspberry_Pi/Pico_SDK_v1.5.1/pico-sdk/src/rp2_common/pico_printf/printf.c.obj
 .text.__wrap_sprintf
                0x20004e28       0x28 CMakeFiles/okhi.dir/C_/Program_Files/Raspberry_Pi/Pico_SDK_v1.5.1/pico-sdk/src/rp2_common/pico_printf/printf.c.obj
                0x20004e28                __wrap_sprintf
 .text.vfctprintf
                0x20004e50       0x20 CMakeFiles/okhi.dir/C_/Program_Files/Raspberry_Pi/Pico_SDK_v1.5.1/pico-sdk/src/rp2_common/pico_printf/printf.c.obj
                0x20004e50                vfctprintf
 .text          0x20004e70       0x10 CMakeFiles/okhi.dir/C_/Program_Files/Raspberry_Pi/Pico_SDK_v1.5.1/pico-sdk/src/rp2_common/pico_bit_ops/bit_ops_aeabi.S.obj
 .text.rom_func_lookup
                0x20004e80       0x10 CMakeFiles/okhi.dir/C_/Program_Files/Raspberry_Pi/Pico_SDK_v1.5.1/pico-sdk/src/rp2_common/pico_bootrom/bootrom.c.obj
                0x20004e80                rom_func_lookup
 .text.rom_data_lookup
                0x20004e90       0x10 CMakeFiles/okhi.dir/C_/Program_Files/Raspberry_Pi/Pico_SDK_v1.5.1/pico-sdk/src/rp2_common/pico_bootrom/bootrom.c.obj
                0x20004e90                rom_data_lookup
 .text.rom_funcs_lookup
                0x20004ea0       0x36 CMakeFiles/okhi.dir/C_/Program_Files/Raspberry_Pi/Pico_SDK_v1.5.1/pico-sdk/src/rp2_common/pico_bootrom/bootrom.c.obj
                0x20004ea0                rom_funcs_lookup
 *fill*         0x20004ed6        0x2 
 .text.__wrap___aeabi_idiv
                0x20004ed8       0x50 CMakeFiles/okhi.dir/C_/Program_Files/Raspberry_Pi/Pico_SDK_v1.5.1/pico-sdk/src/rp2_common/pico_divider/divider.S.obj
                0x20004ed8                __wrap___aeabi_idivmod
                0x20004ed8                divmod_s32s32
                0x20004ed8                div_s32s32
                0x20004ed8                __wrap___aeabi_idiv
                0x20004ee0                divmod_s32s32_unsafe
                0x20004f0c                divmod_s32s32_savestate
 .text.__wrap___aeabi_uidiv
                0x20004f28       0x4c CMakeFiles/okhi.dir/C_/Program_Files/Raspberry_Pi/Pico_SDK_v1.5.1/pico-sdk/src/rp2_common/pico_divider/divider.S.obj
                0x20004f28                __wrap___aeabi_uidiv
                0x20004f28                __wrap___aeabi_uidivmod
                0x20004f28                div_u32u32
                0x20004f28                divmod_u32u32
                0x20004f30                divmod_u32u32_unsafe
                0x20004f58                divmod_u32u32_savestate
 .text.__wrap___aeabi_ldiv
                0x20004f74      0x424 CMakeFiles/okhi.dir/C_/Program_Files/Raspberry_Pi/Pico_SDK_v1.5.1/pico-sdk/src/rp2_common/pico_divider/divider.S.obj
                0x20004f74                div_s64s64
                0x20004f74                divmod_s64s64
                0x20004f74                __wrap___aeabi_ldivmod
                0x20004fa4                divmod_u64u64
                0x20004fa4                div_u64u64
                0x20004fa4                __wrap___aeabi_uldivmod
                0x20004fb4                divmod_u64u64_savestate
                0x20004fd4                divmod_s64s64_unsafe
                0x2000505c                divmod_u64u64_unsafe
 .text.__wrap___aeabi_darithmetic
                0x20005398       0x80 CMakeFiles/okhi.dir/C_/Program_Files/Raspberry_Pi/Pico_SDK_v1.5.1/pico-sdk/src/rp2_common/pico_double/double_aeabi.S.obj
                0x20005398                __wrap___aeabi_drsub
                0x2000539e                __wrap___aeabi_dsub
                0x200053b0                __wrap___aeabi_dadd
                0x200053c2                __wrap___aeabi_ddiv
                0x200053fe                __wrap___aeabi_dmul
 .text.__wrap___aeabi_cdcmple
                0x20005418       0x6c CMakeFiles/okhi.dir/C_/Program_Files/Raspberry_Pi/Pico_SDK_v1.5.1/pico-sdk/src/rp2_common/pico_double/double_aeabi.S.obj
                0x20005418                __wrap___aeabi_cdrcmple
                0x20005428                __wrap___aeabi_cdcmpeq
                0x20005428                __wrap___aeabi_cdcmple
 .text.__wrap___aeabi_dcmplt
                0x20005484        0xc CMakeFiles/okhi.dir/C_/Program_Files/Raspberry_Pi/Pico_SDK_v1.5.1/pico-sdk/src/rp2_common/pico_double/double_aeabi.S.obj
                0x20005484                __wrap___aeabi_dcmplt
 .text.__wrap___aeabi_dcmple
                0x20005490       0x10 CMakeFiles/okhi.dir/C_/Program_Files/Raspberry_Pi/Pico_SDK_v1.5.1/pico-sdk/src/rp2_common/pico_double/double_aeabi.S.obj
                0x20005490                __wrap___aeabi_dcmple
 .text.__wrap___aeabi_dcmpge
                0x200054a0       0x10 CMakeFiles/okhi.dir/C_/Program_Files/Raspberry_Pi/Pico_SDK_v1.5.1/pico-sdk/src/rp2_common/pico_double/double_aeabi.S.obj
                0x200054a0                __wrap___aeabi_dcmpge
 .text.__wrap___aeabi_dcmpgt
                0x200054b0        0xa CMakeFiles/okhi.dir/C_/Program_Files/Raspberry_Pi/Pico_SDK_v1.5.1/pico-sdk/src/rp2_common/pico_double/double_aeabi.S.obj
                0x200054b0                __wrap___aeabi_dcmpgt
 .text.__wrap___aeabi_dcmpun
                0x200054ba       0x1c CMakeFiles/okhi.dir/C_/Program_Files/Raspberry_Pi/Pico_SDK_v1.5.1/pico-sdk/src/rp2_common/pico_double/double_aeabi.S.obj
                0x200054ba                __wrap___aeabi_dcmpun
 *fill*         0x200054d6        0x2 
 .text.__wrap___aeabi_i2d
                0x200054d8       0x38 CMakeFiles/okhi.dir/C_/Program_Files/Raspberry_Pi/Pico_SDK_v1.5.1/pico-sdk/src/rp2_common/pico_double/double_aeabi.S.obj
                0x200054d8                __wrap___aeabi_ui2d
                0x200054e0                __wrap___aeabi_i2d
 .text.__wrap___aeabi_d2iz
                0x20005510       0x48 CMakeFiles/okhi.dir/C_/Program_Files/Raspberry_Pi/Pico_SDK_v1.5.1/pico-sdk/src/rp2_common/pico_double/double_aeabi.S.obj
                0x20005510                double2int_z
                0x20005510                __wrap___aeabi_d2iz
 .text.__wrap___aeabi_d2uiz
                0x20005558       0x18 CMakeFiles/okhi.dir/C_/Program_Files/Raspberry_Pi/Pico_SDK_v1.5.1/pico-sdk/src/rp2_common/pico_double/double_aeabi.S.obj
                0x20005558                __wrap___aeabi_d2uiz
                0x20005558                double2uint
 .text.__aeabi_double_init
                0x20005570       0xc8 CMakeFiles/okhi.dir/C_/Program_Files/Raspberry_Pi/Pico_SDK_v1.5.1/pico-sdk/src/rp2_common/pico_double/double_init_rom.c.obj
                0x20005570                __aeabi_double_init
 .text.double_table_shim_on_use_helper
                0x20005638       0x34 CMakeFiles/okhi.dir/C_/Program_Files/Raspberry_Pi/Pico_SDK_v1.5.1/pico-sdk/src/rp2_common/pico_double/double_v1_rom_shim.S.obj
                0x20005638                double_table_shim_on_use_helper
 .text.__wrap___aeabi_dsub
                0x2000566c       0x10 CMakeFiles/okhi.dir/C_/Program_Files/Raspberry_Pi/Pico_SDK_v1.5.1/pico-sdk/src/rp2_common/pico_double/double_v1_rom_shim.S.obj
                0x2000566c                drsub_shim
                0x20005672                dsub_shim
 .text.dadd_shim
                0x2000567c      0x15c CMakeFiles/okhi.dir/C_/Program_Files/Raspberry_Pi/Pico_SDK_v1.5.1/pico-sdk/src/rp2_common/pico_double/double_v1_rom_shim.S.obj
                0x2000567c                dadd_shim
 .text.dmul_shim
                0x200057d8      0x15c CMakeFiles/okhi.dir/C_/Program_Files/Raspberry_Pi/Pico_SDK_v1.5.1/pico-sdk/src/rp2_common/pico_double/double_v1_rom_shim.S.obj
                0x200057d8                dmul_shim
 .text.ddiv_shim
                0x20005934      0x1b0 CMakeFiles/okhi.dir/C_/Program_Files/Raspberry_Pi/Pico_SDK_v1.5.1/pico-sdk/src/rp2_common/pico_double/double_v1_rom_shim.S.obj
                0x20005934                ddiv_shim
 .text.double2uint_shim
                0x20005ae4        0xe CMakeFiles/okhi.dir/C_/Program_Files/Raspberry_Pi/Pico_SDK_v1.5.1/pico-sdk/src/rp2_common/pico_double/double_v1_rom_shim.S.obj
                0x20005ae4                double2uint_shim
                0x20005ae6                double2ufix_shim
 *fill*         0x20005af2        0x2 
 .text.double2uint64_shim
                0x20005af4       0x70 CMakeFiles/okhi.dir/C_/Program_Files/Raspberry_Pi/Pico_SDK_v1.5.1/pico-sdk/src/rp2_common/pico_double/double_v1_rom_shim.S.obj
                0x20005af4                double2uint64_shim
                0x20005af6                double2ufix64_shim
                0x20005b16                d2fix_a
 .text.dunpacks
                0x20005b64       0x3c CMakeFiles/okhi.dir/C_/Program_Files/Raspberry_Pi/Pico_SDK_v1.5.1/pico-sdk/src/rp2_common/pico_double/double_v1_rom_shim.S.obj
                0x20005b64                dunpacks
 .text.__aeabi_lmul
                0x20005ba0       0x32 CMakeFiles/okhi.dir/C_/Program_Files/Raspberry_Pi/Pico_SDK_v1.5.1/pico-sdk/src/rp2_common/pico_int64_ops/pico_int64_ops_aeabi.S.obj
                0x20005ba0                __wrap___aeabi_lmul
 *fill*         0x20005bd2        0x2 
 .text.__wrap___aeabi_farithmetic
                0x20005bd4       0x58 CMakeFiles/okhi.dir/C_/Program_Files/Raspberry_Pi/Pico_SDK_v1.5.1/pico-sdk/src/rp2_common/pico_float/float_aeabi.S.obj
                0x20005bd4                __wrap___aeabi_frsub
                0x20005bda                __wrap___aeabi_fsub
                0x20005be4                __wrap___aeabi_fadd
                0x20005bee                __wrap___aeabi_fdiv
                0x20005c1a                __wrap___aeabi_fmul
 .text.__wrap___aeabi_ui2f
                0x20005c2c        0xa CMakeFiles/okhi.dir/C_/Program_Files/Raspberry_Pi/Pico_SDK_v1.5.1/pico-sdk/src/rp2_common/pico_float/float_aeabi.S.obj
                0x20005c2c                __wrap___aeabi_ui2f
 *fill*         0x20005c36        0x2 
 .text.__wrap___aeabi_i2f
                0x20005c38       0x44 CMakeFiles/okhi.dir/C_/Program_Files/Raspberry_Pi/Pico_SDK_v1.5.1/pico-sdk/src/rp2_common/pico_float/float_aeabi.S.obj
                0x20005c38                __wrap___aeabi_i2f
 .text.__wrap___aeabi_f2uiz
                0x20005c7c       0x10 CMakeFiles/okhi.dir/C_/Program_Files/Raspberry_Pi/Pico_SDK_v1.5.1/pico-sdk/src/rp2_common/pico_float/float_aeabi.S.obj
                0x20005c7c                __wrap___aeabi_f2uiz
 .text.__wrap___aeabi_f2d
                0x20005c8c       0x14 CMakeFiles/okhi.dir/C_/Program_Files/Raspberry_Pi/Pico_SDK_v1.5.1/pico-sdk/src/rp2_common/pico_float/float_aeabi.S.obj
                0x20005c8c                __wrap___aeabi_f2d
 .text.__aeabi_float_init
                0x20005ca0       0xfc CMakeFiles/okhi.dir/C_/Program_Files/Raspberry_Pi/Pico_SDK_v1.5.1/pico-sdk/src/rp2_common/pico_float/float_init_rom.c.obj
                0x20005ca0                __aeabi_float_init
 .text.float_table_shim_on_use_helper
                0x20005d9c       0x34 CMakeFiles/okhi.dir/C_/Program_Files/Raspberry_Pi/Pico_SDK_v1.5.1/pico-sdk/src/rp2_common/pico_float/float_v1_rom_shim.S.obj
                0x20005d9c                float_table_shim_on_use_helper
 .text.float2double_shim
                0x20005dd0       0x30 CMakeFiles/okhi.dir/C_/Program_Files/Raspberry_Pi/Pico_SDK_v1.5.1/pico-sdk/src/rp2_common/pico_float/float_v1_rom_shim.S.obj
                0x20005dd0                float2double_shim
 .text          0x20005e00       0x10 CMakeFiles/okhi.dir/C_/Program_Files/Raspberry_Pi/Pico_SDK_v1.5.1/pico-sdk/src/rp2_common/pico_mem_ops/mem_ops_aeabi.S.obj
                0x20005e00                __aeabi_mem_init
 .text.memset   0x20005e10        0xc CMakeFiles/okhi.dir/C_/Program_Files/Raspberry_Pi/Pico_SDK_v1.5.1/pico-sdk/src/rp2_common/pico_mem_ops/mem_ops_aeabi.S.obj
                0x20005e10                __wrap_memset
 .text.memcpy   0x20005e1c        0xc CMakeFiles/okhi.dir/C_/Program_Files/Raspberry_Pi/Pico_SDK_v1.5.1/pico-sdk/src/rp2_common/pico_mem_ops/mem_ops_aeabi.S.obj
                0x20005e1c                __wrap_memcpy
                0x20005e1c                __wrap___aeabi_memcpy
 .text.stdio_out_chars_no_crlf
                0x20005e28        0xe CMakeFiles/okhi.dir/C_/Program_Files/Raspberry_Pi/Pico_SDK_v1.5.1/pico-sdk/src/rp2_common/pico_stdio/stdio.c.obj
 *fill*         0x20005e36        0x2 
 .text.stdio_out_chars_crlf
                0x20005e38       0x80 CMakeFiles/okhi.dir/C_/Program_Files/Raspberry_Pi/Pico_SDK_v1.5.1/pico-sdk/src/rp2_common/pico_stdio/stdio.c.obj
 .text.stdio_stack_buffer_flush
                0x20005eb8       0x44 CMakeFiles/okhi.dir/C_/Program_Files/Raspberry_Pi/Pico_SDK_v1.5.1/pico-sdk/src/rp2_common/pico_stdio/stdio.c.obj
 .text.stdio_buffered_printer
                0x20005efc       0x20 CMakeFiles/okhi.dir/C_/Program_Files/Raspberry_Pi/Pico_SDK_v1.5.1/pico-sdk/src/rp2_common/pico_stdio/stdio.c.obj
 .text.stdio_get_until
                0x20005f1c       0x80 CMakeFiles/okhi.dir/C_/Program_Files/Raspberry_Pi/Pico_SDK_v1.5.1/pico-sdk/src/rp2_common/pico_stdio/stdio.c.obj
 .text.stdout_serialize_begin
                0x20005f9c       0x5c CMakeFiles/okhi.dir/C_/Program_Files/Raspberry_Pi/Pico_SDK_v1.5.1/pico-sdk/src/rp2_common/pico_stdio/stdio.c.obj
                0x20005f9c                stdout_serialize_begin
 .text.stdout_serialize_end
                0x20005ff8       0x10 CMakeFiles/okhi.dir/C_/Program_Files/Raspberry_Pi/Pico_SDK_v1.5.1/pico-sdk/src/rp2_common/pico_stdio/stdio.c.obj
                0x20005ff8                stdout_serialize_end
 .text.stdio_put_string
                0x20006008       0x98 CMakeFiles/okhi.dir/C_/Program_Files/Raspberry_Pi/Pico_SDK_v1.5.1/pico-sdk/src/rp2_common/pico_stdio/stdio.c.obj
 .text._read    0x200060a0       0x24 CMakeFiles/okhi.dir/C_/Program_Files/Raspberry_Pi/Pico_SDK_v1.5.1/pico-sdk/src/rp2_common/pico_stdio/stdio.c.obj
                0x200060a0                _read
 .text._write   0x200060c4       0x22 CMakeFiles/okhi.dir/C_/Program_Files/Raspberry_Pi/Pico_SDK_v1.5.1/pico-sdk/src/rp2_common/pico_stdio/stdio.c.obj
                0x200060c4                _write
 .text._close   0x200060e6        0x6 CMakeFiles/okhi.dir/C_/Program_Files/Raspberry_Pi/Pico_SDK_v1.5.1/pico-sdk/src/rp2_common/pico_stdio/stdio.c.obj
                0x200060e6                _close
 .text._lseek   0x200060ec        0x6 CMakeFiles/okhi.dir/C_/Program_Files/Raspberry_Pi/Pico_SDK_v1.5.1/pico-sdk/src/rp2_common/pico_stdio/stdio.c.obj
                0x200060ec                _lseek
 *fill*         0x200060f2        0x2 
 .text.stdio_set_driver_enabled
                0x200060f4       0x2c CMakeFiles/okhi.dir/C_/Program_Files/Raspberry_Pi/Pico_SDK_v1.5.1/pico-sdk/src/rp2_common/pico_stdio/stdio.c.obj
                0x200060f4                stdio_set_driver_enabled
 .text.stdio_flush
                0x20006120       0x20 CMakeFiles/okhi.dir/C_/Program_Files/Raspberry_Pi/Pico_SDK_v1.5.1/pico-sdk/src/rp2_common/pico_stdio/stdio.c.obj
                0x20006120                stdio_flush
 .text.__wrap_puts
                0x20006140       0x1e CMakeFiles/okhi.dir/C_/Program_Files/Raspberry_Pi/Pico_SDK_v1.5.1/pico-sdk/src/rp2_common/pico_stdio/stdio.c.obj
                0x20006140                __wrap_puts
 *fill*         0x2000615e        0x2 
 .text.__wrap_vprintf
                0x20006160       0x40 CMakeFiles/okhi.dir/C_/Program_Files/Raspberry_Pi/Pico_SDK_v1.5.1/pico-sdk/src/rp2_common/pico_stdio/stdio.c.obj
                0x20006160                __wrap_vprintf
 .text.__wrap_printf
                0x200061a0       0x18 CMakeFiles/okhi.dir/C_/Program_Files/Raspberry_Pi/Pico_SDK_v1.5.1/pico-sdk/src/rp2_common/pico_stdio/stdio.c.obj
                0x200061a0                __wrap_printf
 .text.stdio_init_all
                0x200061b8        0xa CMakeFiles/okhi.dir/C_/Program_Files/Raspberry_Pi/Pico_SDK_v1.5.1/pico-sdk/src/rp2_common/pico_stdio/stdio.c.obj
                0x200061b8                stdio_init_all
 *fill*         0x200061c2        0x2 
 .text.stdio_uart_out_chars
                0x200061c4       0x74 CMakeFiles/okhi.dir/C_/Program_Files/Raspberry_Pi/Pico_SDK_v1.5.1/pico-sdk/src/rp2_common/pico_stdio_uart/stdio_uart.c.obj
 .text.stdio_uart_in_chars
                0x20006238       0x80 CMakeFiles/okhi.dir/C_/Program_Files/Raspberry_Pi/Pico_SDK_v1.5.1/pico-sdk/src/rp2_common/pico_stdio_uart/stdio_uart.c.obj
                0x20006238                stdio_uart_in_chars
 .text.on_uart_rx
                0x200062b8       0x28 CMakeFiles/okhi.dir/C_/Program_Files/Raspberry_Pi/Pico_SDK_v1.5.1/pico-sdk/src/rp2_common/pico_stdio_uart/stdio_uart.c.obj
 .text.stdio_uart_set_chars_available_callback
                0x200062e0       0x8c CMakeFiles/okhi.dir/C_/Program_Files/Raspberry_Pi/Pico_SDK_v1.5.1/pico-sdk/src/rp2_common/pico_stdio_uart/stdio_uart.c.obj
 .text.stdio_uart_init_full
                0x2000636c       0x44 CMakeFiles/okhi.dir/C_/Program_Files/Raspberry_Pi/Pico_SDK_v1.5.1/pico-sdk/src/rp2_common/pico_stdio_uart/stdio_uart.c.obj
                0x2000636c                stdio_uart_init_full
 .text.stdio_uart_init
                0x200063b0       0x28 CMakeFiles/okhi.dir/C_/Program_Files/Raspberry_Pi/Pico_SDK_v1.5.1/pico-sdk/src/rp2_common/pico_stdio_uart/stdio_uart.c.obj
                0x200063b0                stdio_uart_init
 .text.core1_trampoline
                0x200063d8        0x2 CMakeFiles/okhi.dir/C_/Program_Files/Raspberry_Pi/Pico_SDK_v1.5.1/pico-sdk/src/rp2_common/pico_multicore/multicore.c.obj
 .text.core1_wrapper
                0x200063da        0xc CMakeFiles/okhi.dir/C_/Program_Files/Raspberry_Pi/Pico_SDK_v1.5.1/pico-sdk/src/rp2_common/pico_multicore/multicore.c.obj
                0x200063da                core1_wrapper
 .text.multicore_fifo_push_blocking
                0x200063e6       0x14 CMakeFiles/okhi.dir/C_/Program_Files/Raspberry_Pi/Pico_SDK_v1.5.1/pico-sdk/src/rp2_common/pico_multicore/multicore.c.obj
                0x200063e6                multicore_fifo_push_blocking
 .text.multicore_fifo_pop_blocking
                0x200063fa       0x16 CMakeFiles/okhi.dir/C_/Program_Files/Raspberry_Pi/Pico_SDK_v1.5.1/pico-sdk/src/rp2_common/pico_multicore/multicore.c.obj
                0x200063fa                multicore_fifo_pop_blocking
 .text.multicore_reset_core1
                0x20006410       0x28 CMakeFiles/okhi.dir/C_/Program_Files/Raspberry_Pi/Pico_SDK_v1.5.1/pico-sdk/src/rp2_common/pico_multicore/multicore.c.obj
                0x20006410                multicore_reset_core1
 .text.multicore_launch_core1_raw
                0x20006438       0x6e CMakeFiles/okhi.dir/C_/Program_Files/Raspberry_Pi/Pico_SDK_v1.5.1/pico-sdk/src/rp2_common/pico_multicore/multicore.c.obj
                0x20006438                multicore_launch_core1_raw
 *fill*         0x200064a6        0x2 
 .text.multicore_launch_core1_with_stack
                0x200064a8       0x50 CMakeFiles/okhi.dir/C_/Program_Files/Raspberry_Pi/Pico_SDK_v1.5.1/pico-sdk/src/rp2_common/pico_multicore/multicore.c.obj
                0x200064a8                multicore_launch_core1_with_stack
 .text.multicore_launch_core1
                0x200064f8       0x24 CMakeFiles/okhi.dir/C_/Program_Files/Raspberry_Pi/Pico_SDK_v1.5.1/pico-sdk/src/rp2_common/pico_multicore/multicore.c.obj
                0x200064f8                multicore_launch_core1
 .text._pio_can_add_program_at_offset
                0x2000651c       0x3c CMakeFiles/okhi.dir/C_/Program_Files/Raspberry_Pi/Pico_SDK_v1.5.1/pico-sdk/src/rp2_common/hardware_pio/pio.c.obj
 .text._pio_find_offset_for_program
                0x20006558       0x7c CMakeFiles/okhi.dir/C_/Program_Files/Raspberry_Pi/Pico_SDK_v1.5.1/pico-sdk/src/rp2_common/hardware_pio/pio.c.obj
 .text._pio_add_program_at_offset
                0x200065d4       0x78 CMakeFiles/okhi.dir/C_/Program_Files/Raspberry_Pi/Pico_SDK_v1.5.1/pico-sdk/src/rp2_common/hardware_pio/pio.c.obj
 .text.pio_sm_unclaim
                0x2000664c       0x20 CMakeFiles/okhi.dir/C_/Program_Files/Raspberry_Pi/Pico_SDK_v1.5.1/pico-sdk/src/rp2_common/hardware_pio/pio.c.obj
                0x2000664c                pio_sm_unclaim
 .text.pio_claim_unused_sm
                0x2000666c       0x3c CMakeFiles/okhi.dir/C_/Program_Files/Raspberry_Pi/Pico_SDK_v1.5.1/pico-sdk/src/rp2_common/hardware_pio/pio.c.obj
                0x2000666c                pio_claim_unused_sm
 .text.pio_sm_is_claimed
                0x200066a8       0x20 CMakeFiles/okhi.dir/C_/Program_Files/Raspberry_Pi/Pico_SDK_v1.5.1/pico-sdk/src/rp2_common/hardware_pio/pio.c.obj
                0x200066a8                pio_sm_is_claimed
 .text.pio_add_program
                0x200066c8       0x38 CMakeFiles/okhi.dir/C_/Program_Files/Raspberry_Pi/Pico_SDK_v1.5.1/pico-sdk/src/rp2_common/hardware_pio/pio.c.obj
                0x200066c8                pio_add_program
 .text.pio_clear_instruction_memory
                0x20006700       0x3c CMakeFiles/okhi.dir/C_/Program_Files/Raspberry_Pi/Pico_SDK_v1.5.1/pico-sdk/src/rp2_common/hardware_pio/pio.c.obj
                0x20006700                pio_clear_instruction_memory
 .text.pio_sm_set_consecutive_pindirs
                0x2000673c       0xa4 CMakeFiles/okhi.dir/C_/Program_Files/Raspberry_Pi/Pico_SDK_v1.5.1/pico-sdk/src/rp2_common/hardware_pio/pio.c.obj
                0x2000673c                pio_sm_set_consecutive_pindirs
 .text.pio_sm_init
                0x200067e0       0xe4 CMakeFiles/okhi.dir/C_/Program_Files/Raspberry_Pi/Pico_SDK_v1.5.1/pico-sdk/src/rp2_common/hardware_pio/pio.c.obj
                0x200067e0                pio_sm_init
 .text.spi_set_baudrate
                0x200068c4       0xcc CMakeFiles/okhi.dir/C_/Program_Files/Raspberry_Pi/Pico_SDK_v1.5.1/pico-sdk/src/rp2_common/hardware_spi/spi.c.obj
                0x200068c4                spi_set_baudrate
 .text.spi_init
                0x20006990       0x74 CMakeFiles/okhi.dir/C_/Program_Files/Raspberry_Pi/Pico_SDK_v1.5.1/pico-sdk/src/rp2_common/hardware_spi/spi.c.obj
                0x20006990                spi_init
 .text.adc_init
                0x20006a04       0x34 CMakeFiles/okhi.dir/C_/Program_Files/Raspberry_Pi/Pico_SDK_v1.5.1/pico-sdk/src/rp2_common/hardware_adc/adc.c.obj
                0x20006a04                adc_init
 .text          0x20006a38        0x4 c:/progra~1/raspbe~1/picosd~1.1/gcc-ar~1/bin/../lib/gcc/arm-none-eabi/10.3.1/thumb/v6-m/nofp\libgcc.a(_dvmd_tls.o)
                0x20006a38                __aeabi_idiv0
                0x20006a38                __aeabi_ldiv0
 .text.__sflush_r
                0x20006a3c      0x140 c:/progra~1/raspbe~1/picosd~1.1/gcc-ar~1/bin/../lib/gcc/arm-none-eabi/10.3.1/../../../../arm-none-eabi/lib/thumb/v6-m/nofp\libg.a(lib_a-fflush.o)
                0x20006a3c                __sflush_r
 .text._fflush_r
                0x20006b7c       0x6c c:/progra~1/raspbe~1/picosd~1.1/gcc-ar~1/bin/../lib/gcc/arm-none-eabi/10.3.1/../../../../arm-none-eabi/lib/thumb/v6-m/nofp\libg.a(lib_a-fflush.o)
                0x20006b7c                _fflush_r
 .text.fflush   0x20006be8       0x78 c:/progra~1/raspbe~1/picosd~1.1/gcc-ar~1/bin/../lib/gcc/arm-none-eabi/10.3.1/../../../../arm-none-eabi/lib/thumb/v6-m/nofp\libg.a(lib_a-fflush.o)
                0x20006be8                fflush
 .text._cleanup_r
                0x20006c60       0x10 c:/progra~1/raspbe~1/picosd~1.1/gcc-ar~1/bin/../lib/gcc/arm-none-eabi/10.3.1/../../../../arm-none-eabi/lib/thumb/v6-m/nofp\libg.a(lib_a-findfp.o)
                0x20006c60                _cleanup_r
 .text.__sinit  0x20006c70      0x120 c:/progra~1/raspbe~1/picosd~1.1/gcc-ar~1/bin/../lib/gcc/arm-none-eabi/10.3.1/../../../../arm-none-eabi/lib/thumb/v6-m/nofp\libg.a(lib_a-findfp.o)
                0x20006c70                __sinit
 .text.__sfp_lock_acquire
                0x20006d90       0x10 c:/progra~1/raspbe~1/picosd~1.1/gcc-ar~1/bin/../lib/gcc/arm-none-eabi/10.3.1/../../../../arm-none-eabi/lib/thumb/v6-m/nofp\libg.a(lib_a-findfp.o)
                0x20006d90                __sfp_lock_acquire
 .text.__sfp_lock_release
                0x20006da0       0x10 c:/progra~1/raspbe~1/picosd~1.1/gcc-ar~1/bin/../lib/gcc/arm-none-eabi/10.3.1/../../../../arm-none-eabi/lib/thumb/v6-m/nofp\libg.a(lib_a-findfp.o)
                0x20006da0                __sfp_lock_release
 .text._malloc_trim_r
                0x20006db0       0x9c c:/progra~1/raspbe~1/picosd~1.1/gcc-ar~1/bin/../lib/gcc/arm-none-eabi/10.3.1/../../../../arm-none-eabi/lib/thumb/v6-m/nofp\libg.a(lib_a-freer.o)
                0x20006db0                _malloc_trim_r
 .text._free_r  0x20006e4c      0x1c4 c:/progra~1/raspbe~1/picosd~1.1/gcc-ar~1/bin/../lib/gcc/arm-none-eabi/10.3.1/../../../../arm-none-eabi/lib/thumb/v6-m/nofp\libg.a(lib_a-freer.o)
                0x20006e4c                _free_r
 .text._fwalk_reent
                0x20007010       0x48 c:/progra~1/raspbe~1/picosd~1.1/gcc-ar~1/bin/../lib/gcc/arm-none-eabi/10.3.1/../../../../arm-none-eabi/lib/thumb/v6-m/nofp\libg.a(lib_a-fwalk.o)
                0x20007010                _fwalk_reent
 .text.__retarget_lock_init_recursive
                0x20007058        0x4 c:/progra~1/raspbe~1/picosd~1.1/gcc-ar~1/bin/../lib/gcc/arm-none-eabi/10.3.1/../../../../arm-none-eabi/lib/thumb/v6-m/nofp\libg.a(lib_a-lock.o)
                0x20007058                __retarget_lock_init_recursive
 .text.__retarget_lock_close_recursive
                0x2000705c        0x4 c:/progra~1/raspbe~1/picosd~1.1/gcc-ar~1/bin/../lib/gcc/arm-none-eabi/10.3.1/../../../../arm-none-eabi/lib/thumb/v6-m/nofp\libg.a(lib_a-lock.o)
                0x2000705c                __retarget_lock_close_recursive
 .text.__retarget_lock_acquire_recursive
                0x20007060        0x4 c:/progra~1/raspbe~1/picosd~1.1/gcc-ar~1/bin/../lib/gcc/arm-none-eabi/10.3.1/../../../../arm-none-eabi/lib/thumb/v6-m/nofp\libg.a(lib_a-lock.o)
                0x20007060                __retarget_lock_acquire_recursive
 .text.__retarget_lock_release_recursive
                0x20007064        0x4 c:/progra~1/raspbe~1/picosd~1.1/gcc-ar~1/bin/../lib/gcc/arm-none-eabi/10.3.1/../../../../arm-none-eabi/lib/thumb/v6-m/nofp\libg.a(lib_a-lock.o)
                0x20007064                __retarget_lock_release_recursive
 .text.__malloc_lock
                0x20007068       0x10 c:/progra~1/raspbe~1/picosd~1.1/gcc-ar~1/bin/../lib/gcc/arm-none-eabi/10.3.1/../../../../arm-none-eabi/lib/thumb/v6-m/nofp\libg.a(lib_a-mlock.o)
                0x20007068                __malloc_lock
 .text.__malloc_unlock
                0x20007078       0x10 c:/progra~1/raspbe~1/picosd~1.1/gcc-ar~1/bin/../lib/gcc/arm-none-eabi/10.3.1/../../../../arm-none-eabi/lib/thumb/v6-m/nofp\libg.a(lib_a-mlock.o)
                0x20007078                __malloc_unlock
 .text._sbrk_r  0x20007088       0x24 c:/progra~1/raspbe~1/picosd~1.1/gcc-ar~1/bin/../lib/gcc/arm-none-eabi/10.3.1/../../../../arm-none-eabi/lib/thumb/v6-m/nofp\libg.a(lib_a-sbrkr.o)
                0x20007088                _sbrk_r
 .text.__sread  0x200070ac       0x28 c:/progra~1/raspbe~1/picosd~1.1/gcc-ar~1/bin/../lib/gcc/arm-none-eabi/10.3.1/../../../../arm-none-eabi/lib/thumb/v6-m/nofp\libg.a(lib_a-stdio.o)
                0x200070ac                __sread
 .text.__swrite
                0x200070d4       0x40 c:/progra~1/raspbe~1/picosd~1.1/gcc-ar~1/bin/../lib/gcc/arm-none-eabi/10.3.1/../../../../arm-none-eabi/lib/thumb/v6-m/nofp\libg.a(lib_a-stdio.o)
                0x200070d4                __swrite
 .text.__sseek  0x20007114       0x2c c:/progra~1/raspbe~1/picosd~1.1/gcc-ar~1/bin/../lib/gcc/arm-none-eabi/10.3.1/../../../../arm-none-eabi/lib/thumb/v6-m/nofp\libg.a(lib_a-stdio.o)
                0x20007114                __sseek
 .text.__sclose
                0x20007140        0xc c:/progra~1/raspbe~1/picosd~1.1/gcc-ar~1/bin/../lib/gcc/arm-none-eabi/10.3.1/../../../../arm-none-eabi/lib/thumb/v6-m/nofp\libg.a(lib_a-stdio.o)
                0x20007140                __sclose
 .text.strlen   0x2000714c       0x5c c:/progra~1/raspbe~1/picosd~1.1/gcc-ar~1/bin/../lib/gcc/arm-none-eabi/10.3.1/../../../../arm-none-eabi/lib/thumb/v6-m/nofp\libg.a(lib_a-strlen-stub.o)
                0x2000714c                strlen
 .text._write_r
                0x200071a8       0x28 c:/progra~1/raspbe~1/picosd~1.1/gcc-ar~1/bin/../lib/gcc/arm-none-eabi/10.3.1/../../../../arm-none-eabi/lib/thumb/v6-m/nofp\libg.a(lib_a-writer.o)
                0x200071a8                _write_r
 .text._close_r
                0x200071d0       0x24 c:/progra~1/raspbe~1/picosd~1.1/gcc-ar~1/bin/../lib/gcc/arm-none-eabi/10.3.1/../../../../arm-none-eabi/lib/thumb/v6-m/nofp\libg.a(lib_a-closer.o)
                0x200071d0                _close_r
 .text._fclose_r
                0x200071f4       0xdc c:/progra~1/raspbe~1/picosd~1.1/gcc-ar~1/bin/../lib/gcc/arm-none-eabi/10.3.1/../../../../arm-none-eabi/lib/thumb/v6-m/nofp\libg.a(lib_a-fclose.o)
                0x200071f4                _fclose_r
 .text._lseek_r
                0x200072d0       0x28 c:/progra~1/raspbe~1/picosd~1.1/gcc-ar~1/bin/../lib/gcc/arm-none-eabi/10.3.1/../../../../arm-none-eabi/lib/thumb/v6-m/nofp\libg.a(lib_a-lseekr.o)
                0x200072d0                _lseek_r
 .text._read_r  0x200072f8       0x28 c:/progra~1/raspbe~1/picosd~1.1/gcc-ar~1/bin/../lib/gcc/arm-none-eabi/10.3.1/../../../../arm-none-eabi/lib/thumb/v6-m/nofp\libg.a(lib_a-readr.o)
                0x200072f8                _read_r
 *(.fini)
 .fini          0x20007320        0x4 c:/progra~1/raspbe~1/picosd~1.1/gcc-ar~1/bin/../lib/gcc/arm-none-eabi/10.3.1/thumb/v6-m/nofp/crti.o
                0x20007320                _fini
 *crtbegin.o(.ctors)
 *crtbegin?.o(.ctors)
 *(EXCLUDE_FILE(*crtend.o *crtend?.o) .ctors)
 *(SORT_BY_NAME(.ctors.*))
 *(.ctors)
 *crtbegin.o(.dtors)
 *crtbegin?.o(.dtors)
 *(EXCLUDE_FILE(*crtend.o *crtend?.o) .dtors)
 *(SORT_BY_NAME(.dtors.*))
 *(.dtors)
 *(.eh_frame*)
 .eh_frame      0x20007324        0x0 c:/progra~1/raspbe~1/picosd~1.1/gcc-ar~1/bin/../lib/gcc/arm-none-eabi/10.3.1/thumb/v6-m/nofp/crtbegin.o
                0x20007324                . = ALIGN (0x4)
                0x20007324                __ram_text_end__ = .
                0x10000304                __ram_text_source__ = LOADADDR (.text)

.glue_7         0x20007324        0x0 load address 0x10007568
 .glue_7        0x20007324        0x0 linker stubs

.glue_7t        0x20007324        0x0 load address 0x10007568
 .glue_7t       0x20007324        0x0 linker stubs

.vfp11_veneer   0x20007324        0x0 load address 0x10007568
 .vfp11_veneer  0x20007324        0x0 linker stubs

.v4_bx          0x20007324        0x0 load address 0x10007568
 .v4_bx         0x20007324        0x0 linker stubs

.iplt           0x20007324        0x0 load address 0x10007568
 .iplt          0x20007324        0x0 c:/progra~1/raspbe~1/picosd~1.1/gcc-ar~1/bin/../lib/gcc/arm-none-eabi/10.3.1/thumb/v6-m/nofp/crtbegin.o

.rel.dyn        0x20007324        0x0 load address 0x10007568
 .rel.iplt      0x20007324        0x0 c:/progra~1/raspbe~1/picosd~1.1/gcc-ar~1/bin/../lib/gcc/arm-none-eabi/10.3.1/thumb/v6-m/nofp/crtbegin.o
                0x20007324                . = ALIGN (0x4)

.data           0x20007330     0x271c load address 0x10007568
                0x20007330                __data_start__ = .
 *(vtable)
 *(.time_critical*)
 .time_critical.mutex_try_enter
                0x20007330       0x46 CMakeFiles/okhi.dir/C_/Program_Files/Raspberry_Pi/Pico_SDK_v1.5.1/pico-sdk/src/common/pico_sync/mutex.c.obj
                0x20007330                mutex_try_enter
 *fill*         0x20007376        0x2 
 .time_critical.mutex_enter_block_until
                0x20007378       0x8c CMakeFiles/okhi.dir/C_/Program_Files/Raspberry_Pi/Pico_SDK_v1.5.1/pico-sdk/src/common/pico_sync/mutex.c.obj
                0x20007378                mutex_enter_block_until
 .time_critical.mutex_try_enter_block_until
                0x20007404       0x34 CMakeFiles/okhi.dir/C_/Program_Files/Raspberry_Pi/Pico_SDK_v1.5.1/pico-sdk/src/common/pico_sync/mutex.c.obj
                0x20007404                mutex_try_enter_block_until
 .time_critical.mutex_exit
                0x20007438       0x4c CMakeFiles/okhi.dir/C_/Program_Files/Raspberry_Pi/Pico_SDK_v1.5.1/pico-sdk/src/common/pico_sync/mutex.c.obj
                0x20007438                mutex_exit
 .time_critical.spi_write_blocking
                0x20007484       0x3a CMakeFiles/okhi.dir/C_/Program_Files/Raspberry_Pi/Pico_SDK_v1.5.1/pico-sdk/src/rp2_common/hardware_spi/spi.c.obj
                0x20007484                spi_write_blocking
                0x200074c0                . = ALIGN (0x4)
 *fill*         0x200074be        0x2 
 *(.rodata*)
 .rodata.init_ver
                0x200074c0       0x24 CMakeFiles/okhi.dir/okhi.c.obj
 .rodata        0x200074e4      0x57c CMakeFiles/okhi.dir/okhi.c.obj
 .rodata.crc16_usb_tab
                0x20007a60      0x200 CMakeFiles/okhi.dir/okhi.c.obj
 .rodata.crc5_usb_tab
                0x20007c60      0x100 CMakeFiles/okhi.dir/okhi.c.obj
 .rodata.tar_lowsp_pio0_program
                0x20007d60        0x6 CMakeFiles/okhi.dir/okhi.c.obj
 *fill*         0x20007d66        0x2 
 .rodata.tar_lowsp_pio0_program_instructions
                0x20007d68       0x40 CMakeFiles/okhi.dir/okhi.c.obj
 .rodata.tar_pio1_program
                0x20007da8        0x6 CMakeFiles/okhi.dir/okhi.c.obj
 *fill*         0x20007dae        0x2 
 .rodata.tar_pio1_program_instructions
                0x20007db0       0x28 CMakeFiles/okhi.dir/okhi.c.obj
 .rodata.hw_claim_clear.str1.4
                0x20007dd8       0x7d CMakeFiles/okhi.dir/C_/Program_Files/Raspberry_Pi/Pico_SDK_v1.5.1/pico-sdk/src/rp2_common/hardware_claim/claim.c.obj
 *fill*         0x20007e55        0x3 
 .rodata.__func__.0
                0x20007e58        0xf CMakeFiles/okhi.dir/C_/Program_Files/Raspberry_Pi/Pico_SDK_v1.5.1/pico-sdk/src/rp2_common/hardware_claim/claim.c.obj
 *fill*         0x20007e67        0x1 
 .rodata.make_branch.str1.4
                0x20007e68       0x89 CMakeFiles/okhi.dir/C_/Program_Files/Raspberry_Pi/Pico_SDK_v1.5.1/pico-sdk/src/rp2_common/hardware_irq/irq.c.obj
 *fill*         0x20007ef1        0x3 
 .rodata.insert_branch_and_link.str1.4
                0x20007ef4       0x10 CMakeFiles/okhi.dir/C_/Program_Files/Raspberry_Pi/Pico_SDK_v1.5.1/pico-sdk/src/rp2_common/hardware_irq/irq.c.obj
 .rodata.irq_set_exclusive_handler.str1.4
                0x20007f04       0x36 CMakeFiles/okhi.dir/C_/Program_Files/Raspberry_Pi/Pico_SDK_v1.5.1/pico-sdk/src/rp2_common/hardware_irq/irq.c.obj
 *fill*         0x20007f3a        0x2 
 .rodata.irq_add_shared_handler.str1.4
                0x20007f3c       0xd9 CMakeFiles/okhi.dir/C_/Program_Files/Raspberry_Pi/Pico_SDK_v1.5.1/pico-sdk/src/rp2_common/hardware_irq/irq.c.obj
 *fill*         0x20008015        0x3 
 .rodata.irq_remove_handler.str1.4
                0x20008018       0x3a CMakeFiles/okhi.dir/C_/Program_Files/Raspberry_Pi/Pico_SDK_v1.5.1/pico-sdk/src/rp2_common/hardware_irq/irq.c.obj
 *fill*         0x20008052        0x2 
 .rodata.irq_add_tail_to_free_list.str1.4
                0x20008054       0x3a CMakeFiles/okhi.dir/C_/Program_Files/Raspberry_Pi/Pico_SDK_v1.5.1/pico-sdk/src/rp2_common/hardware_irq/irq.c.obj
 *fill*         0x2000808e        0x2 
 .rodata.__func__.0
                0x20008090       0x1a CMakeFiles/okhi.dir/C_/Program_Files/Raspberry_Pi/Pico_SDK_v1.5.1/pico-sdk/src/rp2_common/hardware_irq/irq.c.obj
 *fill*         0x200080aa        0x2 
 .rodata.__func__.1
                0x200080ac       0x17 CMakeFiles/okhi.dir/C_/Program_Files/Raspberry_Pi/Pico_SDK_v1.5.1/pico-sdk/src/rp2_common/hardware_irq/irq.c.obj
 *fill*         0x200080c3        0x1 
 .rodata.__func__.2
                0x200080c4       0x13 CMakeFiles/okhi.dir/C_/Program_Files/Raspberry_Pi/Pico_SDK_v1.5.1/pico-sdk/src/rp2_common/hardware_irq/irq.c.obj
 *fill*         0x200080d7        0x1 
 .rodata.__func__.3
                0x200080d8        0xc CMakeFiles/okhi.dir/C_/Program_Files/Raspberry_Pi/Pico_SDK_v1.5.1/pico-sdk/src/rp2_common/hardware_irq/irq.c.obj
 .rodata.__func__.4
                0x200080e4        0xf CMakeFiles/okhi.dir/C_/Program_Files/Raspberry_Pi/Pico_SDK_v1.5.1/pico-sdk/src/rp2_common/hardware_irq/irq.c.obj
 *fill*         0x200080f3        0x1 
 .rodata.__func__.5
                0x200080f4       0x17 CMakeFiles/okhi.dir/C_/Program_Files/Raspberry_Pi/Pico_SDK_v1.5.1/pico-sdk/src/rp2_common/hardware_irq/irq.c.obj
 *fill*         0x2000810b        0x1 
 .rodata.__func__.6
                0x2000810c       0x1a CMakeFiles/okhi.dir/C_/Program_Files/Raspberry_Pi/Pico_SDK_v1.5.1/pico-sdk/src/rp2_common/hardware_irq/irq.c.obj
 *fill*         0x20008126        0x2 
 .rodata.str1.4
                0x20008128      0x125 CMakeFiles/okhi.dir/C_/Program_Files/Raspberry_Pi/Pico_SDK_v1.5.1/pico-sdk/src/common/pico_sync/mutex.c.obj
 *fill*         0x2000824d        0x3 
 .rodata.__func__.1
                0x20008250        0xb CMakeFiles/okhi.dir/C_/Program_Files/Raspberry_Pi/Pico_SDK_v1.5.1/pico-sdk/src/common/pico_sync/mutex.c.obj
 *fill*         0x2000825b        0x1 
 .rodata.__func__.3
                0x2000825c       0x18 CMakeFiles/okhi.dir/C_/Program_Files/Raspberry_Pi/Pico_SDK_v1.5.1/pico-sdk/src/common/pico_sync/mutex.c.obj
 .rodata.repeating_timer_callback.str1.4
                0x20008274       0x67 CMakeFiles/okhi.dir/C_/Program_Files/Raspberry_Pi/Pico_SDK_v1.5.1/pico-sdk/src/common/pico_time/time.c.obj
 *fill*         0x200082db        0x1 
 .rodata.timer_pool_entry_comparator.str1.4
                0x200082dc       0x22 CMakeFiles/okhi.dir/C_/Program_Files/Raspberry_Pi/Pico_SDK_v1.5.1/pico-sdk/src/common/pico_time/time.c.obj
 *fill*         0x200082fe        0x2 
 .rodata.ph_add_child_node.str1.4
                0x20008300       0xb2 CMakeFiles/okhi.dir/C_/Program_Files/Raspberry_Pi/Pico_SDK_v1.5.1/pico-sdk/src/common/pico_time/time.c.obj
 *fill*         0x200083b2        0x2 
 .rodata.add_alarm_under_lock.str1.4
                0x200083b4       0x28 CMakeFiles/okhi.dir/C_/Program_Files/Raspberry_Pi/Pico_SDK_v1.5.1/pico-sdk/src/common/pico_time/time.c.obj
                                 0x2b (size before relaxing)
 .rodata.alarm_pool_alarm_callback.str1.4
                0x200083dc       0x98 CMakeFiles/okhi.dir/C_/Program_Files/Raspberry_Pi/Pico_SDK_v1.5.1/pico-sdk/src/common/pico_time/time.c.obj
                                0x118 (size before relaxing)
 .rodata.alarm_pool_get_default.str1.4
                0x20008474       0x21 CMakeFiles/okhi.dir/C_/Program_Files/Raspberry_Pi/Pico_SDK_v1.5.1/pico-sdk/src/common/pico_time/time.c.obj
 *fill*         0x20008495        0x3 
 .rodata.alarm_pool_cancel_alarm.str1.4
                0x20008498       0x27 CMakeFiles/okhi.dir/C_/Program_Files/Raspberry_Pi/Pico_SDK_v1.5.1/pico-sdk/src/common/pico_time/time.c.obj
 *fill*         0x200084bf        0x1 
 .rodata.sleep_until.str1.4
                0x200084c0       0x4d CMakeFiles/okhi.dir/C_/Program_Files/Raspberry_Pi/Pico_SDK_v1.5.1/pico-sdk/src/common/pico_time/time.c.obj
 *fill*         0x2000850d        0x3 
 .rodata.__func__.1
                0x20008510       0x18 CMakeFiles/okhi.dir/C_/Program_Files/Raspberry_Pi/Pico_SDK_v1.5.1/pico-sdk/src/common/pico_time/time.c.obj
 .rodata.__func__.10
                0x20008528       0x15 CMakeFiles/okhi.dir/C_/Program_Files/Raspberry_Pi/Pico_SDK_v1.5.1/pico-sdk/src/common/pico_time/time.c.obj
 *fill*         0x2000853d        0x3 
 .rodata.__func__.11
                0x20008540       0x1a CMakeFiles/okhi.dir/C_/Program_Files/Raspberry_Pi/Pico_SDK_v1.5.1/pico-sdk/src/common/pico_time/time.c.obj
 *fill*         0x2000855a        0x2 
 .rodata.__func__.12
                0x2000855c        0xa CMakeFiles/okhi.dir/C_/Program_Files/Raspberry_Pi/Pico_SDK_v1.5.1/pico-sdk/src/common/pico_time/time.c.obj
 *fill*         0x20008566        0x2 
 .rodata.__func__.3
                0x20008568       0x17 CMakeFiles/okhi.dir/C_/Program_Files/Raspberry_Pi/Pico_SDK_v1.5.1/pico-sdk/src/common/pico_time/time.c.obj
 *fill*         0x2000857f        0x1 
 .rodata.__func__.4
                0x20008580       0x12 CMakeFiles/okhi.dir/C_/Program_Files/Raspberry_Pi/Pico_SDK_v1.5.1/pico-sdk/src/common/pico_time/time.c.obj
 *fill*         0x20008592        0x2 
 .rodata.__func__.5
                0x20008594        0xd CMakeFiles/okhi.dir/C_/Program_Files/Raspberry_Pi/Pico_SDK_v1.5.1/pico-sdk/src/common/pico_time/time.c.obj
 *fill*         0x200085a1        0x3 
 .rodata.__func__.6
                0x200085a4       0x12 CMakeFiles/okhi.dir/C_/Program_Files/Raspberry_Pi/Pico_SDK_v1.5.1/pico-sdk/src/common/pico_time/time.c.obj
 *fill*         0x200085b6        0x2 
 .rodata.__func__.7
                0x200085b8        0xf CMakeFiles/okhi.dir/C_/Program_Files/Raspberry_Pi/Pico_SDK_v1.5.1/pico-sdk/src/common/pico_time/time.c.obj
 *fill*         0x200085c7        0x1 
 .rodata.__func__.8
                0x200085c8        0xc CMakeFiles/okhi.dir/C_/Program_Files/Raspberry_Pi/Pico_SDK_v1.5.1/pico-sdk/src/common/pico_time/time.c.obj
 .rodata.__func__.9
                0x200085d4       0x15 CMakeFiles/okhi.dir/C_/Program_Files/Raspberry_Pi/Pico_SDK_v1.5.1/pico-sdk/src/common/pico_time/time.c.obj
 *fill*         0x200085e9        0x7 
 .rodata.at_the_end_of_time
                0x200085f0        0x8 CMakeFiles/okhi.dir/C_/Program_Files/Raspberry_Pi/Pico_SDK_v1.5.1/pico-sdk/src/common/pico_time/time.c.obj
                0x200085f0                at_the_end_of_time
 .rodata.hardware_alarm_claim.str1.4
                0x200085f8       0x22 CMakeFiles/okhi.dir/C_/Program_Files/Raspberry_Pi/Pico_SDK_v1.5.1/pico-sdk/src/rp2_common/hardware_timer/timer.c.obj
 .rodata.busy_wait_us.str1.4
                0x2000861a       0x7d CMakeFiles/okhi.dir/C_/Program_Files/Raspberry_Pi/Pico_SDK_v1.5.1/pico-sdk/src/rp2_common/hardware_timer/timer.c.obj
 *fill*         0x2000861a        0x2 
 .rodata.hardware_alarm_set_target.str1.4
                0x2000861c       0x81 CMakeFiles/okhi.dir/C_/Program_Files/Raspberry_Pi/Pico_SDK_v1.5.1/pico-sdk/src/rp2_common/hardware_timer/timer.c.obj
 *fill*         0x2000869d        0x3 
 .rodata.__func__.0
                0x200086a0       0x1a CMakeFiles/okhi.dir/C_/Program_Files/Raspberry_Pi/Pico_SDK_v1.5.1/pico-sdk/src/rp2_common/hardware_timer/timer.c.obj
 *fill*         0x200086ba        0x2 
 .rodata.__func__.1
                0x200086bc       0x15 CMakeFiles/okhi.dir/C_/Program_Files/Raspberry_Pi/Pico_SDK_v1.5.1/pico-sdk/src/rp2_common/hardware_timer/timer.c.obj
 .rodata.ph_add_child_node.str1.4
                0x200086d1       0xb2 CMakeFiles/okhi.dir/C_/Program_Files/Raspberry_Pi/Pico_SDK_v1.5.1/pico-sdk/src/common/pico_util/pheap.c.obj
 *fill*         0x200086d1        0x3 
 .rodata.ph_remove_any_head.str1.4
                0x200086d4       0xa8 CMakeFiles/okhi.dir/C_/Program_Files/Raspberry_Pi/Pico_SDK_v1.5.1/pico-sdk/src/common/pico_util/pheap.c.obj
                                 0xbc (size before relaxing)
 .rodata.ph_remove_and_free_node.str1.4
                0x2000877c       0x1e CMakeFiles/okhi.dir/C_/Program_Files/Raspberry_Pi/Pico_SDK_v1.5.1/pico-sdk/src/common/pico_util/pheap.c.obj
                                 0x26 (size before relaxing)
 *fill*         0x2000879a        0x2 
 .rodata.__func__.0
                0x2000879c       0x18 CMakeFiles/okhi.dir/C_/Program_Files/Raspberry_Pi/Pico_SDK_v1.5.1/pico-sdk/src/common/pico_util/pheap.c.obj
 .rodata.__func__.1
                0x200087b4       0x13 CMakeFiles/okhi.dir/C_/Program_Files/Raspberry_Pi/Pico_SDK_v1.5.1/pico-sdk/src/common/pico_util/pheap.c.obj
 *fill*         0x200087c7        0x1 
 .rodata.__func__.2
                0x200087c8       0x12 CMakeFiles/okhi.dir/C_/Program_Files/Raspberry_Pi/Pico_SDK_v1.5.1/pico-sdk/src/common/pico_util/pheap.c.obj
 *fill*         0x200087da        0x2 
 .rodata.__func__.3
                0x200087dc        0xc CMakeFiles/okhi.dir/C_/Program_Files/Raspberry_Pi/Pico_SDK_v1.5.1/pico-sdk/src/common/pico_util/pheap.c.obj
 .rodata.clock_configure.str1.4
                0x200087e8       0x73 CMakeFiles/okhi.dir/C_/Program_Files/Raspberry_Pi/Pico_SDK_v1.5.1/pico-sdk/src/rp2_common/hardware_clocks/clocks.c.obj
 *fill*         0x2000885b        0x1 
 .rodata.__func__.1
                0x2000885c       0x10 CMakeFiles/okhi.dir/C_/Program_Files/Raspberry_Pi/Pico_SDK_v1.5.1/pico-sdk/src/rp2_common/hardware_clocks/clocks.c.obj
 .rodata.pll_init.str1.4
                0x2000886c      0x140 CMakeFiles/okhi.dir/C_/Program_Files/Raspberry_Pi/Pico_SDK_v1.5.1/pico-sdk/src/rp2_common/hardware_pll/pll.c.obj
 .rodata.__func__.0
                0x200089ac        0x9 CMakeFiles/okhi.dir/C_/Program_Files/Raspberry_Pi/Pico_SDK_v1.5.1/pico-sdk/src/rp2_common/hardware_pll/pll.c.obj
 *fill*         0x200089b5        0x3 
 .rodata.__assert_func.str1.4
                0x200089b8       0x3f CMakeFiles/okhi.dir/C_/Program_Files/Raspberry_Pi/Pico_SDK_v1.5.1/pico-sdk/src/rp2_common/pico_runtime/runtime.c.obj
                                 0x43 (size before relaxing)
 *fill*         0x200089f7        0x1 
 .rodata.runtime_init.str1.4
                0x200089f8       0x7d CMakeFiles/okhi.dir/C_/Program_Files/Raspberry_Pi/Pico_SDK_v1.5.1/pico-sdk/src/rp2_common/pico_runtime/runtime.c.obj
 *fill*         0x20008a75        0x3 
 .rodata.panic.str1.4
                0x20008a78       0x12 CMakeFiles/okhi.dir/C_/Program_Files/Raspberry_Pi/Pico_SDK_v1.5.1/pico-sdk/src/rp2_common/pico_runtime/runtime.c.obj
 *fill*         0x20008a8a        0x2 
 .rodata.__func__.2
                0x20008a8c        0xd CMakeFiles/okhi.dir/C_/Program_Files/Raspberry_Pi/Pico_SDK_v1.5.1/pico-sdk/src/rp2_common/pico_runtime/runtime.c.obj
 *fill*         0x20008a99        0x3 
 .rodata._ftoa.str1.4
                0x20008a9c       0x15 CMakeFiles/okhi.dir/C_/Program_Files/Raspberry_Pi/Pico_SDK_v1.5.1/pico-sdk/src/rp2_common/pico_printf/printf.c.obj
 *fill*         0x20008ab1        0x3 
 .rodata._vsnprintf
                0x20008ab4      0x1e0 CMakeFiles/okhi.dir/C_/Program_Files/Raspberry_Pi/Pico_SDK_v1.5.1/pico-sdk/src/rp2_common/pico_printf/printf.c.obj
 *fill*         0x20008c94        0x4 
 .rodata.pow10.0
                0x20008c98       0x50 CMakeFiles/okhi.dir/C_/Program_Files/Raspberry_Pi/Pico_SDK_v1.5.1/pico-sdk/src/rp2_common/pico_printf/printf.c.obj
 .rodata.__aeabi_double_init.str1.4
                0x20008ce8       0xb8 CMakeFiles/okhi.dir/C_/Program_Files/Raspberry_Pi/Pico_SDK_v1.5.1/pico-sdk/src/rp2_common/pico_double/double_init_rom.c.obj
 .rodata.__func__.0
                0x20008da0       0x14 CMakeFiles/okhi.dir/C_/Program_Files/Raspberry_Pi/Pico_SDK_v1.5.1/pico-sdk/src/rp2_common/pico_double/double_init_rom.c.obj
 .rodata.__aeabi_float_init.str1.4
                0x20008db4       0x96 CMakeFiles/okhi.dir/C_/Program_Files/Raspberry_Pi/Pico_SDK_v1.5.1/pico-sdk/src/rp2_common/pico_float/float_init_rom.c.obj
                                 0x9a (size before relaxing)
 *fill*         0x20008e4a        0x2 
 .rodata.__func__.0
                0x20008e4c       0x13 CMakeFiles/okhi.dir/C_/Program_Files/Raspberry_Pi/Pico_SDK_v1.5.1/pico-sdk/src/rp2_common/pico_float/float_init_rom.c.obj
 *fill*         0x20008e5f        0x1 
 .rodata.str1.4
                0x20008e60       0x90 CMakeFiles/okhi.dir/C_/Program_Files/Raspberry_Pi/Pico_SDK_v1.5.1/pico-sdk/src/rp2_common/pico_standard_link/binary_info.c.obj
 .rodata.__bi_44
                0x20008ef0        0xc CMakeFiles/okhi.dir/C_/Program_Files/Raspberry_Pi/Pico_SDK_v1.5.1/pico-sdk/src/rp2_common/pico_standard_link/binary_info.c.obj
 .rodata.__bi_69
                0x20008efc        0xc CMakeFiles/okhi.dir/C_/Program_Files/Raspberry_Pi/Pico_SDK_v1.5.1/pico-sdk/src/rp2_common/pico_standard_link/binary_info.c.obj
 .rodata.__bi_75
                0x20008f08        0xc CMakeFiles/okhi.dir/C_/Program_Files/Raspberry_Pi/Pico_SDK_v1.5.1/pico-sdk/src/rp2_common/pico_standard_link/binary_info.c.obj
 .rodata.__bi_81
                0x20008f14        0xc CMakeFiles/okhi.dir/C_/Program_Files/Raspberry_Pi/Pico_SDK_v1.5.1/pico-sdk/src/rp2_common/pico_standard_link/binary_info.c.obj
 .rodata.__bi_91
                0x20008f20        0xc CMakeFiles/okhi.dir/C_/Program_Files/Raspberry_Pi/Pico_SDK_v1.5.1/pico-sdk/src/rp2_common/pico_standard_link/binary_info.c.obj
 .rodata.stdout_serialize_begin.str1.4
                0x20008f2c       0x7d CMakeFiles/okhi.dir/C_/Program_Files/Raspberry_Pi/Pico_SDK_v1.5.1/pico-sdk/src/rp2_common/pico_stdio/stdio.c.obj
 .rodata.__func__.3
                0x20008f2c       0x15 CMakeFiles/okhi.dir/C_/Program_Files/Raspberry_Pi/Pico_SDK_v1.5.1/pico-sdk/src/rp2_common/pico_stdio/stdio.c.obj
 *fill*         0x20008f41        0x3 
 .rodata.crlf_str.2
                0x20008f44        0x2 CMakeFiles/okhi.dir/C_/Program_Files/Raspberry_Pi/Pico_SDK_v1.5.1/pico-sdk/src/rp2_common/pico_stdio/stdio.c.obj
 *fill*         0x20008f46        0x2 
 .rodata.str1.4
                0x20008f48       0x2c CMakeFiles/okhi.dir/C_/Program_Files/Raspberry_Pi/Pico_SDK_v1.5.1/pico-sdk/src/rp2_common/pico_stdio_uart/stdio_uart.c.obj
 .rodata.__bi_33.4
                0x20008f74        0xc CMakeFiles/okhi.dir/C_/Program_Files/Raspberry_Pi/Pico_SDK_v1.5.1/pico-sdk/src/rp2_common/pico_stdio_uart/stdio_uart.c.obj
 .rodata.__bi_34.5
                0x20008f80        0x8 CMakeFiles/okhi.dir/C_/Program_Files/Raspberry_Pi/Pico_SDK_v1.5.1/pico-sdk/src/rp2_common/pico_stdio_uart/stdio_uart.c.obj
 .rodata.multicore_lockout_start_block_until.str1.4
                0x20008f88       0x79 CMakeFiles/okhi.dir/C_/Program_Files/Raspberry_Pi/Pico_SDK_v1.5.1/pico-sdk/src/rp2_common/pico_multicore/multicore.c.obj
 *fill*         0x20009001        0x3 
 .rodata.multicore_launch_core1_with_stack.str1.4
                0x20009004       0x19 CMakeFiles/okhi.dir/C_/Program_Files/Raspberry_Pi/Pico_SDK_v1.5.1/pico-sdk/src/rp2_common/pico_multicore/multicore.c.obj
 *fill*         0x2000901d        0x3 
 .rodata.__func__.2
                0x20009020       0x22 CMakeFiles/okhi.dir/C_/Program_Files/Raspberry_Pi/Pico_SDK_v1.5.1/pico-sdk/src/rp2_common/pico_multicore/multicore.c.obj
 *fill*         0x20009042        0x2 
 .rodata._pio_find_offset_for_program.str1.4
                0x20009044       0x85 CMakeFiles/okhi.dir/C_/Program_Files/Raspberry_Pi/Pico_SDK_v1.5.1/pico-sdk/src/rp2_common/hardware_pio/pio.c.obj
 *fill*         0x200090c9        0x3 
 .rodata._pio_add_program_at_offset.str1.4
                0x200090cc       0x11 CMakeFiles/okhi.dir/C_/Program_Files/Raspberry_Pi/Pico_SDK_v1.5.1/pico-sdk/src/rp2_common/hardware_pio/pio.c.obj
 *fill*         0x200090dd        0x3 
 .rodata.pio_claim_unused_sm.str1.4
                0x200090e0       0x24 CMakeFiles/okhi.dir/C_/Program_Files/Raspberry_Pi/Pico_SDK_v1.5.1/pico-sdk/src/rp2_common/hardware_pio/pio.c.obj
 .rodata.__func__.1
                0x20009104       0x1d CMakeFiles/okhi.dir/C_/Program_Files/Raspberry_Pi/Pico_SDK_v1.5.1/pico-sdk/src/rp2_common/hardware_pio/pio.c.obj
 *fill*         0x20009121        0x3 
 .rodata._global_impure_ptr
                0x20009124        0x4 c:/progra~1/raspbe~1/picosd~1.1/gcc-ar~1/bin/../lib/gcc/arm-none-eabi/10.3.1/../../../../arm-none-eabi/lib/thumb/v6-m/nofp\libg.a(lib_a-impure.o)
                0x20009124                _global_impure_ptr
                0x20009128                . = ALIGN (0x4)
 *(.data*)
 .data.g_display_time
                0x20009128        0x4 CMakeFiles/okhi.dir/okhi.c.obj
 .data.hwver    0x2000912c        0x1 CMakeFiles/okhi.dir/okhi.c.obj
 *fill*         0x2000912d        0x3 
 .data.hwver_name
                0x20009130        0x4 CMakeFiles/okhi.dir/okhi.c.obj
 .data.striped_spin_lock_num
                0x20009134        0x1 CMakeFiles/okhi.dir/C_/Program_Files/Raspberry_Pi/Pico_SDK_v1.5.1/pico-sdk/src/rp2_common/hardware_sync/sync.c.obj
 *fill*         0x20009135        0x3 
 .data          0x20009138       0x48 CMakeFiles/okhi.dir/C_/Program_Files/Raspberry_Pi/Pico_SDK_v1.5.1/pico-sdk/src/rp2_common/hardware_irq/irq_handler_chain.S.obj
                0x20009138                irq_handler_chain_slots
                0x20009168                irq_handler_chain_first_slot
                0x20009172                irq_handler_chain_remove_tail
 .data.default_alarm_pool
                0x20009180       0x18 CMakeFiles/okhi.dir/C_/Program_Files/Raspberry_Pi/Pico_SDK_v1.5.1/pico-sdk/src/common/pico_time/time.c.obj
 .data.default_alarm_pool_heap
                0x20009198       0x10 CMakeFiles/okhi.dir/C_/Program_Files/Raspberry_Pi/Pico_SDK_v1.5.1/pico-sdk/src/common/pico_time/time.c.obj
 *fill*         0x200091a8        0x8 
 .data.aeabi_bits_funcs
                0x200091b0       0x10 CMakeFiles/okhi.dir/C_/Program_Files/Raspberry_Pi/Pico_SDK_v1.5.1/pico-sdk/src/rp2_common/pico_bit_ops/bit_ops_aeabi.S.obj
                0x200091b0                aeabi_bits_funcs
                0x200091c0                aeabi_bits_funcs_end
 .data.aeabi_mem_funcs
                0x200091c0       0x10 CMakeFiles/okhi.dir/C_/Program_Files/Raspberry_Pi/Pico_SDK_v1.5.1/pico-sdk/src/rp2_common/pico_mem_ops/mem_ops_aeabi.S.obj
                0x200091c0                aeabi_mem_funcs
                0x200091d0                aeabi_mem_funcs_end
 .data.stdio_uart
                0x200091d0       0x18 CMakeFiles/okhi.dir/C_/Program_Files/Raspberry_Pi/Pico_SDK_v1.5.1/pico-sdk/src/rp2_common/pico_stdio_uart/stdio_uart.c.obj
                0x200091d0                stdio_uart
 .data._impure_ptr
                0x200091e8        0x4 c:/progra~1/raspbe~1/picosd~1.1/gcc-ar~1/bin/../lib/gcc/arm-none-eabi/10.3.1/../../../../arm-none-eabi/lib/thumb/v6-m/nofp\libg.a(lib_a-impure.o)
                0x200091e8                _impure_ptr
 *fill*         0x200091ec        0x4 
 .data.impure_data
                0x200091f0      0x428 c:/progra~1/raspbe~1/picosd~1.1/gcc-ar~1/bin/../lib/gcc/arm-none-eabi/10.3.1/../../../../arm-none-eabi/lib/thumb/v6-m/nofp\libg.a(lib_a-impure.o)
 .data.__malloc_av_
                0x20009618      0x408 c:/progra~1/raspbe~1/picosd~1.1/gcc-ar~1/bin/../lib/gcc/arm-none-eabi/10.3.1/../../../../arm-none-eabi/lib/thumb/v6-m/nofp\libg.a(lib_a-mallocr.o)
                0x20009618                __malloc_av_
 .data.__malloc_sbrk_base
                0x20009a20        0x4 c:/progra~1/raspbe~1/picosd~1.1/gcc-ar~1/bin/../lib/gcc/arm-none-eabi/10.3.1/../../../../arm-none-eabi/lib/thumb/v6-m/nofp\libg.a(lib_a-mallocr.o)
                0x20009a20                __malloc_sbrk_base
 .data.__malloc_trim_threshold
                0x20009a24        0x4 c:/progra~1/raspbe~1/picosd~1.1/gcc-ar~1/bin/../lib/gcc/arm-none-eabi/10.3.1/../../../../arm-none-eabi/lib/thumb/v6-m/nofp\libg.a(lib_a-mallocr.o)
                0x20009a24                __malloc_trim_threshold
                0x20009a28                . = ALIGN (0x4)
 *(.after_data.*)
                0x20009a28                . = ALIGN (0x4)
                0x20009a28                PROVIDE (__mutex_array_start = .)
 *(SORT_BY_NAME(.mutex_array.*))
 *(.mutex_array)
 .mutex_array   0x20009a28        0x8 CMakeFiles/okhi.dir/C_/Program_Files/Raspberry_Pi/Pico_SDK_v1.5.1/pico-sdk/src/rp2_common/pico_malloc/pico_malloc.c.obj
 .mutex_array   0x20009a30        0x8 CMakeFiles/okhi.dir/C_/Program_Files/Raspberry_Pi/Pico_SDK_v1.5.1/pico-sdk/src/rp2_common/pico_stdio/stdio.c.obj
                0x20009a38                PROVIDE (__mutex_array_end = .)
                0x20009a38                . = ALIGN (0x4)
                0x20009a38                PROVIDE (__preinit_array_start = .)
 *(SORT_BY_NAME(.preinit_array.*))
 .preinit_array.00001
                0x20009a38        0x4 CMakeFiles/okhi.dir/C_/Program_Files/Raspberry_Pi/Pico_SDK_v1.5.1/pico-sdk/src/rp2_common/pico_mem_ops/mem_ops_aeabi.S.obj
 .preinit_array.00010
                0x20009a3c        0x4 CMakeFiles/okhi.dir/C_/Program_Files/Raspberry_Pi/Pico_SDK_v1.5.1/pico-sdk/src/rp2_common/pico_bit_ops/bit_ops_aeabi.S.obj
 .preinit_array.00020
                0x20009a40        0x4 CMakeFiles/okhi.dir/C_/Program_Files/Raspberry_Pi/Pico_SDK_v1.5.1/pico-sdk/src/rp2_common/pico_double/double_aeabi.S.obj
 .preinit_array.00020
                0x20009a44        0x4 CMakeFiles/okhi.dir/C_/Program_Files/Raspberry_Pi/Pico_SDK_v1.5.1/pico-sdk/src/rp2_common/pico_float/float_aeabi.S.obj
 *(.preinit_array)
                0x20009a48                PROVIDE (__preinit_array_end = .)
                0x20009a48                . = ALIGN (0x4)
                0x20009a48                PROVIDE (__init_array_start = .)
 *(SORT_BY_NAME(.init_array.*))
 *(.init_array)
 .init_array    0x20009a48        0x4 c:/progra~1/raspbe~1/picosd~1.1/gcc-ar~1/bin/../lib/gcc/arm-none-eabi/10.3.1/thumb/v6-m/nofp/crtbegin.o
                0x20009a4c                PROVIDE (__init_array_end = .)
                0x20009a4c                . = ALIGN (0x4)
                [!provide]                PROVIDE (__fini_array_start = .)
 *(SORT_BY_NAME(.fini_array.*))
 *(.fini_array)
                [!provide]                PROVIDE (__fini_array_end = .)
 *(.jcr)
                0x20009a4c                . = ALIGN (0x4)
                0x20009a4c                __data_end__ = .
                0x10007568                __etext = LOADADDR (.data)

.igot.plt       0x20009a4c        0x0 load address 0x10009c84
 .igot.plt      0x20009a4c        0x0 c:/progra~1/raspbe~1/picosd~1.1/gcc-ar~1/bin/../lib/gcc/arm-none-eabi/10.3.1/thumb/v6-m/nofp/crtbegin.o

.uninitialized_data
                0x20009a4c        0x4 load address 0x10009c84
                0x20009a4c                . = ALIGN (0x4)
 *(.uninitialized_data*)
 .uninitialized_data
                0x20009a4c        0x4 CMakeFiles/okhi.dir/okhi.c.obj
                0x20009a4c                wait_20

.scratch_x      0x20040000        0x0 load address 0x10009c84
                0x20040000                __scratch_x_start__ = .
 *(.scratch_x.*)
                0x20040000                . = ALIGN (0x4)
                0x20040000                __scratch_x_end__ = .
                0x10009c84                __scratch_x_source__ = LOADADDR (.scratch_x)

.scratch_y      0x20041000        0x0 load address 0x10009c84
                0x20041000                __scratch_y_start__ = .
 *(.scratch_y.*)
                0x20041000                . = ALIGN (0x4)
                0x20041000                __scratch_y_end__ = .
                0x10009c84                __scratch_y_source__ = LOADADDR (.scratch_y)

.bss            0x20009a50    0x1f8c0
                0x20009a50                . = ALIGN (0x4)
                0x20009a50                __bss_start__ = .
 *(SORT_BY_ALIGNMENT(SORT_BY_NAME(.bss*)))
 .bss.default_alarm_pool_entries
                0x20009a50      0x100 CMakeFiles/okhi.dir/C_/Program_Files/Raspberry_Pi/Pico_SDK_v1.5.1/pico-sdk/src/common/pico_time/time.c.obj
 .bss           0x20009b50       0x1c c:/progra~1/raspbe~1/picosd~1.1/gcc-ar~1/bin/../lib/gcc/arm-none-eabi/10.3.1/thumb/v6-m/nofp/crtbegin.o
 .bss.__lock___malloc_recursive_mutex
                0x20009b6c        0x1 c:/progra~1/raspbe~1/picosd~1.1/gcc-ar~1/bin/../lib/gcc/arm-none-eabi/10.3.1/../../../../arm-none-eabi/lib/thumb/v6-m/nofp\libg.a(lib_a-lock.o)
                0x20009b6c                __lock___malloc_recursive_mutex
 *fill*         0x20009b6d        0x3 
 .bss.__lock___sfp_recursive_mutex
                0x20009b70        0x1 c:/progra~1/raspbe~1/picosd~1.1/gcc-ar~1/bin/../lib/gcc/arm-none-eabi/10.3.1/../../../../arm-none-eabi/lib/thumb/v6-m/nofp\libg.a(lib_a-lock.o)
                0x20009b70                __lock___sfp_recursive_mutex
 *fill*         0x20009b71        0x3 
 .bss.__lock___sinit_recursive_mutex
                0x20009b74        0x1 c:/progra~1/raspbe~1/picosd~1.1/gcc-ar~1/bin/../lib/gcc/arm-none-eabi/10.3.1/../../../../arm-none-eabi/lib/thumb/v6-m/nofp\libg.a(lib_a-lock.o)
                0x20009b74                __lock___sinit_recursive_mutex
 *fill*         0x20009b75        0x3 
 .bss.__malloc_current_mallinfo
                0x20009b78       0x28 c:/progra~1/raspbe~1/picosd~1.1/gcc-ar~1/bin/../lib/gcc/arm-none-eabi/10.3.1/../../../../arm-none-eabi/lib/thumb/v6-m/nofp\libg.a(lib_a-mallocr.o)
                0x20009b78                __malloc_current_mallinfo
 .bss.__malloc_top_pad
                0x20009ba0        0x4 c:/progra~1/raspbe~1/picosd~1.1/gcc-ar~1/bin/../lib/gcc/arm-none-eabi/10.3.1/../../../../arm-none-eabi/lib/thumb/v6-m/nofp\libg.a(lib_a-mallocr.o)
                0x20009ba0                __malloc_top_pad
 .bss._used_instruction_space