Archive member included to satisfy reference by file (symbol)

C:/Users/regue/.pico-sdk/toolchain/15_2_Rel1/bin/../lib/gcc/arm-none-eabi/15.2.1/thumb/v6-m/nofp\libgcc.a(_dvmd_tls.o)
                              CMakeFiles/okhi.dir/C_/Users/regue/.pico-sdk/sdk/2.3.0/src/rp2_common/pico_divider/divider_hardware.S.obj (__aeabi_idiv0)
C:/Users/regue/.pico-sdk/toolchain/15_2_Rel1/bin/../lib/gcc/arm-none-eabi/15.2.1/../../../../arm-none-eabi/lib/thumb/v6-m/nofp\libg.a(libc_a-calloc.o)
                              CMakeFiles/okhi.dir/C_/Users/regue/.pico-sdk/sdk/2.3.0/src/rp2_common/pico_malloc/malloc.c.obj (calloc)
C:/Users/regue/.pico-sdk/toolchain/15_2_Rel1/bin/../lib/gcc/arm-none-eabi/15.2.1/../../../../arm-none-eabi/lib/thumb/v6-m/nofp\libg.a(libc_a-callocr.o)
                              C:/Users/regue/.pico-sdk/toolchain/15_2_Rel1/bin/../lib/gcc/arm-none-eabi/15.2.1/../../../../arm-none-eabi/lib/thumb/v6-m/nofp\libg.a(libc_a-calloc.o) (_calloc_r)
C:/Users/regue/.pico-sdk/toolchain/15_2_Rel1/bin/../lib/gcc/arm-none-eabi/15.2.1/../../../../arm-none-eabi/lib/thumb/v6-m/nofp\libg.a(libc_a-malloc.o)
                              CMakeFiles/okhi.dir/C_/Users/regue/.pico-sdk/sdk/2.3.0/src/rp2_common/pico_malloc/malloc.c.obj (malloc)
C:/Users/regue/.pico-sdk/toolchain/15_2_Rel1/bin/../lib/gcc/arm-none-eabi/15.2.1/../../../../arm-none-eabi/lib/thumb/v6-m/nofp\libg.a(libc_a-mallocr.o)
                              C:/Users/regue/.pico-sdk/toolchain/15_2_Rel1/bin/../lib/gcc/arm-none-eabi/15.2.1/../../../../arm-none-eabi/lib/thumb/v6-m/nofp\libg.a(libc_a-callocr.o) (_malloc_r)
C:/Users/regue/.pico-sdk/toolchain/15_2_Rel1/bin/../lib/gcc/arm-none-eabi/15.2.1/../../../../arm-none-eabi/lib/thumb/v6-m/nofp\libg.a(libc_a-mlock.o)
                              C:/Users/regue/.pico-sdk/toolchain/15_2_Rel1/bin/../lib/gcc/arm-none-eabi/15.2.1/../../../../arm-none-eabi/lib/thumb/v6-m/nofp\libg.a(libc_a-mallocr.o) (__malloc_lock)
C:/Users/regue/.pico-sdk/toolchain/15_2_Rel1/bin/../lib/gcc/arm-none-eabi/15.2.1/../../../../arm-none-eabi/lib/thumb/v6-m/nofp\libg.a(libc_a-realloc.o)
                              CMakeFiles/okhi.dir/C_/Users/regue/.pico-sdk/sdk/2.3.0/src/rp2_common/pico_malloc/malloc.c.obj (realloc)
C:/Users/regue/.pico-sdk/toolchain/15_2_Rel1/bin/../lib/gcc/arm-none-eabi/15.2.1/../../../../arm-none-eabi/lib/thumb/v6-m/nofp\libg.a(libc_a-reallocr.o)
                              C:/Users/regue/.pico-sdk/toolchain/15_2_Rel1/bin/../lib/gcc/arm-none-eabi/15.2.1/../../../../arm-none-eabi/lib/thumb/v6-m/nofp\libg.a(libc_a-realloc.o) (_realloc_r)
C:/Users/regue/.pico-sdk/toolchain/15_2_Rel1/bin/../lib/gcc/arm-none-eabi/15.2.1/../../../../arm-none-eabi/lib/thumb/v6-m/nofp\libg.a(libc_a-fflush.o)
                              CMakeFiles/okhi.dir/okhi.c.obj (fflush)
C:/Users/regue/.pico-sdk/toolchain/15_2_Rel1/bin/../lib/gcc/arm-none-eabi/15.2.1/../../../../arm-none-eabi/lib/thumb/v6-m/nofp\libg.a(libc_a-findfp.o)
                              C:/Users/regue/.pico-sdk/toolchain/15_2_Rel1/bin/../lib/gcc/arm-none-eabi/15.2.1/../../../../arm-none-eabi/lib/thumb/v6-m/nofp\libg.a(libc_a-fflush.o) (__sglue)
C:/Users/regue/.pico-sdk/toolchain/15_2_Rel1/bin/../lib/gcc/arm-none-eabi/15.2.1/../../../../arm-none-eabi/lib/thumb/v6-m/nofp\libg.a(libc_a-fwalk.o)
                              C:/Users/regue/.pico-sdk/toolchain/15_2_Rel1/bin/../lib/gcc/arm-none-eabi/15.2.1/../../../../arm-none-eabi/lib/thumb/v6-m/nofp\libg.a(libc_a-fflush.o) (_fwalk_sglue)
C:/Users/regue/.pico-sdk/toolchain/15_2_Rel1/bin/../lib/gcc/arm-none-eabi/15.2.1/../../../../arm-none-eabi/lib/thumb/v6-m/nofp\libg.a(libc_a-stdio.o)
                              C:/Users/regue/.pico-sdk/toolchain/15_2_Rel1/bin/../lib/gcc/arm-none-eabi/15.2.1/../../../../arm-none-eabi/lib/thumb/v6-m/nofp\libg.a(libc_a-findfp.o) (__sread)
C:/Users/regue/.pico-sdk/toolchain/15_2_Rel1/bin/../lib/gcc/arm-none-eabi/15.2.1/../../../../arm-none-eabi/lib/thumb/v6-m/nofp\libg.a(libc_a-memcmp.o)
                              CMakeFiles/okhi.dir/okhi.c.obj (memcmp)
C:/Users/regue/.pico-sdk/toolchain/15_2_Rel1/bin/../lib/gcc/arm-none-eabi/15.2.1/../../../../arm-none-eabi/lib/thumb/v6-m/nofp\libg.a(libc_a-memmove.o)
                              C:/Users/regue/.pico-sdk/toolchain/15_2_Rel1/bin/../lib/gcc/arm-none-eabi/15.2.1/../../../../arm-none-eabi/lib/thumb/v6-m/nofp\libg.a(libc_a-reallocr.o) (memmove)
C:/Users/regue/.pico-sdk/toolchain/15_2_Rel1/bin/../lib/gcc/arm-none-eabi/15.2.1/../../../../arm-none-eabi/lib/thumb/v6-m/nofp\libg.a(libc_a-lcltime_r.o)
                              CMakeFiles/okhi.dir/C_/Users/regue/.pico-sdk/sdk/2.3.0/src/common/pico_util/datetime.c.obj (localtime_r)
C:/Users/regue/.pico-sdk/toolchain/15_2_Rel1/bin/../lib/gcc/arm-none-eabi/15.2.1/../../../../arm-none-eabi/lib/thumb/v6-m/nofp\libg.a(libc_a-mktime.o)
                              CMakeFiles/okhi.dir/C_/Users/regue/.pico-sdk/sdk/2.3.0/src/common/pico_util/datetime.c.obj (mktime)
[...]
Memory Configuration

Name             Origin             Length             Attributes
FLASH            0x10000000         0x00200000         xr
XIP_RAM          0x15000000         0x00004000         xrw
RAM              0x20000000         0x00040000         xrw
SCRATCH_X        0x20040000         0x00001000         xrw
SCRATCH_Y        0x20041000         0x00001000         xrw
*default*        0x00000000         0xffffffff

Linker script and memory map

                0x20000000                        RAM_ORIGIN_DEFAULT = 0x20000000
                0x00040000                        RAM_LENGTH_DEFAULT = 0x40000
                0x20040000                        SCRATCH_X_ORIGIN_DEFAULT = 0x20040000
                0x00001000                        SCRATCH_X_LENGTH_DEFAULT = 0x1000
                0x20041000                        SCRATCH_Y_ORIGIN_DEFAULT = 0x20041000
                0x00001000                        SCRATCH_Y_LENGTH_DEFAULT = 0x1000
                0x15000000                        XIP_RAM_ORIGIN_DEFAULT = 0x15000000
                0x00004000                        XIP_RAM_LENGTH_DEFAULT = 0x4000
LOAD CMakeFiles/okhi.dir/okhi.c.obj
LOAD CMakeFiles/okhi.dir/C_/Users/regue/.pico-sdk/sdk/2.3.0/src/rp2_common/pico_stdlib/stdlib.c.obj
LOAD CMakeFiles/okhi.dir/C_/Users/regue/.pico-sdk/sdk/2.3.0/src/rp2_common/hardware_gpio/gpio.c.obj
LOAD CMakeFiles/okhi.dir/C_/Users/regue/.pico-sdk/sdk/2.3.0/src/rp2040/pico_platform/platform.c.obj
LOAD CMakeFiles/okhi.dir/C_/Users/regue/.pico-sdk/sdk/2.3.0/src/rp2_common/pico_platform_common/common.c.obj
LOAD CMakeFiles/okhi.dir/C_/Users/regue/.pico-sdk/sdk/2.3.0/src/rp2_common/pico_platform_panic/panic.c.obj
LOAD CMakeFiles/okhi.dir/C_/Users/regue/.pico-sdk/sdk/2.3.0/src/rp2_common/pico_platform_panic/custom_panic_function.S.obj
LOAD CMakeFiles/okhi.dir/C_/Users/regue/.pico-sdk/sdk/2.3.0/src/common/hardware_claim/claim.c.obj
LOAD CMakeFiles/okhi.dir/C_/Users/regue/.pico-sdk/sdk/2.3.0/src/rp2_common/hardware_sync/sync.c.obj
LOAD CMakeFiles/okhi.dir/C_/Users/regue/.pico-sdk/sdk/2.3.0/src/rp2_common/hardware_sync_spin_lock/sync_spin_lock.c.obj
LOAD CMakeFiles/okhi.dir/C_/Users/regue/.pico-sdk/sdk/2.3.0/src/rp2_common/hardware_irq/irq.c.obj
LOAD CMakeFiles/okhi.dir/C_/Users/regue/.pico-sdk/sdk/2.3.0/src/rp2_common/hardware_irq/irq_handler_chain.S.obj
LOAD CMakeFiles/okhi.dir/C_/Users/regue/.pico-sdk/sdk/2.3.0/src/common/pico_sync/sem.c.obj
LOAD CMakeFiles/okhi.dir/C_/Users/regue/.pico-sdk/sdk/2.3.0/src/common/pico_sync/lock_core.c.obj
LOAD CMakeFiles/okhi.dir/C_/Users/regue/.pico-sdk/sdk/2.3.0/src/common/pico_sync/mutex.c.obj
LOAD CMakeFiles/okhi.dir/C_/Users/regue/.pico-sdk/sdk/2.3.0/src/common/pico_sync/critical_section.c.obj
LOAD CMakeFiles/okhi.dir/C_/Users/regue/.pico-sdk/sdk/2.3.0/src/common/pico_time/time.c.obj
LOAD CMakeFiles/okhi.dir/C_/Users/regue/.pico-sdk/sdk/2.3.0/src/common/pico_time/timeout_helper.c.obj
LOAD CMakeFiles/okhi.dir/C_/Users/regue/.pico-sdk/sdk/2.3.0/src/rp2_common/hardware_timer/timer.c.obj
LOAD CMakeFiles/okhi.dir/C_/Users/regue/.pico-sdk/sdk/2.3.0/src/common/pico_util/datetime.c.obj
LOAD CMakeFiles/okhi.dir/C_/Users/regue/.pico-sdk/sdk/2.3.0/src/common/pico_util/fixed_bitset.c.obj
LOAD CMakeFiles/okhi.dir/C_/Users/regue/.pico-sdk/sdk/2.3.0/src/common/pico_util/pheap.c.obj
LOAD CMakeFiles/okhi.dir/C_/Users/regue/.pico-sdk/sdk/2.3.0/src/common/pico_util/queue.c.obj
LOAD CMakeFiles/okhi.dir/C_/Users/regue/.pico-sdk/sdk/2.3.0/src/rp2_common/hardware_uart/uart.c.obj
LOAD CMakeFiles/okhi.dir/C_/Users/regue/.pico-sdk/sdk/2.3.0/src/rp2_common/hardware_clocks/clocks.c.obj
LOAD CMakeFiles/okhi.dir/C_/Users/regue/.pico-sdk/sdk/2.3.0/src/rp2_common/hardware_pll/pll.c.obj
LOAD CMakeFiles/okhi.dir/C_/Users/regue/.pico-sdk/sdk/2.3.0/src/rp2_common/hardware_vreg/vreg.c.obj
LOAD CMakeFiles/okhi.dir/C_/Users/regue/.pico-sdk/sdk/2.3.0/src/rp2_common/hardware_watchdog/watchdog.c.obj
LOAD CMakeFiles/okhi.dir/C_/Users/regue/.pico-sdk/sdk/2.3.0/src/rp2_common/hardware_ticks/ticks.c.obj
LOAD CMakeFiles/okhi.dir/C_/Users/regue/.pico-sdk/sdk/2.3.0/src/rp2_common/pico_bootrom/bootrom.c.obj
LOAD CMakeFiles/okhi.dir/C_/Users/regue/.pico-sdk/sdk/2.3.0/src/rp2_common/pico_bootrom/bootrom_lock.c.obj
LOAD CMakeFiles/okhi.dir/C_/Users/regue/.pico-sdk/sdk/2.3.0/src/rp2_common/hardware_boot_lock/boot_lock.c.obj
LOAD CMakeFiles/okhi.dir/C_/Users/regue/.pico-sdk/sdk/2.3.0/src/rp2_common/pico_flash/flash.c.obj
LOAD CMakeFiles/okhi.dir/C_/Users/regue/.pico-sdk/sdk/2.3.0/src/rp2_common/hardware_xosc/xosc.c.obj
LOAD CMakeFiles/okhi.dir/C_/Users/regue/.pico-sdk/sdk/2.3.0/src/rp2_common/hardware_divider/divider.S.obj
LOAD CMakeFiles/okhi.dir/C_/Users/regue/.pico-sdk/sdk/2.3.0/src/rp2_common/pico_runtime/runtime.c.obj
LOAD CMakeFiles/okhi.dir/C_/Users/regue/.pico-sdk/sdk/2.3.0/src/rp2_common/pico_runtime_init/runtime_init.c.obj
LOAD CMakeFiles/okhi.dir/C_/Users/regue/.pico-sdk/sdk/2.3.0/src/rp2_common/pico_runtime_init/runtime_init_clocks.c.obj
LOAD CMakeFiles/okhi.dir/C_/Users/regue/.pico-sdk/sdk/2.3.0/src/rp2_common/pico_runtime_init/runtime_init_stack_guard.c.obj
LOAD CMakeFiles/okhi.dir/C_/Users/regue/.pico-sdk/sdk/2.3.0/src/rp2_common/hardware_rtc/rtc.c.obj
LOAD CMakeFiles/okhi.dir/C_/Users/regue/.pico-sdk/sdk/2.3.0/src/rp2_common/pico_bit_ops/bit_ops_aeabi.S.obj
LOAD CMakeFiles/okhi.dir/C_/Users/regue/.pico-sdk/sdk/2.3.0/src/rp2_common/pico_divider/divider_hardware.S.obj
LOAD CMakeFiles/okhi.dir/C_/Users/regue/.pico-sdk/sdk/2.3.0/src/rp2_common/pico_double/double_aeabi_rp2040.S.obj
LOAD CMakeFiles/okhi.dir/C_/Users/regue/.pico-sdk/sdk/2.3.0/src/rp2_common/pico_double/double_init_rom_rp2040.c.obj
LOAD CMakeFiles/okhi.dir/C_/Users/regue/.pico-sdk/sdk/2.3.0/src/rp2_common/pico_double/double_math.c.obj
LOAD CMakeFiles/okhi.dir/C_/Users/regue/.pico-sdk/sdk/2.3.0/src/rp2_common/pico_double/double_v1_rom_shim_rp2040.S.obj
LOAD CMakeFiles/okhi.dir/C_/Users/regue/.pico-sdk/sdk/2.3.0/src/rp2_common/pico_int64_ops/pico_int64_ops_aeabi.S.obj
LOAD CMakeFiles/okhi.dir/C_/Users/regue/.pico-sdk/sdk/2.3.0/src/rp2_common/pico_float/float_aeabi_rp2040.S.obj
LOAD CMakeFiles/okhi.dir/C_/Users/regue/.pico-sdk/sdk/2.3.0/src/rp2_common/pico_float/float_init_rom_rp2040.c.obj
LOAD CMakeFiles/okhi.dir/C_/Users/regue/.pico-sdk/sdk/2.3.0/src/rp2_common/pico_float/float_math.c.obj
LOAD CMakeFiles/okhi.dir/C_/Users/regue/.pico-sdk/sdk/2.3.0/src/rp2_common/pico_float/float_v1_rom_shim_rp2040.S.obj
LOAD CMakeFiles/okhi.dir/C_/Users/regue/.pico-sdk/sdk/2.3.0/src/rp2_common/pico_malloc/malloc.c.obj
LOAD CMakeFiles/okhi.dir/C_/Users/regue/.pico-sdk/sdk/2.3.0/src/rp2_common/pico_mem_ops/mem_ops_aeabi.S.obj
LOAD CMakeFiles/okhi.dir/C_/Users/regue/.pico-sdk/sdk/2.3.0/src/rp2_common/pico_atomic/atomic.c.obj
LOAD CMakeFiles/okhi.dir/C_/Users/regue/.pico-sdk/sdk/2.3.0/src/rp2_common/pico_cxx_options/new_delete.cpp.obj
LOAD CMakeFiles/okhi.dir/C_/Users/regue/.pico-sdk/sdk/2.3.0/src/rp2_common/pico_standard_binary_info/standard_binary_info.c.obj
LOAD CMakeFiles/okhi.dir/C_/Users/regue/.pico-sdk/sdk/2.3.0/src/rp2_common/pico_printf/printf.c.obj
LOAD CMakeFiles/okhi.dir/C_/Users/regue/.pico-sdk/sdk/2.3.0/src/rp2_common/pico_crt0/crt0.S.obj
LOAD CMakeFiles/okhi.dir/C_/Users/regue/.pico-sdk/sdk/2.3.0/src/rp2_common/pico_clib_interface/newlib_interface.c.obj
LOAD CMakeFiles/okhi.dir/C_/Users/regue/.pico-sdk/sdk/2.3.0/src/rp2_common/pico_clib_interface/cxa_guard.c.obj
LOAD CMakeFiles/okhi.dir/C_/Users/regue/.pico-sdk/sdk/2.3.0/src/rp2_common/pico_stdio/stdio.c.obj
LOAD CMakeFiles/okhi.dir/C_/Users/regue/.pico-sdk/sdk/2.3.0/src/rp2_common/pico_stdio_uart/stdio_uart.c.obj
LOAD CMakeFiles/okhi.dir/C_/Users/regue/.pico-sdk/sdk/2.3.0/src/rp2_common/pico_thread_local/thread_local.c.obj
LOAD CMakeFiles/okhi.dir/C_/Users/regue/.pico-sdk/sdk/2.3.0/src/rp2_common/pico_multicore/multicore.c.obj
LOAD CMakeFiles/okhi.dir/C_/Users/regue/.pico-sdk/sdk/2.3.0/src/rp2_common/hardware_pio/pio.c.obj
LOAD CMakeFiles/okhi.dir/C_/Users/regue/.pico-sdk/sdk/2.3.0/src/rp2_common/hardware_spi/spi.c.obj
LOAD CMakeFiles/okhi.dir/C_/Users/regue/.pico-sdk/sdk/2.3.0/src/rp2_common/hardware_flash/flash.c.obj
LOAD CMakeFiles/okhi.dir/C_/Users/regue/.pico-sdk/sdk/2.3.0/src/rp2_common/hardware_xip_cache/xip_cache.c.obj
LOAD CMakeFiles/okhi.dir/C_/Users/regue/.pico-sdk/sdk/2.3.0/src/rp2_common/hardware_adc/adc.c.obj
LOAD pico-sdk/src/rp2040/boot_stage2/CMakeFiles/bs2_default_library.dir/./bs2_default_padded_checksummed.S.obj
LOAD C:/Users/regue/.pico-sdk/toolchain/15_2_Rel1/bin/../lib/gcc/arm-none-eabi/15.2.1/../../../../arm-none-eabi/lib/thumb/v6-m/nofp\libstdc++.a
LOAD C:/Users/regue/.pico-sdk/toolchain/15_2_Rel1/bin/../lib/gcc/arm-none-eabi/15.2.1/../../../../arm-none-eabi/lib/thumb/v6-m/nofp\libm.a
START GROUP
LOAD C:/Users/regue/.pico-sdk/toolchain/15_2_Rel1/bin/../lib/gcc/arm-none-eabi/15.2.1/thumb/v6-m/nofp\libgcc.a
LOAD C:/Users/regue/.pico-sdk/toolchain/15_2_Rel1/bin/../lib/gcc/arm-none-eabi/15.2.1/../../../../arm-none-eabi/lib/thumb/v6-m/nofp\libg.a
LOAD C:/Users/regue/.pico-sdk/toolchain/15_2_Rel1/bin/../lib/gcc/arm-none-eabi/15.2.1/../../../../arm-none-eabi/lib/thumb/v6-m/nofp\libc.a
END GROUP
                0x20000000                        PROVIDE (RAM_ORIGIN = RAM_ORIGIN_DEFAULT)
                0x00040000                        PROVIDE (RAM_LENGTH = RAM_LENGTH_DEFAULT)
                0x20040000                        PROVIDE (SCRATCH_X_ORIGIN = SCRATCH_X_ORIGIN_DEFAULT)
                0x00001000                        PROVIDE (SCRATCH_X_LENGTH = SCRATCH_X_LENGTH_DEFAULT)
                0x20041000                        PROVIDE (SCRATCH_Y_ORIGIN = SCRATCH_Y_ORIGIN_DEFAULT)
                0x00001000                        PROVIDE (SCRATCH_Y_LENGTH = SCRATCH_Y_LENGTH_DEFAULT)
                0x15000000                        PROVIDE (XIP_RAM_ORIGIN = XIP_RAM_ORIGIN_DEFAULT)
                0x00004000                        PROVIDE (XIP_RAM_LENGTH = XIP_RAM_LENGTH_DEFAULT)
                0x20000000                        RAM_ORIGIN = DEFINED (RAM_ORIGIN)?RAM_ORIGIN:RAM_ORIGIN_DEFAULT
                0x00040000                        RAM_LENGTH = DEFINED (RAM_LENGTH)?RAM_LENGTH:RAM_LENGTH_DEFAULT
                0x20040000                        SCRATCH_X_ORIGIN = DEFINED (SCRATCH_X_ORIGIN)?SCRATCH_X_ORIGIN:SCRATCH_X_ORIGIN_DEFAULT
                0x00001000                        SCRATCH_X_LENGTH = DEFINED (SCRATCH_X_LENGTH)?SCRATCH_X_LENGTH:SCRATCH_X_LENGTH_DEFAULT
                0x20041000                        SCRATCH_Y_ORIGIN = DEFINED (SCRATCH_Y_ORIGIN)?SCRATCH_Y_ORIGIN:SCRATCH_Y_ORIGIN_DEFAULT
                0x00001000                        SCRATCH_Y_LENGTH = DEFINED (SCRATCH_Y_LENGTH)?SCRATCH_Y_LENGTH:SCRATCH_Y_LENGTH_DEFAULT
                0x15000000                        XIP_RAM_ORIGIN = DEFINED (XIP_RAM_ORIGIN)?XIP_RAM_ORIGIN:XIP_RAM_ORIGIN_DEFAULT
                0x00004000                        XIP_RAM_LENGTH = DEFINED (XIP_RAM_LENGTH)?XIP_RAM_LENGTH:XIP_RAM_LENGTH_DEFAULT

.flash_begin    0x10000000        0x0
                0x10000000                        __flash_binary_start = .

.boot2          0x10000000      0x100
                0x10000000                        __boot2_start__ = .
 *(.boot2)
 .boot2         0x10000000      0x100 pico-sdk/src/rp2040/boot_stage2/CMakeFiles/bs2_default_library.dir/./bs2_default_padded_checksummed.S.obj
                0x10000100                        __boot2_end__ = .
                0x00000001                        ASSERT (((__boot2_end__ - __boot2_start__) == 0x100), ERROR: Pico second stage bootloader must be exactly 256 bytes in size for RP2040)

.flashtext      0x10000100      0x18c
                0x10000100                        __logical_binary_start = .
 *(.vectors)
 .vectors       0x10000100       0xd4 CMakeFiles/okhi.dir/C_/Users/regue/.pico-sdk/sdk/2.3.0/src/rp2_common/pico_crt0/crt0.S.obj
                0x10000100                __VECTOR_TABLE
                0x10000100                __vectors
                0x100001c0                isr_irq13
                0x100001c0                isr_irq27
                0x100001c0                isr_irq31
                0x100001c0                isr_irq12
                0x100001c0                isr_irq5
                0x100001c0                isr_irq11
                0x100001c0                isr_irq3
                0x100001c0                __unhandled_user_irq
                0x100001c0                isr_irq18
                0x100001c0                isr_irq28
                0x100001c0                isr_irq19
                0x100001c0                isr_irq0
                0x100001c0                isr_irq6
                0x100001c0                isr_irq26
                0x100001c0                isr_irq29
                0x100001c0                isr_irq22
                0x100001c0                isr_irq23
                0x100001c0                isr_irq17
                0x100001c0                isr_irq14
                0x100001c0                __vectors_end
                0x100001c0                __default_isrs_start
                0x100001c0                isr_irq2
                0x100001c0                isr_irq10
                0x100001c0                isr_irq8
                0x100001c0                isr_irq24
                0x100001c0                isr_irq1
                0x100001c0                isr_irq7
                0x100001c0                isr_irq21
                0x100001c0                isr_irq20
                0x100001c0                isr_irq15
                0x100001c0                isr_irq25
                0x100001c0                isr_irq16
                0x100001c0                isr_irq30
                0x100001c0                isr_irq4
                0x100001c0                isr_irq9
                0x100001c6                unhandled_user_irq_num_in_r0
                0x100001c8                isr_invalid
                0x100001ca                isr_nmi
                0x100001ce                isr_svcall
                0x100001d0                isr_pendsv
                0x100001d2                isr_systick
                0x100001d4                __default_isrs_end
 *(.binary_info_header)
 .binary_info_header
                0x100001d4       0x14 CMakeFiles/okhi.dir/C_/Users/regue/.pico-sdk/sdk/2.3.0/src/rp2_common/pico_crt0/crt0.S.obj
                0x100001e8                        __binary_info_header_end = .
 *(.embedded_block)
                0x100001e8                        __embedded_block_end = .
 *(.reset)
 .reset         0x100001e8       0xa4 CMakeFiles/okhi.dir/C_/Users/regue/.pico-sdk/sdk/2.3.0/src/rp2_common/pico_crt0/crt0.S.obj
                0x100001e8                _entry_point
                0x1000028c                        . = ALIGN (0x4)

.rodata         0x1000028c        0x0
 *(SORT_BY_ALIGNMENT(SORT_BY_NAME(.flashdata*)))
                0x1000028c                        . = ALIGN (0x4)

.ARM.extab
 *(.ARM.extab* .gnu.linkonce.armextab.*)
                0x1000028c                        __exidx_start = .

.ARM.exidx
 *(.ARM.exidx* .gnu.linkonce.armexidx.*)
                0x1000028c                        __exidx_end = .
                0x1000028c                        . = ALIGN (0x4)
                0x1000028c                        __binary_info_start = .

.binary_info    0x1000028c       0x30
 *(.binary_info.keep.*)
 .binary_info.keep.__bi_ptr94
                0x1000028c        0x4 CMakeFiles/okhi.dir/C_/Users/regue/.pico-sdk/sdk/2.3.0/src/rp2_common/pico_standard_binary_info/standard_binary_info.c.obj
 .binary_info.keep.__bi_ptr84
                0x10000290        0x4 CMakeFiles/okhi.dir/C_/Users/regue/.pico-sdk/sdk/2.3.0/src/rp2_common/pico_standard_binary_info/standard_binary_info.c.obj
 .binary_info.keep.__bi_ptr78
                0x10000294        0x4 CMakeFiles/okhi.dir/C_/Users/regue/.pico-sdk/sdk/2.3.0/src/rp2_common/pico_standard_binary_info/standard_binary_info.c.obj
 .binary_info.keep.__bi_ptr72
                0x10000298        0x4 CMakeFiles/okhi.dir/C_/Users/regue/.pico-sdk/sdk/2.3.0/src/rp2_common/pico_standard_binary_info/standard_binary_info.c.obj
 .binary_info.keep.__bi_ptr54
                0x1000029c        0x4 CMakeFiles/okhi.dir/C_/Users/regue/.pico-sdk/sdk/2.3.0/src/rp2_common/pico_standard_binary_info/standard_binary_info.c.obj
 .binary_info.keep.__bi_ptr48
                0x100002a0        0x4 CMakeFiles/okhi.dir/C_/Users/regue/.pico-sdk/sdk/2.3.0/src/rp2_common/pico_standard_binary_info/standard_binary_info.c.obj
 .binary_info.keep.__bi_ptr42
                0x100002a4        0x4 CMakeFiles/okhi.dir/C_/Users/regue/.pico-sdk/sdk/2.3.0/src/rp2_common/pico_standard_binary_info/standard_binary_info.c.obj
 .binary_info.keep.__bi_ptr34
                0x100002a8        0x4 CMakeFiles/okhi.dir/C_/Users/regue/.pico-sdk/sdk/2.3.0/src/rp2_common/pico_standard_binary_info/standard_binary_info.c.obj
 .binary_info.keep.__bi_ptr26
                0x100002ac        0x4 CMakeFiles/okhi.dir/C_/Users/regue/.pico-sdk/sdk/2.3.0/src/rp2_common/pico_standard_binary_info/standard_binary_info.c.obj
 *(.binary_info.*)
 .binary_info.__bi_ptr50
                0x100002b0        0x4 CMakeFiles/okhi.dir/C_/Users/regue/.pico-sdk/sdk/2.3.0/src/rp2_common/pico_stdio_uart/stdio_uart.c.obj
 .binary_info.__bi_ptr49
                0x100002b4        0x4 CMakeFiles/okhi.dir/C_/Users/regue/.pico-sdk/sdk/2.3.0/src/rp2_common/pico_stdio_uart/stdio_uart.c.obj
 .binary_info.__bi_ptr45
                0x100002b8        0x4 CMakeFiles/okhi.dir/C_/Users/regue/.pico-sdk/sdk/2.3.0/src/rp2_common/pico_stdio_uart/stdio_uart.c.obj
                0x100002bc                        __binary_info_end = .
                0x100002bc                        . = ALIGN (0x4)

.ram_vector_table
                0x20000000       0xc0
 *(.ram_vector_table)
 .ram_vector_table
                0x20000000       0xc0 CMakeFiles/okhi.dir/C_/Users/regue/.pico-sdk/sdk/2.3.0/src/rp2_common/pico_runtime_init/runtime_init.c.obj
                0x20000000                ram_vector_table

.uninitialized_data
                0x200000c0       0x34
                0x200000c0                        . = ALIGN (0x4)
 *(.uninitialized_data*)
 .uninitialized_data
                0x200000c0       0x34 CMakeFiles/okhi.dir/okhi.c.obj
                0x200000f0                wait_20

.text           0x200000f4     0xa9f8 load address 0x100002bc
                0x200000f4                        __ram_text_start__ = .
 *(.init)
 *(.text*)
 .text.sm_config_set_clkdiv
                0x200000f4       0x44 CMakeFiles/okhi.dir/okhi.c.obj
 .text.pio_get_default_sm_config
                0x20000138       0x28 CMakeFiles/okhi.dir/okhi.c.obj
 .text.uart_set_irqs_enabled
                0x20000160       0x4c CMakeFiles/okhi.dir/okhi.c.obj
 .text.uart_getc
                0x200001ac       0x24 CMakeFiles/okhi.dir/okhi.c.obj
 .text.tar_lowsp_pio0_program_get_default_config
                0x200001d0       0x28 CMakeFiles/okhi.dir/okhi.c.obj
 .text.tar_pio1_program_get_default_config
                0x200001f8       0x28 CMakeFiles/okhi.dir/okhi.c.obj
 .text.spi_bench_fill_pattern
                0x20000220       0x50 CMakeFiles/okhi.dir/okhi.c.obj
 .text.rp_fault_putc
                0x20000270       0x1c CMakeFiles/okhi.dir/okhi.c.obj
 .text.rp_fault_puts
                0x2000028c       0x14 CMakeFiles/okhi.dir/okhi.c.obj
 .text.rp_fault_hex
                0x200002a0       0x30 CMakeFiles/okhi.dir/okhi.c.obj
 .text.rp_fault_line
                0x200002d0       0x1c CMakeFiles/okhi.dir/okhi.c.obj
 .text.get_start_free_flash_space_addr
                0x200002ec        0xc CMakeFiles/okhi.dir/okhi.c.obj
 .text.get_flash_end_address
                0x200002f8        0x6 CMakeFiles/okhi.dir/okhi.c.obj
 .text.get_free_flash_space
                0x200002fe       0x10 CMakeFiles/okhi.dir/okhi.c.obj
 *fill*         0x2000030e        0x2 
 .text.bootsel_pressed_safely
                0x20000310       0x64 CMakeFiles/okhi.dir/okhi.c.obj
 .text.crc32_update
                0x20000374       0x38 CMakeFiles/okhi.dir/okhi.c.obj
 .text.crc32_buffer
                0x200003ac       0x12 CMakeFiles/okhi.dir/okhi.c.obj
 .text.crc32_flash_region
                0x200003be       0x10 CMakeFiles/okhi.dir/okhi.c.obj
 *fill*         0x200003ce        0x2 
 .text.ota_app_size
                0x200003d0       0x14 CMakeFiles/okhi.dir/okhi.c.obj
 .text.ota_meta_valid
                0x200003e4       0x28 CMakeFiles/okhi.dir/okhi.c.obj
 .text.spi_get_u32
                0x2000040c       0x18 CMakeFiles/okhi.dir/okhi.c.obj
 .text.spi_put_u32
                0x20000424       0x10 CMakeFiles/okhi.dir/okhi.c.obj
 .text.spi_frame_is_silent
                0x20000434       0x1c CMakeFiles/okhi.dir/okhi.c.obj
 .text.bench_uart_drain
                0x20000450       0x1c CMakeFiles/okhi.dir/okhi.c.obj
 .text.bench_peri_auxsrc
                0x2000046c       0x10 CMakeFiles/okhi.dir/okhi.c.obj
 .text.bench_save_usb_pll
                0x2000047c       0x44 CMakeFiles/okhi.dir/okhi.c.obj
 .text.bench_frame_is_ours
                0x200004c0       0x20 CMakeFiles/okhi.dir/okhi.c.obj
 .text.uart_bench_build
                0x200004e0       0x48 CMakeFiles/okhi.dir/okhi.c.obj
 .text.uart_rp_clean
                0x20000528       0x90 CMakeFiles/okhi.dir/okhi.c.obj
 .text.bench_rp_clean
                0x200005b8       0x52 CMakeFiles/okhi.dir/okhi.c.obj
 .text.bench_stat_add
                0x2000060a       0x92 CMakeFiles/okhi.dir/okhi.c.obj
 .text.bench_esp_gone
                0x2000069c       0x18 CMakeFiles/okhi.dir/okhi.c.obj
 .text.capture_limit_value
                0x200006b4        0x8 CMakeFiles/okhi.dir/okhi.c.obj
 .text.crc16_usb
                0x200006bc       0x30 CMakeFiles/okhi.dir/okhi.c.obj
 .text.crc5_usb
                0x200006ec       0x20 CMakeFiles/okhi.dir/okhi.c.obj
 .text.handle_folding
                0x2000070c       0x90 CMakeFiles/okhi.dir/okhi.c.obj
 .text.process_packet
                0x2000079c      0x1f8 CMakeFiles/okhi.dir/okhi.c.obj
 .text.start_time
                0x20000994       0x30 CMakeFiles/okhi.dir/okhi.c.obj
 .text.esp_link_master_init
                0x200009c4       0x16 CMakeFiles/okhi.dir/okhi.c.obj
 *fill*         0x200009da        0x2 
 .text.gpio_callback
                0x200009dc       0x54 CMakeFiles/okhi.dir/okhi.c.obj
                0x200009dc                gpio_callback
 .text.pio1_irq
                0x20000a30       0x48 CMakeFiles/okhi.dir/okhi.c.obj
                0x20000a30                pio1_irq
 .text.pio0_irq
                0x20000a78       0x44 CMakeFiles/okhi.dir/okhi.c.obj
                0x20000a78                pio0_irq
 .text.process_buffer
                0x20000abc      0x15c CMakeFiles/okhi.dir/okhi.c.obj
 .text.esp_link_uart_init
                0x20000c18       0x80 CMakeFiles/okhi.dir/okhi.c.obj
 .text.init_esp_seq
                0x20000c98       0x44 CMakeFiles/okhi.dir/okhi.c.obj
 .text.st_pin_release
                0x20000cdc       0x1e CMakeFiles/okhi.dir/okhi.c.obj
 *fill*         0x20000cfa        0x2 
 .text.print_g_fold_count
                0x20000cfc       0x40 CMakeFiles/okhi.dir/okhi.c.obj
 .text.bench_log_step
                0x20000d3c       0xa4 CMakeFiles/okhi.dir/okhi.c.obj
 .text.report_last_fault
                0x20000de0       0x6c CMakeFiles/okhi.dir/okhi.c.obj
 .text.report_flash_layout
                0x20000e4c       0x24 CMakeFiles/okhi.dir/okhi.c.obj
 .text.my_spi_write_blocking
                0x20000e70       0xfc CMakeFiles/okhi.dir/okhi.c.obj
 .text.my_spi_to_esp_write_blocking
                0x20000f6c       0x26 CMakeFiles/okhi.dir/okhi.c.obj
 *fill*         0x20000f92        0x2 
 .text.print_packet
                0x20000f94      0x210 CMakeFiles/okhi.dir/okhi.c.obj
 .text.display_buffer
                0x200011a4      0x178 CMakeFiles/okhi.dir/okhi.c.obj
 .text.wait_esp_ready
                0x2000131c       0x34 CMakeFiles/okhi.dir/okhi.c.obj
 .text.uart_resolve_rate
                0x20001350       0x34 CMakeFiles/okhi.dir/okhi.c.obj
 .text.reinit_dbuff
                0x20001384       0x20 CMakeFiles/okhi.dir/okhi.c.obj
 .text.spi_build_control
                0x200013a4       0x6c CMakeFiles/okhi.dir/okhi.c.obj
 .text.bench_build_pattern_frame
                0x20001410       0x24 CMakeFiles/okhi.dir/okhi.c.obj
 .text.ota_meta_read
                0x20001434       0x10 CMakeFiles/okhi.dir/okhi.c.obj
 .text.report_ota_state
                0x20001444       0x8c CMakeFiles/okhi.dir/okhi.c.obj
 .text.bench_build_variants
                0x200014d0       0x7c CMakeFiles/okhi.dir/okhi.c.obj
 .text.bench_next_tx_frame
                0x2000154c       0x58 CMakeFiles/okhi.dir/okhi.c.obj
 .text.my_spi_write_read_blocking
                0x200015a4      0x104 CMakeFiles/okhi.dir/okhi.c.obj
 .text.my_spi_to_esp_xfer_blocking
                0x200016a8       0x42 CMakeFiles/okhi.dir/okhi.c.obj
 *fill*         0x200016ea        0x2 
 .text.spi_find_frame
                0x200016ec       0x34 CMakeFiles/okhi.dir/okhi.c.obj
 .text.poll_esp
                0x20001720      0x298 CMakeFiles/okhi.dir/okhi.c.obj
 .text.uart_read_stats
                0x200019b8       0x4c CMakeFiles/okhi.dir/okhi.c.obj
 .text.ota_fetch_block
                0x20001a04       0x94 CMakeFiles/okhi.dir/okhi.c.obj
 .text.uart_bench_feed
                0x20001a98      0x100 CMakeFiles/okhi.dir/okhi.c.obj
 .text.st_refresh_peer
                0x20001b98       0x64 CMakeFiles/okhi.dir/okhi.c.obj
 .text.st_send  0x20001bfc      0x140 CMakeFiles/okhi.dir/okhi.c.obj
 .text.uart_setup_peer
                0x20001d3c       0xe4 CMakeFiles/okhi.dir/okhi.c.obj
 .text.bench_warmup
                0x20001e20       0x58 CMakeFiles/okhi.dir/okhi.c.obj
 .text.capture_note_idle
                0x20001e78       0x6c CMakeFiles/okhi.dir/okhi.c.obj
 .text.capture_note_traffic
                0x20001ee4       0x2c CMakeFiles/okhi.dir/okhi.c.obj
 .text.st_blink_led
                0x20001f10       0x4e CMakeFiles/okhi.dir/okhi.c.obj
 .text.blink_led
                0x20001f5e       0x50 CMakeFiles/okhi.dir/okhi.c.obj
 *fill*         0x20001fae        0x2 
 .text.st_run_eboot
                0x20001fb0       0xd8 CMakeFiles/okhi.dir/okhi.c.obj
 .text.st_run_elog
                0x20002088       0x58 CMakeFiles/okhi.dir/okhi.c.obj
 .text.bench_resolve_rate
                0x200020e0      0x154 CMakeFiles/okhi.dir/okhi.c.obj
 .text.bench_send_result
                0x20002234      0x200 CMakeFiles/okhi.dir/okhi.c.obj
 .text.read_flash_jedec_id
                0x20002434       0x48 CMakeFiles/okhi.dir/okhi.c.obj
 .text.get_detected_flash_size
                0x2000247c       0x34 CMakeFiles/okhi.dir/okhi.c.obj
 .text.ota_map_fits_flash
                0x200024b0       0x14 CMakeFiles/okhi.dir/okhi.c.obj
 .text.report_flash_size
                0x200024c4       0x88 CMakeFiles/okhi.dir/okhi.c.obj
 .text.ota_flash_sector
                0x2000254c       0x48 CMakeFiles/okhi.dir/okhi.c.obj
 .text.st_run_flash
                0x20002594      0x160 CMakeFiles/okhi.dir/okhi.c.obj
 .text.ota_meta_write
                0x200026f4       0x60 CMakeFiles/okhi.dir/okhi.c.obj
 .text.ota_mark_healthy
                0x20002754       0x38 CMakeFiles/okhi.dir/okhi.c.obj
 .text.ota_receive_rp_image_if_offered
                0x2000278c      0x1ec CMakeFiles/okhi.dir/okhi.c.obj
 .text.ota_copy_region
                0x20002978       0x98 CMakeFiles/okhi.dir/okhi.c.obj
 .text.ota_commit_staged_image
                0x20002a10      0x140 CMakeFiles/okhi.dir/okhi.c.obj
 .text.ota_boot_check
                0x20002b50      0x15c CMakeFiles/okhi.dir/okhi.c.obj
 .text.st_report_clock
                0x20002cac       0x6c CMakeFiles/okhi.dir/okhi.c.obj
 .text.st_run_analog
                0x20002d18      0x118 CMakeFiles/okhi.dir/okhi.c.obj
 .text.st_run_gpio
                0x20002e30      0x2e4 CMakeFiles/okhi.dir/okhi.c.obj
 .text.st_run_chip_pu
                0x20003114       0xcc CMakeFiles/okhi.dir/okhi.c.obj
 .text.st_run_switch
                0x200031e0      0x1a8 CMakeFiles/okhi.dir/okhi.c.obj
 .text.ota_run_selftest
                0x20003388      0x338 CMakeFiles/okhi.dir/okhi.c.obj
 .text.uart_run_step
                0x200036c0      0x270 CMakeFiles/okhi.dir/okhi.c.obj
 .text.bench_uart_reclock
                0x20003930       0x24 CMakeFiles/okhi.dir/okhi.c.obj
 .text.bench_peri_to_sys
                0x20003954       0x20 CMakeFiles/okhi.dir/okhi.c.obj
 .text.bench_go_safe
                0x20003974       0x18 CMakeFiles/okhi.dir/okhi.c.obj
 .text.bench_apply_rate
                0x2000398c       0x48 CMakeFiles/okhi.dir/okhi.c.obj
 .text.bench_run_step
                0x200039d4      0x244 CMakeFiles/okhi.dir/okhi.c.obj
 .text.bench_measure
                0x20003c18       0xbc CMakeFiles/okhi.dir/okhi.c.obj
 .text.bench_run_soak
                0x20003cd4      0x1a4 CMakeFiles/okhi.dir/okhi.c.obj
 .text.bench_restore_usb_pll
                0x20003e78       0x60 CMakeFiles/okhi.dir/okhi.c.obj
 .text.set_sys_clock_khz
                0x20003ed8       0x3c CMakeFiles/okhi.dir/okhi.c.obj
 .text.ota_run_bench
                0x20003f14      0x700 CMakeFiles/okhi.dir/okhi.c.obj
 .text.poll_esp_if_due
                0x20004614      0x3d4 CMakeFiles/okhi.dir/okhi.c.obj
 .text.report_packets_sent
                0x200049e8       0xe0 CMakeFiles/okhi.dir/okhi.c.obj
 .text.core1_main
                0x20004ac8       0x48 CMakeFiles/okhi.dir/okhi.c.obj
                0x20004ac8                core1_main
 .text.boot_press
                0x20004b10       0x2c CMakeFiles/okhi.dir/okhi.c.obj
 .text.delay_boot_if_esp_reset_detected
                0x20004b3c       0x38 CMakeFiles/okhi.dir/okhi.c.obj
 .text.get_pin_state
                0x20004b74       0x6c CMakeFiles/okhi.dir/okhi.c.obj
 .text.detect_hw_version
                0x20004be0       0x80 CMakeFiles/okhi.dir/okhi.c.obj
 .text.init_ver
                0x20004c60      0x11c CMakeFiles/okhi.dir/okhi.c.obj
 .text.rp_board_boot_init
                0x20004d7c       0x5a CMakeFiles/okhi.dir/okhi.c.obj
 *fill*         0x20004dd6        0x2 
 .text.rp_spi_master_init
                0x20004dd8       0x7c CMakeFiles/okhi.dir/okhi.c.obj
 .text.free_all_pio_state_machines
                0x20004e54       0x26 CMakeFiles/okhi.dir/okhi.c.obj
 *fill*         0x20004e7a        0x2 
 .text.pio_destroy
                0x20004e7c       0x28 CMakeFiles/okhi.dir/okhi.c.obj
 .text.adc_gpio_init
                0x20004ea4       0x1e CMakeFiles/okhi.dir/okhi.c.obj
 *fill*         0x20004ec2        0x2 
 .text.init_seq
                0x20004ec4       0xf8 CMakeFiles/okhi.dir/okhi.c.obj
 .text.okhi_fault_report
                0x20004fbc       0xa0 CMakeFiles/okhi.dir/okhi.c.obj
                0x20004fbc                okhi_fault_report
 .text.isr_hardfault
                0x2000505c       0x1c CMakeFiles/okhi.dir/okhi.c.obj
                0x2000505c                isr_hardfault
 .text.main     0x20005078      0x4e0 CMakeFiles/okhi.dir/okhi.c.obj
                0x20005078                main
 .text.gpio_default_irq_handler
                0x20005558       0xa4 CMakeFiles/okhi.dir/C_/Users/regue/.pico-sdk/sdk/2.3.0/src/rp2_common/hardware_gpio/gpio.c.obj
 .text._gpio_set_irq_enabled
                0x200055fc       0x40 CMakeFiles/okhi.dir/C_/Users/regue/.pico-sdk/sdk/2.3.0/src/rp2_common/hardware_gpio/gpio.c.obj
 .text.gpio_set_function
                0x2000563c       0x34 CMakeFiles/okhi.dir/C_/Users/regue/.pico-sdk/sdk/2.3.0/src/rp2_common/hardware_gpio/gpio.c.obj
                0x2000563c                gpio_set_function
 .text.gpio_set_pulls
                0x20005670       0x34 CMakeFiles/okhi.dir/C_/Users/regue/.pico-sdk/sdk/2.3.0/src/rp2_common/hardware_gpio/gpio.c.obj
                0x20005670                gpio_set_pulls
 .text.gpio_set_irq_enabled
                0x200056a4       0x50 CMakeFiles/okhi.dir/C_/Users/regue/.pico-sdk/sdk/2.3.0/src/rp2_common/hardware_gpio/gpio.c.obj
                0x200056a4                gpio_set_irq_enabled
 .text.gpio_set_irq_callback
                0x200056f4       0x48 CMakeFiles/okhi.dir/C_/Users/regue/.pico-sdk/sdk/2.3.0/src/rp2_common/hardware_gpio/gpio.c.obj
                0x200056f4                gpio_set_irq_callback
 .text.gpio_set_irq_enabled_with_callback
                0x2000573c       0x36 CMakeFiles/okhi.dir/C_/Users/regue/.pico-sdk/sdk/2.3.0/src/rp2_common/hardware_gpio/gpio.c.obj
                0x2000573c                gpio_set_irq_enabled_with_callback
 *fill*         0x20005772        0x2 
 .text.gpio_set_input_enabled
                0x20005774       0x28 CMakeFiles/okhi.dir/C_/Users/regue/.pico-sdk/sdk/2.3.0/src/rp2_common/hardware_gpio/gpio.c.obj
                0x20005774                gpio_set_input_enabled
 .text.gpio_init
                0x2000579c       0x16 CMakeFiles/okhi.dir/C_/Users/regue/.pico-sdk/sdk/2.3.0/src/rp2_common/hardware_gpio/gpio.c.obj
                0x2000579c                gpio_init
 .text.gpio_deinit
                0x200057b2        0xa CMakeFiles/okhi.dir/C_/Users/regue/.pico-sdk/sdk/2.3.0/src/rp2_common/hardware_gpio/gpio.c.obj
                0x200057b2                gpio_deinit
 .text.panic    0x200057bc       0x30 CMakeFiles/okhi.dir/C_/Users/regue/.pico-sdk/sdk/2.3.0/src/rp2_common/pico_platform_panic/panic.c.obj
                0x200057bc                panic
 .text.hw_claim_lock
                0x200057ec       0x18 CMakeFiles/okhi.dir/C_/Users/regue/.pico-sdk/sdk/2.3.0/src/common/hardware_claim/claim.c.obj
                0x200057ec                hw_claim_lock
 .text.hw_claim_unlock
                0x20005804       0x14 CMakeFiles/okhi.dir/C_/Users/regue/.pico-sdk/sdk/2.3.0/src/common/hardware_claim/claim.c.obj
                0x20005804                hw_claim_unlock
 .text.hw_is_claimed
                0x20005818       0x16 CMakeFiles/okhi.dir/C_/Users/regue/.pico-sdk/sdk/2.3.0/src/common/hardware_claim/claim.c.obj
                0x20005818                hw_is_claimed
 .text.hw_claim_or_assert
                0x2000582e       0x36 CMakeFiles/okhi.dir/C_/Users/regue/.pico-sdk/sdk/2.3.0/src/common/hardware_claim/claim.c.obj
                0x2000582e                hw_claim_or_assert
 .text.hw_claim_unused_from_range
                0x20005864       0x50 CMakeFiles/okhi.dir/C_/Users/regue/.pico-sdk/sdk/2.3.0/src/common/hardware_claim/claim.c.obj
                0x20005864                hw_claim_unused_from_range
 .text.hw_claim_clear
                0x200058b4       0x44 CMakeFiles/okhi.dir/C_/Users/regue/.pico-sdk/sdk/2.3.0/src/common/hardware_claim/claim.c.obj
                0x200058b4                hw_claim_clear
 .text.next_striped_spin_lock_num
                0x200058f8       0x1c CMakeFiles/okhi.dir/C_/Users/regue/.pico-sdk/sdk/2.3.0/src/rp2_common/hardware_sync/sync.c.obj
                0x200058f8                next_striped_spin_lock_num
 .text.spin_locks_reset
                0x20005914       0x20 CMakeFiles/okhi.dir/C_/Users/regue/.pico-sdk/sdk/2.3.0/src/rp2_common/hardware_sync_spin_lock/sync_spin_lock.c.obj
                0x20005914                spin_locks_reset
 .text.set_raw_irq_handler_and_unlock
                0x20005934       0x28 CMakeFiles/okhi.dir/C_/Users/regue/.pico-sdk/sdk/2.3.0/src/rp2_common/hardware_irq/irq.c.obj
 .text.nvic_ipr0
                0x2000595c        0x8 CMakeFiles/okhi.dir/C_/Users/regue/.pico-sdk/sdk/2.3.0/src/rp2_common/hardware_irq/irq.c.obj
 .text.runtime_init_per_core_irq_priorities
                0x20005964       0x1c CMakeFiles/okhi.dir/C_/Users/regue/.pico-sdk/sdk/2.3.0/src/rp2_common/hardware_irq/irq.c.obj
                0x20005964                runtime_init_per_core_irq_priorities
 .text.resolve_j_16
                0x20005980       0x30 CMakeFiles/okhi.dir/C_/Users/regue/.pico-sdk/sdk/2.3.0/src/rp2_common/hardware_irq/irq.c.obj
 .text.make_j_16
                0x200059b0       0x48 CMakeFiles/okhi.dir/C_/Users/regue/.pico-sdk/sdk/2.3.0/src/rp2_common/hardware_irq/irq.c.obj
 .text.insert_bl_32
                0x200059f8       0x40 CMakeFiles/okhi.dir/C_/Users/regue/.pico-sdk/sdk/2.3.0/src/rp2_common/hardware_irq/irq.c.obj
 .text.irq_is_enabled
                0x20005a38       0x18 CMakeFiles/okhi.dir/C_/Users/regue/.pico-sdk/sdk/2.3.0/src/rp2_common/hardware_irq/irq.c.obj
                0x20005a38                irq_is_enabled
 .text.irq_set_mask_n_enabled
                0x20005a50       0x1c CMakeFiles/okhi.dir/C_/Users/regue/.pico-sdk/sdk/2.3.0/src/rp2_common/hardware_irq/irq.c.obj
                0x20005a50                irq_set_mask_n_enabled
 .text.irq_set_enabled
                0x20005a6c       0x14 CMakeFiles/okhi.dir/C_/Users/regue/.pico-sdk/sdk/2.3.0/src/rp2_common/hardware_irq/irq.c.obj
                0x20005a6c                irq_set_enabled
 .text.irq_get_vtable_handler
                0x20005a80       0x10 CMakeFiles/okhi.dir/C_/Users/regue/.pico-sdk/sdk/2.3.0/src/rp2_common/hardware_irq/irq.c.obj
                0x20005a80                irq_get_vtable_handler
 .text.irq_has_handler
                0x20005a90       0x1c CMakeFiles/okhi.dir/C_/Users/regue/.pico-sdk/sdk/2.3.0/src/rp2_common/hardware_irq/irq.c.obj
                0x20005a90                irq_has_handler
 .text.irq_set_exclusive_handler
                0x20005aac       0x58 CMakeFiles/okhi.dir/C_/Users/regue/.pico-sdk/sdk/2.3.0/src/rp2_common/hardware_irq/irq.c.obj
                0x20005aac                irq_set_exclusive_handler
 .text.irq_add_shared_handler
                0x20005b04      0x218 CMakeFiles/okhi.dir/C_/Users/regue/.pico-sdk/sdk/2.3.0/src/rp2_common/hardware_irq/irq.c.obj
                0x20005b04                irq_add_shared_handler
 .text.irq_remove_handler
                0x20005d1c      0x18c CMakeFiles/okhi.dir/C_/Users/regue/.pico-sdk/sdk/2.3.0/src/rp2_common/hardware_irq/irq.c.obj
                0x20005d1c                irq_remove_handler
 .text.irq_add_tail_to_free_list
                0x20005ea8       0xf8 CMakeFiles/okhi.dir/C_/Users/regue/.pico-sdk/sdk/2.3.0/src/rp2_common/hardware_irq/irq.c.obj
                0x20005ea8                irq_add_tail_to_free_list
 .text.lock_init
                0x20005fa0       0x10 CMakeFiles/okhi.dir/C_/Users/regue/.pico-sdk/sdk/2.3.0/src/common/pico_sync/lock_core.c.obj
                0x20005fa0                lock_init
 .text.mutex_init
                0x20005fb0       0x1a CMakeFiles/okhi.dir/C_/Users/regue/.pico-sdk/sdk/2.3.0/src/common/pico_sync/mutex.c.obj
                0x20005fb0                mutex_init
 .text.recursive_mutex_init
                0x20005fca       0x1e CMakeFiles/okhi.dir/C_/Users/regue/.pico-sdk/sdk/2.3.0/src/common/pico_sync/mutex.c.obj
                0x20005fca                recursive_mutex_init
 .text.runtime_init_mutex
                0x20005fe8       0x4c CMakeFiles/okhi.dir/C_/Users/regue/.pico-sdk/sdk/2.3.0/src/common/pico_sync/mutex.c.obj
                0x20005fe8                runtime_init_mutex
 .text.ta_set_timeout
                0x20006034       0x28 CMakeFiles/okhi.dir/C_/Users/regue/.pico-sdk/sdk/2.3.0/src/common/pico_time/time.c.obj
 .text.make_alarm_id
                0x2000605c        0x6 CMakeFiles/okhi.dir/C_/Users/regue/.pico-sdk/sdk/2.3.0/src/common/pico_time/time.c.obj
 *fill*         0x20006062        0x2 
 .text.sleep_until_callback
                0x20006064       0x30 CMakeFiles/okhi.dir/C_/Users/regue/.pico-sdk/sdk/2.3.0/src/common/pico_time/time.c.obj
 .text.alarm_pool_irq_handler
                0x20006094      0x2f4 CMakeFiles/okhi.dir/C_/Users/regue/.pico-sdk/sdk/2.3.0/src/common/pico_time/time.c.obj
 .text.ta_enable_irq_handler
                0x20006388       0x2c CMakeFiles/okhi.dir/C_/Users/regue/.pico-sdk/sdk/2.3.0/src/common/pico_time/time.c.obj
 .text.alarm_pool_post_alloc_init
                0x200063b4       0x68 CMakeFiles/okhi.dir/C_/Users/regue/.pico-sdk/sdk/2.3.0/src/common/pico_time/time.c.obj
 .text.alarm_pool_get_default
                0x2000641c       0x2c CMakeFiles/okhi.dir/C_/Users/regue/.pico-sdk/sdk/2.3.0/src/common/pico_time/time.c.obj
                0x2000641c                alarm_pool_get_default
 .text.alarm_pool_add_alarm_at_force_in_context
                0x20006448       0xa4 CMakeFiles/okhi.dir/C_/Users/regue/.pico-sdk/sdk/2.3.0/src/common/pico_time/time.c.obj
                0x20006448                alarm_pool_add_alarm_at_force_in_context
 .text.alarm_pool_add_alarm_at
                0x200064ec       0x3c CMakeFiles/okhi.dir/C_/Users/regue/.pico-sdk/sdk/2.3.0/src/common/pico_time/time.c.obj
                0x200064ec                alarm_pool_add_alarm_at
 .text.add_alarm_at
                0x20006528       0x2e CMakeFiles/okhi.dir/C_/Users/regue/.pico-sdk/sdk/2.3.0/src/common/pico_time/time.c.obj
 *fill*         0x20006556        0x2 
 .text.alarm_pool_cancel_alarm
                0x20006558       0x7c CMakeFiles/okhi.dir/C_/Users/regue/.pico-sdk/sdk/2.3.0/src/common/pico_time/time.c.obj
                0x20006558                alarm_pool_cancel_alarm
 .text.cancel_alarm
                0x200065d4       0x10 CMakeFiles/okhi.dir/C_/Users/regue/.pico-sdk/sdk/2.3.0/src/common/pico_time/time.c.obj
 .text.sleep_until
                0x200065e4       0xb0 CMakeFiles/okhi.dir/C_/Users/regue/.pico-sdk/sdk/2.3.0/src/common/pico_time/time.c.obj
                0x200065e4                sleep_until
 .text.sleep_us
                0x20006694       0x2c CMakeFiles/okhi.dir/C_/Users/regue/.pico-sdk/sdk/2.3.0/src/common/pico_time/time.c.obj
                0x20006694                sleep_us
 .text.sleep_ms
                0x200066c0       0x14 CMakeFiles/okhi.dir/C_/Users/regue/.pico-sdk/sdk/2.3.0/src/common/pico_time/time.c.obj
                0x200066c0                sleep_ms
 .text.best_effort_wfe_or_timeout
                0x200066d4      0x140 CMakeFiles/okhi.dir/C_/Users/regue/.pico-sdk/sdk/2.3.0/src/common/pico_time/time.c.obj
                0x200066d4                best_effort_wfe_or_timeout
 .text.alarm_pool_get_default_timer
                0x20006814        0x8 CMakeFiles/okhi.dir/C_/Users/regue/.pico-sdk/sdk/2.3.0/src/common/pico_time/time.c.obj
                0x20006814                alarm_pool_get_default_timer
 .text.runtime_init_default_alarm_pool
                0x2000681c       0x38 CMakeFiles/okhi.dir/C_/Users/regue/.pico-sdk/sdk/2.3.0/src/common/pico_time/time.c.obj
                0x2000681c                runtime_init_default_alarm_pool
 .text.timer_hardware_alarm_claim
                0x20006854       0x14 CMakeFiles/okhi.dir/C_/Users/regue/.pico-sdk/sdk/2.3.0/src/rp2_common/hardware_timer/timer.c.obj
                0x20006854                timer_hardware_alarm_claim
 .text.timer_time_us_64
                0x20006868       0x10 CMakeFiles/okhi.dir/C_/Users/regue/.pico-sdk/sdk/2.3.0/src/rp2_common/hardware_timer/timer.c.obj
                0x20006868                timer_time_us_64
 .text.timer_busy_wait_until
                0x20006878       0x1a CMakeFiles/okhi.dir/C_/Users/regue/.pico-sdk/sdk/2.3.0/src/rp2_common/hardware_timer/timer.c.obj
                0x20006878                timer_busy_wait_until
 .text.timer_busy_wait_us
                0x20006892       0x34 CMakeFiles/okhi.dir/C_/Users/regue/.pico-sdk/sdk/2.3.0/src/rp2_common/hardware_timer/timer.c.obj
                0x20006892                timer_busy_wait_us
 *fill*         0x200068c6        0x2 
 .text.time_us_64
                0x200068c8       0x10 CMakeFiles/okhi.dir/C_/Users/regue/.pico-sdk/sdk/2.3.0/src/rp2_common/hardware_timer/timer.c.obj
                0x200068c8                time_us_64
 .text.busy_wait_us
                0x200068d8       0x14 CMakeFiles/okhi.dir/C_/Users/regue/.pico-sdk/sdk/2.3.0/src/rp2_common/hardware_timer/timer.c.obj
                0x200068d8                busy_wait_us
 .text.timer_busy_wait_us_32
                0x200068ec       0x1c CMakeFiles/okhi.dir/C_/Users/regue/.pico-sdk/sdk/2.3.0/src/rp2_common/hardware_timer/timer.c.obj
                0x200068ec                timer_busy_wait_us_32
 .text.busy_wait_us_32
                0x20006908       0x10 CMakeFiles/okhi.dir/C_/Users/regue/.pico-sdk/sdk/2.3.0/src/rp2_common/hardware_timer/timer.c.obj
                0x20006908                busy_wait_us_32
 .text.busy_wait_until
                0x20006918       0x14 CMakeFiles/okhi.dir/C_/Users/regue/.pico-sdk/sdk/2.3.0/src/rp2_common/hardware_timer/timer.c.obj
                0x20006918                busy_wait_until
 .text.uart_unreset
                0x2000692c       0x2c CMakeFiles/okhi.dir/C_/Users/regue/.pico-sdk/sdk/2.3.0/src/rp2_common/hardware_uart/uart.c.obj
 .text.uart_disable_before_lcr_write
                0x20006958       0x48 CMakeFiles/okhi.dir/C_/Users/regue/.pico-sdk/sdk/2.3.0/src/rp2_common/hardware_uart/uart.c.obj
 .text.uart_write_lcr_bits_masked
                0x200069a0       0x28 CMakeFiles/okhi.dir/C_/Users/regue/.pico-sdk/sdk/2.3.0/src/rp2_common/hardware_uart/uart.c.obj
 .text.uart_set_baudrate
                0x200069c8       0x5c CMakeFiles/okhi.dir/C_/Users/regue/.pico-sdk/sdk/2.3.0/src/rp2_common/hardware_uart/uart.c.obj
                0x200069c8                uart_set_baudrate
 .text.uart_set_format
                0x20006a24       0x2c CMakeFiles/okhi.dir/C_/Users/regue/.pico-sdk/sdk/2.3.0/src/rp2_common/hardware_uart/uart.c.obj
                0x20006a24                uart_set_format
 .text.uart_set_fifo_enabled
                0x20006a50       0x10 CMakeFiles/okhi.dir/C_/Users/regue/.pico-sdk/sdk/2.3.0/src/rp2_common/hardware_uart/uart.c.obj
                0x20006a50                uart_set_fifo_enabled
 .text.uart_set_translate_crlf
                0x20006a60       0x28 CMakeFiles/okhi.dir/C_/Users/regue/.pico-sdk/sdk/2.3.0/src/rp2_common/hardware_uart/uart.c.obj
                0x20006a60                uart_set_translate_crlf
 .text.uart_init
                0x20006a88       0x64 CMakeFiles/okhi.dir/C_/Users/regue/.pico-sdk/sdk/2.3.0/src/rp2_common/hardware_uart/uart.c.obj
                0x20006a88                uart_init
 .text.clock_configure_internal
                0x20006aec       0xc0 CMakeFiles/okhi.dir/C_/Users/regue/.pico-sdk/sdk/2.3.0/src/rp2_common/hardware_clocks/clocks.c.obj
 .text.clock_configure_int_divider
                0x20006bac       0x28 CMakeFiles/okhi.dir/C_/Users/regue/.pico-sdk/sdk/2.3.0/src/rp2_common/hardware_clocks/clocks.c.obj
                0x20006bac                clock_configure_int_divider
 .text.clock_configure_undivided
                0x20006bd4       0x12 CMakeFiles/okhi.dir/C_/Users/regue/.pico-sdk/sdk/2.3.0/src/rp2_common/hardware_clocks/clocks.c.obj
                0x20006bd4                clock_configure_undivided
 *fill*         0x20006be6        0x2 
 .text.clock_get_hz
                0x20006be8        0xc CMakeFiles/okhi.dir/C_/Users/regue/.pico-sdk/sdk/2.3.0/src/rp2_common/hardware_clocks/clocks.c.obj
                0x20006be8                clock_get_hz
 .text.frequency_count_khz
                0x20006bf4       0x40 CMakeFiles/okhi.dir/C_/Users/regue/.pico-sdk/sdk/2.3.0/src/rp2_common/hardware_clocks/clocks.c.obj
                0x20006bf4                frequency_count_khz
 .text.set_sys_clock_pll
                0x20006c34       0x68 CMakeFiles/okhi.dir/C_/Users/regue/.pico-sdk/sdk/2.3.0/src/rp2_common/hardware_clocks/clocks.c.obj
                0x20006c34                set_sys_clock_pll
 .text.check_sys_clock_khz
                0x20006c9c       0xa4 CMakeFiles/okhi.dir/C_/Users/regue/.pico-sdk/sdk/2.3.0/src/rp2_common/hardware_clocks/clocks.c.obj
                0x20006c9c                check_sys_clock_khz
 .text.pll_init
                0x20006d40      0x124 CMakeFiles/okhi.dir/C_/Users/regue/.pico-sdk/sdk/2.3.0/src/rp2_common/hardware_pll/pll.c.obj
                0x20006d40                pll_init
 .text.vreg_set_voltage
                0x20006e64       0x1c CMakeFiles/okhi.dir/C_/Users/regue/.pico-sdk/sdk/2.3.0/src/rp2_common/hardware_vreg/vreg.c.obj
                0x20006e64                vreg_set_voltage
 .text.watchdog_update
                0x20006e80       0x14 CMakeFiles/okhi.dir/C_/Users/regue/.pico-sdk/sdk/2.3.0/src/rp2_common/hardware_watchdog/watchdog.c.obj
                0x20006e80                watchdog_update
 .text._watchdog_enable
                0x20006e94       0x78 CMakeFiles/okhi.dir/C_/Users/regue/.pico-sdk/sdk/2.3.0/src/rp2_common/hardware_watchdog/watchdog.c.obj
                0x20006e94                _watchdog_enable
 .text.watchdog_enable
                0x20006f0c       0x18 CMakeFiles/okhi.dir/C_/Users/regue/.pico-sdk/sdk/2.3.0/src/rp2_common/hardware_watchdog/watchdog.c.obj
                0x20006f0c                watchdog_enable
 .text.watchdog_disable
                0x20006f24       0x10 CMakeFiles/okhi.dir/C_/Users/regue/.pico-sdk/sdk/2.3.0/src/rp2_common/hardware_watchdog/watchdog.c.obj
                0x20006f24                watchdog_disable
 .text.watchdog_reboot
                0x20006f34       0x48 CMakeFiles/okhi.dir/C_/Users/regue/.pico-sdk/sdk/2.3.0/src/rp2_common/hardware_watchdog/watchdog.c.obj
                0x20006f34                watchdog_reboot
 .text.watchdog_caused_reboot
                0x20006f7c       0x10 CMakeFiles/okhi.dir/C_/Users/regue/.pico-sdk/sdk/2.3.0/src/rp2_common/hardware_watchdog/watchdog.c.obj
                0x20006f7c                watchdog_caused_reboot
 .text.tick_start
                0x20006f8c       0x10 CMakeFiles/okhi.dir/C_/Users/regue/.pico-sdk/sdk/2.3.0/src/rp2_common/hardware_ticks/ticks.c.obj
                0x20006f8c                tick_start
 .text.rom_func_lookup
                0x20006f9c       0x10 CMakeFiles/okhi.dir/C_/Users/regue/.pico-sdk/sdk/2.3.0/src/rp2_common/pico_bootrom/bootrom.c.obj
                0x20006f9c                rom_func_lookup
 .text.rom_data_lookup
                0x20006fac       0x10 CMakeFiles/okhi.dir/C_/Users/regue/.pico-sdk/sdk/2.3.0/src/rp2_common/pico_bootrom/bootrom.c.obj
                0x20006fac                rom_data_lookup
 .text.rom_funcs_lookup
                0x20006fbc       0x36 CMakeFiles/okhi.dir/C_/Users/regue/.pico-sdk/sdk/2.3.0/src/rp2_common/pico_bootrom/bootrom.c.obj
                0x20006fbc                rom_funcs_lookup
 *fill*         0x20006ff2        0x2 
 .text.rom_reset_usb_boot
                0x20006ff4       0x18 CMakeFiles/okhi.dir/C_/Users/regue/.pico-sdk/sdk/2.3.0/src/rp2_common/pico_bootrom/bootrom.c.obj
                0x20006ff4                rom_reset_usb_boot
 .text.xosc_init
                0x2000700c       0x2c CMakeFiles/okhi.dir/C_/Users/regue/.pico-sdk/sdk/2.3.0/src/rp2_common/hardware_xosc/xosc.c.obj
                0x2000700c                xosc_init
 .text.runtime_run_initializers_from
                0x20007038       0x18 CMakeFiles/okhi.dir/C_/Users/regue/.pico-sdk/sdk/2.3.0/src/rp2_common/pico_runtime/runtime.c.obj
 .text.first_per_core_initializer
                0x20007050        0x2 CMakeFiles/okhi.dir/C_/Users/regue/.pico-sdk/sdk/2.3.0/src/rp2_common/pico_runtime/runtime.c.obj
 *fill*         0x20007052        0x2 
 .text.runtime_run_initializers
                0x20007054       0x10 CMakeFiles/okhi.dir/C_/Users/regue/.pico-sdk/sdk/2.3.0/src/rp2_common/pico_runtime/runtime.c.obj
                0x20007054                runtime_run_initializers
 .text.runtime_run_per_core_initializers
                0x20007064       0x10 CMakeFiles/okhi.dir/C_/Users/regue/.pico-sdk/sdk/2.3.0/src/rp2_common/pico_runtime/runtime.c.obj
                0x20007064                runtime_run_per_core_initializers
 .text.runtime_init_early_resets
                0x20007074       0x2c CMakeFiles/okhi.dir/C_/Users/regue/.pico-sdk/sdk/2.3.0/src/rp2_common/pico_runtime_init/runtime_init.c.obj
                0x20007074                runtime_init_early_resets
 .text.runtime_init_usb_power_down
                0x200070a0       0x1c CMakeFiles/okhi.dir/C_/Users/regue/.pico-sdk/sdk/2.3.0/src/rp2_common/pico_runtime_init/runtime_init.c.obj
                0x200070a0                runtime_init_usb_power_down
 .text.runtime_init_post_clock_resets
                0x200070bc       0x20 CMakeFiles/okhi.dir/C_/Users/regue/.pico-sdk/sdk/2.3.0/src/rp2_common/pico_runtime_init/runtime_init.c.obj
                0x200070bc                runtime_init_post_clock_resets
 .text.runtime_init_rp2040_gpio_ie_disable
                0x200070dc       0x14 CMakeFiles/okhi.dir/C_/Users/regue/.pico-sdk/sdk/2.3.0/src/rp2_common/pico_runtime_init/runtime_init.c.obj
                0x200070dc                runtime_init_rp2040_gpio_ie_disable
 .text.runtime_init_spin_locks_reset
                0x200070f0        0x8 CMakeFiles/okhi.dir/C_/Users/regue/.pico-sdk/sdk/2.3.0/src/rp2_common/pico_runtime_init/runtime_init.c.obj
                0x200070f0                runtime_init_spin_locks_reset
 .text.runtime_init_install_ram_vector_table
                0x200070f8       0x48 CMakeFiles/okhi.dir/C_/Users/regue/.pico-sdk/sdk/2.3.0/src/rp2_common/pico_runtime_init/runtime_init.c.obj
                0x200070f8                runtime_init_install_ram_vector_table
 .text.start_all_ticks
                0x20007140       0x28 CMakeFiles/okhi.dir/C_/Users/regue/.pico-sdk/sdk/2.3.0/src/rp2_common/pico_runtime_init/runtime_init_clocks.c.obj
 .text.runtime_init_clocks
                0x20007168       0xcc CMakeFiles/okhi.dir/C_/Users/regue/.pico-sdk/sdk/2.3.0/src/rp2_common/pico_runtime_init/runtime_init_clocks.c.obj
                0x20007168                runtime_init_clocks
 .text          0x20007234       0x10 CMakeFiles/okhi.dir/C_/Users/regue/.pico-sdk/sdk/2.3.0/src/rp2_common/pico_bit_ops/bit_ops_aeabi.S.obj
 .text.__wrap___aeabi_idiv
                0x20007244       0x50 CMakeFiles/okhi.dir/C_/Users/regue/.pico-sdk/sdk/2.3.0/src/rp2_common/pico_divider/divider_hardware.S.obj
                0x20007244                __wrap___aeabi_idivmod
                0x20007244                divmod_s32s32
                0x20007244                div_s32s32
                0x20007244                __wrap___aeabi_idiv
                0x20007278                divmod_s32s32_savestate
 .text.__wrap___aeabi_uidiv
                0x20007294       0x4c CMakeFiles/okhi.dir/C_/Users/regue/.pico-sdk/sdk/2.3.0/src/rp2_common/pico_divider/divider_hardware.S.obj
                0x20007294                __wrap___aeabi_uidivmod
                0x20007294                div_u32u32
                0x20007294                divmod_u32u32
                0x20007294                __wrap___aeabi_uidiv
                0x200072c4                divmod_u32u32_savestate
 .text.__wrap___aeabi_ldiv
                0x200072e0      0x424 CMakeFiles/okhi.dir/C_/Users/regue/.pico-sdk/sdk/2.3.0/src/rp2_common/pico_divider/divider_hardware.S.obj
                0x200072e0                div_s64s64
                0x200072e0                divmod_s64s64
                0x200072e0                __wrap___aeabi_ldivmod
                0x20007310                divmod_u64u64
                0x20007310                div_u64u64
                0x20007310                __wrap___aeabi_uldivmod
                0x20007320                divmod_u64u64_savestate
                0x20007340                divmod_s64s64_unsafe
                0x200073c8                divmod_u64u64_unsafe
 .text.__wrap___aeabi_darithmetic
                0x20007704       0x80 CMakeFiles/okhi.dir/C_/Users/regue/.pico-sdk/sdk/2.3.0/src/rp2_common/pico_double/double_aeabi_rp2040.S.obj
                0x20007704                __wrap___aeabi_drsub
                0x2000770a                __wrap___aeabi_dsub
                0x2000771c                __wrap___aeabi_dadd
                0x2000772e                __wrap___aeabi_ddiv
                0x2000776a                __wrap___aeabi_dmul
 .text.__wrap___aeabi_cdcmple
                0x20007784       0x6c CMakeFiles/okhi.dir/C_/Users/regue/.pico-sdk/sdk/2.3.0/src/rp2_common/pico_double/double_aeabi_rp2040.S.obj
                0x20007784                __wrap___aeabi_cdrcmple
                0x20007794                __wrap___aeabi_cdcmpeq
                0x20007794                __wrap___aeabi_cdcmple
 .text.__wrap___aeabi_dcmplt
                0x200077f0        0xc CMakeFiles/okhi.dir/C_/Users/regue/.pico-sdk/sdk/2.3.0/src/rp2_common/pico_double/double_aeabi_rp2040.S.obj
                0x200077f0                __wrap___aeabi_dcmplt
 .text.__wrap___aeabi_dcmple
                0x200077fc       0x10 CMakeFiles/okhi.dir/C_/Users/regue/.pico-sdk/sdk/2.3.0/src/rp2_common/pico_double/double_aeabi_rp2040.S.obj
                0x200077fc                __wrap___aeabi_dcmple
 .text.__wrap___aeabi_dcmpge
                0x2000780c       0x10 CMakeFiles/okhi.dir/C_/Users/regue/.pico-sdk/sdk/2.3.0/src/rp2_common/pico_double/double_aeabi_rp2040.S.obj
                0x2000780c                __wrap___aeabi_dcmpge
 .text.__wrap___aeabi_dcmpgt
                0x2000781c        0xa CMakeFiles/okhi.dir/C_/Users/regue/.pico-sdk/sdk/2.3.0/src/rp2_common/pico_double/double_aeabi_rp2040.S.obj
                0x2000781c                __wrap___aeabi_dcmpgt
 .text.__wrap___aeabi_dcmpun
                0x20007826       0x18 CMakeFiles/okhi.dir/C_/Users/regue/.pico-sdk/sdk/2.3.0/src/rp2_common/pico_double/double_aeabi_rp2040.S.obj
                0x20007826                __wrap___aeabi_dcmpun
 *fill*         0x2000783e        0x2 
 .text.__wrap___aeabi_i2d
                0x20007840       0x38 CMakeFiles/okhi.dir/C_/Users/regue/.pico-sdk/sdk/2.3.0/src/rp2_common/pico_double/double_aeabi_rp2040.S.obj
                0x20007840                uint2double
                0x20007840                __wrap___aeabi_ui2d
                0x20007848                int2double
                0x20007848                __wrap___aeabi_i2d
 .text.__wrap___aeabi_d2iz
                0x20007878       0x48 CMakeFiles/okhi.dir/C_/Users/regue/.pico-sdk/sdk/2.3.0/src/rp2_common/pico_double/double_aeabi_rp2040.S.obj
                0x20007878                double2int_z
                0x20007878                __wrap___aeabi_d2iz
 .text.__wrap___aeabi_d2uiz
                0x200078c0       0x18 CMakeFiles/okhi.dir/C_/Users/regue/.pico-sdk/sdk/2.3.0/src/rp2_common/pico_double/double_aeabi_rp2040.S.obj
                0x200078c0                double2uint
                0x200078c0                __wrap___aeabi_d2uiz
                0x200078c0                double2uint_z
 .text.__aeabi_double_init
                0x200078d8       0xcc CMakeFiles/okhi.dir/C_/Users/regue/.pico-sdk/sdk/2.3.0/src/rp2_common/pico_double/double_init_rom_rp2040.c.obj
                0x200078d8                __aeabi_double_init
 .text.double_table_shim_on_use_helper
                0x200079a4       0x34 CMakeFiles/okhi.dir/C_/Users/regue/.pico-sdk/sdk/2.3.0/src/rp2_common/pico_double/double_v1_rom_shim_rp2040.S.obj
                0x200079a4                double_table_shim_on_use_helper
 .text.__wrap___aeabi_dsub
                0x200079d8       0x10 CMakeFiles/okhi.dir/C_/Users/regue/.pico-sdk/sdk/2.3.0/src/rp2_common/pico_double/double_v1_rom_shim_rp2040.S.obj
                0x200079d8                drsub_shim
                0x200079de                dsub_shim
 .text.dadd_shim
                0x200079e8      0x15c CMakeFiles/okhi.dir/C_/Users/regue/.pico-sdk/sdk/2.3.0/src/rp2_common/pico_double/double_v1_rom_shim_rp2040.S.obj
                0x200079e8                dadd_shim
 .text.dmul_shim
                0x20007b44      0x15c CMakeFiles/okhi.dir/C_/Users/regue/.pico-sdk/sdk/2.3.0/src/rp2_common/pico_double/double_v1_rom_shim_rp2040.S.obj
                0x20007b44                dmul_shim
 .text.ddiv_shim
                0x20007ca0      0x1b0 CMakeFiles/okhi.dir/C_/Users/regue/.pico-sdk/sdk/2.3.0/src/rp2_common/pico_double/double_v1_rom_shim_rp2040.S.obj
                0x20007ca0                ddiv_shim
 .text.double2uint_shim
                0x20007e50        0xe CMakeFiles/okhi.dir/C_/Users/regue/.pico-sdk/sdk/2.3.0/src/rp2_common/pico_double/double_v1_rom_shim_rp2040.S.obj
                0x20007e50                double2uint_shim
                0x20007e52                double2ufix_shim
 *fill*         0x20007e5e        0x2 
 .text.double2uint64_shim
                0x20007e60       0x70 CMakeFiles/okhi.dir/C_/Users/regue/.pico-sdk/sdk/2.3.0/src/rp2_common/pico_double/double_v1_rom_shim_rp2040.S.obj
                0x20007e60                double2uint64_shim
                0x20007e62                double2ufix64_shim
                0x20007e82                d2fix_a
 .text.dunpacks
                0x20007ed0       0x3c CMakeFiles/okhi.dir/C_/Users/regue/.pico-sdk/sdk/2.3.0/src/rp2_common/pico_double/double_v1_rom_shim_rp2040.S.obj
                0x20007ed0                dunpacks
 .text.__aeabi_lmul
                0x20007f0c       0x32 CMakeFiles/okhi.dir/C_/Users/regue/.pico-sdk/sdk/2.3.0/src/rp2_common/pico_int64_ops/pico_int64_ops_aeabi.S.obj
                0x20007f0c                __wrap___aeabi_lmul
 *fill*         0x20007f3e        0x2 
 .text.__wrap___aeabi_farithmetic
                0x20007f40       0x58 CMakeFiles/okhi.dir/C_/Users/regue/.pico-sdk/sdk/2.3.0/src/rp2_common/pico_float/float_aeabi_rp2040.S.obj
                0x20007f40                __wrap___aeabi_frsub
                0x20007f46                __wrap___aeabi_fsub
                0x20007f50                __wrap___aeabi_fadd
                0x20007f5a                __wrap___aeabi_fdiv
                0x20007f86                __wrap___aeabi_fmul
 .text.__wrap___aeabi_ui2f
                0x20007f98        0xa CMakeFiles/okhi.dir/C_/Users/regue/.pico-sdk/sdk/2.3.0/src/rp2_common/pico_float/float_aeabi_rp2040.S.obj
                0x20007f98                __wrap___aeabi_ui2f
                0x20007f98                uint2float
 *fill*         0x20007fa2        0x2 
 .text.__wrap___aeabi_i2f
                0x20007fa4       0x44 CMakeFiles/okhi.dir/C_/Users/regue/.pico-sdk/sdk/2.3.0/src/rp2_common/pico_float/float_aeabi_rp2040.S.obj
                0x20007fa4                __wrap___aeabi_i2f
                0x20007fa4                int2float
 .text.__wrap___aeabi_f2uiz
                0x20007fe8       0x10 CMakeFiles/okhi.dir/C_/Users/regue/.pico-sdk/sdk/2.3.0/src/rp2_common/pico_float/float_aeabi_rp2040.S.obj
                0x20007fe8                float2uint_z
                0x20007fe8                __wrap___aeabi_f2uiz
                0x20007fe8                float2uint
 .text.__wrap___aeabi_f2d
                0x20007ff8       0x14 CMakeFiles/okhi.dir/C_/Users/regue/.pico-sdk/sdk/2.3.0/src/rp2_common/pico_float/float_aeabi_rp2040.S.obj
                0x20007ff8                __wrap___aeabi_f2d
 .text.__aeabi_float_init
                0x2000800c       0xfc CMakeFiles/okhi.dir/C_/Users/regue/.pico-sdk/sdk/2.3.0/src/rp2_common/pico_float/float_init_rom_rp2040.c.obj
                0x2000800c                __aeabi_float_init
 .text.float_table_shim_on_use_helper
                0x20008108       0x34 CMakeFiles/okhi.dir/C_/Users/regue/.pico-sdk/sdk/2.3.0/src/rp2_common/pico_float/float_v1_rom_shim_rp2040.S.obj
                0x20008108                float_table_shim_on_use_helper
 .text.float2double_shim
                0x2000813c       0x30 CMakeFiles/okhi.dir/C_/Users/regue/.pico-sdk/sdk/2.3.0/src/rp2_common/pico_float/float_v1_rom_shim_rp2040.S.obj
                0x2000813c                float2double_shim
 .text          0x2000816c       0x10 CMakeFiles/okhi.dir/C_/Users/regue/.pico-sdk/sdk/2.3.0/src/rp2_common/pico_mem_ops/mem_ops_aeabi.S.obj
                0x2000816c                __aeabi_mem_init
 .text.memset   0x2000817c        0xc CMakeFiles/okhi.dir/C_/Users/regue/.pico-sdk/sdk/2.3.0/src/rp2_common/pico_mem_ops/mem_ops_aeabi.S.obj
                0x2000817c                __wrap_memset
 .text.memcpy   0x20008188        0xc CMakeFiles/okhi.dir/C_/Users/regue/.pico-sdk/sdk/2.3.0/src/rp2_common/pico_mem_ops/mem_ops_aeabi.S.obj
                0x20008188                __wrap_memcpy
                0x20008188                __wrap___aeabi_memcpy
 .text._out_buffer
                0x20008194        0x8 CMakeFiles/okhi.dir/C_/Users/regue/.pico-sdk/sdk/2.3.0/src/rp2_common/pico_printf/printf.c.obj
 .text._out_null
                0x2000819c        0x2 CMakeFiles/okhi.dir/C_/Users/regue/.pico-sdk/sdk/2.3.0/src/rp2_common/pico_printf/printf.c.obj
 .text._out_fct
                0x2000819e        0xe CMakeFiles/okhi.dir/C_/Users/regue/.pico-sdk/sdk/2.3.0/src/rp2_common/pico_printf/printf.c.obj
 .text._atoi    0x200081ac       0x24 CMakeFiles/okhi.dir/C_/Users/regue/.pico-sdk/sdk/2.3.0/src/rp2_common/pico_printf/printf.c.obj
 .text._out_rev
                0x200081d0       0xba CMakeFiles/okhi.dir/C_/Users/regue/.pico-sdk/sdk/2.3.0/src/rp2_common/pico_printf/printf.c.obj
 .text._ntoa_format
                0x2000828a      0x116 CMakeFiles/okhi.dir/C_/Users/regue/.pico-sdk/sdk/2.3.0/src/rp2_common/pico_printf/printf.c.obj
 .text._ntoa_long
                0x200083a0       0xb8 CMakeFiles/okhi.dir/C_/Users/regue/.pico-sdk/sdk/2.3.0/src/rp2_common/pico_printf/printf.c.obj
 .text._ntoa_long_long
                0x20008458       0xf8 CMakeFiles/okhi.dir/C_/Users/regue/.pico-sdk/sdk/2.3.0/src/rp2_common/pico_printf/printf.c.obj
 .text._etoa    0x20008550      0x448 CMakeFiles/okhi.dir/C_/Users/regue/.pico-sdk/sdk/2.3.0/src/rp2_common/pico_printf/printf.c.obj
 .text._ftoa    0x20008998      0x340 CMakeFiles/okhi.dir/C_/Users/regue/.pico-sdk/sdk/2.3.0/src/rp2_common/pico_printf/printf.c.obj
 .text._vsnprintf
                0x20008cd8      0x684 CMakeFiles/okhi.dir/C_/Users/regue/.pico-sdk/sdk/2.3.0/src/rp2_common/pico_printf/printf.c.obj
 .text.__wrap_sprintf
                0x2000935c       0x2c CMakeFiles/okhi.dir/C_/Users/regue/.pico-sdk/sdk/2.3.0/src/rp2_common/pico_printf/printf.c.obj
                0x2000935c                __wrap_sprintf
 .text.__wrap_snprintf
                0x20009388       0x28 CMakeFiles/okhi.dir/C_/Users/regue/.pico-sdk/sdk/2.3.0/src/rp2_common/pico_printf/printf.c.obj
                0x20009388                __wrap_snprintf
 .text.vfctprintf
                0x200093b0       0x28 CMakeFiles/okhi.dir/C_/Users/regue/.pico-sdk/sdk/2.3.0/src/rp2_common/pico_printf/printf.c.obj
                0x200093b0                vfctprintf
 .text._exit    0x200093d8        0x4 CMakeFiles/okhi.dir/C_/Users/regue/.pico-sdk/sdk/2.3.0/src/rp2_common/pico_clib_interface/newlib_interface.c.obj
                0x200093d8                _exit
 .text._fini    0x200093dc        0x2 CMakeFiles/okhi.dir/C_/Users/regue/.pico-sdk/sdk/2.3.0/src/rp2_common/pico_clib_interface/newlib_interface.c.obj
                0x200093dc                _fini
 *fill*         0x200093de        0x2 
 .text._sbrk    0x200093e0       0x38 CMakeFiles/okhi.dir/C_/Users/regue/.pico-sdk/sdk/2.3.0/src/rp2_common/pico_clib_interface/newlib_interface.c.obj
                0x200093e0                _sbrk
 .text._read    0x20009418       0x20 CMakeFiles/okhi.dir/C_/Users/regue/.pico-sdk/sdk/2.3.0/src/rp2_common/pico_clib_interface/newlib_interface.c.obj
                0x20009418                _read
 .text._write   0x20009438       0x22 CMakeFiles/okhi.dir/C_/Users/regue/.pico-sdk/sdk/2.3.0/src/rp2_common/pico_clib_interface/newlib_interface.c.obj
                0x20009438                _write
 .text._close   0x2000945a        0x6 CMakeFiles/okhi.dir/C_/Users/regue/.pico-sdk/sdk/2.3.0/src/rp2_common/pico_clib_interface/newlib_interface.c.obj
                0x2000945a                _close
 .text._lseek   0x20009460        0x6 CMakeFiles/okhi.dir/C_/Users/regue/.pico-sdk/sdk/2.3.0/src/rp2_common/pico_clib_interface/newlib_interface.c.obj
                0x20009460                _lseek
 .text.exit     0x20009466        0x6 CMakeFiles/okhi.dir/C_/Users/regue/.pico-sdk/sdk/2.3.0/src/rp2_common/pico_clib_interface/newlib_interface.c.obj
                0x20009466                exit
 .text.__assert_func
                0x2000946c       0x38 CMakeFiles/okhi.dir/C_/Users/regue/.pico-sdk/sdk/2.3.0/src/rp2_common/pico_clib_interface/newlib_interface.c.obj
                0x2000946c                __assert_func
 .text.runtime_init
                0x200094a4       0x28 CMakeFiles/okhi.dir/C_/Users/regue/.pico-sdk/sdk/2.3.0/src/rp2_common/pico_clib_interface/newlib_interface.c.obj
                0x200094a4                runtime_init
 .text.stdio_out_chars_no_crlf
                0x200094cc        0xe CMakeFiles/okhi.dir/C_/Users/regue/.pico-sdk/sdk/2.3.0/src/rp2_common/pico_stdio/stdio.c.obj
 *fill*         0x200094da        0x2 
 .text.stdio_out_chars_crlf
                0x200094dc       0x7c CMakeFiles/okhi.dir/C_/Users/regue/.pico-sdk/sdk/2.3.0/src/rp2_common/pico_stdio/stdio.c.obj
 .text.stdio_stack_buffer_flush
                0x20009558       0x44 CMakeFiles/okhi.dir/C_/Users/regue/.pico-sdk/sdk/2.3.0/src/rp2_common/pico_stdio/stdio.c.obj
 .text.stdio_buffered_printer
                0x2000959c       0x1a CMakeFiles/okhi.dir/C_/Users/regue/.pico-sdk/sdk/2.3.0/src/rp2_common/pico_stdio/stdio.c.obj
 *fill*         0x200095b6        0x2 
 .text.stdout_serialize_begin
                0x200095b8       0x30 CMakeFiles/okhi.dir/C_/Users/regue/.pico-sdk/sdk/2.3.0/src/rp2_common/pico_stdio/stdio.c.obj
                0x200095b8                stdout_serialize_begin
 .text.stdout_serialize_end
                0x200095e8       0x10 CMakeFiles/okhi.dir/C_/Users/regue/.pico-sdk/sdk/2.3.0/src/rp2_common/pico_stdio/stdio.c.obj
                0x200095e8                stdout_serialize_end
 .text.stdio_put_string
                0x200095f8       0x94 CMakeFiles/okhi.dir/C_/Users/regue/.pico-sdk/sdk/2.3.0/src/rp2_common/pico_stdio/stdio.c.obj
                0x200095f8                stdio_put_string
 .text.stdio_get_until
                0x2000968c       0x70 CMakeFiles/okhi.dir/C_/Users/regue/.pico-sdk/sdk/2.3.0/src/rp2_common/pico_stdio/stdio.c.obj
                0x2000968c                stdio_get_until
 .text.stdio_set_driver_enabled
                0x200096fc       0x30 CMakeFiles/okhi.dir/C_/Users/regue/.pico-sdk/sdk/2.3.0/src/rp2_common/pico_stdio/stdio.c.obj
                0x200096fc                stdio_set_driver_enabled
 .text.stdio_flush
                0x2000972c       0x20 CMakeFiles/okhi.dir/C_/Users/regue/.pico-sdk/sdk/2.3.0/src/rp2_common/pico_stdio/stdio.c.obj
                0x2000972c                stdio_flush
 .text.stdio_init_all
                0x2000974c        0xa CMakeFiles/okhi.dir/C_/Users/regue/.pico-sdk/sdk/2.3.0/src/rp2_common/pico_stdio/stdio.c.obj
                0x2000974c                stdio_init_all
 .text.__wrap_puts
                0x20009756       0x1e CMakeFiles/okhi.dir/C_/Users/regue/.pico-sdk/sdk/2.3.0/src/rp2_common/pico_stdio/stdio.c.obj
                0x20009756                stdio_puts
                0x20009756                __wrap_puts
 .text.__wrap_vprintf
                0x20009774       0x40 CMakeFiles/okhi.dir/C_/Users/regue/.pico-sdk/sdk/2.3.0/src/rp2_common/pico_stdio/stdio.c.obj
                0x20009774                stdio_vprintf
                0x20009774                __wrap_vprintf
 .text.__wrap_printf
                0x200097b4       0x18 CMakeFiles/okhi.dir/C_/Users/regue/.pico-sdk/sdk/2.3.0/src/rp2_common/pico_stdio/stdio.c.obj
                0x200097b4                __wrap_printf
                0x200097b4                stdio_printf
 .text.uart_putc
                0x200097cc       0x60 CMakeFiles/okhi.dir/C_/Users/regue/.pico-sdk/sdk/2.3.0/src/rp2_common/pico_stdio_uart/stdio_uart.c.obj
 .text.uart_getc
                0x2000982c       0x24 CMakeFiles/okhi.dir/C_/Users/regue/.pico-sdk/sdk/2.3.0/src/rp2_common/pico_stdio_uart/stdio_uart.c.obj
 .text.stdio_uart_out_chars
                0x20009850       0x20 CMakeFiles/okhi.dir/C_/Users/regue/.pico-sdk/sdk/2.3.0/src/rp2_common/pico_stdio_uart/stdio_uart.c.obj
 .text.stdio_uart_in_chars
                0x20009870       0x5c CMakeFiles/okhi.dir/C_/Users/regue/.pico-sdk/sdk/2.3.0/src/rp2_common/pico_stdio_uart/stdio_uart.c.obj
                0x20009870                stdio_uart_in_chars
 .text.on_uart_rx
                0x200098cc       0x28 CMakeFiles/okhi.dir/C_/Users/regue/.pico-sdk/sdk/2.3.0/src/rp2_common/pico_stdio_uart/stdio_uart.c.obj
 .text.stdio_uart_out_flush
                0x200098f4       0x10 CMakeFiles/okhi.dir/C_/Users/regue/.pico-sdk/sdk/2.3.0/src/rp2_common/pico_stdio_uart/stdio_uart.c.obj
 .text.stdio_uart_set_chars_available_callback
                0x20009904       0x94 CMakeFiles/okhi.dir/C_/Users/regue/.pico-sdk/sdk/2.3.0/src/rp2_common/pico_stdio_uart/stdio_uart.c.obj
 .text.stdio_uart_init_full
                0x20009998       0x44 CMakeFiles/okhi.dir/C_/Users/regue/.pico-sdk/sdk/2.3.0/src/rp2_common/pico_stdio_uart/stdio_uart.c.obj
                0x20009998                stdio_uart_init_full
 .text.stdio_uart_init
                0x200099dc       0x30 CMakeFiles/okhi.dir/C_/Users/regue/.pico-sdk/sdk/2.3.0/src/rp2_common/pico_stdio_uart/stdio_uart.c.obj
                0x200099dc                stdio_uart_init
 .text.runtime_init_per_core_tls_setup
                0x20009a0c        0xc CMakeFiles/okhi.dir/C_/Users/regue/.pico-sdk/sdk/2.3.0/src/rp2_common/pico_thread_local/thread_local.c.obj
                0x20009a0c                runtime_init_per_core_tls_setup
 .text.core1_trampoline
                0x20009a18        0x2 CMakeFiles/okhi.dir/C_/Users/regue/.pico-sdk/sdk/2.3.0/src/rp2_common/pico_multicore/multicore.c.obj
 .text.core1_wrapper
                0x20009a1a        0xc CMakeFiles/okhi.dir/C_/Users/regue/.pico-sdk/sdk/2.3.0/src/rp2_common/pico_multicore/multicore.c.obj
                0x20009a1a                core1_wrapper
 .text.multicore_fifo_push_blocking
                0x20009a26       0x14 CMakeFiles/okhi.dir/C_/Users/regue/.pico-sdk/sdk/2.3.0/src/rp2_common/pico_multicore/multicore.c.obj
                0x20009a26                multicore_fifo_push_blocking
 .text.multicore_fifo_pop_blocking
                0x20009a3a       0x16 CMakeFiles/okhi.dir/C_/Users/regue/.pico-sdk/sdk/2.3.0/src/rp2_common/pico_multicore/multicore.c.obj
                0x20009a3a                multicore_fifo_pop_blocking
 .text.multicore_reset_core1
                0x20009a50       0x6c CMakeFiles/okhi.dir/C_/Users/regue/.pico-sdk/sdk/2.3.0/src/rp2_common/pico_multicore/multicore.c.obj
                0x20009a50                multicore_reset_core1
 .text.multicore_launch_core1_raw
                0x20009abc       0x78 CMakeFiles/okhi.dir/C_/Users/regue/.pico-sdk/sdk/2.3.0/src/rp2_common/pico_multicore/multicore.c.obj
                0x20009abc                multicore_launch_core1_raw
 .text.multicore_launch_core1_with_stack
                0x20009b34       0x5c CMakeFiles/okhi.dir/C_/Users/regue/.pico-sdk/sdk/2.3.0/src/rp2_common/pico_multicore/multicore.c.obj
                0x20009b34                multicore_launch_core1_with_stack
 .text.multicore_launch_core1
                0x20009b90       0x24 CMakeFiles/okhi.dir/C_/Users/regue/.pico-sdk/sdk/2.3.0/src/rp2_common/pico_multicore/multicore.c.obj
                0x20009b90                multicore_launch_core1
 .text.pio_get_default_sm_config
                0x20009bb4       0x28 CMakeFiles/okhi.dir/C_/Users/regue/.pico-sdk/sdk/2.3.0/src/rp2_common/hardware_pio/pio.c.obj
 .text.is_program_gpio_compatible
                0x20009bdc        0x4 CMakeFiles/okhi.dir/C_/Users/regue/.pico-sdk/sdk/2.3.0/src/rp2_common/hardware_pio/pio.c.obj
 .text.add_program_at_offset_check
                0x20009be0       0x64 CMakeFiles/okhi.dir/C_/Users/regue/.pico-sdk/sdk/2.3.0/src/rp2_common/hardware_pio/pio.c.obj
 .text.add_program_at_offset
                0x20009c44       0x60 CMakeFiles/okhi.dir/C_/Users/regue/.pico-sdk/sdk/2.3.0/src/rp2_common/hardware_pio/pio.c.obj
 .text.find_offset_for_program
                0x20009ca4       0x80 CMakeFiles/okhi.dir/C_/Users/regue/.pico-sdk/sdk/2.3.0/src/rp2_common/hardware_pio/pio.c.obj
 .text.pio_sm_unclaim
                0x20009d24       0x20 CMakeFiles/okhi.dir/C_/Users/regue/.pico-sdk/sdk/2.3.0/src/rp2_common/hardware_pio/pio.c.obj
                0x20009d24                pio_sm_unclaim
 .text.pio_claim_unused_sm
                0x20009d44       0x38 CMakeFiles/okhi.dir/C_/Users/regue/.pico-sdk/sdk/2.3.0/src/rp2_common/hardware_pio/pio.c.obj
                0x20009d44                pio_claim_unused_sm
 .text.pio_sm_is_claimed
                0x20009d7c       0x20 CMakeFiles/okhi.dir/C_/Users/regue/.pico-sdk/sdk/2.3.0/src/rp2_common/hardware_pio/pio.c.obj
                0x20009d7c                pio_sm_is_claimed
 .text.pio_add_program
                0x20009d9c       0x30 CMakeFiles/okhi.dir/C_/Users/regue/.pico-sdk/sdk/2.3.0/src/rp2_common/hardware_pio/pio.c.obj
                0x20009d9c                pio_add_program
 .text.pio_clear_instruction_memory
                0x20009dcc       0x3c CMakeFiles/okhi.dir/C_/Users/regue/.pico-sdk/sdk/2.3.0/src/rp2_common/hardware_pio/pio.c.obj
                0x20009dcc                pio_clear_instruction_memory
 .text.pio_sm_set_consecutive_pindirs
                0x20009e08       0xbc CMakeFiles/okhi.dir/C_/Users/regue/.pico-sdk/sdk/2.3.0/src/rp2_common/hardware_pio/pio.c.obj
                0x20009e08                pio_sm_set_consecutive_pindirs
 .text.pio_sm_init
                0x20009ec4       0xb4 CMakeFiles/okhi.dir/C_/Users/regue/.pico-sdk/sdk/2.3.0/src/rp2_common/hardware_pio/pio.c.obj
                0x20009ec4                pio_sm_init
 .text.spi_unreset
                0x20009f78       0x2c CMakeFiles/okhi.dir/C_/Users/regue/.pico-sdk/sdk/2.3.0/src/rp2_common/hardware_spi/spi.c.obj
 .text.spi_set_baudrate
                0x20009fa4       0xb8 CMakeFiles/okhi.dir/C_/Users/regue/.pico-sdk/sdk/2.3.0/src/rp2_common/hardware_spi/spi.c.obj
                0x20009fa4                spi_set_baudrate
 .text.spi_init
                0x2000a05c       0x74 CMakeFiles/okhi.dir/C_/Users/regue/.pico-sdk/sdk/2.3.0/src/rp2_common/hardware_spi/spi.c.obj
                0x2000a05c                spi_init
 .text.adc_init
                0x2000a0d0       0x34 CMakeFiles/okhi.dir/C_/Users/regue/.pico-sdk/sdk/2.3.0/src/rp2_common/hardware_adc/adc.c.obj
                0x2000a0d0                adc_init
 .text          0x2000a104        0x4 C:/Users/regue/.pico-sdk/toolchain/15_2_Rel1/bin/../lib/gcc/arm-none-eabi/15.2.1/thumb/v6-m/nofp\libgcc.a(_dvmd_tls.o)
                0x2000a104                __aeabi_idiv0
                0x2000a104                __aeabi_ldiv0
 .text.__malloc_lock
                0x2000a108       0x10 C:/Users/regue/.pico-sdk/toolchain/15_2_Rel1/bin/../lib/gcc/arm-none-eabi/15.2.1/../../../../arm-none-eabi/lib/thumb/v6-m/nofp\libg.a(libc_a-mlock.o)
                0x2000a108                __malloc_lock
 .text.__malloc_unlock
                0x2000a118       0x10 C:/Users/regue/.pico-sdk/toolchain/15_2_Rel1/bin/../lib/gcc/arm-none-eabi/15.2.1/../../../../arm-none-eabi/lib/thumb/v6-m/nofp\libg.a(libc_a-mlock.o)
                0x2000a118                __malloc_unlock
 .text.__sflush_r
                0x2000a128      0x148 C:/Users/regue/.pico-sdk/toolchain/15_2_Rel1/bin/../lib/gcc/arm-none-eabi/15.2.1/../../../../arm-none-eabi/lib/thumb/v6-m/nofp\libg.a(libc_a-fflush.o)
                0x2000a128                __sflush_r
 .text._fflush_r
                0x2000a270       0x68 C:/Users/regue/.pico-sdk/toolchain/15_2_Rel1/bin/../lib/gcc/arm-none-eabi/15.2.1/../../../../arm-none-eabi/lib/thumb/v6-m/nofp\libg.a(libc_a-fflush.o)
                0x2000a270                _fflush_r
 .text.fflush   0x2000a2d8       0x7c C:/Users/regue/.pico-sdk/toolchain/15_2_Rel1/bin/../lib/gcc/arm-none-eabi/15.2.1/../../../../arm-none-eabi/lib/thumb/v6-m/nofp\libg.a(libc_a-fflush.o)
                0x2000a2d8                fflush
 .text.stdio_exit_handler
                0x2000a354       0x1c C:/Users/regue/.pico-sdk/toolchain/15_2_Rel1/bin/../lib/gcc/arm-none-eabi/15.2.1/../../../../arm-none-eabi/lib/thumb/v6-m/nofp\libg.a(libc_a-findfp.o)
 .text.cleanup_stdio
                0x2000a370       0x3c C:/Users/regue/.pico-sdk/toolchain/15_2_Rel1/bin/../lib/gcc/arm-none-eabi/15.2.1/../../../../arm-none-eabi/lib/thumb/v6-m/nofp\libg.a(libc_a-findfp.o)
 .text.global_stdio_init.part.0
                0x2000a3ac      0x110 C:/Users/regue/.pico-sdk/toolchain/15_2_Rel1/bin/../lib/gcc/arm-none-eabi/15.2.1/../../../../arm-none-eabi/lib/thumb/v6-m/nofp\libg.a(libc_a-findfp.o)
 .text.__sinit  0x2000a4bc       0x38 C:/Users/regue/.pico-sdk/toolchain/15_2_Rel1/bin/../lib/gcc/arm-none-eabi/15.2.1/../../../../arm-none-eabi/lib/thumb/v6-m/nofp\libg.a(libc_a-findfp.o)
                0x2000a4bc                __sinit
 .text.__sfp_lock_acquire
                0x2000a4f4       0x10 C:/Users/regue/.pico-sdk/toolchain/15_2_Rel1/bin/../lib/gcc/arm-none-eabi/15.2.1/../../../../arm-none-eabi/lib/thumb/v6-m/nofp\libg.a(libc_a-findfp.o)
                0x2000a4f4                __sfp_lock_acquire
 .text.__sfp_lock_release
                0x2000a504       0x10 C:/Users/regue/.pico-sdk/toolchain/15_2_Rel1/bin/../lib/gcc/arm-none-eabi/15.2.1/../../../../arm-none-eabi/lib/thumb/v6-m/nofp\libg.a(libc_a-findfp.o)
                0x2000a504                __sfp_lock_release
 .text._fwalk_sglue
                0x2000a514       0x44 C:/Users/regue/.pico-sdk/toolchain/15_2_Rel1/bin/../lib/gcc/arm-none-eabi/15.2.1/../../../../arm-none-eabi/lib/thumb/v6-m/nofp\libg.a(libc_a-fwalk.o)
                0x2000a514                _fwalk_sglue
 .text.__sread  0x2000a558       0x28 C:/Users/regue/.pico-sdk/toolchain/15_2_Rel1/bin/../lib/gcc/arm-none-eabi/15.2.1/../../../../arm-none-eabi/lib/thumb/v6-m/nofp\libg.a(libc_a-stdio.o)
                0x2000a558                __sread
 .text.__swrite
                0x2000a580       0x40 C:/Users/regue/.pico-sdk/toolchain/15_2_Rel1/bin/../lib/gcc/arm-none-eabi/15.2.1/../../../../arm-none-eabi/lib/thumb/v6-m/nofp\libg.a(libc_a-stdio.o)
                0x2000a580                __swrite
 .text.__sseek  0x2000a5c0       0x2c C:/Users/regue/.pico-sdk/toolchain/15_2_Rel1/bin/../lib/gcc/arm-none-eabi/15.2.1/../../../../arm-none-eabi/lib/thumb/v6-m/nofp\libg.a(libc_a-stdio.o)
                0x2000a5c0                __sseek
 .text.__sclose
                0x2000a5ec        0xc C:/Users/regue/.pico-sdk/toolchain/15_2_Rel1/bin/../lib/gcc/arm-none-eabi/15.2.1/../../../../arm-none-eabi/lib/thumb/v6-m/nofp\libg.a(libc_a-stdio.o)
                0x2000a5ec                __sclose
 .text.memcmp   0x2000a5f8       0x44 C:/Users/regue/.pico-sdk/toolchain/15_2_Rel1/bin/../lib/gcc/arm-none-eabi/15.2.1/../../../../arm-none-eabi/lib/thumb/v6-m/nofp\libg.a(libc_a-memcmp.o)
                0x2000a5f8                memcmp
 .text._close_r
                0x2000a63c       0x24 C:/Users/regue/.pico-sdk/toolchain/15_2_Rel1/bin/../lib/gcc/arm-none-eabi/15.2.1/../../../../arm-none-eabi/lib/thumb/v6-m/nofp\libg.a(libc_a-closer.o)
                0x2000a63c                _close_r
 .text._lseek_r
                0x2000a660       0x28 C:/Users/regue/.pico-sdk/toolchain/15_2_Rel1/bin/../lib/gcc/arm-none-eabi/15.2.1/../../../../arm-none-eabi/lib/thumb/v6-m/nofp\libg.a(libc_a-lseekr.o)
                0x2000a660                _lseek_r
 .text._read_r  0x2000a688       0x28 C:/Users/regue/.pico-sdk/toolchain/15_2_Rel1/bin/../lib/gcc/arm-none-eabi/15.2.1/../../../../arm-none-eabi/lib/thumb/v6-m/nofp\libg.a(libc_a-readr.o)
                0x2000a688                _read_r
 .text._sbrk_r  0x2000a6b0       0x24 C:/Users/regue/.pico-sdk/toolchain/15_2_Rel1/bin/../lib/gcc/arm-none-eabi/15.2.1/../../../../arm-none-eabi/lib/thumb/v6-m/nofp\libg.a(libc_a-sbrkr.o)
                0x2000a6b0                _sbrk_r
 .text._write_r
                0x2000a6d4       0x28 C:/Users/regue/.pico-sdk/toolchain/15_2_Rel1/bin/../lib/gcc/arm-none-eabi/15.2.1/../../../../arm-none-eabi/lib/thumb/v6-m/nofp\libg.a(libc_a-writer.o)
                0x2000a6d4                _write_r
 .text.__errno  0x2000a6fc        0xc C:/Users/regue/.pico-sdk/toolchain/15_2_Rel1/bin/../lib/gcc/arm-none-eabi/15.2.1/../../../../arm-none-eabi/lib/thumb/v6-m/nofp\libg.a(libc_a-errno.o)
                0x2000a6fc                __errno
 .text.__retarget_lock_init_recursive
                0x2000a708        0x4 C:/Users/regue/.pico-sdk/toolchain/15_2_Rel1/bin/../lib/gcc/arm-none-eabi/15.2.1/../../../../arm-none-eabi/lib/thumb/v6-m/nofp\libg.a(libc_a-lock.o)
                0x2000a708                __retarget_lock_init_recursive
 .text.__retarget_lock_close_recursive
                0x2000a70c        0x4 C:/Users/regue/.pico-sdk/toolchain/15_2_Rel1/bin/../lib/gcc/arm-none-eabi/15.2.1/../../../../arm-none-eabi/lib/thumb/v6-m/nofp\libg.a(libc_a-lock.o)
                0x2000a70c                __retarget_lock_close_recursive
 .text.__retarget_lock_acquire_recursive
                0x2000a710        0x4 C:/Users/regue/.pico-sdk/toolchain/15_2_Rel1/bin/../lib/gcc/arm-none-eabi/15.2.1/../../../../arm-none-eabi/lib/thumb/v6-m/nofp\libg.a(libc_a-lock.o)
                0x2000a710                __retarget_lock_acquire_recursive
 .text.__retarget_lock_release_recursive
                0x2000a714        0x4 C:/Users/regue/.pico-sdk/toolchain/15_2_Rel1/bin/../lib/gcc/arm-none-eabi/15.2.1/../../../../arm-none-eabi/lib/thumb/v6-m/nofp\libg.a(libc_a-lock.o)
                0x2000a714                __retarget_lock_release_recursive
 .text.sysconf  0x2000a718       0x1c C:/Users/regue/.pico-sdk/toolchain/15_2_Rel1/bin/../lib/gcc/arm-none-eabi/15.2.1/../../../../arm-none-eabi/lib/thumb/v6-m/nofp\libg.a(libc_a-sysconf.o)
                0x2000a718                sysconf
 .text.strlen   0x2000a734       0x60 C:/Users/regue/.pico-sdk/toolchain/15_2_Rel1/bin/../lib/gcc/arm-none-eabi/15.2.1/../../../../arm-none-eabi/lib/thumb/v6-m/nofp\libg.a(libc_a-strlen-stub.o)
                0x2000a734                strlen
 .text._malloc_trim_r
                0x2000a794       0xb0 C:/Users/regue/.pico-sdk/toolchain/15_2_Rel1/bin/../lib/gcc/arm-none-eabi/15.2.1/../../../../arm-none-eabi/lib/thumb/v6-m/nofp\libg.a(libc_a-freer.o)
                0x2000a794                _malloc_trim_r
 .text._free_r  0x2000a844      0x1d4 C:/Users/regue/.pico-sdk/toolchain/15_2_Rel1/bin/../lib/gcc/arm-none-eabi/15.2.1/../../../../arm-none-eabi/lib/thumb/v6-m/nofp\libg.a(libc_a-freer.o)
                0x2000a844                _free_r
 .text._fclose_r
                0x2000aa18       0xd4 C:/Users/regue/.pico-sdk/toolchain/15_2_Rel1/bin/../lib/gcc/arm-none-eabi/15.2.1/../../../../arm-none-eabi/lib/thumb/v6-m/nofp\libg.a(libc_a-fclose.o)
                0x2000aa18                _fclose_r
 *(.fini)
 *crtbegin.o(.ctors)
 *crtbegin?.o(.ctors)
 *(EXCLUDE_FILE(*crtend.o *crtend?.o) .ctors)
 *(SORT_BY_NAME(.ctors.*))
 *(.ctors)
 *crtbegin.o(.dtors)
 *crtbegin?.o(.dtors)
 *(EXCLUDE_FILE(*crtend.o *crtend?.o) .dtors)
 *(SORT_BY_NAME(.dtors.*))
 *(.dtors)
 *(.eh_frame*)
                0x2000aaec                        . = ALIGN (0x4)
                0x2000aaec                        __ram_text_end__ = .
                0x100002bc                        __ram_text_source__ = LOADADDR (.text)

.glue_7         0x2000aaec        0x0 load address 0x1000acb4
 .glue_7        0x2000aaec        0x0 linker stubs

.glue_7t        0x2000aaec        0x0 load address 0x1000acb4
 .glue_7t       0x2000aaec        0x0 linker stubs

.vfp11_veneer   0x2000aaec        0x0 load address 0x1000acb4
 .vfp11_veneer  0x2000aaec        0x0 linker stubs

.v4_bx          0x2000aaec        0x0 load address 0x1000acb4
 .v4_bx         0x2000aaec        0x0 linker stubs

.iplt           0x2000aaec        0x0 load address 0x1000acb4
 .iplt          0x2000aaec        0x0 CMakeFiles/okhi.dir/okhi.c.obj
                0x2000aaec                        . = ALIGN (0x4)

.xip_ram        0x15000000        0x0 load address 0x1000acb4
                0x15000000                        __xip_ram_start__ = .
                0x15000000                        . = ALIGN (0x4)
 *(.xip_ram*)
                0x15000000                        . = ALIGN (0x4)
                0x15000000                        __xip_ram_end__ = .
                0x1000acb4                        __xip_ram_source__ = LOADADDR (.xip_ram)

.data           0x2000aaf0     0x3728 load address 0x1000acb4
                0x2000aaf0                        __data_start__ = .
 *(vtable)
 *(.time_critical*)
 .time_critical.mutex_try_enter
                0x2000aaf0       0x4a CMakeFiles/okhi.dir/C_/Users/regue/.pico-sdk/sdk/2.3.0/src/common/pico_sync/mutex.c.obj
                0x2000aaf0                mutex_try_enter
 *fill*         0x2000ab3a        0x2 
 .time_critical.mutex_enter_block_until
                0x2000ab3c       0x7c CMakeFiles/okhi.dir/C_/Users/regue/.pico-sdk/sdk/2.3.0/src/common/pico_sync/mutex.c.obj
                0x2000ab3c                mutex_enter_block_until
 .time_critical.mutex_try_enter_block_until
                0x2000abb8       0x34 CMakeFiles/okhi.dir/C_/Users/regue/.pico-sdk/sdk/2.3.0/src/common/pico_sync/mutex.c.obj
                0x2000abb8                mutex_try_enter_block_until
 .time_critical.mutex_exit
                0x2000abec       0x4c CMakeFiles/okhi.dir/C_/Users/regue/.pico-sdk/sdk/2.3.0/src/common/pico_sync/mutex.c.obj
                0x2000abec                mutex_exit
 .time_critical.spi_write_read_blocking
                0x2000ac38       0x44 CMakeFiles/okhi.dir/C_/Users/regue/.pico-sdk/sdk/2.3.0/src/rp2_common/hardware_spi/spi.c.obj
                0x2000ac38                spi_write_read_blocking
 .time_critical.spi_write_blocking
                0x2000ac7c       0x3c CMakeFiles/okhi.dir/C_/Users/regue/.pico-sdk/sdk/2.3.0/src/rp2_common/hardware_spi/spi.c.obj
                0x2000ac7c                spi_write_blocking
 .time_critical.flash_init_boot2_copyout
                0x2000acb8       0x30 CMakeFiles/okhi.dir/C_/Users/regue/.pico-sdk/sdk/2.3.0/src/rp2_common/hardware_flash/flash.c.obj
 .time_critical.flash_enable_xip_via_boot2
                0x2000ace8        0xc CMakeFiles/okhi.dir/C_/Users/regue/.pico-sdk/sdk/2.3.0/src/rp2_common/hardware_flash/flash.c.obj
 .time_critical.flash_save_hardware_state
                0x2000acf4       0x24 CMakeFiles/okhi.dir/C_/Users/regue/.pico-sdk/sdk/2.3.0/src/rp2_common/hardware_flash/flash.c.obj
 .time_critical.flash_restore_hardware_state
                0x2000ad18       0x28 CMakeFiles/okhi.dir/C_/Users/regue/.pico-sdk/sdk/2.3.0/src/rp2_common/hardware_flash/flash.c.obj
 .time_critical.flash_range_erase
                0x2000ad40       0xc8 CMakeFiles/okhi.dir/C_/Users/regue/.pico-sdk/sdk/2.3.0/src/rp2_common/hardware_flash/flash.c.obj
                0x2000ad40                flash_range_erase
 .time_critical.flash_range_program
                0x2000ae08       0xc8 CMakeFiles/okhi.dir/C_/Users/regue/.pico-sdk/sdk/2.3.0/src/rp2_common/hardware_flash/flash.c.obj
                0x2000ae08                flash_range_program
 .time_critical.flash_do_cmd_cs
                0x2000aed0      0x104 CMakeFiles/okhi.dir/C_/Users/regue/.pico-sdk/sdk/2.3.0/src/rp2_common/hardware_flash/flash.c.obj
                0x2000aed0                flash_do_cmd_cs
                0x2000afd4                        . = ALIGN (0x4)
 *(.rodata*)
 .rodata.reasons.0
                0x2000afd4       0x28 CMakeFiles/okhi.dir/okhi.c.obj
 .rodata.table.7
                0x2000affc       0x40 CMakeFiles/okhi.dir/okhi.c.obj
 .rodata.modes.8
                0x2000b03c        0xc CMakeFiles/okhi.dir/okhi.c.obj
 .rodata.digits.11
                0x2000b048       0x11 CMakeFiles/okhi.dir/okhi.c.obj
 *fill*         0x2000b059        0x3 
 .rodata.crc5_usb_tab
                0x2000b05c      0x100 CMakeFiles/okhi.dir/okhi.c.obj
 .rodata.crc16_usb_tab
                0x2000b15c      0x200 CMakeFiles/okhi.dir/okhi.c.obj
 .rodata.st_switch_pins
                0x2000b35c       0x20 CMakeFiles/okhi.dir/okhi.c.obj
 .rodata.st_free_pins
                0x2000b37c       0x50 CMakeFiles/okhi.dir/okhi.c.obj
 .rodata.uart_bench_magic
                0x2000b3cc        0x4 CMakeFiles/okhi.dir/okhi.c.obj
 .rodata.uart_baud_ladder
                0x2000b3d0       0x34 CMakeFiles/okhi.dir/okhi.c.obj
 .rodata.spi_frame_magic
                0x2000b404        0x4 CMakeFiles/okhi.dir/okhi.c.obj
 .rodata.tar_pio1_program
                0x2000b408        0x8 CMakeFiles/okhi.dir/okhi.c.obj
 .rodata.tar_pio1_program_instructions
                0x2000b410       0x28 CMakeFiles/okhi.dir/okhi.c.obj
 .rodata.tar_lowsp_pio0_program
                0x2000b438        0x8 CMakeFiles/okhi.dir/okhi.c.obj
 .rodata.tar_lowsp_pio0_program_instructions
                0x2000b440       0x40 CMakeFiles/okhi.dir/okhi.c.obj
 .rodata        0x2000b480     0x184c CMakeFiles/okhi.dir/okhi.c.obj
 .rodata.gpio_set_irq_enabled.str1.4
                0x2000cccc      0xb41 CMakeFiles/okhi.dir/C_/Users/regue/.pico-sdk/sdk/2.3.0/src/rp2_common/hardware_gpio/gpio.c.obj
                                 0x73 (size before relaxing)
 *fill*         0x2000d80d        0x3 
 .rodata.__func__.4
                0x2000d810       0x15 CMakeFiles/okhi.dir/C_/Users/regue/.pico-sdk/sdk/2.3.0/src/rp2_common/hardware_gpio/gpio.c.obj
 .rodata.panic.str1.4
                0x2000d825        0x0 CMakeFiles/okhi.dir/C_/Users/regue/.pico-sdk/sdk/2.3.0/src/rp2_common/pico_platform_panic/panic.c.obj
                                 0x11 (size before relaxing)
 .rodata.hw_claim_clear.str1.4
                0x2000d825        0x0 CMakeFiles/okhi.dir/C_/Users/regue/.pico-sdk/sdk/2.3.0/src/common/hardware_claim/claim.c.obj
                                 0x65 (size before relaxing)
 *fill*         0x2000d825        0x3 
 .rodata.__func__.0
                0x2000d828        0xf CMakeFiles/okhi.dir/C_/Users/regue/.pico-sdk/sdk/2.3.0/src/common/hardware_claim/claim.c.obj
 .rodata.resolve_j_16.str1.4
                0x2000d837        0x0 CMakeFiles/okhi.dir/C_/Users/regue/.pico-sdk/sdk/2.3.0/src/rp2_common/hardware_irq/irq.c.obj
                                 0x5d (size before relaxing)
 .rodata.make_j_16.str1.4
                0x2000d837        0x0 CMakeFiles/okhi.dir/C_/Users/regue/.pico-sdk/sdk/2.3.0/src/rp2_common/hardware_irq/irq.c.obj
                                 0x30 (size before relaxing)
 .rodata.insert_bl_32.str1.4
                0x2000d837        0x0 CMakeFiles/okhi.dir/C_/Users/regue/.pico-sdk/sdk/2.3.0/src/rp2_common/hardware_irq/irq.c.obj
                                 0x10 (size before relaxing)
 .rodata.irq_set_exclusive_handler.str1.4