Archive member included to satisfy reference by file (symbol)

C:/Users/regue/.pico-sdk/toolchain/15_2_Rel1/bin/../lib/gcc/arm-none-eabi/15.2.1/thumb/v6-m/nofp\libgcc.a(_dvmd_tls.o)
                              CMakeFiles/okhi.dir/C_/Users/regue/.pico-sdk/sdk/2.3.0/src/rp2_common/pico_divider/divider_hardware.S.obj (__aeabi_idiv0)
C:/Users/regue/.pico-sdk/toolchain/15_2_Rel1/bin/../lib/gcc/arm-none-eabi/15.2.1/../../../../arm-none-eabi/lib/thumb/v6-m/nofp\libg.a(libc_a-calloc.o)
                              CMakeFiles/okhi.dir/C_/Users/regue/.pico-sdk/sdk/2.3.0/src/rp2_common/pico_malloc/malloc.c.obj (calloc)
C:/Users/regue/.pico-sdk/toolchain/15_2_Rel1/bin/../lib/gcc/arm-none-eabi/15.2.1/../../../../arm-none-eabi/lib/thumb/v6-m/nofp\libg.a(libc_a-callocr.o)
                              C:/Users/regue/.pico-sdk/toolchain/15_2_Rel1/bin/../lib/gcc/arm-none-eabi/15.2.1/../../../../arm-none-eabi/lib/thumb/v6-m/nofp\libg.a(libc_a-calloc.o) (_calloc_r)
C:/Users/regue/.pico-sdk/toolchain/15_2_Rel1/bin/../lib/gcc/arm-none-eabi/15.2.1/../../../../arm-none-eabi/lib/thumb/v6-m/nofp\libg.a(libc_a-malloc.o)
                              CMakeFiles/okhi.dir/C_/Users/regue/.pico-sdk/sdk/2.3.0/src/rp2_common/pico_malloc/malloc.c.obj (malloc)
C:/Users/regue/.pico-sdk/toolchain/15_2_Rel1/bin/../lib/gcc/arm-none-eabi/15.2.1/../../../../arm-none-eabi/lib/thumb/v6-m/nofp\libg.a(libc_a-mallocr.o)
                              C:/Users/regue/.pico-sdk/toolchain/15_2_Rel1/bin/../lib/gcc/arm-none-eabi/15.2.1/../../../../arm-none-eabi/lib/thumb/v6-m/nofp\libg.a(libc_a-callocr.o) (_malloc_r)
C:/Users/regue/.pico-sdk/toolchain/15_2_Rel1/bin/../lib/gcc/arm-none-eabi/15.2.1/../../../../arm-none-eabi/lib/thumb/v6-m/nofp\libg.a(libc_a-mlock.o)
                              C:/Users/regue/.pico-sdk/toolchain/15_2_Rel1/bin/../lib/gcc/arm-none-eabi/15.2.1/../../../../arm-none-eabi/lib/thumb/v6-m/nofp\libg.a(libc_a-mallocr.o) (__malloc_lock)
C:/Users/regue/.pico-sdk/toolchain/15_2_Rel1/bin/../lib/gcc/arm-none-eabi/15.2.1/../../../../arm-none-eabi/lib/thumb/v6-m/nofp\libg.a(libc_a-realloc.o)
                              CMakeFiles/okhi.dir/C_/Users/regue/.pico-sdk/sdk/2.3.0/src/rp2_common/pico_malloc/malloc.c.obj (realloc)
C:/Users/regue/.pico-sdk/toolchain/15_2_Rel1/bin/../lib/gcc/arm-none-eabi/15.2.1/../../../../arm-none-eabi/lib/thumb/v6-m/nofp\libg.a(libc_a-reallocr.o)
                              C:/Users/regue/.pico-sdk/toolchain/15_2_Rel1/bin/../lib/gcc/arm-none-eabi/15.2.1/../../../../arm-none-eabi/lib/thumb/v6-m/nofp\libg.a(libc_a-realloc.o) (_realloc_r)
C:/Users/regue/.pico-sdk/toolchain/15_2_Rel1/bin/../lib/gcc/arm-none-eabi/15.2.1/../../../../arm-none-eabi/lib/thumb/v6-m/nofp\libg.a(libc_a-fflush.o)
                              CMakeFiles/okhi.dir/okhi.c.obj (fflush)
C:/Users/regue/.pico-sdk/toolchain/15_2_Rel1/bin/../lib/gcc/arm-none-eabi/15.2.1/../../../../arm-none-eabi/lib/thumb/v6-m/nofp\libg.a(libc_a-findfp.o)
                              C:/Users/regue/.pico-sdk/toolchain/15_2_Rel1/bin/../lib/gcc/arm-none-eabi/15.2.1/../../../../arm-none-eabi/lib/thumb/v6-m/nofp\libg.a(libc_a-fflush.o) (__sglue)
C:/Users/regue/.pico-sdk/toolchain/15_2_Rel1/bin/../lib/gcc/arm-none-eabi/15.2.1/../../../../arm-none-eabi/lib/thumb/v6-m/nofp\libg.a(libc_a-fwalk.o)
                              C:/Users/regue/.pico-sdk/toolchain/15_2_Rel1/bin/../lib/gcc/arm-none-eabi/15.2.1/../../../../arm-none-eabi/lib/thumb/v6-m/nofp\libg.a(libc_a-fflush.o) (_fwalk_sglue)
C:/Users/regue/.pico-sdk/toolchain/15_2_Rel1/bin/../lib/gcc/arm-none-eabi/15.2.1/../../../../arm-none-eabi/lib/thumb/v6-m/nofp\libg.a(libc_a-stdio.o)
                              C:/Users/regue/.pico-sdk/toolchain/15_2_Rel1/bin/../lib/gcc/arm-none-eabi/15.2.1/../../../../arm-none-eabi/lib/thumb/v6-m/nofp\libg.a(libc_a-findfp.o) (__sread)
C:/Users/regue/.pico-sdk/toolchain/15_2_Rel1/bin/../lib/gcc/arm-none-eabi/15.2.1/../../../../arm-none-eabi/lib/thumb/v6-m/nofp\libg.a(libc_a-memcmp.o)
                              CMakeFiles/okhi.dir/okhi.c.obj (memcmp)
C:/Users/regue/.pico-sdk/toolchain/15_2_Rel1/bin/../lib/gcc/arm-none-eabi/15.2.1/../../../../arm-none-eabi/lib/thumb/v6-m/nofp\libg.a(libc_a-memmove.o)
                              C:/Users/regue/.pico-sdk/toolchain/15_2_Rel1/bin/../lib/gcc/arm-none-eabi/15.2.1/../../../../arm-none-eabi/lib/thumb/v6-m/nofp\libg.a(libc_a-reallocr.o) (memmove)
C:/Users/regue/.pico-sdk/toolchain/15_2_Rel1/bin/../lib/gcc/arm-none-eabi/15.2.1/../../../../arm-none-eabi/lib/thumb/v6-m/nofp\libg.a(libc_a-lcltime_r.o)
                              CMakeFiles/okhi.dir/C_/Users/regue/.pico-sdk/sdk/2.3.0/src/common/pico_util/datetime.c.obj (localtime_r)
C:/Users/regue/.pico-sdk/toolchain/15_2_Rel1/bin/../lib/gcc/arm-none-eabi/15.2.1/../../../../arm-none-eabi/lib/thumb/v6-m/nofp\libg.a(libc_a-mktime.o)
                              CMakeFiles/okhi.dir/C_/Users/regue/.pico-sdk/sdk/2.3.0/src/common/pico_util/datetime.c.obj (mktime)
[...]
Memory Configuration

Name             Origin             Length             Attributes
FLASH            0x10000000         0x00200000         xr
XIP_RAM          0x15000000         0x00004000         xrw
RAM              0x20000000         0x00040000         xrw
SCRATCH_X        0x20040000         0x00001000         xrw
SCRATCH_Y        0x20041000         0x00001000         xrw
*default*        0x00000000         0xffffffff

Linker script and memory map

                0x20000000                        RAM_ORIGIN_DEFAULT = 0x20000000
                0x00040000                        RAM_LENGTH_DEFAULT = 0x40000
                0x20040000                        SCRATCH_X_ORIGIN_DEFAULT = 0x20040000
                0x00001000                        SCRATCH_X_LENGTH_DEFAULT = 0x1000
                0x20041000                        SCRATCH_Y_ORIGIN_DEFAULT = 0x20041000
                0x00001000                        SCRATCH_Y_LENGTH_DEFAULT = 0x1000
                0x15000000                        XIP_RAM_ORIGIN_DEFAULT = 0x15000000
                0x00004000                        XIP_RAM_LENGTH_DEFAULT = 0x4000
LOAD CMakeFiles/okhi.dir/okhi.c.obj
LOAD CMakeFiles/okhi.dir/C_/Users/regue/.pico-sdk/sdk/2.3.0/src/rp2_common/pico_stdlib/stdlib.c.obj
LOAD CMakeFiles/okhi.dir/C_/Users/regue/.pico-sdk/sdk/2.3.0/src/rp2_common/hardware_gpio/gpio.c.obj
LOAD CMakeFiles/okhi.dir/C_/Users/regue/.pico-sdk/sdk/2.3.0/src/rp2040/pico_platform/platform.c.obj
LOAD CMakeFiles/okhi.dir/C_/Users/regue/.pico-sdk/sdk/2.3.0/src/rp2_common/pico_platform_common/common.c.obj
LOAD CMakeFiles/okhi.dir/C_/Users/regue/.pico-sdk/sdk/2.3.0/src/rp2_common/pico_platform_panic/panic.c.obj
LOAD CMakeFiles/okhi.dir/C_/Users/regue/.pico-sdk/sdk/2.3.0/src/rp2_common/pico_platform_panic/custom_panic_function.S.obj
LOAD CMakeFiles/okhi.dir/C_/Users/regue/.pico-sdk/sdk/2.3.0/src/common/hardware_claim/claim.c.obj
LOAD CMakeFiles/okhi.dir/C_/Users/regue/.pico-sdk/sdk/2.3.0/src/rp2_common/hardware_sync/sync.c.obj
LOAD CMakeFiles/okhi.dir/C_/Users/regue/.pico-sdk/sdk/2.3.0/src/rp2_common/hardware_sync_spin_lock/sync_spin_lock.c.obj
LOAD CMakeFiles/okhi.dir/C_/Users/regue/.pico-sdk/sdk/2.3.0/src/rp2_common/hardware_irq/irq.c.obj
LOAD CMakeFiles/okhi.dir/C_/Users/regue/.pico-sdk/sdk/2.3.0/src/rp2_common/hardware_irq/irq_handler_chain.S.obj
LOAD CMakeFiles/okhi.dir/C_/Users/regue/.pico-sdk/sdk/2.3.0/src/common/pico_sync/sem.c.obj
LOAD CMakeFiles/okhi.dir/C_/Users/regue/.pico-sdk/sdk/2.3.0/src/common/pico_sync/lock_core.c.obj
LOAD CMakeFiles/okhi.dir/C_/Users/regue/.pico-sdk/sdk/2.3.0/src/common/pico_sync/mutex.c.obj
LOAD CMakeFiles/okhi.dir/C_/Users/regue/.pico-sdk/sdk/2.3.0/src/common/pico_sync/critical_section.c.obj
LOAD CMakeFiles/okhi.dir/C_/Users/regue/.pico-sdk/sdk/2.3.0/src/common/pico_time/time.c.obj
LOAD CMakeFiles/okhi.dir/C_/Users/regue/.pico-sdk/sdk/2.3.0/src/common/pico_time/timeout_helper.c.obj
LOAD CMakeFiles/okhi.dir/C_/Users/regue/.pico-sdk/sdk/2.3.0/src/rp2_common/hardware_timer/timer.c.obj
LOAD CMakeFiles/okhi.dir/C_/Users/regue/.pico-sdk/sdk/2.3.0/src/common/pico_util/datetime.c.obj
LOAD CMakeFiles/okhi.dir/C_/Users/regue/.pico-sdk/sdk/2.3.0/src/common/pico_util/fixed_bitset.c.obj
LOAD CMakeFiles/okhi.dir/C_/Users/regue/.pico-sdk/sdk/2.3.0/src/common/pico_util/pheap.c.obj
LOAD CMakeFiles/okhi.dir/C_/Users/regue/.pico-sdk/sdk/2.3.0/src/common/pico_util/queue.c.obj
LOAD CMakeFiles/okhi.dir/C_/Users/regue/.pico-sdk/sdk/2.3.0/src/rp2_common/hardware_uart/uart.c.obj
LOAD CMakeFiles/okhi.dir/C_/Users/regue/.pico-sdk/sdk/2.3.0/src/rp2_common/hardware_clocks/clocks.c.obj
LOAD CMakeFiles/okhi.dir/C_/Users/regue/.pico-sdk/sdk/2.3.0/src/rp2_common/hardware_pll/pll.c.obj
LOAD CMakeFiles/okhi.dir/C_/Users/regue/.pico-sdk/sdk/2.3.0/src/rp2_common/hardware_vreg/vreg.c.obj
LOAD CMakeFiles/okhi.dir/C_/Users/regue/.pico-sdk/sdk/2.3.0/src/rp2_common/hardware_watchdog/watchdog.c.obj
LOAD CMakeFiles/okhi.dir/C_/Users/regue/.pico-sdk/sdk/2.3.0/src/rp2_common/hardware_ticks/ticks.c.obj
LOAD CMakeFiles/okhi.dir/C_/Users/regue/.pico-sdk/sdk/2.3.0/src/rp2_common/pico_bootrom/bootrom.c.obj
LOAD CMakeFiles/okhi.dir/C_/Users/regue/.pico-sdk/sdk/2.3.0/src/rp2_common/pico_bootrom/bootrom_lock.c.obj
LOAD CMakeFiles/okhi.dir/C_/Users/regue/.pico-sdk/sdk/2.3.0/src/rp2_common/hardware_boot_lock/boot_lock.c.obj
LOAD CMakeFiles/okhi.dir/C_/Users/regue/.pico-sdk/sdk/2.3.0/src/rp2_common/pico_flash/flash.c.obj
LOAD CMakeFiles/okhi.dir/C_/Users/regue/.pico-sdk/sdk/2.3.0/src/rp2_common/hardware_xosc/xosc.c.obj
LOAD CMakeFiles/okhi.dir/C_/Users/regue/.pico-sdk/sdk/2.3.0/src/rp2_common/hardware_divider/divider.S.obj
LOAD CMakeFiles/okhi.dir/C_/Users/regue/.pico-sdk/sdk/2.3.0/src/rp2_common/pico_runtime/runtime.c.obj
LOAD CMakeFiles/okhi.dir/C_/Users/regue/.pico-sdk/sdk/2.3.0/src/rp2_common/pico_runtime_init/runtime_init.c.obj
LOAD CMakeFiles/okhi.dir/C_/Users/regue/.pico-sdk/sdk/2.3.0/src/rp2_common/pico_runtime_init/runtime_init_clocks.c.obj
LOAD CMakeFiles/okhi.dir/C_/Users/regue/.pico-sdk/sdk/2.3.0/src/rp2_common/pico_runtime_init/runtime_init_stack_guard.c.obj
LOAD CMakeFiles/okhi.dir/C_/Users/regue/.pico-sdk/sdk/2.3.0/src/rp2_common/hardware_rtc/rtc.c.obj
LOAD CMakeFiles/okhi.dir/C_/Users/regue/.pico-sdk/sdk/2.3.0/src/rp2_common/pico_bit_ops/bit_ops_aeabi.S.obj
LOAD CMakeFiles/okhi.dir/C_/Users/regue/.pico-sdk/sdk/2.3.0/src/rp2_common/pico_divider/divider_hardware.S.obj
LOAD CMakeFiles/okhi.dir/C_/Users/regue/.pico-sdk/sdk/2.3.0/src/rp2_common/pico_double/double_aeabi_rp2040.S.obj
LOAD CMakeFiles/okhi.dir/C_/Users/regue/.pico-sdk/sdk/2.3.0/src/rp2_common/pico_double/double_init_rom_rp2040.c.obj
LOAD CMakeFiles/okhi.dir/C_/Users/regue/.pico-sdk/sdk/2.3.0/src/rp2_common/pico_double/double_math.c.obj
LOAD CMakeFiles/okhi.dir/C_/Users/regue/.pico-sdk/sdk/2.3.0/src/rp2_common/pico_double/double_v1_rom_shim_rp2040.S.obj
LOAD CMakeFiles/okhi.dir/C_/Users/regue/.pico-sdk/sdk/2.3.0/src/rp2_common/pico_int64_ops/pico_int64_ops_aeabi.S.obj
LOAD CMakeFiles/okhi.dir/C_/Users/regue/.pico-sdk/sdk/2.3.0/src/rp2_common/pico_float/float_aeabi_rp2040.S.obj
LOAD CMakeFiles/okhi.dir/C_/Users/regue/.pico-sdk/sdk/2.3.0/src/rp2_common/pico_float/float_init_rom_rp2040.c.obj
LOAD CMakeFiles/okhi.dir/C_/Users/regue/.pico-sdk/sdk/2.3.0/src/rp2_common/pico_float/float_math.c.obj
LOAD CMakeFiles/okhi.dir/C_/Users/regue/.pico-sdk/sdk/2.3.0/src/rp2_common/pico_float/float_v1_rom_shim_rp2040.S.obj
LOAD CMakeFiles/okhi.dir/C_/Users/regue/.pico-sdk/sdk/2.3.0/src/rp2_common/pico_malloc/malloc.c.obj
LOAD CMakeFiles/okhi.dir/C_/Users/regue/.pico-sdk/sdk/2.3.0/src/rp2_common/pico_mem_ops/mem_ops_aeabi.S.obj
LOAD CMakeFiles/okhi.dir/C_/Users/regue/.pico-sdk/sdk/2.3.0/src/rp2_common/pico_atomic/atomic.c.obj
LOAD CMakeFiles/okhi.dir/C_/Users/regue/.pico-sdk/sdk/2.3.0/src/rp2_common/pico_cxx_options/new_delete.cpp.obj
LOAD CMakeFiles/okhi.dir/C_/Users/regue/.pico-sdk/sdk/2.3.0/src/rp2_common/pico_standard_binary_info/standard_binary_info.c.obj
LOAD CMakeFiles/okhi.dir/C_/Users/regue/.pico-sdk/sdk/2.3.0/src/rp2_common/pico_printf/printf.c.obj
LOAD CMakeFiles/okhi.dir/C_/Users/regue/.pico-sdk/sdk/2.3.0/src/rp2_common/pico_crt0/crt0.S.obj
LOAD CMakeFiles/okhi.dir/C_/Users/regue/.pico-sdk/sdk/2.3.0/src/rp2_common/pico_clib_interface/newlib_interface.c.obj
LOAD CMakeFiles/okhi.dir/C_/Users/regue/.pico-sdk/sdk/2.3.0/src/rp2_common/pico_clib_interface/cxa_guard.c.obj
LOAD CMakeFiles/okhi.dir/C_/Users/regue/.pico-sdk/sdk/2.3.0/src/rp2_common/pico_stdio/stdio.c.obj
LOAD CMakeFiles/okhi.dir/C_/Users/regue/.pico-sdk/sdk/2.3.0/src/rp2_common/pico_stdio_uart/stdio_uart.c.obj
LOAD CMakeFiles/okhi.dir/C_/Users/regue/.pico-sdk/sdk/2.3.0/src/rp2_common/pico_thread_local/thread_local.c.obj
LOAD CMakeFiles/okhi.dir/C_/Users/regue/.pico-sdk/sdk/2.3.0/src/rp2_common/pico_multicore/multicore.c.obj
LOAD CMakeFiles/okhi.dir/C_/Users/regue/.pico-sdk/sdk/2.3.0/src/rp2_common/hardware_pio/pio.c.obj
LOAD CMakeFiles/okhi.dir/C_/Users/regue/.pico-sdk/sdk/2.3.0/src/rp2_common/hardware_spi/spi.c.obj
LOAD CMakeFiles/okhi.dir/C_/Users/regue/.pico-sdk/sdk/2.3.0/src/rp2_common/hardware_flash/flash.c.obj
LOAD CMakeFiles/okhi.dir/C_/Users/regue/.pico-sdk/sdk/2.3.0/src/rp2_common/hardware_xip_cache/xip_cache.c.obj
LOAD CMakeFiles/okhi.dir/C_/Users/regue/.pico-sdk/sdk/2.3.0/src/rp2_common/hardware_adc/adc.c.obj
LOAD pico-sdk/src/rp2040/boot_stage2/CMakeFiles/bs2_default_library.dir/./bs2_default_padded_checksummed.S.obj
LOAD C:/Users/regue/.pico-sdk/toolchain/15_2_Rel1/bin/../lib/gcc/arm-none-eabi/15.2.1/../../../../arm-none-eabi/lib/thumb/v6-m/nofp\libstdc++.a
LOAD C:/Users/regue/.pico-sdk/toolchain/15_2_Rel1/bin/../lib/gcc/arm-none-eabi/15.2.1/../../../../arm-none-eabi/lib/thumb/v6-m/nofp\libm.a
START GROUP
LOAD C:/Users/regue/.pico-sdk/toolchain/15_2_Rel1/bin/../lib/gcc/arm-none-eabi/15.2.1/thumb/v6-m/nofp\libgcc.a
LOAD C:/Users/regue/.pico-sdk/toolchain/15_2_Rel1/bin/../lib/gcc/arm-none-eabi/15.2.1/../../../../arm-none-eabi/lib/thumb/v6-m/nofp\libg.a
LOAD C:/Users/regue/.pico-sdk/toolchain/15_2_Rel1/bin/../lib/gcc/arm-none-eabi/15.2.1/../../../../arm-none-eabi/lib/thumb/v6-m/nofp\libc.a
END GROUP
                0x20000000                        PROVIDE (RAM_ORIGIN = RAM_ORIGIN_DEFAULT)
                0x00040000                        PROVIDE (RAM_LENGTH = RAM_LENGTH_DEFAULT)
                0x20040000                        PROVIDE (SCRATCH_X_ORIGIN = SCRATCH_X_ORIGIN_DEFAULT)
                0x00001000                        PROVIDE (SCRATCH_X_LENGTH = SCRATCH_X_LENGTH_DEFAULT)
                0x20041000                        PROVIDE (SCRATCH_Y_ORIGIN = SCRATCH_Y_ORIGIN_DEFAULT)
                0x00001000                        PROVIDE (SCRATCH_Y_LENGTH = SCRATCH_Y_LENGTH_DEFAULT)
                0x15000000                        PROVIDE (XIP_RAM_ORIGIN = XIP_RAM_ORIGIN_DEFAULT)
                0x00004000                        PROVIDE (XIP_RAM_LENGTH = XIP_RAM_LENGTH_DEFAULT)
                0x20000000                        RAM_ORIGIN = DEFINED (RAM_ORIGIN)?RAM_ORIGIN:RAM_ORIGIN_DEFAULT
                0x00040000                        RAM_LENGTH = DEFINED (RAM_LENGTH)?RAM_LENGTH:RAM_LENGTH_DEFAULT
                0x20040000                        SCRATCH_X_ORIGIN = DEFINED (SCRATCH_X_ORIGIN)?SCRATCH_X_ORIGIN:SCRATCH_X_ORIGIN_DEFAULT
                0x00001000                        SCRATCH_X_LENGTH = DEFINED (SCRATCH_X_LENGTH)?SCRATCH_X_LENGTH:SCRATCH_X_LENGTH_DEFAULT
                0x20041000                        SCRATCH_Y_ORIGIN = DEFINED (SCRATCH_Y_ORIGIN)?SCRATCH_Y_ORIGIN:SCRATCH_Y_ORIGIN_DEFAULT
                0x00001000                        SCRATCH_Y_LENGTH = DEFINED (SCRATCH_Y_LENGTH)?SCRATCH_Y_LENGTH:SCRATCH_Y_LENGTH_DEFAULT
                0x15000000                        XIP_RAM_ORIGIN = DEFINED (XIP_RAM_ORIGIN)?XIP_RAM_ORIGIN:XIP_RAM_ORIGIN_DEFAULT
                0x00004000                        XIP_RAM_LENGTH = DEFINED (XIP_RAM_LENGTH)?XIP_RAM_LENGTH:XIP_RAM_LENGTH_DEFAULT

.flash_begin    0x10000000        0x0
                0x10000000                        __flash_binary_start = .

.boot2          0x10000000      0x100
                0x10000000                        __boot2_start__ = .
 *(.boot2)
 .boot2         0x10000000      0x100 pico-sdk/src/rp2040/boot_stage2/CMakeFiles/bs2_default_library.dir/./bs2_default_padded_checksummed.S.obj
                0x10000100                        __boot2_end__ = .
                0x00000001                        ASSERT (((__boot2_end__ - __boot2_start__) == 0x100), ERROR: Pico second stage bootloader must be exactly 256 bytes in size for RP2040)

.flashtext      0x10000100      0x18c
                0x10000100                        __logical_binary_start = .
 *(.vectors)
 .vectors       0x10000100       0xd4 CMakeFiles/okhi.dir/C_/Users/regue/.pico-sdk/sdk/2.3.0/src/rp2_common/pico_crt0/crt0.S.obj
                0x10000100                __VECTOR_TABLE
                0x10000100                __vectors
                0x100001c0                isr_irq13
                0x100001c0                isr_irq27
                0x100001c0                isr_irq31
                0x100001c0                isr_irq12
                0x100001c0                isr_irq5
                0x100001c0                isr_irq11
                0x100001c0                isr_irq3
                0x100001c0                isr_irq23
                0x100001c0                __unhandled_user_irq
                0x100001c0                isr_irq26
                0x100001c0                isr_irq28
                0x100001c0                isr_irq19
                0x100001c0                isr_irq0
                0x100001c0                isr_irq6
                0x100001c0                isr_irq29
                0x100001c0                isr_irq16
                0x100001c0                isr_irq22
                0x100001c0                isr_irq18
                0x100001c0                isr_irq17
                0x100001c0                isr_irq14
                0x100001c0                __vectors_end
                0x100001c0                __default_isrs_start
                0x100001c0                isr_irq2
                0x100001c0                isr_irq10
                0x100001c0                isr_irq8
                0x100001c0                isr_irq24
                0x100001c0                isr_irq1
                0x100001c0                isr_irq7
                0x100001c0                isr_irq21
                0x100001c0                isr_irq20
                0x100001c0                isr_irq15
                0x100001c0                isr_irq25
                0x100001c0                isr_irq4
                0x100001c0                isr_irq30
                0x100001c0                isr_irq9
                0x100001c6                unhandled_user_irq_num_in_r0
                0x100001c8                isr_invalid
                0x100001ca                isr_nmi
                0x100001cc                isr_hardfault
                0x100001ce                isr_svcall
                0x100001d0                isr_pendsv
                0x100001d2                isr_systick
                0x100001d4                __default_isrs_end
 *(.binary_info_header)
 .binary_info_header
                0x100001d4       0x14 CMakeFiles/okhi.dir/C_/Users/regue/.pico-sdk/sdk/2.3.0/src/rp2_common/pico_crt0/crt0.S.obj
                0x100001e8                        __binary_info_header_end = .
 *(.embedded_block)
                0x100001e8                        __embedded_block_end = .
 *(.reset)
 .reset         0x100001e8       0xa4 CMakeFiles/okhi.dir/C_/Users/regue/.pico-sdk/sdk/2.3.0/src/rp2_common/pico_crt0/crt0.S.obj
                0x100001e8                _entry_point
                0x1000028c                        . = ALIGN (0x4)

.rodata         0x1000028c        0x0
 *(SORT_BY_ALIGNMENT(SORT_BY_NAME(.flashdata*)))
                0x1000028c                        . = ALIGN (0x4)

.ARM.extab
 *(.ARM.extab* .gnu.linkonce.armextab.*)
                0x1000028c                        __exidx_start = .

.ARM.exidx
 *(.ARM.exidx* .gnu.linkonce.armexidx.*)
                0x1000028c                        __exidx_end = .
                0x1000028c                        . = ALIGN (0x4)
                0x1000028c                        __binary_info_start = .

.binary_info    0x1000028c       0x30
 *(.binary_info.keep.*)
 .binary_info.keep.__bi_ptr94
                0x1000028c        0x4 CMakeFiles/okhi.dir/C_/Users/regue/.pico-sdk/sdk/2.3.0/src/rp2_common/pico_standard_binary_info/standard_binary_info.c.obj
 .binary_info.keep.__bi_ptr84
                0x10000290        0x4 CMakeFiles/okhi.dir/C_/Users/regue/.pico-sdk/sdk/2.3.0/src/rp2_common/pico_standard_binary_info/standard_binary_info.c.obj
 .binary_info.keep.__bi_ptr78
                0x10000294        0x4 CMakeFiles/okhi.dir/C_/Users/regue/.pico-sdk/sdk/2.3.0/src/rp2_common/pico_standard_binary_info/standard_binary_info.c.obj
 .binary_info.keep.__bi_ptr72
                0x10000298        0x4 CMakeFiles/okhi.dir/C_/Users/regue/.pico-sdk/sdk/2.3.0/src/rp2_common/pico_standard_binary_info/standard_binary_info.c.obj
 .binary_info.keep.__bi_ptr54
                0x1000029c        0x4 CMakeFiles/okhi.dir/C_/Users/regue/.pico-sdk/sdk/2.3.0/src/rp2_common/pico_standard_binary_info/standard_binary_info.c.obj
 .binary_info.keep.__bi_ptr48
                0x100002a0        0x4 CMakeFiles/okhi.dir/C_/Users/regue/.pico-sdk/sdk/2.3.0/src/rp2_common/pico_standard_binary_info/standard_binary_info.c.obj
 .binary_info.keep.__bi_ptr42
                0x100002a4        0x4 CMakeFiles/okhi.dir/C_/Users/regue/.pico-sdk/sdk/2.3.0/src/rp2_common/pico_standard_binary_info/standard_binary_info.c.obj
 .binary_info.keep.__bi_ptr34
                0x100002a8        0x4 CMakeFiles/okhi.dir/C_/Users/regue/.pico-sdk/sdk/2.3.0/src/rp2_common/pico_standard_binary_info/standard_binary_info.c.obj
 .binary_info.keep.__bi_ptr26
                0x100002ac        0x4 CMakeFiles/okhi.dir/C_/Users/regue/.pico-sdk/sdk/2.3.0/src/rp2_common/pico_standard_binary_info/standard_binary_info.c.obj
 *(.binary_info.*)
 .binary_info.__bi_ptr50
                0x100002b0        0x4 CMakeFiles/okhi.dir/C_/Users/regue/.pico-sdk/sdk/2.3.0/src/rp2_common/pico_stdio_uart/stdio_uart.c.obj
 .binary_info.__bi_ptr49
                0x100002b4        0x4 CMakeFiles/okhi.dir/C_/Users/regue/.pico-sdk/sdk/2.3.0/src/rp2_common/pico_stdio_uart/stdio_uart.c.obj
 .binary_info.__bi_ptr45
                0x100002b8        0x4 CMakeFiles/okhi.dir/C_/Users/regue/.pico-sdk/sdk/2.3.0/src/rp2_common/pico_stdio_uart/stdio_uart.c.obj
                0x100002bc                        __binary_info_end = .
                0x100002bc                        . = ALIGN (0x4)

.ram_vector_table
                0x20000000       0xc0
 *(.ram_vector_table)
 .ram_vector_table
                0x20000000       0xc0 CMakeFiles/okhi.dir/C_/Users/regue/.pico-sdk/sdk/2.3.0/src/rp2_common/pico_runtime_init/runtime_init.c.obj
                0x20000000                ram_vector_table

.uninitialized_data
                0x200000c0        0x4
                0x200000c0                        . = ALIGN (0x4)
 *(.uninitialized_data*)
 .uninitialized_data
                0x200000c0        0x4 CMakeFiles/okhi.dir/okhi.c.obj
                0x200000c0                wait_20

.text           0x200000c4     0x7db4 load address 0x100002bc
                0x200000c4                        __ram_text_start__ = .
 *(.init)
 *(.text*)
 .text.sm_config_set_clkdiv
                0x200000c4       0x44 CMakeFiles/okhi.dir/okhi.c.obj
 .text.pio_get_default_sm_config
                0x20000108       0x28 CMakeFiles/okhi.dir/okhi.c.obj
 .text.uart_set_irqs_enabled
                0x20000130       0x4c CMakeFiles/okhi.dir/okhi.c.obj
 .text.tar_lowsp_pio0_program_get_default_config
                0x2000017c       0x28 CMakeFiles/okhi.dir/okhi.c.obj
 .text.tar_pio1_program_get_default_config
                0x200001a4       0x28 CMakeFiles/okhi.dir/okhi.c.obj
 .text.get_start_free_flash_space_addr
                0x200001cc        0xc CMakeFiles/okhi.dir/okhi.c.obj
 .text.get_flash_end_address
                0x200001d8        0x6 CMakeFiles/okhi.dir/okhi.c.obj
 .text.get_free_flash_space
                0x200001de       0x10 CMakeFiles/okhi.dir/okhi.c.obj
 *fill*         0x200001ee        0x2 
 .text.bootsel_pressed_safely
                0x200001f0       0x64 CMakeFiles/okhi.dir/okhi.c.obj
 .text.crc32_update
                0x20000254       0x38 CMakeFiles/okhi.dir/okhi.c.obj
 .text.crc32_buffer
                0x2000028c       0x12 CMakeFiles/okhi.dir/okhi.c.obj
 .text.crc32_flash_region
                0x2000029e       0x10 CMakeFiles/okhi.dir/okhi.c.obj
 *fill*         0x200002ae        0x2 
 .text.ota_app_size
                0x200002b0       0x14 CMakeFiles/okhi.dir/okhi.c.obj
 .text.ota_meta_valid
                0x200002c4       0x28 CMakeFiles/okhi.dir/okhi.c.obj
 .text.spi_get_u32
                0x200002ec       0x18 CMakeFiles/okhi.dir/okhi.c.obj
 .text.spi_frame_is_silent
                0x20000304       0x1c CMakeFiles/okhi.dir/okhi.c.obj
 .text.capture_limit_value
                0x20000320        0x8 CMakeFiles/okhi.dir/okhi.c.obj
 .text.crc16_usb
                0x20000328       0x30 CMakeFiles/okhi.dir/okhi.c.obj
 .text.crc5_usb
                0x20000358       0x20 CMakeFiles/okhi.dir/okhi.c.obj
 .text.handle_folding
                0x20000378       0x90 CMakeFiles/okhi.dir/okhi.c.obj
 .text.process_packet
                0x20000408      0x1f8 CMakeFiles/okhi.dir/okhi.c.obj
 .text.start_time
                0x20000600       0x30 CMakeFiles/okhi.dir/okhi.c.obj
 .text.esp_link_master_init
                0x20000630       0x16 CMakeFiles/okhi.dir/okhi.c.obj
 *fill*         0x20000646        0x2 
 .text.gpio_callback
                0x20000648       0x54 CMakeFiles/okhi.dir/okhi.c.obj
                0x20000648                gpio_callback
 .text.pio1_irq
                0x2000069c       0x48 CMakeFiles/okhi.dir/okhi.c.obj
                0x2000069c                pio1_irq
 .text.pio0_irq
                0x200006e4       0x44 CMakeFiles/okhi.dir/okhi.c.obj
                0x200006e4                pio0_irq
 .text.process_buffer
                0x20000728      0x15c CMakeFiles/okhi.dir/okhi.c.obj
 .text.esp_link_uart_init
                0x20000884       0x80 CMakeFiles/okhi.dir/okhi.c.obj
 .text.init_esp_seq
                0x20000904       0x44 CMakeFiles/okhi.dir/okhi.c.obj
 .text.print_g_fold_count
                0x20000948       0x44 CMakeFiles/okhi.dir/okhi.c.obj
 .text.report_flash_layout
                0x2000098c       0x24 CMakeFiles/okhi.dir/okhi.c.obj
 .text.my_spi_write_blocking
                0x200009b0       0xfc CMakeFiles/okhi.dir/okhi.c.obj
 .text.my_spi_to_esp_write_blocking
                0x20000aac       0x26 CMakeFiles/okhi.dir/okhi.c.obj
 *fill*         0x20000ad2        0x2 
 .text.print_packet
                0x20000ad4      0x210 CMakeFiles/okhi.dir/okhi.c.obj
 .text.display_buffer
                0x20000ce4      0x178 CMakeFiles/okhi.dir/okhi.c.obj
 .text.wait_esp_ready
                0x20000e5c       0x34 CMakeFiles/okhi.dir/okhi.c.obj
 .text.reinit_dbuff
                0x20000e90       0x20 CMakeFiles/okhi.dir/okhi.c.obj
 .text.spi_build_control
                0x20000eb0       0x6c CMakeFiles/okhi.dir/okhi.c.obj
 .text.ota_meta_read
                0x20000f1c       0x10 CMakeFiles/okhi.dir/okhi.c.obj
 .text.report_ota_state
                0x20000f2c       0x8c CMakeFiles/okhi.dir/okhi.c.obj
 .text.my_spi_write_read_blocking
                0x20000fb8      0x104 CMakeFiles/okhi.dir/okhi.c.obj
 .text.my_spi_to_esp_xfer_blocking
                0x200010bc       0x42 CMakeFiles/okhi.dir/okhi.c.obj
 *fill*         0x200010fe        0x2 
 .text.spi_find_frame
                0x20001100       0x34 CMakeFiles/okhi.dir/okhi.c.obj
 .text.poll_esp
                0x20001134      0x148 CMakeFiles/okhi.dir/okhi.c.obj
 .text.ota_fetch_block
                0x2000127c       0x94 CMakeFiles/okhi.dir/okhi.c.obj
 .text.ota_run_bench
                0x20001310       0xbc CMakeFiles/okhi.dir/okhi.c.obj
 .text.capture_note_idle
                0x200013cc       0x6c CMakeFiles/okhi.dir/okhi.c.obj
 .text.capture_note_traffic
                0x20001438       0x2c CMakeFiles/okhi.dir/okhi.c.obj
 .text.ota_meta_write
                0x20001464       0x60 CMakeFiles/okhi.dir/okhi.c.obj
 .text.ota_mark_healthy
                0x200014c4       0x38 CMakeFiles/okhi.dir/okhi.c.obj
 .text.ota_flash_sector
                0x200014fc       0x48 CMakeFiles/okhi.dir/okhi.c.obj
 .text.ota_copy_region
                0x20001544       0x98 CMakeFiles/okhi.dir/okhi.c.obj
 .text.ota_commit_staged_image
                0x200015dc      0x140 CMakeFiles/okhi.dir/okhi.c.obj
 .text.read_flash_jedec_id
                0x2000171c       0x48 CMakeFiles/okhi.dir/okhi.c.obj
 .text.get_detected_flash_size
                0x20001764       0x34 CMakeFiles/okhi.dir/okhi.c.obj
 .text.ota_map_fits_flash
                0x20001798       0x14 CMakeFiles/okhi.dir/okhi.c.obj
 .text.ota_receive_rp_image_if_offered
                0x200017ac      0x1ec CMakeFiles/okhi.dir/okhi.c.obj
 .text.poll_esp_if_due
                0x20001998      0x2b4 CMakeFiles/okhi.dir/okhi.c.obj
 .text.ota_boot_check
                0x20001c4c      0x15c CMakeFiles/okhi.dir/okhi.c.obj
 .text.report_flash_size
                0x20001da8       0x88 CMakeFiles/okhi.dir/okhi.c.obj
 .text.report_packets_sent
                0x20001e30       0xe0 CMakeFiles/okhi.dir/okhi.c.obj
 .text.core1_main
                0x20001f10       0x48 CMakeFiles/okhi.dir/okhi.c.obj
                0x20001f10                core1_main
 .text.blink_led
                0x20001f58       0x50 CMakeFiles/okhi.dir/okhi.c.obj
 .text.boot_press
                0x20001fa8       0x2c CMakeFiles/okhi.dir/okhi.c.obj
 .text.set_sys_clock_khz
                0x20001fd4       0x3c CMakeFiles/okhi.dir/okhi.c.obj
 .text.delay_boot_if_esp_reset_detected
                0x20002010       0x38 CMakeFiles/okhi.dir/okhi.c.obj
 .text.get_pin_state
                0x20002048       0x6c CMakeFiles/okhi.dir/okhi.c.obj
 .text.detect_hw_version
                0x200020b4       0x80 CMakeFiles/okhi.dir/okhi.c.obj
 .text.init_ver
                0x20002134      0x120 CMakeFiles/okhi.dir/okhi.c.obj
 .text.rp_board_boot_init
                0x20002254       0x5a CMakeFiles/okhi.dir/okhi.c.obj
 *fill*         0x200022ae        0x2 
 .text.rp_spi_master_init
                0x200022b0       0x7c CMakeFiles/okhi.dir/okhi.c.obj
 .text.free_all_pio_state_machines
                0x2000232c       0x26 CMakeFiles/okhi.dir/okhi.c.obj
 *fill*         0x20002352        0x2 
 .text.pio_destroy
                0x20002354       0x28 CMakeFiles/okhi.dir/okhi.c.obj
 .text.adc_gpio_init
                0x2000237c       0x1e CMakeFiles/okhi.dir/okhi.c.obj
 *fill*         0x2000239a        0x2 
 .text.init_seq
                0x2000239c       0xf4 CMakeFiles/okhi.dir/okhi.c.obj
 .text.main     0x20002490      0x4d8 CMakeFiles/okhi.dir/okhi.c.obj
                0x20002490                main
 .text.gpio_default_irq_handler
                0x20002968       0xa4 CMakeFiles/okhi.dir/C_/Users/regue/.pico-sdk/sdk/2.3.0/src/rp2_common/hardware_gpio/gpio.c.obj
 .text._gpio_set_irq_enabled
                0x20002a0c       0x40 CMakeFiles/okhi.dir/C_/Users/regue/.pico-sdk/sdk/2.3.0/src/rp2_common/hardware_gpio/gpio.c.obj
 .text.gpio_set_function
                0x20002a4c       0x34 CMakeFiles/okhi.dir/C_/Users/regue/.pico-sdk/sdk/2.3.0/src/rp2_common/hardware_gpio/gpio.c.obj
                0x20002a4c                gpio_set_function
 .text.gpio_set_pulls
                0x20002a80       0x34 CMakeFiles/okhi.dir/C_/Users/regue/.pico-sdk/sdk/2.3.0/src/rp2_common/hardware_gpio/gpio.c.obj
                0x20002a80                gpio_set_pulls
 .text.gpio_set_irq_enabled
                0x20002ab4       0x50 CMakeFiles/okhi.dir/C_/Users/regue/.pico-sdk/sdk/2.3.0/src/rp2_common/hardware_gpio/gpio.c.obj
                0x20002ab4                gpio_set_irq_enabled
 .text.gpio_set_irq_callback
                0x20002b04       0x48 CMakeFiles/okhi.dir/C_/Users/regue/.pico-sdk/sdk/2.3.0/src/rp2_common/hardware_gpio/gpio.c.obj
                0x20002b04                gpio_set_irq_callback
 .text.gpio_set_irq_enabled_with_callback
                0x20002b4c       0x36 CMakeFiles/okhi.dir/C_/Users/regue/.pico-sdk/sdk/2.3.0/src/rp2_common/hardware_gpio/gpio.c.obj
                0x20002b4c                gpio_set_irq_enabled_with_callback
 *fill*         0x20002b82        0x2 
 .text.gpio_set_input_enabled
                0x20002b84       0x28 CMakeFiles/okhi.dir/C_/Users/regue/.pico-sdk/sdk/2.3.0/src/rp2_common/hardware_gpio/gpio.c.obj
                0x20002b84                gpio_set_input_enabled
 .text.gpio_init
                0x20002bac       0x16 CMakeFiles/okhi.dir/C_/Users/regue/.pico-sdk/sdk/2.3.0/src/rp2_common/hardware_gpio/gpio.c.obj
                0x20002bac                gpio_init
 .text.gpio_deinit
                0x20002bc2        0xa CMakeFiles/okhi.dir/C_/Users/regue/.pico-sdk/sdk/2.3.0/src/rp2_common/hardware_gpio/gpio.c.obj
                0x20002bc2                gpio_deinit
 .text.panic    0x20002bcc       0x30 CMakeFiles/okhi.dir/C_/Users/regue/.pico-sdk/sdk/2.3.0/src/rp2_common/pico_platform_panic/panic.c.obj
                0x20002bcc                panic
 .text.hw_claim_lock
                0x20002bfc       0x18 CMakeFiles/okhi.dir/C_/Users/regue/.pico-sdk/sdk/2.3.0/src/common/hardware_claim/claim.c.obj
                0x20002bfc                hw_claim_lock
 .text.hw_claim_unlock
                0x20002c14       0x14 CMakeFiles/okhi.dir/C_/Users/regue/.pico-sdk/sdk/2.3.0/src/common/hardware_claim/claim.c.obj
                0x20002c14                hw_claim_unlock
 .text.hw_is_claimed
                0x20002c28       0x16 CMakeFiles/okhi.dir/C_/Users/regue/.pico-sdk/sdk/2.3.0/src/common/hardware_claim/claim.c.obj
                0x20002c28                hw_is_claimed
 .text.hw_claim_or_assert
                0x20002c3e       0x36 CMakeFiles/okhi.dir/C_/Users/regue/.pico-sdk/sdk/2.3.0/src/common/hardware_claim/claim.c.obj
                0x20002c3e                hw_claim_or_assert
 .text.hw_claim_unused_from_range
                0x20002c74       0x50 CMakeFiles/okhi.dir/C_/Users/regue/.pico-sdk/sdk/2.3.0/src/common/hardware_claim/claim.c.obj
                0x20002c74                hw_claim_unused_from_range
 .text.hw_claim_clear
                0x20002cc4       0x44 CMakeFiles/okhi.dir/C_/Users/regue/.pico-sdk/sdk/2.3.0/src/common/hardware_claim/claim.c.obj
                0x20002cc4                hw_claim_clear
 .text.next_striped_spin_lock_num
                0x20002d08       0x1c CMakeFiles/okhi.dir/C_/Users/regue/.pico-sdk/sdk/2.3.0/src/rp2_common/hardware_sync/sync.c.obj
                0x20002d08                next_striped_spin_lock_num
 .text.spin_locks_reset
                0x20002d24       0x20 CMakeFiles/okhi.dir/C_/Users/regue/.pico-sdk/sdk/2.3.0/src/rp2_common/hardware_sync_spin_lock/sync_spin_lock.c.obj
                0x20002d24                spin_locks_reset
 .text.set_raw_irq_handler_and_unlock
                0x20002d44       0x28 CMakeFiles/okhi.dir/C_/Users/regue/.pico-sdk/sdk/2.3.0/src/rp2_common/hardware_irq/irq.c.obj
 .text.nvic_ipr0
                0x20002d6c        0x8 CMakeFiles/okhi.dir/C_/Users/regue/.pico-sdk/sdk/2.3.0/src/rp2_common/hardware_irq/irq.c.obj
 .text.runtime_init_per_core_irq_priorities
                0x20002d74       0x1c CMakeFiles/okhi.dir/C_/Users/regue/.pico-sdk/sdk/2.3.0/src/rp2_common/hardware_irq/irq.c.obj
                0x20002d74                runtime_init_per_core_irq_priorities
 .text.resolve_j_16
                0x20002d90       0x30 CMakeFiles/okhi.dir/C_/Users/regue/.pico-sdk/sdk/2.3.0/src/rp2_common/hardware_irq/irq.c.obj
 .text.make_j_16
                0x20002dc0       0x48 CMakeFiles/okhi.dir/C_/Users/regue/.pico-sdk/sdk/2.3.0/src/rp2_common/hardware_irq/irq.c.obj
 .text.insert_bl_32
                0x20002e08       0x40 CMakeFiles/okhi.dir/C_/Users/regue/.pico-sdk/sdk/2.3.0/src/rp2_common/hardware_irq/irq.c.obj
 .text.irq_is_enabled
                0x20002e48       0x18 CMakeFiles/okhi.dir/C_/Users/regue/.pico-sdk/sdk/2.3.0/src/rp2_common/hardware_irq/irq.c.obj
                0x20002e48                irq_is_enabled
 .text.irq_set_mask_n_enabled
                0x20002e60       0x1c CMakeFiles/okhi.dir/C_/Users/regue/.pico-sdk/sdk/2.3.0/src/rp2_common/hardware_irq/irq.c.obj
                0x20002e60                irq_set_mask_n_enabled
 .text.irq_set_enabled
                0x20002e7c       0x14 CMakeFiles/okhi.dir/C_/Users/regue/.pico-sdk/sdk/2.3.0/src/rp2_common/hardware_irq/irq.c.obj
                0x20002e7c                irq_set_enabled
 .text.irq_get_vtable_handler
                0x20002e90       0x10 CMakeFiles/okhi.dir/C_/Users/regue/.pico-sdk/sdk/2.3.0/src/rp2_common/hardware_irq/irq.c.obj
                0x20002e90                irq_get_vtable_handler
 .text.irq_has_handler
                0x20002ea0       0x1c CMakeFiles/okhi.dir/C_/Users/regue/.pico-sdk/sdk/2.3.0/src/rp2_common/hardware_irq/irq.c.obj
                0x20002ea0                irq_has_handler
 .text.irq_set_exclusive_handler
                0x20002ebc       0x58 CMakeFiles/okhi.dir/C_/Users/regue/.pico-sdk/sdk/2.3.0/src/rp2_common/hardware_irq/irq.c.obj
                0x20002ebc                irq_set_exclusive_handler
 .text.irq_add_shared_handler
                0x20002f14      0x218 CMakeFiles/okhi.dir/C_/Users/regue/.pico-sdk/sdk/2.3.0/src/rp2_common/hardware_irq/irq.c.obj
                0x20002f14                irq_add_shared_handler
 .text.irq_remove_handler
                0x2000312c      0x18c CMakeFiles/okhi.dir/C_/Users/regue/.pico-sdk/sdk/2.3.0/src/rp2_common/hardware_irq/irq.c.obj
                0x2000312c                irq_remove_handler
 .text.irq_add_tail_to_free_list
                0x200032b8       0xf8 CMakeFiles/okhi.dir/C_/Users/regue/.pico-sdk/sdk/2.3.0/src/rp2_common/hardware_irq/irq.c.obj
                0x200032b8                irq_add_tail_to_free_list
 .text.lock_init
                0x200033b0       0x10 CMakeFiles/okhi.dir/C_/Users/regue/.pico-sdk/sdk/2.3.0/src/common/pico_sync/lock_core.c.obj
                0x200033b0                lock_init
 .text.mutex_init
                0x200033c0       0x1a CMakeFiles/okhi.dir/C_/Users/regue/.pico-sdk/sdk/2.3.0/src/common/pico_sync/mutex.c.obj
                0x200033c0                mutex_init
 .text.recursive_mutex_init
                0x200033da       0x1e CMakeFiles/okhi.dir/C_/Users/regue/.pico-sdk/sdk/2.3.0/src/common/pico_sync/mutex.c.obj
                0x200033da                recursive_mutex_init
 .text.runtime_init_mutex
                0x200033f8       0x4c CMakeFiles/okhi.dir/C_/Users/regue/.pico-sdk/sdk/2.3.0/src/common/pico_sync/mutex.c.obj
                0x200033f8                runtime_init_mutex
 .text.ta_set_timeout
                0x20003444       0x28 CMakeFiles/okhi.dir/C_/Users/regue/.pico-sdk/sdk/2.3.0/src/common/pico_time/time.c.obj
 .text.make_alarm_id
                0x2000346c        0x6 CMakeFiles/okhi.dir/C_/Users/regue/.pico-sdk/sdk/2.3.0/src/common/pico_time/time.c.obj
 *fill*         0x20003472        0x2 
 .text.sleep_until_callback
                0x20003474       0x30 CMakeFiles/okhi.dir/C_/Users/regue/.pico-sdk/sdk/2.3.0/src/common/pico_time/time.c.obj
 .text.alarm_pool_irq_handler
                0x200034a4      0x2f4 CMakeFiles/okhi.dir/C_/Users/regue/.pico-sdk/sdk/2.3.0/src/common/pico_time/time.c.obj
 .text.ta_enable_irq_handler
                0x20003798       0x2c CMakeFiles/okhi.dir/C_/Users/regue/.pico-sdk/sdk/2.3.0/src/common/pico_time/time.c.obj
 .text.alarm_pool_post_alloc_init
                0x200037c4       0x68 CMakeFiles/okhi.dir/C_/Users/regue/.pico-sdk/sdk/2.3.0/src/common/pico_time/time.c.obj
 .text.alarm_pool_get_default
                0x2000382c       0x2c CMakeFiles/okhi.dir/C_/Users/regue/.pico-sdk/sdk/2.3.0/src/common/pico_time/time.c.obj
                0x2000382c                alarm_pool_get_default
 .text.alarm_pool_add_alarm_at_force_in_context
                0x20003858       0xa4 CMakeFiles/okhi.dir/C_/Users/regue/.pico-sdk/sdk/2.3.0/src/common/pico_time/time.c.obj
                0x20003858                alarm_pool_add_alarm_at_force_in_context
 .text.alarm_pool_add_alarm_at
                0x200038fc       0x3c CMakeFiles/okhi.dir/C_/Users/regue/.pico-sdk/sdk/2.3.0/src/common/pico_time/time.c.obj
                0x200038fc                alarm_pool_add_alarm_at
 .text.add_alarm_at
                0x20003938       0x2e CMakeFiles/okhi.dir/C_/Users/regue/.pico-sdk/sdk/2.3.0/src/common/pico_time/time.c.obj
 *fill*         0x20003966        0x2 
 .text.alarm_pool_cancel_alarm
                0x20003968       0x7c CMakeFiles/okhi.dir/C_/Users/regue/.pico-sdk/sdk/2.3.0/src/common/pico_time/time.c.obj
                0x20003968                alarm_pool_cancel_alarm
 .text.cancel_alarm
                0x200039e4       0x10 CMakeFiles/okhi.dir/C_/Users/regue/.pico-sdk/sdk/2.3.0/src/common/pico_time/time.c.obj
 .text.sleep_until
                0x200039f4       0xb0 CMakeFiles/okhi.dir/C_/Users/regue/.pico-sdk/sdk/2.3.0/src/common/pico_time/time.c.obj
                0x200039f4                sleep_until
 .text.sleep_us
                0x20003aa4       0x2c CMakeFiles/okhi.dir/C_/Users/regue/.pico-sdk/sdk/2.3.0/src/common/pico_time/time.c.obj
                0x20003aa4                sleep_us
 .text.sleep_ms
                0x20003ad0       0x14 CMakeFiles/okhi.dir/C_/Users/regue/.pico-sdk/sdk/2.3.0/src/common/pico_time/time.c.obj
                0x20003ad0                sleep_ms
 .text.best_effort_wfe_or_timeout
                0x20003ae4      0x140 CMakeFiles/okhi.dir/C_/Users/regue/.pico-sdk/sdk/2.3.0/src/common/pico_time/time.c.obj
                0x20003ae4                best_effort_wfe_or_timeout
 .text.alarm_pool_get_default_timer
                0x20003c24        0x8 CMakeFiles/okhi.dir/C_/Users/regue/.pico-sdk/sdk/2.3.0/src/common/pico_time/time.c.obj
                0x20003c24                alarm_pool_get_default_timer
 .text.runtime_init_default_alarm_pool
                0x20003c2c       0x38 CMakeFiles/okhi.dir/C_/Users/regue/.pico-sdk/sdk/2.3.0/src/common/pico_time/time.c.obj
                0x20003c2c                runtime_init_default_alarm_pool
 .text.timer_hardware_alarm_claim
                0x20003c64       0x14 CMakeFiles/okhi.dir/C_/Users/regue/.pico-sdk/sdk/2.3.0/src/rp2_common/hardware_timer/timer.c.obj
                0x20003c64                timer_hardware_alarm_claim
 .text.timer_time_us_64
                0x20003c78       0x10 CMakeFiles/okhi.dir/C_/Users/regue/.pico-sdk/sdk/2.3.0/src/rp2_common/hardware_timer/timer.c.obj
                0x20003c78                timer_time_us_64
 .text.timer_busy_wait_until
                0x20003c88       0x1a CMakeFiles/okhi.dir/C_/Users/regue/.pico-sdk/sdk/2.3.0/src/rp2_common/hardware_timer/timer.c.obj
                0x20003c88                timer_busy_wait_until
 .text.timer_busy_wait_us
                0x20003ca2       0x34 CMakeFiles/okhi.dir/C_/Users/regue/.pico-sdk/sdk/2.3.0/src/rp2_common/hardware_timer/timer.c.obj
                0x20003ca2                timer_busy_wait_us
 *fill*         0x20003cd6        0x2 
 .text.time_us_64
                0x20003cd8       0x10 CMakeFiles/okhi.dir/C_/Users/regue/.pico-sdk/sdk/2.3.0/src/rp2_common/hardware_timer/timer.c.obj
                0x20003cd8                time_us_64
 .text.busy_wait_us
                0x20003ce8       0x14 CMakeFiles/okhi.dir/C_/Users/regue/.pico-sdk/sdk/2.3.0/src/rp2_common/hardware_timer/timer.c.obj
                0x20003ce8                busy_wait_us
 .text.timer_busy_wait_us_32
                0x20003cfc       0x1c CMakeFiles/okhi.dir/C_/Users/regue/.pico-sdk/sdk/2.3.0/src/rp2_common/hardware_timer/timer.c.obj
                0x20003cfc                timer_busy_wait_us_32
 .text.busy_wait_us_32
                0x20003d18       0x10 CMakeFiles/okhi.dir/C_/Users/regue/.pico-sdk/sdk/2.3.0/src/rp2_common/hardware_timer/timer.c.obj
                0x20003d18                busy_wait_us_32
 .text.busy_wait_until
                0x20003d28       0x14 CMakeFiles/okhi.dir/C_/Users/regue/.pico-sdk/sdk/2.3.0/src/rp2_common/hardware_timer/timer.c.obj
                0x20003d28                busy_wait_until
 .text.uart_unreset
                0x20003d3c       0x2c CMakeFiles/okhi.dir/C_/Users/regue/.pico-sdk/sdk/2.3.0/src/rp2_common/hardware_uart/uart.c.obj
 .text.uart_disable_before_lcr_write
                0x20003d68       0x48 CMakeFiles/okhi.dir/C_/Users/regue/.pico-sdk/sdk/2.3.0/src/rp2_common/hardware_uart/uart.c.obj
 .text.uart_write_lcr_bits_masked
                0x20003db0       0x28 CMakeFiles/okhi.dir/C_/Users/regue/.pico-sdk/sdk/2.3.0/src/rp2_common/hardware_uart/uart.c.obj
 .text.uart_set_baudrate
                0x20003dd8       0x5c CMakeFiles/okhi.dir/C_/Users/regue/.pico-sdk/sdk/2.3.0/src/rp2_common/hardware_uart/uart.c.obj
                0x20003dd8                uart_set_baudrate
 .text.uart_set_format
                0x20003e34       0x2c CMakeFiles/okhi.dir/C_/Users/regue/.pico-sdk/sdk/2.3.0/src/rp2_common/hardware_uart/uart.c.obj
                0x20003e34                uart_set_format
 .text.uart_set_fifo_enabled
                0x20003e60       0x10 CMakeFiles/okhi.dir/C_/Users/regue/.pico-sdk/sdk/2.3.0/src/rp2_common/hardware_uart/uart.c.obj
                0x20003e60                uart_set_fifo_enabled
 .text.uart_set_translate_crlf
                0x20003e70       0x28 CMakeFiles/okhi.dir/C_/Users/regue/.pico-sdk/sdk/2.3.0/src/rp2_common/hardware_uart/uart.c.obj
                0x20003e70                uart_set_translate_crlf
 .text.uart_init
                0x20003e98       0x64 CMakeFiles/okhi.dir/C_/Users/regue/.pico-sdk/sdk/2.3.0/src/rp2_common/hardware_uart/uart.c.obj
                0x20003e98                uart_init
 .text.clock_configure_internal
                0x20003efc       0xc0 CMakeFiles/okhi.dir/C_/Users/regue/.pico-sdk/sdk/2.3.0/src/rp2_common/hardware_clocks/clocks.c.obj
 .text.clock_configure_int_divider
                0x20003fbc       0x28 CMakeFiles/okhi.dir/C_/Users/regue/.pico-sdk/sdk/2.3.0/src/rp2_common/hardware_clocks/clocks.c.obj
                0x20003fbc                clock_configure_int_divider
 .text.clock_configure_undivided
                0x20003fe4       0x12 CMakeFiles/okhi.dir/C_/Users/regue/.pico-sdk/sdk/2.3.0/src/rp2_common/hardware_clocks/clocks.c.obj
                0x20003fe4                clock_configure_undivided
 *fill*         0x20003ff6        0x2 
 .text.clock_get_hz
                0x20003ff8        0xc CMakeFiles/okhi.dir/C_/Users/regue/.pico-sdk/sdk/2.3.0/src/rp2_common/hardware_clocks/clocks.c.obj
                0x20003ff8                clock_get_hz
 .text.set_sys_clock_pll
                0x20004004       0x68 CMakeFiles/okhi.dir/C_/Users/regue/.pico-sdk/sdk/2.3.0/src/rp2_common/hardware_clocks/clocks.c.obj
                0x20004004                set_sys_clock_pll
 .text.check_sys_clock_khz
                0x2000406c       0xa4 CMakeFiles/okhi.dir/C_/Users/regue/.pico-sdk/sdk/2.3.0/src/rp2_common/hardware_clocks/clocks.c.obj
                0x2000406c                check_sys_clock_khz
 .text.pll_init
                0x20004110      0x124 CMakeFiles/okhi.dir/C_/Users/regue/.pico-sdk/sdk/2.3.0/src/rp2_common/hardware_pll/pll.c.obj
                0x20004110                pll_init
 .text.watchdog_update
                0x20004234       0x14 CMakeFiles/okhi.dir/C_/Users/regue/.pico-sdk/sdk/2.3.0/src/rp2_common/hardware_watchdog/watchdog.c.obj
                0x20004234                watchdog_update
 .text._watchdog_enable
                0x20004248       0x78 CMakeFiles/okhi.dir/C_/Users/regue/.pico-sdk/sdk/2.3.0/src/rp2_common/hardware_watchdog/watchdog.c.obj
                0x20004248                _watchdog_enable
 .text.watchdog_enable
                0x200042c0       0x18 CMakeFiles/okhi.dir/C_/Users/regue/.pico-sdk/sdk/2.3.0/src/rp2_common/hardware_watchdog/watchdog.c.obj
                0x200042c0                watchdog_enable
 .text.watchdog_disable
                0x200042d8       0x10 CMakeFiles/okhi.dir/C_/Users/regue/.pico-sdk/sdk/2.3.0/src/rp2_common/hardware_watchdog/watchdog.c.obj
                0x200042d8                watchdog_disable
 .text.watchdog_reboot
                0x200042e8       0x48 CMakeFiles/okhi.dir/C_/Users/regue/.pico-sdk/sdk/2.3.0/src/rp2_common/hardware_watchdog/watchdog.c.obj
                0x200042e8                watchdog_reboot
 .text.watchdog_caused_reboot
                0x20004330       0x10 CMakeFiles/okhi.dir/C_/Users/regue/.pico-sdk/sdk/2.3.0/src/rp2_common/hardware_watchdog/watchdog.c.obj
                0x20004330                watchdog_caused_reboot
 .text.tick_start
                0x20004340       0x10 CMakeFiles/okhi.dir/C_/Users/regue/.pico-sdk/sdk/2.3.0/src/rp2_common/hardware_ticks/ticks.c.obj
                0x20004340                tick_start
 .text.rom_func_lookup
                0x20004350       0x10 CMakeFiles/okhi.dir/C_/Users/regue/.pico-sdk/sdk/2.3.0/src/rp2_common/pico_bootrom/bootrom.c.obj
                0x20004350                rom_func_lookup
 .text.rom_data_lookup
                0x20004360       0x10 CMakeFiles/okhi.dir/C_/Users/regue/.pico-sdk/sdk/2.3.0/src/rp2_common/pico_bootrom/bootrom.c.obj
                0x20004360                rom_data_lookup
 .text.rom_funcs_lookup
                0x20004370       0x36 CMakeFiles/okhi.dir/C_/Users/regue/.pico-sdk/sdk/2.3.0/src/rp2_common/pico_bootrom/bootrom.c.obj
                0x20004370                rom_funcs_lookup
 *fill*         0x200043a6        0x2 
 .text.rom_reset_usb_boot
                0x200043a8       0x18 CMakeFiles/okhi.dir/C_/Users/regue/.pico-sdk/sdk/2.3.0/src/rp2_common/pico_bootrom/bootrom.c.obj
                0x200043a8                rom_reset_usb_boot
 .text.xosc_init
                0x200043c0       0x2c CMakeFiles/okhi.dir/C_/Users/regue/.pico-sdk/sdk/2.3.0/src/rp2_common/hardware_xosc/xosc.c.obj
                0x200043c0                xosc_init
 .text.runtime_run_initializers_from
                0x200043ec       0x18 CMakeFiles/okhi.dir/C_/Users/regue/.pico-sdk/sdk/2.3.0/src/rp2_common/pico_runtime/runtime.c.obj
 .text.first_per_core_initializer
                0x20004404        0x2 CMakeFiles/okhi.dir/C_/Users/regue/.pico-sdk/sdk/2.3.0/src/rp2_common/pico_runtime/runtime.c.obj
 *fill*         0x20004406        0x2 
 .text.runtime_run_initializers
                0x20004408       0x10 CMakeFiles/okhi.dir/C_/Users/regue/.pico-sdk/sdk/2.3.0/src/rp2_common/pico_runtime/runtime.c.obj
                0x20004408                runtime_run_initializers
 .text.runtime_run_per_core_initializers
                0x20004418       0x10 CMakeFiles/okhi.dir/C_/Users/regue/.pico-sdk/sdk/2.3.0/src/rp2_common/pico_runtime/runtime.c.obj
                0x20004418                runtime_run_per_core_initializers
 .text.runtime_init_early_resets
                0x20004428       0x2c CMakeFiles/okhi.dir/C_/Users/regue/.pico-sdk/sdk/2.3.0/src/rp2_common/pico_runtime_init/runtime_init.c.obj
                0x20004428                runtime_init_early_resets
 .text.runtime_init_usb_power_down
                0x20004454       0x1c CMakeFiles/okhi.dir/C_/Users/regue/.pico-sdk/sdk/2.3.0/src/rp2_common/pico_runtime_init/runtime_init.c.obj
                0x20004454                runtime_init_usb_power_down
 .text.runtime_init_post_clock_resets
                0x20004470       0x20 CMakeFiles/okhi.dir/C_/Users/regue/.pico-sdk/sdk/2.3.0/src/rp2_common/pico_runtime_init/runtime_init.c.obj
                0x20004470                runtime_init_post_clock_resets
 .text.runtime_init_rp2040_gpio_ie_disable
                0x20004490       0x14 CMakeFiles/okhi.dir/C_/Users/regue/.pico-sdk/sdk/2.3.0/src/rp2_common/pico_runtime_init/runtime_init.c.obj
                0x20004490                runtime_init_rp2040_gpio_ie_disable
 .text.runtime_init_spin_locks_reset
                0x200044a4        0x8 CMakeFiles/okhi.dir/C_/Users/regue/.pico-sdk/sdk/2.3.0/src/rp2_common/pico_runtime_init/runtime_init.c.obj
                0x200044a4                runtime_init_spin_locks_reset
 .text.runtime_init_install_ram_vector_table
                0x200044ac       0x48 CMakeFiles/okhi.dir/C_/Users/regue/.pico-sdk/sdk/2.3.0/src/rp2_common/pico_runtime_init/runtime_init.c.obj
                0x200044ac                runtime_init_install_ram_vector_table
 .text.start_all_ticks
                0x200044f4       0x28 CMakeFiles/okhi.dir/C_/Users/regue/.pico-sdk/sdk/2.3.0/src/rp2_common/pico_runtime_init/runtime_init_clocks.c.obj
 .text.runtime_init_clocks
                0x2000451c       0xcc CMakeFiles/okhi.dir/C_/Users/regue/.pico-sdk/sdk/2.3.0/src/rp2_common/pico_runtime_init/runtime_init_clocks.c.obj
                0x2000451c                runtime_init_clocks
 .text          0x200045e8       0x10 CMakeFiles/okhi.dir/C_/Users/regue/.pico-sdk/sdk/2.3.0/src/rp2_common/pico_bit_ops/bit_ops_aeabi.S.obj
 .text.__wrap___aeabi_idiv
                0x200045f8       0x50 CMakeFiles/okhi.dir/C_/Users/regue/.pico-sdk/sdk/2.3.0/src/rp2_common/pico_divider/divider_hardware.S.obj
                0x200045f8                __wrap___aeabi_idivmod
                0x200045f8                divmod_s32s32
                0x200045f8                div_s32s32
                0x200045f8                __wrap___aeabi_idiv
                0x2000462c                divmod_s32s32_savestate
 .text.__wrap___aeabi_uidiv
                0x20004648       0x4c CMakeFiles/okhi.dir/C_/Users/regue/.pico-sdk/sdk/2.3.0/src/rp2_common/pico_divider/divider_hardware.S.obj
                0x20004648                __wrap___aeabi_uidivmod
                0x20004648                div_u32u32
                0x20004648                divmod_u32u32
                0x20004648                __wrap___aeabi_uidiv
                0x20004678                divmod_u32u32_savestate
 .text.__wrap___aeabi_ldiv
                0x20004694      0x424 CMakeFiles/okhi.dir/C_/Users/regue/.pico-sdk/sdk/2.3.0/src/rp2_common/pico_divider/divider_hardware.S.obj
                0x20004694                div_s64s64
                0x20004694                divmod_s64s64
                0x20004694                __wrap___aeabi_ldivmod
                0x200046c4                divmod_u64u64
                0x200046c4                div_u64u64
                0x200046c4                __wrap___aeabi_uldivmod
                0x200046d4                divmod_u64u64_savestate
                0x200046f4                divmod_s64s64_unsafe
                0x2000477c                divmod_u64u64_unsafe
 .text.__wrap___aeabi_darithmetic
                0x20004ab8       0x80 CMakeFiles/okhi.dir/C_/Users/regue/.pico-sdk/sdk/2.3.0/src/rp2_common/pico_double/double_aeabi_rp2040.S.obj
                0x20004ab8                __wrap___aeabi_drsub
                0x20004abe                __wrap___aeabi_dsub
                0x20004ad0                __wrap___aeabi_dadd
                0x20004ae2                __wrap___aeabi_ddiv
                0x20004b1e                __wrap___aeabi_dmul
 .text.__wrap___aeabi_cdcmple
                0x20004b38       0x6c CMakeFiles/okhi.dir/C_/Users/regue/.pico-sdk/sdk/2.3.0/src/rp2_common/pico_double/double_aeabi_rp2040.S.obj
                0x20004b38                __wrap___aeabi_cdrcmple
                0x20004b48                __wrap___aeabi_cdcmpeq
                0x20004b48                __wrap___aeabi_cdcmple
 .text.__wrap___aeabi_dcmplt
                0x20004ba4        0xc CMakeFiles/okhi.dir/C_/Users/regue/.pico-sdk/sdk/2.3.0/src/rp2_common/pico_double/double_aeabi_rp2040.S.obj
                0x20004ba4                __wrap___aeabi_dcmplt
 .text.__wrap___aeabi_dcmple
                0x20004bb0       0x10 CMakeFiles/okhi.dir/C_/Users/regue/.pico-sdk/sdk/2.3.0/src/rp2_common/pico_double/double_aeabi_rp2040.S.obj
                0x20004bb0                __wrap___aeabi_dcmple
 .text.__wrap___aeabi_dcmpge
                0x20004bc0       0x10 CMakeFiles/okhi.dir/C_/Users/regue/.pico-sdk/sdk/2.3.0/src/rp2_common/pico_double/double_aeabi_rp2040.S.obj
                0x20004bc0                __wrap___aeabi_dcmpge
 .text.__wrap___aeabi_dcmpgt
                0x20004bd0        0xa CMakeFiles/okhi.dir/C_/Users/regue/.pico-sdk/sdk/2.3.0/src/rp2_common/pico_double/double_aeabi_rp2040.S.obj
                0x20004bd0                __wrap___aeabi_dcmpgt
 .text.__wrap___aeabi_dcmpun
                0x20004bda       0x18 CMakeFiles/okhi.dir/C_/Users/regue/.pico-sdk/sdk/2.3.0/src/rp2_common/pico_double/double_aeabi_rp2040.S.obj
                0x20004bda                __wrap___aeabi_dcmpun
 *fill*         0x20004bf2        0x2 
 .text.__wrap___aeabi_i2d
                0x20004bf4       0x38 CMakeFiles/okhi.dir/C_/Users/regue/.pico-sdk/sdk/2.3.0/src/rp2_common/pico_double/double_aeabi_rp2040.S.obj
                0x20004bf4                uint2double
                0x20004bf4                __wrap___aeabi_ui2d
                0x20004bfc                int2double
                0x20004bfc                __wrap___aeabi_i2d
 .text.__wrap___aeabi_d2iz
                0x20004c2c       0x48 CMakeFiles/okhi.dir/C_/Users/regue/.pico-sdk/sdk/2.3.0/src/rp2_common/pico_double/double_aeabi_rp2040.S.obj
                0x20004c2c                double2int_z
                0x20004c2c                __wrap___aeabi_d2iz
 .text.__wrap___aeabi_d2uiz
                0x20004c74       0x18 CMakeFiles/okhi.dir/C_/Users/regue/.pico-sdk/sdk/2.3.0/src/rp2_common/pico_double/double_aeabi_rp2040.S.obj
                0x20004c74                double2uint
                0x20004c74                __wrap___aeabi_d2uiz
                0x20004c74                double2uint_z
 .text.__aeabi_double_init
                0x20004c8c       0xcc CMakeFiles/okhi.dir/C_/Users/regue/.pico-sdk/sdk/2.3.0/src/rp2_common/pico_double/double_init_rom_rp2040.c.obj
                0x20004c8c                __aeabi_double_init
 .text.double_table_shim_on_use_helper
                0x20004d58       0x34 CMakeFiles/okhi.dir/C_/Users/regue/.pico-sdk/sdk/2.3.0/src/rp2_common/pico_double/double_v1_rom_shim_rp2040.S.obj
                0x20004d58                double_table_shim_on_use_helper
 .text.__wrap___aeabi_dsub
                0x20004d8c       0x10 CMakeFiles/okhi.dir/C_/Users/regue/.pico-sdk/sdk/2.3.0/src/rp2_common/pico_double/double_v1_rom_shim_rp2040.S.obj
                0x20004d8c                drsub_shim
                0x20004d92                dsub_shim
 .text.dadd_shim
                0x20004d9c      0x15c CMakeFiles/okhi.dir/C_/Users/regue/.pico-sdk/sdk/2.3.0/src/rp2_common/pico_double/double_v1_rom_shim_rp2040.S.obj
                0x20004d9c                dadd_shim
 .text.dmul_shim
                0x20004ef8      0x15c CMakeFiles/okhi.dir/C_/Users/regue/.pico-sdk/sdk/2.3.0/src/rp2_common/pico_double/double_v1_rom_shim_rp2040.S.obj
                0x20004ef8                dmul_shim
 .text.ddiv_shim
                0x20005054      0x1b0 CMakeFiles/okhi.dir/C_/Users/regue/.pico-sdk/sdk/2.3.0/src/rp2_common/pico_double/double_v1_rom_shim_rp2040.S.obj
                0x20005054                ddiv_shim
 .text.double2uint_shim
                0x20005204        0xe CMakeFiles/okhi.dir/C_/Users/regue/.pico-sdk/sdk/2.3.0/src/rp2_common/pico_double/double_v1_rom_shim_rp2040.S.obj
                0x20005204                double2uint_shim
                0x20005206                double2ufix_shim
 *fill*         0x20005212        0x2 
 .text.double2uint64_shim
                0x20005214       0x70 CMakeFiles/okhi.dir/C_/Users/regue/.pico-sdk/sdk/2.3.0/src/rp2_common/pico_double/double_v1_rom_shim_rp2040.S.obj
                0x20005214                double2uint64_shim
                0x20005216                double2ufix64_shim
                0x20005236                d2fix_a
 .text.dunpacks
                0x20005284       0x3c CMakeFiles/okhi.dir/C_/Users/regue/.pico-sdk/sdk/2.3.0/src/rp2_common/pico_double/double_v1_rom_shim_rp2040.S.obj
                0x20005284                dunpacks
 .text.__aeabi_lmul
                0x200052c0       0x32 CMakeFiles/okhi.dir/C_/Users/regue/.pico-sdk/sdk/2.3.0/src/rp2_common/pico_int64_ops/pico_int64_ops_aeabi.S.obj
                0x200052c0                __wrap___aeabi_lmul
 *fill*         0x200052f2        0x2 
 .text.__wrap___aeabi_farithmetic
                0x200052f4       0x58 CMakeFiles/okhi.dir/C_/Users/regue/.pico-sdk/sdk/2.3.0/src/rp2_common/pico_float/float_aeabi_rp2040.S.obj
                0x200052f4                __wrap___aeabi_frsub
                0x200052fa                __wrap___aeabi_fsub
                0x20005304                __wrap___aeabi_fadd
                0x2000530e                __wrap___aeabi_fdiv
                0x2000533a                __wrap___aeabi_fmul
 .text.__wrap___aeabi_ui2f
                0x2000534c        0xa CMakeFiles/okhi.dir/C_/Users/regue/.pico-sdk/sdk/2.3.0/src/rp2_common/pico_float/float_aeabi_rp2040.S.obj
                0x2000534c                __wrap___aeabi_ui2f
                0x2000534c                uint2float
 *fill*         0x20005356        0x2 
 .text.__wrap___aeabi_i2f
                0x20005358       0x44 CMakeFiles/okhi.dir/C_/Users/regue/.pico-sdk/sdk/2.3.0/src/rp2_common/pico_float/float_aeabi_rp2040.S.obj
                0x20005358                __wrap___aeabi_i2f
                0x20005358                int2float
 .text.__wrap___aeabi_f2uiz
                0x2000539c       0x10 CMakeFiles/okhi.dir/C_/Users/regue/.pico-sdk/sdk/2.3.0/src/rp2_common/pico_float/float_aeabi_rp2040.S.obj
                0x2000539c                float2uint_z
                0x2000539c                __wrap___aeabi_f2uiz
                0x2000539c                float2uint
 .text.__wrap___aeabi_f2d
                0x200053ac       0x14 CMakeFiles/okhi.dir/C_/Users/regue/.pico-sdk/sdk/2.3.0/src/rp2_common/pico_float/float_aeabi_rp2040.S.obj
                0x200053ac                __wrap___aeabi_f2d
 .text.__aeabi_float_init
                0x200053c0       0xfc CMakeFiles/okhi.dir/C_/Users/regue/.pico-sdk/sdk/2.3.0/src/rp2_common/pico_float/float_init_rom_rp2040.c.obj
                0x200053c0                __aeabi_float_init
 .text.float_table_shim_on_use_helper
                0x200054bc       0x34 CMakeFiles/okhi.dir/C_/Users/regue/.pico-sdk/sdk/2.3.0/src/rp2_common/pico_float/float_v1_rom_shim_rp2040.S.obj
                0x200054bc                float_table_shim_on_use_helper
 .text.float2double_shim
                0x200054f0       0x30 CMakeFiles/okhi.dir/C_/Users/regue/.pico-sdk/sdk/2.3.0/src/rp2_common/pico_float/float_v1_rom_shim_rp2040.S.obj
                0x200054f0                float2double_shim
 .text          0x20005520       0x10 CMakeFiles/okhi.dir/C_/Users/regue/.pico-sdk/sdk/2.3.0/src/rp2_common/pico_mem_ops/mem_ops_aeabi.S.obj
                0x20005520                __aeabi_mem_init
 .text.memset   0x20005530        0xc CMakeFiles/okhi.dir/C_/Users/regue/.pico-sdk/sdk/2.3.0/src/rp2_common/pico_mem_ops/mem_ops_aeabi.S.obj
                0x20005530                __wrap_memset
 .text.memcpy   0x2000553c        0xc CMakeFiles/okhi.dir/C_/Users/regue/.pico-sdk/sdk/2.3.0/src/rp2_common/pico_mem_ops/mem_ops_aeabi.S.obj
                0x2000553c                __wrap_memcpy
                0x2000553c                __wrap___aeabi_memcpy
 .text._out_buffer
                0x20005548        0x8 CMakeFiles/okhi.dir/C_/Users/regue/.pico-sdk/sdk/2.3.0/src/rp2_common/pico_printf/printf.c.obj
 .text._out_null
                0x20005550        0x2 CMakeFiles/okhi.dir/C_/Users/regue/.pico-sdk/sdk/2.3.0/src/rp2_common/pico_printf/printf.c.obj
 .text._out_fct
                0x20005552        0xe CMakeFiles/okhi.dir/C_/Users/regue/.pico-sdk/sdk/2.3.0/src/rp2_common/pico_printf/printf.c.obj
 .text._atoi    0x20005560       0x24 CMakeFiles/okhi.dir/C_/Users/regue/.pico-sdk/sdk/2.3.0/src/rp2_common/pico_printf/printf.c.obj
 .text._out_rev
                0x20005584       0xba CMakeFiles/okhi.dir/C_/Users/regue/.pico-sdk/sdk/2.3.0/src/rp2_common/pico_printf/printf.c.obj
 .text._ntoa_format
                0x2000563e      0x116 CMakeFiles/okhi.dir/C_/Users/regue/.pico-sdk/sdk/2.3.0/src/rp2_common/pico_printf/printf.c.obj
 .text._ntoa_long
                0x20005754       0xb8 CMakeFiles/okhi.dir/C_/Users/regue/.pico-sdk/sdk/2.3.0/src/rp2_common/pico_printf/printf.c.obj
 .text._ntoa_long_long
                0x2000580c       0xf8 CMakeFiles/okhi.dir/C_/Users/regue/.pico-sdk/sdk/2.3.0/src/rp2_common/pico_printf/printf.c.obj
 .text._etoa    0x20005904      0x448 CMakeFiles/okhi.dir/C_/Users/regue/.pico-sdk/sdk/2.3.0/src/rp2_common/pico_printf/printf.c.obj
 .text._ftoa    0x20005d4c      0x340 CMakeFiles/okhi.dir/C_/Users/regue/.pico-sdk/sdk/2.3.0/src/rp2_common/pico_printf/printf.c.obj
 .text._vsnprintf
                0x2000608c      0x684 CMakeFiles/okhi.dir/C_/Users/regue/.pico-sdk/sdk/2.3.0/src/rp2_common/pico_printf/printf.c.obj
 .text.__wrap_sprintf
                0x20006710       0x2c CMakeFiles/okhi.dir/C_/Users/regue/.pico-sdk/sdk/2.3.0/src/rp2_common/pico_printf/printf.c.obj
                0x20006710                __wrap_sprintf
 .text.vfctprintf
                0x2000673c       0x28 CMakeFiles/okhi.dir/C_/Users/regue/.pico-sdk/sdk/2.3.0/src/rp2_common/pico_printf/printf.c.obj
                0x2000673c                vfctprintf
 .text._exit    0x20006764        0x4 CMakeFiles/okhi.dir/C_/Users/regue/.pico-sdk/sdk/2.3.0/src/rp2_common/pico_clib_interface/newlib_interface.c.obj
                0x20006764                _exit
 .text._fini    0x20006768        0x2 CMakeFiles/okhi.dir/C_/Users/regue/.pico-sdk/sdk/2.3.0/src/rp2_common/pico_clib_interface/newlib_interface.c.obj
                0x20006768                _fini
 *fill*         0x2000676a        0x2 
 .text._sbrk    0x2000676c       0x38 CMakeFiles/okhi.dir/C_/Users/regue/.pico-sdk/sdk/2.3.0/src/rp2_common/pico_clib_interface/newlib_interface.c.obj
                0x2000676c                _sbrk
 .text._read    0x200067a4       0x20 CMakeFiles/okhi.dir/C_/Users/regue/.pico-sdk/sdk/2.3.0/src/rp2_common/pico_clib_interface/newlib_interface.c.obj
                0x200067a4                _read
 .text._write   0x200067c4       0x22 CMakeFiles/okhi.dir/C_/Users/regue/.pico-sdk/sdk/2.3.0/src/rp2_common/pico_clib_interface/newlib_interface.c.obj
                0x200067c4                _write
 .text._close   0x200067e6        0x6 CMakeFiles/okhi.dir/C_/Users/regue/.pico-sdk/sdk/2.3.0/src/rp2_common/pico_clib_interface/newlib_interface.c.obj
                0x200067e6                _close
 .text._lseek   0x200067ec        0x6 CMakeFiles/okhi.dir/C_/Users/regue/.pico-sdk/sdk/2.3.0/src/rp2_common/pico_clib_interface/newlib_interface.c.obj
                0x200067ec                _lseek
 .text.exit     0x200067f2        0x6 CMakeFiles/okhi.dir/C_/Users/regue/.pico-sdk/sdk/2.3.0/src/rp2_common/pico_clib_interface/newlib_interface.c.obj
                0x200067f2                exit
 .text.__assert_func
                0x200067f8       0x38 CMakeFiles/okhi.dir/C_/Users/regue/.pico-sdk/sdk/2.3.0/src/rp2_common/pico_clib_interface/newlib_interface.c.obj
                0x200067f8                __assert_func
 .text.runtime_init
                0x20006830       0x28 CMakeFiles/okhi.dir/C_/Users/regue/.pico-sdk/sdk/2.3.0/src/rp2_common/pico_clib_interface/newlib_interface.c.obj
                0x20006830                runtime_init
 .text.stdio_out_chars_no_crlf
                0x20006858        0xe CMakeFiles/okhi.dir/C_/Users/regue/.pico-sdk/sdk/2.3.0/src/rp2_common/pico_stdio/stdio.c.obj
 *fill*         0x20006866        0x2 
 .text.stdio_out_chars_crlf
                0x20006868       0x7c CMakeFiles/okhi.dir/C_/Users/regue/.pico-sdk/sdk/2.3.0/src/rp2_common/pico_stdio/stdio.c.obj
 .text.stdio_stack_buffer_flush
                0x200068e4       0x44 CMakeFiles/okhi.dir/C_/Users/regue/.pico-sdk/sdk/2.3.0/src/rp2_common/pico_stdio/stdio.c.obj
 .text.stdio_buffered_printer
                0x20006928       0x1a CMakeFiles/okhi.dir/C_/Users/regue/.pico-sdk/sdk/2.3.0/src/rp2_common/pico_stdio/stdio.c.obj
 *fill*         0x20006942        0x2 
 .text.stdout_serialize_begin
                0x20006944       0x30 CMakeFiles/okhi.dir/C_/Users/regue/.pico-sdk/sdk/2.3.0/src/rp2_common/pico_stdio/stdio.c.obj
                0x20006944                stdout_serialize_begin
 .text.stdout_serialize_end
                0x20006974       0x10 CMakeFiles/okhi.dir/C_/Users/regue/.pico-sdk/sdk/2.3.0/src/rp2_common/pico_stdio/stdio.c.obj
                0x20006974                stdout_serialize_end
 .text.stdio_put_string
                0x20006984       0x94 CMakeFiles/okhi.dir/C_/Users/regue/.pico-sdk/sdk/2.3.0/src/rp2_common/pico_stdio/stdio.c.obj
                0x20006984                stdio_put_string
 .text.stdio_get_until
                0x20006a18       0x70 CMakeFiles/okhi.dir/C_/Users/regue/.pico-sdk/sdk/2.3.0/src/rp2_common/pico_stdio/stdio.c.obj
                0x20006a18                stdio_get_until
 .text.stdio_set_driver_enabled
                0x20006a88       0x30 CMakeFiles/okhi.dir/C_/Users/regue/.pico-sdk/sdk/2.3.0/src/rp2_common/pico_stdio/stdio.c.obj
                0x20006a88                stdio_set_driver_enabled
 .text.stdio_flush
                0x20006ab8       0x20 CMakeFiles/okhi.dir/C_/Users/regue/.pico-sdk/sdk/2.3.0/src/rp2_common/pico_stdio/stdio.c.obj
                0x20006ab8                stdio_flush
 .text.stdio_init_all
                0x20006ad8        0xa CMakeFiles/okhi.dir/C_/Users/regue/.pico-sdk/sdk/2.3.0/src/rp2_common/pico_stdio/stdio.c.obj
                0x20006ad8                stdio_init_all
 .text.__wrap_puts
                0x20006ae2       0x1e CMakeFiles/okhi.dir/C_/Users/regue/.pico-sdk/sdk/2.3.0/src/rp2_common/pico_stdio/stdio.c.obj
                0x20006ae2                stdio_puts
                0x20006ae2                __wrap_puts
 .text.__wrap_vprintf
                0x20006b00       0x40 CMakeFiles/okhi.dir/C_/Users/regue/.pico-sdk/sdk/2.3.0/src/rp2_common/pico_stdio/stdio.c.obj
                0x20006b00                stdio_vprintf
                0x20006b00                __wrap_vprintf
 .text.__wrap_printf
                0x20006b40       0x18 CMakeFiles/okhi.dir/C_/Users/regue/.pico-sdk/sdk/2.3.0/src/rp2_common/pico_stdio/stdio.c.obj
                0x20006b40                __wrap_printf
                0x20006b40                stdio_printf
 .text.uart_putc
                0x20006b58       0x60 CMakeFiles/okhi.dir/C_/Users/regue/.pico-sdk/sdk/2.3.0/src/rp2_common/pico_stdio_uart/stdio_uart.c.obj
 .text.uart_getc
                0x20006bb8       0x24 CMakeFiles/okhi.dir/C_/Users/regue/.pico-sdk/sdk/2.3.0/src/rp2_common/pico_stdio_uart/stdio_uart.c.obj
 .text.stdio_uart_out_chars
                0x20006bdc       0x20 CMakeFiles/okhi.dir/C_/Users/regue/.pico-sdk/sdk/2.3.0/src/rp2_common/pico_stdio_uart/stdio_uart.c.obj
 .text.stdio_uart_in_chars
                0x20006bfc       0x5c CMakeFiles/okhi.dir/C_/Users/regue/.pico-sdk/sdk/2.3.0/src/rp2_common/pico_stdio_uart/stdio_uart.c.obj
                0x20006bfc                stdio_uart_in_chars
 .text.on_uart_rx
                0x20006c58       0x28 CMakeFiles/okhi.dir/C_/Users/regue/.pico-sdk/sdk/2.3.0/src/rp2_common/pico_stdio_uart/stdio_uart.c.obj
 .text.stdio_uart_out_flush
                0x20006c80       0x10 CMakeFiles/okhi.dir/C_/Users/regue/.pico-sdk/sdk/2.3.0/src/rp2_common/pico_stdio_uart/stdio_uart.c.obj
 .text.stdio_uart_set_chars_available_callback
                0x20006c90       0x94 CMakeFiles/okhi.dir/C_/Users/regue/.pico-sdk/sdk/2.3.0/src/rp2_common/pico_stdio_uart/stdio_uart.c.obj
 .text.stdio_uart_init_full
                0x20006d24       0x44 CMakeFiles/okhi.dir/C_/Users/regue/.pico-sdk/sdk/2.3.0/src/rp2_common/pico_stdio_uart/stdio_uart.c.obj
                0x20006d24                stdio_uart_init_full
 .text.stdio_uart_init
                0x20006d68       0x30 CMakeFiles/okhi.dir/C_/Users/regue/.pico-sdk/sdk/2.3.0/src/rp2_common/pico_stdio_uart/stdio_uart.c.obj
                0x20006d68                stdio_uart_init
 .text.runtime_init_per_core_tls_setup
                0x20006d98        0xc CMakeFiles/okhi.dir/C_/Users/regue/.pico-sdk/sdk/2.3.0/src/rp2_common/pico_thread_local/thread_local.c.obj
                0x20006d98                runtime_init_per_core_tls_setup
 .text.core1_trampoline
                0x20006da4        0x2 CMakeFiles/okhi.dir/C_/Users/regue/.pico-sdk/sdk/2.3.0/src/rp2_common/pico_multicore/multicore.c.obj
 .text.core1_wrapper
                0x20006da6        0xc CMakeFiles/okhi.dir/C_/Users/regue/.pico-sdk/sdk/2.3.0/src/rp2_common/pico_multicore/multicore.c.obj
                0x20006da6                core1_wrapper
 .text.multicore_fifo_push_blocking
                0x20006db2       0x14 CMakeFiles/okhi.dir/C_/Users/regue/.pico-sdk/sdk/2.3.0/src/rp2_common/pico_multicore/multicore.c.obj
                0x20006db2                multicore_fifo_push_blocking
 .text.multicore_fifo_pop_blocking
                0x20006dc6       0x16 CMakeFiles/okhi.dir/C_/Users/regue/.pico-sdk/sdk/2.3.0/src/rp2_common/pico_multicore/multicore.c.obj
                0x20006dc6                multicore_fifo_pop_blocking
 .text.multicore_reset_core1
                0x20006ddc       0x6c CMakeFiles/okhi.dir/C_/Users/regue/.pico-sdk/sdk/2.3.0/src/rp2_common/pico_multicore/multicore.c.obj
                0x20006ddc                multicore_reset_core1
 .text.multicore_launch_core1_raw
                0x20006e48       0x78 CMakeFiles/okhi.dir/C_/Users/regue/.pico-sdk/sdk/2.3.0/src/rp2_common/pico_multicore/multicore.c.obj
                0x20006e48                multicore_launch_core1_raw
 .text.multicore_launch_core1_with_stack
                0x20006ec0       0x5c CMakeFiles/okhi.dir/C_/Users/regue/.pico-sdk/sdk/2.3.0/src/rp2_common/pico_multicore/multicore.c.obj
                0x20006ec0                multicore_launch_core1_with_stack
 .text.multicore_launch_core1
                0x20006f1c       0x24 CMakeFiles/okhi.dir/C_/Users/regue/.pico-sdk/sdk/2.3.0/src/rp2_common/pico_multicore/multicore.c.obj
                0x20006f1c                multicore_launch_core1
 .text.pio_get_default_sm_config
                0x20006f40       0x28 CMakeFiles/okhi.dir/C_/Users/regue/.pico-sdk/sdk/2.3.0/src/rp2_common/hardware_pio/pio.c.obj
 .text.is_program_gpio_compatible
                0x20006f68        0x4 CMakeFiles/okhi.dir/C_/Users/regue/.pico-sdk/sdk/2.3.0/src/rp2_common/hardware_pio/pio.c.obj
 .text.add_program_at_offset_check
                0x20006f6c       0x64 CMakeFiles/okhi.dir/C_/Users/regue/.pico-sdk/sdk/2.3.0/src/rp2_common/hardware_pio/pio.c.obj
 .text.add_program_at_offset
                0x20006fd0       0x60 CMakeFiles/okhi.dir/C_/Users/regue/.pico-sdk/sdk/2.3.0/src/rp2_common/hardware_pio/pio.c.obj
 .text.find_offset_for_program
                0x20007030       0x80 CMakeFiles/okhi.dir/C_/Users/regue/.pico-sdk/sdk/2.3.0/src/rp2_common/hardware_pio/pio.c.obj
 .text.pio_sm_unclaim
                0x200070b0       0x20 CMakeFiles/okhi.dir/C_/Users/regue/.pico-sdk/sdk/2.3.0/src/rp2_common/hardware_pio/pio.c.obj
                0x200070b0                pio_sm_unclaim
 .text.pio_claim_unused_sm
                0x200070d0       0x38 CMakeFiles/okhi.dir/C_/Users/regue/.pico-sdk/sdk/2.3.0/src/rp2_common/hardware_pio/pio.c.obj
                0x200070d0                pio_claim_unused_sm
 .text.pio_sm_is_claimed
                0x20007108       0x20 CMakeFiles/okhi.dir/C_/Users/regue/.pico-sdk/sdk/2.3.0/src/rp2_common/hardware_pio/pio.c.obj
                0x20007108                pio_sm_is_claimed
 .text.pio_add_program
                0x20007128       0x30 CMakeFiles/okhi.dir/C_/Users/regue/.pico-sdk/sdk/2.3.0/src/rp2_common/hardware_pio/pio.c.obj
                0x20007128                pio_add_program
 .text.pio_clear_instruction_memory
                0x20007158       0x3c CMakeFiles/okhi.dir/C_/Users/regue/.pico-sdk/sdk/2.3.0/src/rp2_common/hardware_pio/pio.c.obj
                0x20007158                pio_clear_instruction_memory
 .text.pio_sm_set_consecutive_pindirs
                0x20007194       0xbc CMakeFiles/okhi.dir/C_/Users/regue/.pico-sdk/sdk/2.3.0/src/rp2_common/hardware_pio/pio.c.obj
                0x20007194                pio_sm_set_consecutive_pindirs
 .text.pio_sm_init
                0x20007250       0xb4 CMakeFiles/okhi.dir/C_/Users/regue/.pico-sdk/sdk/2.3.0/src/rp2_common/hardware_pio/pio.c.obj
                0x20007250                pio_sm_init
 .text.spi_unreset
                0x20007304       0x2c CMakeFiles/okhi.dir/C_/Users/regue/.pico-sdk/sdk/2.3.0/src/rp2_common/hardware_spi/spi.c.obj
 .text.spi_set_baudrate
                0x20007330       0xb8 CMakeFiles/okhi.dir/C_/Users/regue/.pico-sdk/sdk/2.3.0/src/rp2_common/hardware_spi/spi.c.obj
                0x20007330                spi_set_baudrate
 .text.spi_init
                0x200073e8       0x74 CMakeFiles/okhi.dir/C_/Users/regue/.pico-sdk/sdk/2.3.0/src/rp2_common/hardware_spi/spi.c.obj
                0x200073e8                spi_init
 .text.adc_init
                0x2000745c       0x34 CMakeFiles/okhi.dir/C_/Users/regue/.pico-sdk/sdk/2.3.0/src/rp2_common/hardware_adc/adc.c.obj
                0x2000745c                adc_init
 .text          0x20007490        0x4 C:/Users/regue/.pico-sdk/toolchain/15_2_Rel1/bin/../lib/gcc/arm-none-eabi/15.2.1/thumb/v6-m/nofp\libgcc.a(_dvmd_tls.o)
                0x20007490                __aeabi_idiv0
                0x20007490                __aeabi_ldiv0
 .text.__malloc_lock
                0x20007494       0x10 C:/Users/regue/.pico-sdk/toolchain/15_2_Rel1/bin/../lib/gcc/arm-none-eabi/15.2.1/../../../../arm-none-eabi/lib/thumb/v6-m/nofp\libg.a(libc_a-mlock.o)
                0x20007494                __malloc_lock
 .text.__malloc_unlock
                0x200074a4       0x10 C:/Users/regue/.pico-sdk/toolchain/15_2_Rel1/bin/../lib/gcc/arm-none-eabi/15.2.1/../../../../arm-none-eabi/lib/thumb/v6-m/nofp\libg.a(libc_a-mlock.o)
                0x200074a4                __malloc_unlock
 .text.__sflush_r
                0x200074b4      0x148 C:/Users/regue/.pico-sdk/toolchain/15_2_Rel1/bin/../lib/gcc/arm-none-eabi/15.2.1/../../../../arm-none-eabi/lib/thumb/v6-m/nofp\libg.a(libc_a-fflush.o)
                0x200074b4                __sflush_r
 .text._fflush_r
                0x200075fc       0x68 C:/Users/regue/.pico-sdk/toolchain/15_2_Rel1/bin/../lib/gcc/arm-none-eabi/15.2.1/../../../../arm-none-eabi/lib/thumb/v6-m/nofp\libg.a(libc_a-fflush.o)
                0x200075fc                _fflush_r
 .text.fflush   0x20007664       0x7c C:/Users/regue/.pico-sdk/toolchain/15_2_Rel1/bin/../lib/gcc/arm-none-eabi/15.2.1/../../../../arm-none-eabi/lib/thumb/v6-m/nofp\libg.a(libc_a-fflush.o)
                0x20007664                fflush
 .text.stdio_exit_handler
                0x200076e0       0x1c C:/Users/regue/.pico-sdk/toolchain/15_2_Rel1/bin/../lib/gcc/arm-none-eabi/15.2.1/../../../../arm-none-eabi/lib/thumb/v6-m/nofp\libg.a(libc_a-findfp.o)
 .text.cleanup_stdio
                0x200076fc       0x3c C:/Users/regue/.pico-sdk/toolchain/15_2_Rel1/bin/../lib/gcc/arm-none-eabi/15.2.1/../../../../arm-none-eabi/lib/thumb/v6-m/nofp\libg.a(libc_a-findfp.o)
 .text.global_stdio_init.part.0
                0x20007738      0x110 C:/Users/regue/.pico-sdk/toolchain/15_2_Rel1/bin/../lib/gcc/arm-none-eabi/15.2.1/../../../../arm-none-eabi/lib/thumb/v6-m/nofp\libg.a(libc_a-findfp.o)
 .text.__sinit  0x20007848       0x38 C:/Users/regue/.pico-sdk/toolchain/15_2_Rel1/bin/../lib/gcc/arm-none-eabi/15.2.1/../../../../arm-none-eabi/lib/thumb/v6-m/nofp\libg.a(libc_a-findfp.o)
                0x20007848                __sinit
 .text.__sfp_lock_acquire
                0x20007880       0x10 C:/Users/regue/.pico-sdk/toolchain/15_2_Rel1/bin/../lib/gcc/arm-none-eabi/15.2.1/../../../../arm-none-eabi/lib/thumb/v6-m/nofp\libg.a(libc_a-findfp.o)
                0x20007880                __sfp_lock_acquire
 .text.__sfp_lock_release
                0x20007890       0x10 C:/Users/regue/.pico-sdk/toolchain/15_2_Rel1/bin/../lib/gcc/arm-none-eabi/15.2.1/../../../../arm-none-eabi/lib/thumb/v6-m/nofp\libg.a(libc_a-findfp.o)
                0x20007890                __sfp_lock_release
 .text._fwalk_sglue
                0x200078a0       0x44 C:/Users/regue/.pico-sdk/toolchain/15_2_Rel1/bin/../lib/gcc/arm-none-eabi/15.2.1/../../../../arm-none-eabi/lib/thumb/v6-m/nofp\libg.a(libc_a-fwalk.o)
                0x200078a0                _fwalk_sglue
 .text.__sread  0x200078e4       0x28 C:/Users/regue/.pico-sdk/toolchain/15_2_Rel1/bin/../lib/gcc/arm-none-eabi/15.2.1/../../../../arm-none-eabi/lib/thumb/v6-m/nofp\libg.a(libc_a-stdio.o)
                0x200078e4                __sread
 .text.__swrite
                0x2000790c       0x40 C:/Users/regue/.pico-sdk/toolchain/15_2_Rel1/bin/../lib/gcc/arm-none-eabi/15.2.1/../../../../arm-none-eabi/lib/thumb/v6-m/nofp\libg.a(libc_a-stdio.o)
                0x2000790c                __swrite
 .text.__sseek  0x2000794c       0x2c C:/Users/regue/.pico-sdk/toolchain/15_2_Rel1/bin/../lib/gcc/arm-none-eabi/15.2.1/../../../../arm-none-eabi/lib/thumb/v6-m/nofp\libg.a(libc_a-stdio.o)
                0x2000794c                __sseek
 .text.__sclose
                0x20007978        0xc C:/Users/regue/.pico-sdk/toolchain/15_2_Rel1/bin/../lib/gcc/arm-none-eabi/15.2.1/../../../../arm-none-eabi/lib/thumb/v6-m/nofp\libg.a(libc_a-stdio.o)
                0x20007978                __sclose
 .text.memcmp   0x20007984       0x44 C:/Users/regue/.pico-sdk/toolchain/15_2_Rel1/bin/../lib/gcc/arm-none-eabi/15.2.1/../../../../arm-none-eabi/lib/thumb/v6-m/nofp\libg.a(libc_a-memcmp.o)
                0x20007984                memcmp
 .text._close_r
                0x200079c8       0x24 C:/Users/regue/.pico-sdk/toolchain/15_2_Rel1/bin/../lib/gcc/arm-none-eabi/15.2.1/../../../../arm-none-eabi/lib/thumb/v6-m/nofp\libg.a(libc_a-closer.o)
                0x200079c8                _close_r
 .text._lseek_r
                0x200079ec       0x28 C:/Users/regue/.pico-sdk/toolchain/15_2_Rel1/bin/../lib/gcc/arm-none-eabi/15.2.1/../../../../arm-none-eabi/lib/thumb/v6-m/nofp\libg.a(libc_a-lseekr.o)
                0x200079ec                _lseek_r
 .text._read_r  0x20007a14       0x28 C:/Users/regue/.pico-sdk/toolchain/15_2_Rel1/bin/../lib/gcc/arm-none-eabi/15.2.1/../../../../arm-none-eabi/lib/thumb/v6-m/nofp\libg.a(libc_a-readr.o)
                0x20007a14                _read_r
 .text._sbrk_r  0x20007a3c       0x24 C:/Users/regue/.pico-sdk/toolchain/15_2_Rel1/bin/../lib/gcc/arm-none-eabi/15.2.1/../../../../arm-none-eabi/lib/thumb/v6-m/nofp\libg.a(libc_a-sbrkr.o)
                0x20007a3c                _sbrk_r
 .text._write_r
                0x20007a60       0x28 C:/Users/regue/.pico-sdk/toolchain/15_2_Rel1/bin/../lib/gcc/arm-none-eabi/15.2.1/../../../../arm-none-eabi/lib/thumb/v6-m/nofp\libg.a(libc_a-writer.o)
                0x20007a60                _write_r
 .text.__errno  0x20007a88        0xc C:/Users/regue/.pico-sdk/toolchain/15_2_Rel1/bin/../lib/gcc/arm-none-eabi/15.2.1/../../../../arm-none-eabi/lib/thumb/v6-m/nofp\libg.a(libc_a-errno.o)
                0x20007a88                __errno
 .text.__retarget_lock_init_recursive
                0x20007a94        0x4 C:/Users/regue/.pico-sdk/toolchain/15_2_Rel1/bin/../lib/gcc/arm-none-eabi/15.2.1/../../../../arm-none-eabi/lib/thumb/v6-m/nofp\libg.a(libc_a-lock.o)
                0x20007a94                __retarget_lock_init_recursive
 .text.__retarget_lock_close_recursive
                0x20007a98        0x4 C:/Users/regue/.pico-sdk/toolchain/15_2_Rel1/bin/../lib/gcc/arm-none-eabi/15.2.1/../../../../arm-none-eabi/lib/thumb/v6-m/nofp\libg.a(libc_a-lock.o)
                0x20007a98                __retarget_lock_close_recursive
 .text.__retarget_lock_acquire_recursive
                0x20007a9c        0x4 C:/Users/regue/.pico-sdk/toolchain/15_2_Rel1/bin/../lib/gcc/arm-none-eabi/15.2.1/../../../../arm-none-eabi/lib/thumb/v6-m/nofp\libg.a(libc_a-lock.o)
                0x20007a9c                __retarget_lock_acquire_recursive
 .text.__retarget_lock_release_recursive
                0x20007aa0        0x4 C:/Users/regue/.pico-sdk/toolchain/15_2_Rel1/bin/../lib/gcc/arm-none-eabi/15.2.1/../../../../arm-none-eabi/lib/thumb/v6-m/nofp\libg.a(libc_a-lock.o)
                0x20007aa0                __retarget_lock_release_recursive
 .text.sysconf  0x20007aa4       0x1c C:/Users/regue/.pico-sdk/toolchain/15_2_Rel1/bin/../lib/gcc/arm-none-eabi/15.2.1/../../../../arm-none-eabi/lib/thumb/v6-m/nofp\libg.a(libc_a-sysconf.o)
                0x20007aa4                sysconf
 .text.strlen   0x20007ac0       0x60 C:/Users/regue/.pico-sdk/toolchain/15_2_Rel1/bin/../lib/gcc/arm-none-eabi/15.2.1/../../../../arm-none-eabi/lib/thumb/v6-m/nofp\libg.a(libc_a-strlen-stub.o)
                0x20007ac0                strlen
 .text._malloc_trim_r
                0x20007b20       0xb0 C:/Users/regue/.pico-sdk/toolchain/15_2_Rel1/bin/../lib/gcc/arm-none-eabi/15.2.1/../../../../arm-none-eabi/lib/thumb/v6-m/nofp\libg.a(libc_a-freer.o)
                0x20007b20                _malloc_trim_r
 .text._free_r  0x20007bd0      0x1d4 C:/Users/regue/.pico-sdk/toolchain/15_2_Rel1/bin/../lib/gcc/arm-none-eabi/15.2.1/../../../../arm-none-eabi/lib/thumb/v6-m/nofp\libg.a(libc_a-freer.o)
                0x20007bd0                _free_r
 .text._fclose_r
                0x20007da4       0xd4 C:/Users/regue/.pico-sdk/toolchain/15_2_Rel1/bin/../lib/gcc/arm-none-eabi/15.2.1/../../../../arm-none-eabi/lib/thumb/v6-m/nofp\libg.a(libc_a-fclose.o)
                0x20007da4                _fclose_r
 *(.fini)
 *crtbegin.o(.ctors)
 *crtbegin?.o(.ctors)
 *(EXCLUDE_FILE(*crtend.o *crtend?.o) .ctors)
 *(SORT_BY_NAME(.ctors.*))
 *(.ctors)
 *crtbegin.o(.dtors)
 *crtbegin?.o(.dtors)
 *(EXCLUDE_FILE(*crtend.o *crtend?.o) .dtors)
 *(SORT_BY_NAME(.dtors.*))
 *(.dtors)
 *(.eh_frame*)
                0x20007e78                        . = ALIGN (0x4)
                0x20007e78                        __ram_text_end__ = .
                0x100002bc                        __ram_text_source__ = LOADADDR (.text)

.glue_7         0x20007e78        0x0 load address 0x10008070
 .glue_7        0x20007e78        0x0 linker stubs

.glue_7t        0x20007e78        0x0 load address 0x10008070
 .glue_7t       0x20007e78        0x0 linker stubs

.vfp11_veneer   0x20007e78        0x0 load address 0x10008070
 .vfp11_veneer  0x20007e78        0x0 linker stubs

.v4_bx          0x20007e78        0x0 load address 0x10008070
 .v4_bx         0x20007e78        0x0 linker stubs

.iplt           0x20007e78        0x0 load address 0x10008070
 .iplt          0x20007e78        0x0 CMakeFiles/okhi.dir/okhi.c.obj
                0x20007e78                        . = ALIGN (0x4)

.xip_ram        0x15000000        0x0 load address 0x10008070
                0x15000000                        __xip_ram_start__ = .
                0x15000000                        . = ALIGN (0x4)
 *(.xip_ram*)
                0x15000000                        . = ALIGN (0x4)
                0x15000000                        __xip_ram_end__ = .
                0x10008070                        __xip_ram_source__ = LOADADDR (.xip_ram)

.data           0x20007e80     0x2cd8 load address 0x10008070
                0x20007e80                        __data_start__ = .
 *(vtable)
 *(.time_critical*)
 .time_critical.mutex_try_enter
                0x20007e80       0x4a CMakeFiles/okhi.dir/C_/Users/regue/.pico-sdk/sdk/2.3.0/src/common/pico_sync/mutex.c.obj
                0x20007e80                mutex_try_enter
 *fill*         0x20007eca        0x2 
 .time_critical.mutex_enter_block_until
                0x20007ecc       0x7c CMakeFiles/okhi.dir/C_/Users/regue/.pico-sdk/sdk/2.3.0/src/common/pico_sync/mutex.c.obj
                0x20007ecc                mutex_enter_block_until
 .time_critical.mutex_try_enter_block_until
                0x20007f48       0x34 CMakeFiles/okhi.dir/C_/Users/regue/.pico-sdk/sdk/2.3.0/src/common/pico_sync/mutex.c.obj
                0x20007f48                mutex_try_enter_block_until
 .time_critical.mutex_exit
                0x20007f7c       0x4c CMakeFiles/okhi.dir/C_/Users/regue/.pico-sdk/sdk/2.3.0/src/common/pico_sync/mutex.c.obj
                0x20007f7c                mutex_exit
 .time_critical.spi_write_read_blocking
                0x20007fc8       0x44 CMakeFiles/okhi.dir/C_/Users/regue/.pico-sdk/sdk/2.3.0/src/rp2_common/hardware_spi/spi.c.obj
                0x20007fc8                spi_write_read_blocking
 .time_critical.spi_write_blocking
                0x2000800c       0x3c CMakeFiles/okhi.dir/C_/Users/regue/.pico-sdk/sdk/2.3.0/src/rp2_common/hardware_spi/spi.c.obj
                0x2000800c                spi_write_blocking
 .time_critical.flash_init_boot2_copyout
                0x20008048       0x30 CMakeFiles/okhi.dir/C_/Users/regue/.pico-sdk/sdk/2.3.0/src/rp2_common/hardware_flash/flash.c.obj
 .time_critical.flash_enable_xip_via_boot2
                0x20008078        0xc CMakeFiles/okhi.dir/C_/Users/regue/.pico-sdk/sdk/2.3.0/src/rp2_common/hardware_flash/flash.c.obj
 .time_critical.flash_save_hardware_state
                0x20008084       0x24 CMakeFiles/okhi.dir/C_/Users/regue/.pico-sdk/sdk/2.3.0/src/rp2_common/hardware_flash/flash.c.obj
 .time_critical.flash_restore_hardware_state
                0x200080a8       0x28 CMakeFiles/okhi.dir/C_/Users/regue/.pico-sdk/sdk/2.3.0/src/rp2_common/hardware_flash/flash.c.obj
 .time_critical.flash_range_erase
                0x200080d0       0xc8 CMakeFiles/okhi.dir/C_/Users/regue/.pico-sdk/sdk/2.3.0/src/rp2_common/hardware_flash/flash.c.obj
                0x200080d0                flash_range_erase
 .time_critical.flash_range_program
                0x20008198       0xc8 CMakeFiles/okhi.dir/C_/Users/regue/.pico-sdk/sdk/2.3.0/src/rp2_common/hardware_flash/flash.c.obj
                0x20008198                flash_range_program
 .time_critical.flash_do_cmd_cs
                0x20008260      0x104 CMakeFiles/okhi.dir/C_/Users/regue/.pico-sdk/sdk/2.3.0/src/rp2_common/hardware_flash/flash.c.obj
                0x20008260                flash_do_cmd_cs
                0x20008364                        . = ALIGN (0x4)
 *(.rodata*)
 .rodata.reasons.0
                0x20008364       0x28 CMakeFiles/okhi.dir/okhi.c.obj
 .rodata.table.7
                0x2000838c       0x40 CMakeFiles/okhi.dir/okhi.c.obj
 .rodata.crc5_usb_tab
                0x200083cc      0x100 CMakeFiles/okhi.dir/okhi.c.obj
 .rodata.crc16_usb_tab
                0x200084cc      0x200 CMakeFiles/okhi.dir/okhi.c.obj
 .rodata.spi_frame_magic
                0x200086cc        0x4 CMakeFiles/okhi.dir/okhi.c.obj
 .rodata.tar_pio1_program
                0x200086d0        0x8 CMakeFiles/okhi.dir/okhi.c.obj
 .rodata.tar_pio1_program_instructions
                0x200086d8       0x28 CMakeFiles/okhi.dir/okhi.c.obj
 .rodata.tar_lowsp_pio0_program
                0x20008700        0x8 CMakeFiles/okhi.dir/okhi.c.obj
 .rodata.tar_lowsp_pio0_program_instructions
                0x20008708       0x40 CMakeFiles/okhi.dir/okhi.c.obj
 .rodata        0x20008748      0xed8 CMakeFiles/okhi.dir/okhi.c.obj
 .rodata.gpio_set_irq_enabled.str1.4
                0x20009620      0xb41 CMakeFiles/okhi.dir/C_/Users/regue/.pico-sdk/sdk/2.3.0/src/rp2_common/hardware_gpio/gpio.c.obj
                                 0x73 (size before relaxing)
 *fill*         0x2000a161        0x3 
 .rodata.__func__.4
                0x2000a164       0x15 CMakeFiles/okhi.dir/C_/Users/regue/.pico-sdk/sdk/2.3.0/src/rp2_common/hardware_gpio/gpio.c.obj
 .rodata.panic.str1.4
                0x2000a179        0x0 CMakeFiles/okhi.dir/C_/Users/regue/.pico-sdk/sdk/2.3.0/src/rp2_common/pico_platform_panic/panic.c.obj
                                 0x11 (size before relaxing)
 .rodata.hw_claim_clear.str1.4
                0x2000a179        0x0 CMakeFiles/okhi.dir/C_/Users/regue/.pico-sdk/sdk/2.3.0/src/common/hardware_claim/claim.c.obj
                                 0x65 (size before relaxing)
 *fill*         0x2000a179        0x3 
 .rodata.__func__.0
                0x2000a17c        0xf CMakeFiles/okhi.dir/C_/Users/regue/.pico-sdk/sdk/2.3.0/src/common/hardware_claim/claim.c.obj
 .rodata.resolve_j_16.str1.4
                0x2000a18b        0x0 CMakeFiles/okhi.dir/C_/Users/regue/.pico-sdk/sdk/2.3.0/src/rp2_common/hardware_irq/irq.c.obj
                                 0x5d (size before relaxing)
 .rodata.make_j_16.str1.4
                0x2000a18b        0x0 CMakeFiles/okhi.dir/C_/Users/regue/.pico-sdk/sdk/2.3.0/src/rp2_common/hardware_irq/irq.c.obj
                                 0x30 (size before relaxing)
 .rodata.insert_bl_32.str1.4
                0x2000a18b        0x0 CMakeFiles/okhi.dir/C_/Users/regue/.pico-sdk/sdk/2.3.0/src/rp2_common/hardware_irq/irq.c.obj
                                 0x10 (size before relaxing)
 .rodata.irq_set_exclusive_handler.str1.4
                0x2000a18b        0x0 CMakeFiles/okhi.dir/C_/Users/regue/.pico-sdk/sdk/2.3.0/src/rp2_common/hardware_irq/irq.c.obj
                                 0x36 (size before relaxing)
 .rodata.irq_add_shared_handler.str1.4
                0x2000a18b        0x0 CMakeFiles/okhi.dir/C_/Users/regue/.pico-sdk/sdk/2.3.0/src/rp2_common/hardware_irq/irq.c.obj
                                 0xd2 (size before relaxing)
 .rodata.irq_remove_handler.str1.4
                0x2000a18b        0x0 CMakeFiles/okhi.dir/C_/Users/regue/.pico-sdk/sdk/2.3.0/src/rp2_common/hardware_irq/irq.c.obj
                                 0x3a (size before relaxing)
 .rodata.irq_add_tail_to_free_list.str1.4
                0x2000a18b        0x0 CMakeFiles/okhi.dir/C_/Users/regue/.pico-sdk/sdk/2.3.0/src/rp2_common/hardware_irq/irq.c.obj
                                 0x3a (size before relaxing)
 *fill*         0x2000a18b        0x1 
 .rodata.__func__.0
                0x2000a18c       0x1a CMakeFiles/okhi.dir/C_/Users/regue/.pico-sdk/sdk/2.3.0/src/rp2_common/hardware_irq/irq.c.obj
 *fill*         0x2000a1a6        0x2 
 .rodata.__func__.1
                0x2000a1a8        0xd CMakeFiles/okhi.dir/C_/Users/regue/.pico-sdk/sdk/2.3.0/src/rp2_common/hardware_irq/irq.c.obj
 *fill*         0x2000a1b5        0x3 
 .rodata.__func__.2
                0x2000a1b8       0x13 CMakeFiles/okhi.dir/C_/Users/regue/.pico-sdk/sdk/2.3.0/src/rp2_common/hardware_irq/irq.c.obj
 *fill*         0x2000a1cb        0x1 
 .rodata.__func__.3
                0x2000a1cc        0xa CMakeFiles/okhi.dir/C_/Users/regue/.pico-sdk/sdk/2.3.0/src/rp2_common/hardware_irq/irq.c.obj
 *fill*         0x2000a1d6        0x2 
 .rodata.__func__.4
                0x2000a1d8        0xd CMakeFiles/okhi.dir/C_/Users/regue/.pico-sdk/sdk/2.3.0/src/rp2_common/hardware_irq/irq.c.obj
 *fill*         0x2000a1e5        0x3 
 .rodata.__func__.5
                0x2000a1e8       0x17 CMakeFiles/okhi.dir/C_/Users/regue/.pico-sdk/sdk/2.3.0/src/rp2_common/hardware_irq/irq.c.obj
 *fill*         0x2000a1ff        0x1 
 .rodata.__func__.6
                0x2000a200       0x1a CMakeFiles/okhi.dir/C_/Users/regue/.pico-sdk/sdk/2.3.0/src/rp2_common/hardware_irq/irq.c.obj
 .rodata.runtime_init_mutex.str1.4
                0x2000a21a        0x0 CMakeFiles/okhi.dir/C_/Users/regue/.pico-sdk/sdk/2.3.0/src/common/pico_sync/mutex.c.obj
                                 0x60 (size before relaxing)
 .rodata.str1.4
                0x2000a21a        0x0 CMakeFiles/okhi.dir/C_/Users/regue/.pico-sdk/sdk/2.3.0/src/common/pico_sync/mutex.c.obj
                                 0x51 (size before relaxing)
 *fill*         0x2000a21a        0x2 
 .rodata.__func__.1
                0x2000a21c        0xb CMakeFiles/okhi.dir/C_/Users/regue/.pico-sdk/sdk/2.3.0/src/common/pico_sync/mutex.c.obj
 *fill*         0x2000a227        0x1 
 .rodata.__func__.3
                0x2000a228       0x18 CMakeFiles/okhi.dir/C_/Users/regue/.pico-sdk/sdk/2.3.0/src/common/pico_sync/mutex.c.obj
 .rodata.__func__.6
                0x2000a240       0x13 CMakeFiles/okhi.dir/C_/Users/regue/.pico-sdk/sdk/2.3.0/src/common/pico_sync/mutex.c.obj
 .rodata.alarm_pool_irq_handler.str1.4
                0x2000a253        0x0 CMakeFiles/okhi.dir/C_/Users/regue/.pico-sdk/sdk/2.3.0/src/common/pico_time/time.c.obj
                                 0x6b (size before relaxing)
 .rodata.alarm_pool_get_default.str1.4
                0x2000a253        0x0 CMakeFiles/okhi.dir/C_/Users/regue/.pico-sdk/sdk/2.3.0/src/common/pico_time/time.c.obj
                                 0x21 (size before relaxing)
 .rodata.sleep_until.str1.4
                0x2000a253        0x0 CMakeFiles/okhi.dir/C_/Users/regue/.pico-sdk/sdk/2.3.0/src/common/pico_time/time.c.obj
                                 0x4d (size before relaxing)
 *fill*         0x2000a253        0x1 
 .rodata.__func__.2
                0x2000a254       0x17 CMakeFiles/okhi.dir/C_/Users/regue/.pico-sdk/sdk/2.3.0/src/common/pico_time/time.c.obj
 *fill*         0x2000a26b        0x1 
 .rodata.__func__.3
                0x2000a26c       0x17 CMakeFiles/okhi.dir/C_/Users/regue/.pico-sdk/sdk/2.3.0/src/common/pico_time/time.c.obj
 *fill*         0x2000a283        0x5 
 .rodata.at_the_end_of_time
                0x2000a288        0x8 CMakeFiles/okhi.dir/C_/Users/regue/.pico-sdk/sdk/2.3.0/src/common/pico_time/time.c.obj
                0x2000a288                at_the_end_of_time
 .rodata.timer_hardware_alarm_claim.str1.4
                0x2000a290        0x0 CMakeFiles/okhi.dir/C_/Users/regue/.pico-sdk/sdk/2.3.0/src/rp2_common/hardware_timer/timer.c.obj
                                 0x22 (size before relaxing)
 .rodata.pll_init.str1.4
                0x2000a290        0x0 CMakeFiles/okhi.dir/C_/Users/regue/.pico-sdk/sdk/2.3.0/src/rp2_common/hardware_pll/pll.c.obj
                                0x11c (size before relaxing)
 .rodata.__func__.0
                0x2000a290        0x9 CMakeFiles/okhi.dir/C_/Users/regue/.pico-sdk/sdk/2.3.0/src/rp2_common/hardware_pll/pll.c.obj
 .rodata.__aeabi_double_init.str1.4
                0x2000a299        0x0 CMakeFiles/okhi.dir/C_/Users/regue/.pico-sdk/sdk/2.3.0/src/rp2_common/pico_double/double_init_rom_rp2040.c.obj
                                 0x9b (size before relaxing)
 *fill*         0x2000a299        0x3 
 .rodata.__func__.0
                0x2000a29c       0x14 CMakeFiles/okhi.dir/C_/Users/regue/.pico-sdk/sdk/2.3.0/src/rp2_common/pico_double/double_init_rom_rp2040.c.obj
 .rodata.__aeabi_float_init.str1.4
                0x2000a2b0        0x0 CMakeFiles/okhi.dir/C_/Users/regue/.pico-sdk/sdk/2.3.0/src/rp2_common/pico_float/float_init_rom_rp2040.c.obj
                                 0x8d (size before relaxing)
 .rodata.__func__.0
                0x2000a2b0       0x13 CMakeFiles/okhi.dir/C_/Users/regue/.pico-sdk/sdk/2.3.0/src/rp2_common/pico_float/float_init_rom_rp2040.c.obj
 .rodata.str1.4
                0x2000a2c3        0x0 CMakeFiles/okhi.dir/C_/Users/regue/.pico-sdk/sdk/2.3.0/src/rp2_common/pico_standard_binary_info/standard_binary_info.c.obj
                                 0x74 (size before relaxing)
 *fill*         0x2000a2c3        0x1 
 .rodata.__bi_94