Archive member included to satisfy reference by file (symbol)

c:/progra~1/raspbe~1/picosd~1.1/gcc-ar~1/bin/../lib/gcc/arm-none-eabi/10.3.1/thumb/v6-m/nofp\libgcc.a(_dvmd_tls.o)
                              CMakeFiles/okhi.dir/C_/Program_Files/Raspberry_Pi/Pico_SDK_v1.5.1/pico-sdk/src/rp2_common/pico_divider/divider.S.obj (__aeabi_idiv0)
c:/progra~1/raspbe~1/picosd~1.1/gcc-ar~1/bin/../lib/gcc/arm-none-eabi/10.3.1/../../../../arm-none-eabi/lib/thumb/v6-m/nofp\libg.a(lib_a-calloc.o)
                              CMakeFiles/okhi.dir/C_/Program_Files/Raspberry_Pi/Pico_SDK_v1.5.1/pico-sdk/src/rp2_common/pico_malloc/pico_malloc.c.obj (calloc)
c:/progra~1/raspbe~1/picosd~1.1/gcc-ar~1/bin/../lib/gcc/arm-none-eabi/10.3.1/../../../../arm-none-eabi/lib/thumb/v6-m/nofp\libg.a(lib_a-callocr.o)
                              c:/progra~1/raspbe~1/picosd~1.1/gcc-ar~1/bin/../lib/gcc/arm-none-eabi/10.3.1/../../../../arm-none-eabi/lib/thumb/v6-m/nofp\libg.a(lib_a-calloc.o) (_calloc_r)
c:/progra~1/raspbe~1/picosd~1.1/gcc-ar~1/bin/../lib/gcc/arm-none-eabi/10.3.1/../../../../arm-none-eabi/lib/thumb/v6-m/nofp\libg.a(lib_a-errno.o)
                              c:/progra~1/raspbe~1/picosd~1.1/gcc-ar~1/bin/../lib/gcc/arm-none-eabi/10.3.1/../../../../arm-none-eabi/lib/thumb/v6-m/nofp\libg.a(lib_a-callocr.o) (__errno)
c:/progra~1/raspbe~1/picosd~1.1/gcc-ar~1/bin/../lib/gcc/arm-none-eabi/10.3.1/../../../../arm-none-eabi/lib/thumb/v6-m/nofp\libg.a(lib_a-fflush.o)
                              CMakeFiles/okhi.dir/okhi.c.obj (fflush)
c:/progra~1/raspbe~1/picosd~1.1/gcc-ar~1/bin/../lib/gcc/arm-none-eabi/10.3.1/../../../../arm-none-eabi/lib/thumb/v6-m/nofp\libg.a(lib_a-findfp.o)
                              c:/progra~1/raspbe~1/picosd~1.1/gcc-ar~1/bin/../lib/gcc/arm-none-eabi/10.3.1/../../../../arm-none-eabi/lib/thumb/v6-m/nofp\libg.a(lib_a-fflush.o) (__sinit)
c:/progra~1/raspbe~1/picosd~1.1/gcc-ar~1/bin/../lib/gcc/arm-none-eabi/10.3.1/../../../../arm-none-eabi/lib/thumb/v6-m/nofp\libg.a(lib_a-freer.o)
                              c:/progra~1/raspbe~1/picosd~1.1/gcc-ar~1/bin/../lib/gcc/arm-none-eabi/10.3.1/../../../../arm-none-eabi/lib/thumb/v6-m/nofp\libg.a(lib_a-fflush.o) (_free_r)
c:/progra~1/raspbe~1/picosd~1.1/gcc-ar~1/bin/../lib/gcc/arm-none-eabi/10.3.1/../../../../arm-none-eabi/lib/thumb/v6-m/nofp\libg.a(lib_a-fwalk.o)
                              c:/progra~1/raspbe~1/picosd~1.1/gcc-ar~1/bin/../lib/gcc/arm-none-eabi/10.3.1/../../../../arm-none-eabi/lib/thumb/v6-m/nofp\libg.a(lib_a-findfp.o) (_fwalk)
c:/progra~1/raspbe~1/picosd~1.1/gcc-ar~1/bin/../lib/gcc/arm-none-eabi/10.3.1/../../../../arm-none-eabi/lib/thumb/v6-m/nofp\libg.a(lib_a-impure.o)
                              c:/progra~1/raspbe~1/picosd~1.1/gcc-ar~1/bin/../lib/gcc/arm-none-eabi/10.3.1/../../../../arm-none-eabi/lib/thumb/v6-m/nofp\libg.a(lib_a-fflush.o) (_global_impure_ptr)
c:/progra~1/raspbe~1/picosd~1.1/gcc-ar~1/bin/../lib/gcc/arm-none-eabi/10.3.1/../../../../arm-none-eabi/lib/thumb/v6-m/nofp\libg.a(lib_a-init.o)
                              c:/progra~1/raspbe~1/picosd~1.1/gcc-ar~1/bin/../lib/gcc/arm-none-eabi/10.3.1/../../../../arm-none-eabi/lib/thumb/v6-m/nofp/crt0.o (__libc_init_array)
c:/progra~1/raspbe~1/picosd~1.1/gcc-ar~1/bin/../lib/gcc/arm-none-eabi/10.3.1/../../../../arm-none-eabi/lib/thumb/v6-m/nofp\libg.a(lib_a-lock.o)
                              c:/progra~1/raspbe~1/picosd~1.1/gcc-ar~1/bin/../lib/gcc/arm-none-eabi/10.3.1/../../../../arm-none-eabi/lib/thumb/v6-m/nofp\libg.a(lib_a-findfp.o) (__retarget_lock_init_recursive)
c:/progra~1/raspbe~1/picosd~1.1/gcc-ar~1/bin/../lib/gcc/arm-none-eabi/10.3.1/../../../../arm-none-eabi/lib/thumb/v6-m/nofp\libg.a(lib_a-malloc.o)
                              CMakeFiles/okhi.dir/C_/Program_Files/Raspberry_Pi/Pico_SDK_v1.5.1/pico-sdk/src/rp2_common/pico_malloc/pico_malloc.c.obj (malloc)
c:/progra~1/raspbe~1/picosd~1.1/gcc-ar~1/bin/../lib/gcc/arm-none-eabi/10.3.1/../../../../arm-none-eabi/lib/thumb/v6-m/nofp\libg.a(lib_a-mallocr.o)
                              c:/progra~1/raspbe~1/picosd~1.1/gcc-ar~1/bin/../lib/gcc/arm-none-eabi/10.3.1/../../../../arm-none-eabi/lib/thumb/v6-m/nofp\libg.a(lib_a-callocr.o) (_malloc_r)
c:/progra~1/raspbe~1/picosd~1.1/gcc-ar~1/bin/../lib/gcc/arm-none-eabi/10.3.1/../../../../arm-none-eabi/lib/thumb/v6-m/nofp\libg.a(lib_a-mlock.o)
                              c:/progra~1/raspbe~1/picosd~1.1/gcc-ar~1/bin/../lib/gcc/arm-none-eabi/10.3.1/../../../../arm-none-eabi/lib/thumb/v6-m/nofp\libg.a(lib_a-freer.o) (__malloc_lock)
c:/progra~1/raspbe~1/picosd~1.1/gcc-ar~1/bin/../lib/gcc/arm-none-eabi/10.3.1/../../../../arm-none-eabi/lib/thumb/v6-m/nofp\libg.a(lib_a-realloc.o)
                              CMakeFiles/okhi.dir/C_/Program_Files/Raspberry_Pi/Pico_SDK_v1.5.1/pico-sdk/src/rp2_common/pico_malloc/pico_malloc.c.obj (realloc)
c:/progra~1/raspbe~1/picosd~1.1/gcc-ar~1/bin/../lib/gcc/arm-none-eabi/10.3.1/../../../../arm-none-eabi/lib/thumb/v6-m/nofp\libg.a(lib_a-reallocr.o)
[...]
Memory Configuration

Name             Origin             Length             Attributes
FLASH            0x10000000         0x00200000         xr
RAM              0x20000000         0x00040000         xrw
SCRATCH_X        0x20040000         0x00001000         xrw
SCRATCH_Y        0x20041000         0x00001000         xrw
*default*        0x00000000         0xffffffff

Linker script and memory map

LOAD c:/progra~1/raspbe~1/picosd~1.1/gcc-ar~1/bin/../lib/gcc/arm-none-eabi/10.3.1/thumb/v6-m/nofp/crti.o
LOAD c:/progra~1/raspbe~1/picosd~1.1/gcc-ar~1/bin/../lib/gcc/arm-none-eabi/10.3.1/thumb/v6-m/nofp/crtbegin.o
LOAD c:/progra~1/raspbe~1/picosd~1.1/gcc-ar~1/bin/../lib/gcc/arm-none-eabi/10.3.1/../../../../arm-none-eabi/lib/thumb/v6-m/nofp/crt0.o

.flash_begin    0x10000000        0x0
                0x10000000                __flash_binary_start = .

.boot2          0x10000000      0x100
                0x10000000                __boot2_start__ = .
 *(.boot2)
 .boot2         0x10000000      0x100 C:\Users\regue\AppData\Local\Temp\cceO5n0W.o
                0x10000100                __boot2_end__ = .
                0x00000001                ASSERT (((__boot2_end__ - __boot2_start__) == 0x100), ERROR: Pico second stage bootloader must be 256 bytes in size)

.flashtext      0x10000100      0x1d8
                0x10000100                __logical_binary_start = .
 *(.vectors)
 .vectors       0x10000100       0xd4 CMakeFiles/okhi.dir/C_/Program_Files/Raspberry_Pi/Pico_SDK_v1.5.1/pico-sdk/src/rp2_common/pico_standard_link/crt0.S.obj
                0x10000100                __VECTOR_TABLE
                0x10000100                __vectors
                0x100001c0                isr_invalid
                0x100001c0                __default_isrs_start
                0x100001c2                isr_nmi
                0x100001c4                isr_hardfault
                0x100001c6                isr_svcall
                0x100001c8                isr_pendsv
                0x100001ca                isr_systick
                0x100001cc                isr_irq23
                0x100001cc                isr_irq18
                0x100001cc                isr_irq11
                0x100001cc                isr_irq28
                0x100001cc                isr_irq19
                0x100001cc                isr_irq0
                0x100001cc                isr_irq6
                0x100001cc                isr_irq5
                0x100001cc                isr_irq12
                0x100001cc                isr_irq22
                0x100001cc                isr_irq31
                0x100001cc                isr_irq17
                0x100001cc                isr_irq27
                0x100001cc                isr_irq30
                0x100001cc                isr_irq2
                0x100001cc                isr_irq10
                0x100001cc                isr_irq8
                0x100001cc                isr_irq24
                0x100001cc                isr_irq1
                0x100001cc                isr_irq7
                0x100001cc                isr_irq21
                0x100001cc                isr_irq20
                0x100001cc                isr_irq15
                0x100001cc                isr_irq25
                0x100001cc                isr_irq13
                0x100001cc                __unhandled_user_irq
                0x100001cc                isr_irq4
                0x100001cc                isr_irq16
                0x100001cc                isr_irq29
                0x100001cc                isr_irq26
                0x100001cc                __default_isrs_end
                0x100001cc                isr_irq3
                0x100001cc                isr_irq14
                0x100001cc                isr_irq9
                0x100001d2                unhandled_user_irq_num_in_r0
 *(.binary_info_header)
 .binary_info_header
                0x100001d4       0x14 CMakeFiles/okhi.dir/C_/Program_Files/Raspberry_Pi/Pico_SDK_v1.5.1/pico-sdk/src/rp2_common/pico_standard_link/crt0.S.obj
                0x100001e8                __binary_info_header_end = .
 *(.reset)
 .reset         0x100001e8       0xac CMakeFiles/okhi.dir/C_/Program_Files/Raspberry_Pi/Pico_SDK_v1.5.1/pico-sdk/src/rp2_common/pico_standard_link/crt0.S.obj
                0x100001e8                _entry_point
 *fill*         0x10000294        0x4 
 .reset.__stub  0x10000298       0x10 linker stubs
 .reset         0x100002a8       0x30 CMakeFiles/okhi.dir/C_/Program_Files/Raspberry_Pi/Pico_SDK_v1.5.1/pico-sdk/src/rp2_common/pico_standard_link/binary_info.c.obj

.rodata         0x100002d8        0x0
 *(SORT_BY_ALIGNMENT(SORT_BY_NAME(.flashdata*)))
                0x100002d8                . = ALIGN (0x4)

.ARM.extab
 *(.ARM.extab* .gnu.linkonce.armextab.*)
                0x100002d8                __exidx_start = .

.ARM.exidx
 *(.ARM.exidx* .gnu.linkonce.armexidx.*)
                0x100002d8                __exidx_end = .
                0x100002d8                . = ALIGN (0x4)
                0x100002d8                __binary_info_start = .

.binary_info    0x100002d8       0x2c
 *(.binary_info.keep.*)
 .binary_info.keep.__bi_ptr22
                0x100002d8        0x4 CMakeFiles/okhi.dir/C_/Program_Files/Raspberry_Pi/Pico_SDK_v1.5.1/pico-sdk/src/rp2_common/pico_standard_link/binary_info.c.obj
 .binary_info.keep.__bi_ptr30
                0x100002dc        0x4 CMakeFiles/okhi.dir/C_/Program_Files/Raspberry_Pi/Pico_SDK_v1.5.1/pico-sdk/src/rp2_common/pico_standard_link/binary_info.c.obj
 .binary_info.keep.__bi_ptr38
                0x100002e0        0x4 CMakeFiles/okhi.dir/C_/Program_Files/Raspberry_Pi/Pico_SDK_v1.5.1/pico-sdk/src/rp2_common/pico_standard_link/binary_info.c.obj
 .binary_info.keep.__bi_ptr44
                0x100002e4        0x4 CMakeFiles/okhi.dir/C_/Program_Files/Raspberry_Pi/Pico_SDK_v1.5.1/pico-sdk/src/rp2_common/pico_standard_link/binary_info.c.obj
 .binary_info.keep.__bi_ptr50
                0x100002e8        0x4 CMakeFiles/okhi.dir/C_/Program_Files/Raspberry_Pi/Pico_SDK_v1.5.1/pico-sdk/src/rp2_common/pico_standard_link/binary_info.c.obj
 .binary_info.keep.__bi_ptr69
                0x100002ec        0x4 CMakeFiles/okhi.dir/C_/Program_Files/Raspberry_Pi/Pico_SDK_v1.5.1/pico-sdk/src/rp2_common/pico_standard_link/binary_info.c.obj
 .binary_info.keep.__bi_ptr75
                0x100002f0        0x4 CMakeFiles/okhi.dir/C_/Program_Files/Raspberry_Pi/Pico_SDK_v1.5.1/pico-sdk/src/rp2_common/pico_standard_link/binary_info.c.obj
 .binary_info.keep.__bi_ptr81
                0x100002f4        0x4 CMakeFiles/okhi.dir/C_/Program_Files/Raspberry_Pi/Pico_SDK_v1.5.1/pico-sdk/src/rp2_common/pico_standard_link/binary_info.c.obj
 .binary_info.keep.__bi_ptr91
                0x100002f8        0x4 CMakeFiles/okhi.dir/C_/Program_Files/Raspberry_Pi/Pico_SDK_v1.5.1/pico-sdk/src/rp2_common/pico_standard_link/binary_info.c.obj
 *(.binary_info.*)
 .binary_info.__bi_ptr33
                0x100002fc        0x4 CMakeFiles/okhi.dir/C_/Program_Files/Raspberry_Pi/Pico_SDK_v1.5.1/pico-sdk/src/rp2_common/pico_stdio_uart/stdio_uart.c.obj
 .binary_info.__bi_ptr34
                0x10000300        0x4 CMakeFiles/okhi.dir/C_/Program_Files/Raspberry_Pi/Pico_SDK_v1.5.1/pico-sdk/src/rp2_common/pico_stdio_uart/stdio_uart.c.obj
                0x10000304                __binary_info_end = .
                0x10000304                . = ALIGN (0x4)

.ram_vector_table
                0x20000000       0xc0
 *(.ram_vector_table)
 .ram_vector_table
                0x20000000       0xc0 CMakeFiles/okhi.dir/C_/Program_Files/Raspberry_Pi/Pico_SDK_v1.5.1/pico-sdk/src/rp2_common/pico_runtime/runtime.c.obj
                0x20000000                ram_vector_table

.text           0x200000c0     0x7304 load address 0x10000304
                0x200000c0                __ram_text_start__ = .
 *(.init)
 .init          0x200000c0        0x4 c:/progra~1/raspbe~1/picosd~1.1/gcc-ar~1/bin/../lib/gcc/arm-none-eabi/10.3.1/thumb/v6-m/nofp/crti.o
                0x200000c0                _init
 *(.text*)
 .text          0x200000c4       0x48 c:/progra~1/raspbe~1/picosd~1.1/gcc-ar~1/bin/../lib/gcc/arm-none-eabi/10.3.1/thumb/v6-m/nofp/crtbegin.o
 .text.sm_config_set_clkdiv
                0x2000010c       0x3c CMakeFiles/okhi.dir/okhi.c.obj
 .text.pio_get_default_sm_config
                0x20000148       0x28 CMakeFiles/okhi.dir/okhi.c.obj
 .text.get_start_free_flash_space_addr
                0x20000170       0x18 CMakeFiles/okhi.dir/okhi.c.obj
 .text.get_flash_end_address
                0x20000188        0x6 CMakeFiles/okhi.dir/okhi.c.obj
 .text.get_free_flash_space
                0x2000018e       0x10 CMakeFiles/okhi.dir/okhi.c.obj
 *fill*         0x2000019e        0x2 
 .text.capture_limit_value
                0x200001a0        0x8 CMakeFiles/okhi.dir/okhi.c.obj
 .text.crc16_usb
                0x200001a8       0x2c CMakeFiles/okhi.dir/okhi.c.obj
 .text.crc5_usb
                0x200001d4       0x20 CMakeFiles/okhi.dir/okhi.c.obj
 .text.handle_folding
                0x200001f4       0x88 CMakeFiles/okhi.dir/okhi.c.obj
 .text.process_packet
                0x2000027c      0x1f4 CMakeFiles/okhi.dir/okhi.c.obj
 .text.start_time
                0x20000470       0x30 CMakeFiles/okhi.dir/okhi.c.obj
 .text.bootsel_pressed_safely
                0x200004a0       0x60 CMakeFiles/okhi.dir/okhi.c.obj
 .text.gpio_callback
                0x20000500       0x54 CMakeFiles/okhi.dir/okhi.c.obj
                0x20000500                gpio_callback
 .text.pio1_irq
                0x20000554       0x44 CMakeFiles/okhi.dir/okhi.c.obj
                0x20000554                pio1_irq
 .text.pio0_irq
                0x20000598       0x44 CMakeFiles/okhi.dir/okhi.c.obj
                0x20000598                pio0_irq
 .text.process_buffer
                0x200005dc      0x148 CMakeFiles/okhi.dir/okhi.c.obj
 .text.print_g_fold_count
                0x20000724       0x3c CMakeFiles/okhi.dir/okhi.c.obj
 .text.init_esp_seq
                0x20000760       0xc0 CMakeFiles/okhi.dir/okhi.c.obj
 .text.my_spi_write_blocking
                0x20000820      0x1a0 CMakeFiles/okhi.dir/okhi.c.obj
 .text.my_spi_to_esp_write_blocking
                0x200009c0       0x26 CMakeFiles/okhi.dir/okhi.c.obj
 *fill*         0x200009e6        0x2 
 .text.print_packet
                0x200009e8      0x208 CMakeFiles/okhi.dir/okhi.c.obj
 .text.display_buffer
                0x20000bf0      0x180 CMakeFiles/okhi.dir/okhi.c.obj
 .text.core1_main
                0x20000d70      0x114 CMakeFiles/okhi.dir/okhi.c.obj
                0x20000d70                core1_main
 .text.reinit_dbuff
                0x20000e84       0x20 CMakeFiles/okhi.dir/okhi.c.obj
 .text.blink_led
                0x20000ea4       0x3a CMakeFiles/okhi.dir/okhi.c.obj
 *fill*         0x20000ede        0x2 
 .text.boot_press
                0x20000ee0       0x38 CMakeFiles/okhi.dir/okhi.c.obj
 .text.get_pin_state
                0x20000f18       0x64 CMakeFiles/okhi.dir/okhi.c.obj
 .text.detect_hw_version
                0x20000f7c       0x86 CMakeFiles/okhi.dir/okhi.c.obj
 *fill*         0x20001002        0x2 
 .text.init_ver
                0x20001004       0xe8 CMakeFiles/okhi.dir/okhi.c.obj
 .text.free_all_pio_state_machines
                0x200010ec       0x26 CMakeFiles/okhi.dir/okhi.c.obj
 *fill*         0x20001112        0x2 
 .text.pio_destroy
                0x20001114       0x28 CMakeFiles/okhi.dir/okhi.c.obj
 .text.init_seq
                0x2000113c      0x224 CMakeFiles/okhi.dir/okhi.c.obj
 .text.main     0x20001360      0x4dc CMakeFiles/okhi.dir/okhi.c.obj
                0x20001360                main
 .text.set_sys_clock_pll
                0x2000183c       0x78 CMakeFiles/okhi.dir/C_/Program_Files/Raspberry_Pi/Pico_SDK_v1.5.1/pico-sdk/src/rp2_common/pico_stdlib/stdlib.c.obj
                0x2000183c                set_sys_clock_pll
 .text.check_sys_clock_khz
                0x200018b4       0xa4 CMakeFiles/okhi.dir/C_/Program_Files/Raspberry_Pi/Pico_SDK_v1.5.1/pico-sdk/src/rp2_common/pico_stdlib/stdlib.c.obj
                0x200018b4                check_sys_clock_khz
 .text.gpio_set_function
                0x20001958       0x30 CMakeFiles/okhi.dir/C_/Program_Files/Raspberry_Pi/Pico_SDK_v1.5.1/pico-sdk/src/rp2_common/hardware_gpio/gpio.c.obj
                0x20001958                gpio_set_function
 .text.gpio_set_pulls
                0x20001988       0x34 CMakeFiles/okhi.dir/C_/Program_Files/Raspberry_Pi/Pico_SDK_v1.5.1/pico-sdk/src/rp2_common/hardware_gpio/gpio.c.obj
                0x20001988                gpio_set_pulls
 .text.gpio_set_irq_callback
                0x200019bc       0x48 CMakeFiles/okhi.dir/C_/Program_Files/Raspberry_Pi/Pico_SDK_v1.5.1/pico-sdk/src/rp2_common/hardware_gpio/gpio.c.obj
                0x200019bc                gpio_set_irq_callback
 .text.gpio_acknowledge_irq
                0x20001a04       0x18 CMakeFiles/okhi.dir/C_/Program_Files/Raspberry_Pi/Pico_SDK_v1.5.1/pico-sdk/src/rp2_common/hardware_gpio/gpio.c.obj
                0x20001a04                gpio_acknowledge_irq
 .text._gpio_set_irq_enabled
                0x20001a1c       0x34 CMakeFiles/okhi.dir/C_/Program_Files/Raspberry_Pi/Pico_SDK_v1.5.1/pico-sdk/src/rp2_common/hardware_gpio/gpio.c.obj
 .text.gpio_set_irq_enabled
                0x20001a50       0x20 CMakeFiles/okhi.dir/C_/Program_Files/Raspberry_Pi/Pico_SDK_v1.5.1/pico-sdk/src/rp2_common/hardware_gpio/gpio.c.obj
                0x20001a50                gpio_set_irq_enabled
 .text.gpio_set_irq_enabled_with_callback
                0x20001a70       0x20 CMakeFiles/okhi.dir/C_/Program_Files/Raspberry_Pi/Pico_SDK_v1.5.1/pico-sdk/src/rp2_common/hardware_gpio/gpio.c.obj
                0x20001a70                gpio_set_irq_enabled_with_callback
 .text.gpio_default_irq_handler
                0x20001a90       0x98 CMakeFiles/okhi.dir/C_/Program_Files/Raspberry_Pi/Pico_SDK_v1.5.1/pico-sdk/src/rp2_common/hardware_gpio/gpio.c.obj
 .text.gpio_set_input_enabled
                0x20001b28       0x30 CMakeFiles/okhi.dir/C_/Program_Files/Raspberry_Pi/Pico_SDK_v1.5.1/pico-sdk/src/rp2_common/hardware_gpio/gpio.c.obj
                0x20001b28                gpio_set_input_enabled
 .text.gpio_init
                0x20001b58       0x16 CMakeFiles/okhi.dir/C_/Program_Files/Raspberry_Pi/Pico_SDK_v1.5.1/pico-sdk/src/rp2_common/hardware_gpio/gpio.c.obj
                0x20001b58                gpio_init
 .text.gpio_deinit
                0x20001b6e        0xa CMakeFiles/okhi.dir/C_/Program_Files/Raspberry_Pi/Pico_SDK_v1.5.1/pico-sdk/src/rp2_common/hardware_gpio/gpio.c.obj
                0x20001b6e                gpio_deinit
 .text.running_on_fpga
                0x20001b78       0x14 CMakeFiles/okhi.dir/C_/Program_Files/Raspberry_Pi/Pico_SDK_v1.5.1/pico-sdk/src/rp2_common/pico_platform/platform.c.obj
                0x20001b78                running_on_fpga
 .text.hw_claim_lock
                0x20001b8c       0x18 CMakeFiles/okhi.dir/C_/Program_Files/Raspberry_Pi/Pico_SDK_v1.5.1/pico-sdk/src/rp2_common/hardware_claim/claim.c.obj
                0x20001b8c                hw_claim_lock
 .text.hw_claim_unlock
                0x20001ba4       0x14 CMakeFiles/okhi.dir/C_/Program_Files/Raspberry_Pi/Pico_SDK_v1.5.1/pico-sdk/src/rp2_common/hardware_claim/claim.c.obj
                0x20001ba4                hw_claim_unlock
 .text.hw_is_claimed
                0x20001bb8       0x16 CMakeFiles/okhi.dir/C_/Program_Files/Raspberry_Pi/Pico_SDK_v1.5.1/pico-sdk/src/rp2_common/hardware_claim/claim.c.obj
                0x20001bb8                hw_is_claimed
 .text.hw_claim_or_assert
                0x20001bce       0x32 CMakeFiles/okhi.dir/C_/Program_Files/Raspberry_Pi/Pico_SDK_v1.5.1/pico-sdk/src/rp2_common/hardware_claim/claim.c.obj
                0x20001bce                hw_claim_or_assert
 .text.hw_claim_unused_from_range
                0x20001c00       0x50 CMakeFiles/okhi.dir/C_/Program_Files/Raspberry_Pi/Pico_SDK_v1.5.1/pico-sdk/src/rp2_common/hardware_claim/claim.c.obj
                0x20001c00                hw_claim_unused_from_range
 .text.hw_claim_clear
                0x20001c50       0x40 CMakeFiles/okhi.dir/C_/Program_Files/Raspberry_Pi/Pico_SDK_v1.5.1/pico-sdk/src/rp2_common/hardware_claim/claim.c.obj
                0x20001c50                hw_claim_clear
 .text.spin_locks_reset
                0x20001c90       0x20 CMakeFiles/okhi.dir/C_/Program_Files/Raspberry_Pi/Pico_SDK_v1.5.1/pico-sdk/src/rp2_common/hardware_sync/sync.c.obj
                0x20001c90                spin_locks_reset
 .text.next_striped_spin_lock_num
                0x20001cb0       0x1c CMakeFiles/okhi.dir/C_/Program_Files/Raspberry_Pi/Pico_SDK_v1.5.1/pico-sdk/src/rp2_common/hardware_sync/sync.c.obj
                0x20001cb0                next_striped_spin_lock_num
 .text.set_raw_irq_handler_and_unlock
                0x20001ccc       0x28 CMakeFiles/okhi.dir/C_/Program_Files/Raspberry_Pi/Pico_SDK_v1.5.1/pico-sdk/src/rp2_common/hardware_irq/irq.c.obj
 .text.make_branch
                0x20001cf4       0x48 CMakeFiles/okhi.dir/C_/Program_Files/Raspberry_Pi/Pico_SDK_v1.5.1/pico-sdk/src/rp2_common/hardware_irq/irq.c.obj
 .text.insert_branch_and_link
                0x20001d3c       0x40 CMakeFiles/okhi.dir/C_/Program_Files/Raspberry_Pi/Pico_SDK_v1.5.1/pico-sdk/src/rp2_common/hardware_irq/irq.c.obj
 .text.irq_is_enabled
                0x20001d7c       0x18 CMakeFiles/okhi.dir/C_/Program_Files/Raspberry_Pi/Pico_SDK_v1.5.1/pico-sdk/src/rp2_common/hardware_irq/irq.c.obj
                0x20001d7c                irq_is_enabled
 .text.irq_set_mask_enabled
                0x20001d94       0x20 CMakeFiles/okhi.dir/C_/Program_Files/Raspberry_Pi/Pico_SDK_v1.5.1/pico-sdk/src/rp2_common/hardware_irq/irq.c.obj
                0x20001d94                irq_set_mask_enabled
 .text.irq_set_enabled
                0x20001db4        0xe CMakeFiles/okhi.dir/C_/Program_Files/Raspberry_Pi/Pico_SDK_v1.5.1/pico-sdk/src/rp2_common/hardware_irq/irq.c.obj
                0x20001db4                irq_set_enabled
 *fill*         0x20001dc2        0x2 
 .text.irq_get_vtable_handler
                0x20001dc4       0x10 CMakeFiles/okhi.dir/C_/Program_Files/Raspberry_Pi/Pico_SDK_v1.5.1/pico-sdk/src/rp2_common/hardware_irq/irq.c.obj
                0x20001dc4                irq_get_vtable_handler
 .text.irq_set_exclusive_handler
                0x20001dd4       0x54 CMakeFiles/okhi.dir/C_/Program_Files/Raspberry_Pi/Pico_SDK_v1.5.1/pico-sdk/src/rp2_common/hardware_irq/irq.c.obj
                0x20001dd4                irq_set_exclusive_handler
 .text.irq_add_shared_handler
                0x20001e28      0x234 CMakeFiles/okhi.dir/C_/Program_Files/Raspberry_Pi/Pico_SDK_v1.5.1/pico-sdk/src/rp2_common/hardware_irq/irq.c.obj
                0x20001e28                irq_add_shared_handler
 .text.irq_remove_handler
                0x2000205c      0x1ac CMakeFiles/okhi.dir/C_/Program_Files/Raspberry_Pi/Pico_SDK_v1.5.1/pico-sdk/src/rp2_common/hardware_irq/irq.c.obj
                0x2000205c                irq_remove_handler
 .text.irq_add_tail_to_free_list
                0x20002208       0xf0 CMakeFiles/okhi.dir/C_/Program_Files/Raspberry_Pi/Pico_SDK_v1.5.1/pico-sdk/src/rp2_common/hardware_irq/irq.c.obj
                0x20002208                irq_add_tail_to_free_list
 .text.irq_init_priorities
                0x200022f8       0x1c CMakeFiles/okhi.dir/C_/Program_Files/Raspberry_Pi/Pico_SDK_v1.5.1/pico-sdk/src/rp2_common/hardware_irq/irq.c.obj
                0x200022f8                irq_init_priorities
 .text.lock_init
                0x20002314       0x10 CMakeFiles/okhi.dir/C_/Program_Files/Raspberry_Pi/Pico_SDK_v1.5.1/pico-sdk/src/common/pico_sync/lock_core.c.obj
                0x20002314                lock_init
 .text.mutex_init
                0x20002324       0x1a CMakeFiles/okhi.dir/C_/Program_Files/Raspberry_Pi/Pico_SDK_v1.5.1/pico-sdk/src/common/pico_sync/mutex.c.obj
                0x20002324                mutex_init
 .text.recursive_mutex_init
                0x2000233e       0x1e CMakeFiles/okhi.dir/C_/Program_Files/Raspberry_Pi/Pico_SDK_v1.5.1/pico-sdk/src/common/pico_sync/mutex.c.obj
                0x2000233e                recursive_mutex_init
 .text.alarm_pool_post_alloc_init
                0x2000235c       0x40 CMakeFiles/okhi.dir/C_/Program_Files/Raspberry_Pi/Pico_SDK_v1.5.1/pico-sdk/src/common/pico_time/time.c.obj
 .text.sleep_until_callback
                0x2000239c       0x30 CMakeFiles/okhi.dir/C_/Program_Files/Raspberry_Pi/Pico_SDK_v1.5.1/pico-sdk/src/common/pico_time/time.c.obj
 .text.timer_pool_entry_comparator
                0x200023cc       0x7c CMakeFiles/okhi.dir/C_/Program_Files/Raspberry_Pi/Pico_SDK_v1.5.1/pico-sdk/src/common/pico_time/time.c.obj
                0x200023cc                timer_pool_entry_comparator
 .text.ph_add_child_node
                0x20002448       0xa4 CMakeFiles/okhi.dir/C_/Program_Files/Raspberry_Pi/Pico_SDK_v1.5.1/pico-sdk/src/common/pico_time/time.c.obj
 .text.ph_merge_nodes
                0x200024ec       0x3e CMakeFiles/okhi.dir/C_/Program_Files/Raspberry_Pi/Pico_SDK_v1.5.1/pico-sdk/src/common/pico_time/time.c.obj
 *fill*         0x2000252a        0x2 
 .text.add_alarm_under_lock
                0x2000252c      0x174 CMakeFiles/okhi.dir/C_/Program_Files/Raspberry_Pi/Pico_SDK_v1.5.1/pico-sdk/src/common/pico_time/time.c.obj
 .text.alarm_pool_alarm_callback
                0x200026a0      0x33c CMakeFiles/okhi.dir/C_/Program_Files/Raspberry_Pi/Pico_SDK_v1.5.1/pico-sdk/src/common/pico_time/time.c.obj
 .text.alarm_pool_init_default
                0x200029dc       0x40 CMakeFiles/okhi.dir/C_/Program_Files/Raspberry_Pi/Pico_SDK_v1.5.1/pico-sdk/src/common/pico_time/time.c.obj
                0x200029dc                alarm_pool_init_default
 .text.alarm_pool_get_default
                0x20002a1c       0x2c CMakeFiles/okhi.dir/C_/Program_Files/Raspberry_Pi/Pico_SDK_v1.5.1/pico-sdk/src/common/pico_time/time.c.obj
                0x20002a1c                alarm_pool_get_default
 .text.alarm_pool_add_alarm_at
                0x20002a48      0x168 CMakeFiles/okhi.dir/C_/Program_Files/Raspberry_Pi/Pico_SDK_v1.5.1/pico-sdk/src/common/pico_time/time.c.obj
                0x20002a48                alarm_pool_add_alarm_at
 .text.alarm_pool_cancel_alarm
                0x20002bb0       0xf8 CMakeFiles/okhi.dir/C_/Program_Files/Raspberry_Pi/Pico_SDK_v1.5.1/pico-sdk/src/common/pico_time/time.c.obj
                0x20002bb0                alarm_pool_cancel_alarm
 .text.sleep_until
                0x20002ca8       0xfc CMakeFiles/okhi.dir/C_/Program_Files/Raspberry_Pi/Pico_SDK_v1.5.1/pico-sdk/src/common/pico_time/time.c.obj
                0x20002ca8                sleep_until
 .text.sleep_us
                0x20002da4       0x58 CMakeFiles/okhi.dir/C_/Program_Files/Raspberry_Pi/Pico_SDK_v1.5.1/pico-sdk/src/common/pico_time/time.c.obj
                0x20002da4                sleep_us
 .text.sleep_ms
                0x20002dfc       0x14 CMakeFiles/okhi.dir/C_/Program_Files/Raspberry_Pi/Pico_SDK_v1.5.1/pico-sdk/src/common/pico_time/time.c.obj
                0x20002dfc                sleep_ms
 .text.best_effort_wfe_or_timeout
                0x20002e10       0xac CMakeFiles/okhi.dir/C_/Program_Files/Raspberry_Pi/Pico_SDK_v1.5.1/pico-sdk/src/common/pico_time/time.c.obj
                0x20002e10                best_effort_wfe_or_timeout
 .text.hardware_alarm_irq_handler
                0x20002ebc       0x90 CMakeFiles/okhi.dir/C_/Program_Files/Raspberry_Pi/Pico_SDK_v1.5.1/pico-sdk/src/rp2_common/hardware_timer/timer.c.obj
 .text.hardware_alarm_claim
                0x20002f4c       0x18 CMakeFiles/okhi.dir/C_/Program_Files/Raspberry_Pi/Pico_SDK_v1.5.1/pico-sdk/src/rp2_common/hardware_timer/timer.c.obj
                0x20002f4c                hardware_alarm_claim
 .text.time_us_64
                0x20002f64       0x18 CMakeFiles/okhi.dir/C_/Program_Files/Raspberry_Pi/Pico_SDK_v1.5.1/pico-sdk/src/rp2_common/hardware_timer/timer.c.obj
                0x20002f64                time_us_64
 .text.busy_wait_until
                0x20002f7c       0x28 CMakeFiles/okhi.dir/C_/Program_Files/Raspberry_Pi/Pico_SDK_v1.5.1/pico-sdk/src/rp2_common/hardware_timer/timer.c.obj
                0x20002f7c                busy_wait_until
 .text.busy_wait_us
                0x20002fa4       0x48 CMakeFiles/okhi.dir/C_/Program_Files/Raspberry_Pi/Pico_SDK_v1.5.1/pico-sdk/src/rp2_common/hardware_timer/timer.c.obj
                0x20002fa4                busy_wait_us
 .text.hardware_alarm_set_callback
                0x20002fec       0x90 CMakeFiles/okhi.dir/C_/Program_Files/Raspberry_Pi/Pico_SDK_v1.5.1/pico-sdk/src/rp2_common/hardware_timer/timer.c.obj
                0x20002fec                hardware_alarm_set_callback
 .text.hardware_alarm_set_target
                0x2000307c       0xe8 CMakeFiles/okhi.dir/C_/Program_Files/Raspberry_Pi/Pico_SDK_v1.5.1/pico-sdk/src/rp2_common/hardware_timer/timer.c.obj
                0x2000307c                hardware_alarm_set_target
 .text.hardware_alarm_cancel
                0x20003164       0x40 CMakeFiles/okhi.dir/C_/Program_Files/Raspberry_Pi/Pico_SDK_v1.5.1/pico-sdk/src/rp2_common/hardware_timer/timer.c.obj
                0x20003164                hardware_alarm_cancel
 .text.ph_add_child_node
                0x200031a4       0xa4 CMakeFiles/okhi.dir/C_/Program_Files/Raspberry_Pi/Pico_SDK_v1.5.1/pico-sdk/src/common/pico_util/pheap.c.obj
 .text.ph_merge_nodes
                0x20003248       0x3e CMakeFiles/okhi.dir/C_/Program_Files/Raspberry_Pi/Pico_SDK_v1.5.1/pico-sdk/src/common/pico_util/pheap.c.obj
 *fill*         0x20003286        0x2 
 .text.ph_clear
                0x20003288       0x70 CMakeFiles/okhi.dir/C_/Program_Files/Raspberry_Pi/Pico_SDK_v1.5.1/pico-sdk/src/common/pico_util/pheap.c.obj
                0x20003288                ph_clear
 .text.ph_post_alloc_init
                0x200032f8        0xe CMakeFiles/okhi.dir/C_/Program_Files/Raspberry_Pi/Pico_SDK_v1.5.1/pico-sdk/src/common/pico_util/pheap.c.obj
                0x200032f8                ph_post_alloc_init
 *fill*         0x20003306        0x2 
 .text.ph_merge_two_pass
                0x20003308       0xa8 CMakeFiles/okhi.dir/C_/Program_Files/Raspberry_Pi/Pico_SDK_v1.5.1/pico-sdk/src/common/pico_util/pheap.c.obj
                0x20003308                ph_merge_two_pass
 .text.ph_remove_any_head
                0x200033b0      0x128 CMakeFiles/okhi.dir/C_/Program_Files/Raspberry_Pi/Pico_SDK_v1.5.1/pico-sdk/src/common/pico_util/pheap.c.obj
 .text.ph_remove_head
                0x200034d8       0x14 CMakeFiles/okhi.dir/C_/Program_Files/Raspberry_Pi/Pico_SDK_v1.5.1/pico-sdk/src/common/pico_util/pheap.c.obj
                0x200034d8                ph_remove_head
 .text.ph_remove_and_free_node
                0x200034ec       0xf8 CMakeFiles/okhi.dir/C_/Program_Files/Raspberry_Pi/Pico_SDK_v1.5.1/pico-sdk/src/common/pico_util/pheap.c.obj
                0x200034ec                ph_remove_and_free_node
 .text.uart_disable_before_lcr_write
                0x200035e4       0x48 CMakeFiles/okhi.dir/C_/Program_Files/Raspberry_Pi/Pico_SDK_v1.5.1/pico-sdk/src/rp2_common/hardware_uart/uart.c.obj
 .text.uart_write_lcr_bits_masked
                0x2000362c       0x22 CMakeFiles/okhi.dir/C_/Program_Files/Raspberry_Pi/Pico_SDK_v1.5.1/pico-sdk/src/rp2_common/hardware_uart/uart.c.obj
 *fill*         0x2000364e        0x2 
 .text.uart_set_baudrate
                0x20003650       0x5c CMakeFiles/okhi.dir/C_/Program_Files/Raspberry_Pi/Pico_SDK_v1.5.1/pico-sdk/src/rp2_common/hardware_uart/uart.c.obj
                0x20003650                uart_set_baudrate
 .text.uart_set_format
                0x200036ac       0x2c CMakeFiles/okhi.dir/C_/Program_Files/Raspberry_Pi/Pico_SDK_v1.5.1/pico-sdk/src/rp2_common/hardware_uart/uart.c.obj
                0x200036ac                uart_set_format
 .text.uart_set_fifo_enabled
                0x200036d8       0x10 CMakeFiles/okhi.dir/C_/Program_Files/Raspberry_Pi/Pico_SDK_v1.5.1/pico-sdk/src/rp2_common/hardware_uart/uart.c.obj
                0x200036d8                uart_set_fifo_enabled
 .text.uart_set_translate_crlf
                0x200036e8       0x28 CMakeFiles/okhi.dir/C_/Program_Files/Raspberry_Pi/Pico_SDK_v1.5.1/pico-sdk/src/rp2_common/hardware_uart/uart.c.obj
                0x200036e8                uart_set_translate_crlf
 .text.uart_init
                0x20003710       0x80 CMakeFiles/okhi.dir/C_/Program_Files/Raspberry_Pi/Pico_SDK_v1.5.1/pico-sdk/src/rp2_common/hardware_uart/uart.c.obj
                0x20003710                uart_init
 .text.clock_configure
                0x20003790      0x108 CMakeFiles/okhi.dir/C_/Program_Files/Raspberry_Pi/Pico_SDK_v1.5.1/pico-sdk/src/rp2_common/hardware_clocks/clocks.c.obj
                0x20003790                clock_configure
 .text.clocks_init
                0x20003898      0x100 CMakeFiles/okhi.dir/C_/Program_Files/Raspberry_Pi/Pico_SDK_v1.5.1/pico-sdk/src/rp2_common/hardware_clocks/clocks.c.obj
                0x20003898                clocks_init
 .text.clock_get_hz
                0x20003998        0xc CMakeFiles/okhi.dir/C_/Program_Files/Raspberry_Pi/Pico_SDK_v1.5.1/pico-sdk/src/rp2_common/hardware_clocks/clocks.c.obj
                0x20003998                clock_get_hz
 .text.pll_init
                0x200039a4      0x120 CMakeFiles/okhi.dir/C_/Program_Files/Raspberry_Pi/Pico_SDK_v1.5.1/pico-sdk/src/rp2_common/hardware_pll/pll.c.obj
                0x200039a4                pll_init
 .text.watchdog_start_tick
                0x20003ac4       0x10 CMakeFiles/okhi.dir/C_/Program_Files/Raspberry_Pi/Pico_SDK_v1.5.1/pico-sdk/src/rp2_common/hardware_watchdog/watchdog.c.obj
                0x20003ac4                watchdog_start_tick
 .text.watchdog_update
                0x20003ad4       0x14 CMakeFiles/okhi.dir/C_/Program_Files/Raspberry_Pi/Pico_SDK_v1.5.1/pico-sdk/src/rp2_common/hardware_watchdog/watchdog.c.obj
                0x20003ad4                watchdog_update
 .text._watchdog_enable
                0x20003ae8       0x78 CMakeFiles/okhi.dir/C_/Program_Files/Raspberry_Pi/Pico_SDK_v1.5.1/pico-sdk/src/rp2_common/hardware_watchdog/watchdog.c.obj
                0x20003ae8                _watchdog_enable
 .text.watchdog_enable
                0x20003b60       0x18 CMakeFiles/okhi.dir/C_/Program_Files/Raspberry_Pi/Pico_SDK_v1.5.1/pico-sdk/src/rp2_common/hardware_watchdog/watchdog.c.obj
                0x20003b60                watchdog_enable
 .text.watchdog_reboot
                0x20003b78       0x48 CMakeFiles/okhi.dir/C_/Program_Files/Raspberry_Pi/Pico_SDK_v1.5.1/pico-sdk/src/rp2_common/hardware_watchdog/watchdog.c.obj
                0x20003b78                watchdog_reboot
 .text.watchdog_caused_reboot
                0x20003bc0       0x10 CMakeFiles/okhi.dir/C_/Program_Files/Raspberry_Pi/Pico_SDK_v1.5.1/pico-sdk/src/rp2_common/hardware_watchdog/watchdog.c.obj
                0x20003bc0                watchdog_caused_reboot
 .text.xosc_init
                0x20003bd0       0x28 CMakeFiles/okhi.dir/C_/Program_Files/Raspberry_Pi/Pico_SDK_v1.5.1/pico-sdk/src/rp2_common/hardware_xosc/xosc.c.obj
                0x20003bd0                xosc_init
 .text._exit    0x20003bf8        0x4 CMakeFiles/okhi.dir/C_/Program_Files/Raspberry_Pi/Pico_SDK_v1.5.1/pico-sdk/src/rp2_common/pico_runtime/runtime.c.obj
                0x20003bf8                _exit
 .text._sbrk    0x20003bfc       0x38 CMakeFiles/okhi.dir/C_/Program_Files/Raspberry_Pi/Pico_SDK_v1.5.1/pico-sdk/src/rp2_common/pico_runtime/runtime.c.obj
                0x20003bfc                _sbrk
 .text.exit     0x20003c34        0x6 CMakeFiles/okhi.dir/C_/Program_Files/Raspberry_Pi/Pico_SDK_v1.5.1/pico-sdk/src/rp2_common/pico_runtime/runtime.c.obj
                0x20003c34                exit
 *fill*         0x20003c3a        0x2 
 .text.__assert_func
                0x20003c3c       0x3c CMakeFiles/okhi.dir/C_/Program_Files/Raspberry_Pi/Pico_SDK_v1.5.1/pico-sdk/src/rp2_common/pico_runtime/runtime.c.obj
                0x20003c3c                __assert_func
 .text.runtime_init
                0x20003c78       0xf8 CMakeFiles/okhi.dir/C_/Program_Files/Raspberry_Pi/Pico_SDK_v1.5.1/pico-sdk/src/rp2_common/pico_runtime/runtime.c.obj
                0x20003c78                runtime_init
 .text.panic    0x20003d70       0x30 CMakeFiles/okhi.dir/C_/Program_Files/Raspberry_Pi/Pico_SDK_v1.5.1/pico-sdk/src/rp2_common/pico_runtime/runtime.c.obj
                0x20003d70                panic
 .text._out_buffer
                0x20003da0        0x8 CMakeFiles/okhi.dir/C_/Program_Files/Raspberry_Pi/Pico_SDK_v1.5.1/pico-sdk/src/rp2_common/pico_printf/printf.c.obj
 .text._out_null
                0x20003da8        0x2 CMakeFiles/okhi.dir/C_/Program_Files/Raspberry_Pi/Pico_SDK_v1.5.1/pico-sdk/src/rp2_common/pico_printf/printf.c.obj
 .text._out_fct
                0x20003daa        0xe CMakeFiles/okhi.dir/C_/Program_Files/Raspberry_Pi/Pico_SDK_v1.5.1/pico-sdk/src/rp2_common/pico_printf/printf.c.obj
 .text._atoi    0x20003db8       0x24 CMakeFiles/okhi.dir/C_/Program_Files/Raspberry_Pi/Pico_SDK_v1.5.1/pico-sdk/src/rp2_common/pico_printf/printf.c.obj
 .text._out_rev
                0x20003ddc       0xae CMakeFiles/okhi.dir/C_/Program_Files/Raspberry_Pi/Pico_SDK_v1.5.1/pico-sdk/src/rp2_common/pico_printf/printf.c.obj
 .text._ntoa_format
                0x20003e8a      0x112 CMakeFiles/okhi.dir/C_/Program_Files/Raspberry_Pi/Pico_SDK_v1.5.1/pico-sdk/src/rp2_common/pico_printf/printf.c.obj
 .text._ntoa_long
                0x20003f9c       0xbc CMakeFiles/okhi.dir/C_/Program_Files/Raspberry_Pi/Pico_SDK_v1.5.1/pico-sdk/src/rp2_common/pico_printf/printf.c.obj
 .text._ntoa_long_long
                0x20004058       0xe2 CMakeFiles/okhi.dir/C_/Program_Files/Raspberry_Pi/Pico_SDK_v1.5.1/pico-sdk/src/rp2_common/pico_printf/printf.c.obj
 *fill*         0x2000413a        0x2 
 .text._etoa    0x2000413c      0x414 CMakeFiles/okhi.dir/C_/Program_Files/Raspberry_Pi/Pico_SDK_v1.5.1/pico-sdk/src/rp2_common/pico_printf/printf.c.obj
 .text._ftoa    0x20004550      0x354 CMakeFiles/okhi.dir/C_/Program_Files/Raspberry_Pi/Pico_SDK_v1.5.1/pico-sdk/src/rp2_common/pico_printf/printf.c.obj
 .text._vsnprintf
                0x200048a4      0x624 CMakeFiles/okhi.dir/C_/Program_Files/Raspberry_Pi/Pico_SDK_v1.5.1/pico-sdk/src/rp2_common/pico_printf/printf.c.obj
 .text.__wrap_sprintf
                0x20004ec8       0x28 CMakeFiles/okhi.dir/C_/Program_Files/Raspberry_Pi/Pico_SDK_v1.5.1/pico-sdk/src/rp2_common/pico_printf/printf.c.obj
                0x20004ec8                __wrap_sprintf
 .text.vfctprintf
                0x20004ef0       0x20 CMakeFiles/okhi.dir/C_/Program_Files/Raspberry_Pi/Pico_SDK_v1.5.1/pico-sdk/src/rp2_common/pico_printf/printf.c.obj
                0x20004ef0                vfctprintf
 .text          0x20004f10       0x10 CMakeFiles/okhi.dir/C_/Program_Files/Raspberry_Pi/Pico_SDK_v1.5.1/pico-sdk/src/rp2_common/pico_bit_ops/bit_ops_aeabi.S.obj
 .text.rom_func_lookup
                0x20004f20       0x10 CMakeFiles/okhi.dir/C_/Program_Files/Raspberry_Pi/Pico_SDK_v1.5.1/pico-sdk/src/rp2_common/pico_bootrom/bootrom.c.obj
                0x20004f20                rom_func_lookup
 .text.rom_data_lookup
                0x20004f30       0x10 CMakeFiles/okhi.dir/C_/Program_Files/Raspberry_Pi/Pico_SDK_v1.5.1/pico-sdk/src/rp2_common/pico_bootrom/bootrom.c.obj
                0x20004f30                rom_data_lookup
 .text.rom_funcs_lookup
                0x20004f40       0x36 CMakeFiles/okhi.dir/C_/Program_Files/Raspberry_Pi/Pico_SDK_v1.5.1/pico-sdk/src/rp2_common/pico_bootrom/bootrom.c.obj
                0x20004f40                rom_funcs_lookup
 *fill*         0x20004f76        0x2 
 .text.__wrap___aeabi_idiv
                0x20004f78       0x50 CMakeFiles/okhi.dir/C_/Program_Files/Raspberry_Pi/Pico_SDK_v1.5.1/pico-sdk/src/rp2_common/pico_divider/divider.S.obj
                0x20004f78                __wrap___aeabi_idivmod
                0x20004f78                divmod_s32s32
                0x20004f78                div_s32s32
                0x20004f78                __wrap___aeabi_idiv
                0x20004f80                divmod_s32s32_unsafe
                0x20004fac                divmod_s32s32_savestate
 .text.__wrap___aeabi_uidiv
                0x20004fc8       0x4c CMakeFiles/okhi.dir/C_/Program_Files/Raspberry_Pi/Pico_SDK_v1.5.1/pico-sdk/src/rp2_common/pico_divider/divider.S.obj
                0x20004fc8                __wrap___aeabi_uidiv
                0x20004fc8                __wrap___aeabi_uidivmod
                0x20004fc8                div_u32u32
                0x20004fc8                divmod_u32u32
                0x20004fd0                divmod_u32u32_unsafe
                0x20004ff8                divmod_u32u32_savestate
 .text.__wrap___aeabi_ldiv
                0x20005014      0x424 CMakeFiles/okhi.dir/C_/Program_Files/Raspberry_Pi/Pico_SDK_v1.5.1/pico-sdk/src/rp2_common/pico_divider/divider.S.obj
                0x20005014                div_s64s64
                0x20005014                divmod_s64s64
                0x20005014                __wrap___aeabi_ldivmod
                0x20005044                divmod_u64u64
                0x20005044                div_u64u64
                0x20005044                __wrap___aeabi_uldivmod
                0x20005054                divmod_u64u64_savestate
                0x20005074                divmod_s64s64_unsafe
                0x200050fc                divmod_u64u64_unsafe
 .text.__wrap___aeabi_darithmetic
                0x20005438       0x80 CMakeFiles/okhi.dir/C_/Program_Files/Raspberry_Pi/Pico_SDK_v1.5.1/pico-sdk/src/rp2_common/pico_double/double_aeabi.S.obj
                0x20005438                __wrap___aeabi_drsub
                0x2000543e                __wrap___aeabi_dsub
                0x20005450                __wrap___aeabi_dadd
                0x20005462                __wrap___aeabi_ddiv
                0x2000549e                __wrap___aeabi_dmul
 .text.__wrap___aeabi_cdcmple
                0x200054b8       0x6c CMakeFiles/okhi.dir/C_/Program_Files/Raspberry_Pi/Pico_SDK_v1.5.1/pico-sdk/src/rp2_common/pico_double/double_aeabi.S.obj
                0x200054b8                __wrap___aeabi_cdrcmple
                0x200054c8                __wrap___aeabi_cdcmpeq
                0x200054c8                __wrap___aeabi_cdcmple
 .text.__wrap___aeabi_dcmplt
                0x20005524        0xc CMakeFiles/okhi.dir/C_/Program_Files/Raspberry_Pi/Pico_SDK_v1.5.1/pico-sdk/src/rp2_common/pico_double/double_aeabi.S.obj
                0x20005524                __wrap___aeabi_dcmplt
 .text.__wrap___aeabi_dcmple
                0x20005530       0x10 CMakeFiles/okhi.dir/C_/Program_Files/Raspberry_Pi/Pico_SDK_v1.5.1/pico-sdk/src/rp2_common/pico_double/double_aeabi.S.obj
                0x20005530                __wrap___aeabi_dcmple
 .text.__wrap___aeabi_dcmpge
                0x20005540       0x10 CMakeFiles/okhi.dir/C_/Program_Files/Raspberry_Pi/Pico_SDK_v1.5.1/pico-sdk/src/rp2_common/pico_double/double_aeabi.S.obj
                0x20005540                __wrap___aeabi_dcmpge
 .text.__wrap___aeabi_dcmpgt
                0x20005550        0xa CMakeFiles/okhi.dir/C_/Program_Files/Raspberry_Pi/Pico_SDK_v1.5.1/pico-sdk/src/rp2_common/pico_double/double_aeabi.S.obj
                0x20005550                __wrap___aeabi_dcmpgt
 .text.__wrap___aeabi_dcmpun
                0x2000555a       0x1c CMakeFiles/okhi.dir/C_/Program_Files/Raspberry_Pi/Pico_SDK_v1.5.1/pico-sdk/src/rp2_common/pico_double/double_aeabi.S.obj
                0x2000555a                __wrap___aeabi_dcmpun
 *fill*         0x20005576        0x2 
 .text.__wrap___aeabi_i2d
                0x20005578       0x38 CMakeFiles/okhi.dir/C_/Program_Files/Raspberry_Pi/Pico_SDK_v1.5.1/pico-sdk/src/rp2_common/pico_double/double_aeabi.S.obj
                0x20005578                __wrap___aeabi_ui2d
                0x20005580                __wrap___aeabi_i2d
 .text.__wrap___aeabi_d2iz
                0x200055b0       0x48 CMakeFiles/okhi.dir/C_/Program_Files/Raspberry_Pi/Pico_SDK_v1.5.1/pico-sdk/src/rp2_common/pico_double/double_aeabi.S.obj
                0x200055b0                double2int_z
                0x200055b0                __wrap___aeabi_d2iz
 .text.__wrap___aeabi_d2uiz
                0x200055f8       0x18 CMakeFiles/okhi.dir/C_/Program_Files/Raspberry_Pi/Pico_SDK_v1.5.1/pico-sdk/src/rp2_common/pico_double/double_aeabi.S.obj
                0x200055f8                __wrap___aeabi_d2uiz
                0x200055f8                double2uint
 .text.__aeabi_double_init
                0x20005610       0xc8 CMakeFiles/okhi.dir/C_/Program_Files/Raspberry_Pi/Pico_SDK_v1.5.1/pico-sdk/src/rp2_common/pico_double/double_init_rom.c.obj
                0x20005610                __aeabi_double_init
 .text.double_table_shim_on_use_helper
                0x200056d8       0x34 CMakeFiles/okhi.dir/C_/Program_Files/Raspberry_Pi/Pico_SDK_v1.5.1/pico-sdk/src/rp2_common/pico_double/double_v1_rom_shim.S.obj
                0x200056d8                double_table_shim_on_use_helper
 .text.__wrap___aeabi_dsub
                0x2000570c       0x10 CMakeFiles/okhi.dir/C_/Program_Files/Raspberry_Pi/Pico_SDK_v1.5.1/pico-sdk/src/rp2_common/pico_double/double_v1_rom_shim.S.obj
                0x2000570c                drsub_shim
                0x20005712                dsub_shim
 .text.dadd_shim
                0x2000571c      0x15c CMakeFiles/okhi.dir/C_/Program_Files/Raspberry_Pi/Pico_SDK_v1.5.1/pico-sdk/src/rp2_common/pico_double/double_v1_rom_shim.S.obj
                0x2000571c                dadd_shim
 .text.dmul_shim
                0x20005878      0x15c CMakeFiles/okhi.dir/C_/Program_Files/Raspberry_Pi/Pico_SDK_v1.5.1/pico-sdk/src/rp2_common/pico_double/double_v1_rom_shim.S.obj
                0x20005878                dmul_shim
 .text.ddiv_shim
                0x200059d4      0x1b0 CMakeFiles/okhi.dir/C_/Program_Files/Raspberry_Pi/Pico_SDK_v1.5.1/pico-sdk/src/rp2_common/pico_double/double_v1_rom_shim.S.obj
                0x200059d4                ddiv_shim
 .text.double2uint_shim
                0x20005b84        0xe CMakeFiles/okhi.dir/C_/Program_Files/Raspberry_Pi/Pico_SDK_v1.5.1/pico-sdk/src/rp2_common/pico_double/double_v1_rom_shim.S.obj
                0x20005b84                double2uint_shim
                0x20005b86                double2ufix_shim
 *fill*         0x20005b92        0x2 
 .text.double2uint64_shim
                0x20005b94       0x70 CMakeFiles/okhi.dir/C_/Program_Files/Raspberry_Pi/Pico_SDK_v1.5.1/pico-sdk/src/rp2_common/pico_double/double_v1_rom_shim.S.obj
                0x20005b94                double2uint64_shim
                0x20005b96                double2ufix64_shim
                0x20005bb6                d2fix_a
 .text.dunpacks
                0x20005c04       0x3c CMakeFiles/okhi.dir/C_/Program_Files/Raspberry_Pi/Pico_SDK_v1.5.1/pico-sdk/src/rp2_common/pico_double/double_v1_rom_shim.S.obj
                0x20005c04                dunpacks
 .text.__aeabi_lmul
                0x20005c40       0x32 CMakeFiles/okhi.dir/C_/Program_Files/Raspberry_Pi/Pico_SDK_v1.5.1/pico-sdk/src/rp2_common/pico_int64_ops/pico_int64_ops_aeabi.S.obj
                0x20005c40                __wrap___aeabi_lmul
 *fill*         0x20005c72        0x2 
 .text.__wrap___aeabi_farithmetic
                0x20005c74       0x58 CMakeFiles/okhi.dir/C_/Program_Files/Raspberry_Pi/Pico_SDK_v1.5.1/pico-sdk/src/rp2_common/pico_float/float_aeabi.S.obj
                0x20005c74                __wrap___aeabi_frsub
                0x20005c7a                __wrap___aeabi_fsub
                0x20005c84                __wrap___aeabi_fadd
                0x20005c8e                __wrap___aeabi_fdiv
                0x20005cba                __wrap___aeabi_fmul
 .text.__wrap___aeabi_ui2f
                0x20005ccc        0xa CMakeFiles/okhi.dir/C_/Program_Files/Raspberry_Pi/Pico_SDK_v1.5.1/pico-sdk/src/rp2_common/pico_float/float_aeabi.S.obj
                0x20005ccc                __wrap___aeabi_ui2f
 *fill*         0x20005cd6        0x2 
 .text.__wrap___aeabi_i2f
                0x20005cd8       0x44 CMakeFiles/okhi.dir/C_/Program_Files/Raspberry_Pi/Pico_SDK_v1.5.1/pico-sdk/src/rp2_common/pico_float/float_aeabi.S.obj
                0x20005cd8                __wrap___aeabi_i2f
 .text.__wrap___aeabi_f2uiz
                0x20005d1c       0x10 CMakeFiles/okhi.dir/C_/Program_Files/Raspberry_Pi/Pico_SDK_v1.5.1/pico-sdk/src/rp2_common/pico_float/float_aeabi.S.obj
                0x20005d1c                __wrap___aeabi_f2uiz
 .text.__wrap___aeabi_f2d
                0x20005d2c       0x14 CMakeFiles/okhi.dir/C_/Program_Files/Raspberry_Pi/Pico_SDK_v1.5.1/pico-sdk/src/rp2_common/pico_float/float_aeabi.S.obj
                0x20005d2c                __wrap___aeabi_f2d
 .text.__aeabi_float_init
                0x20005d40       0xfc CMakeFiles/okhi.dir/C_/Program_Files/Raspberry_Pi/Pico_SDK_v1.5.1/pico-sdk/src/rp2_common/pico_float/float_init_rom.c.obj
                0x20005d40                __aeabi_float_init
 .text.float_table_shim_on_use_helper
                0x20005e3c       0x34 CMakeFiles/okhi.dir/C_/Program_Files/Raspberry_Pi/Pico_SDK_v1.5.1/pico-sdk/src/rp2_common/pico_float/float_v1_rom_shim.S.obj
                0x20005e3c                float_table_shim_on_use_helper
 .text.float2double_shim
                0x20005e70       0x30 CMakeFiles/okhi.dir/C_/Program_Files/Raspberry_Pi/Pico_SDK_v1.5.1/pico-sdk/src/rp2_common/pico_float/float_v1_rom_shim.S.obj
                0x20005e70                float2double_shim
 .text          0x20005ea0       0x10 CMakeFiles/okhi.dir/C_/Program_Files/Raspberry_Pi/Pico_SDK_v1.5.1/pico-sdk/src/rp2_common/pico_mem_ops/mem_ops_aeabi.S.obj
                0x20005ea0                __aeabi_mem_init
 .text.memset   0x20005eb0        0xc CMakeFiles/okhi.dir/C_/Program_Files/Raspberry_Pi/Pico_SDK_v1.5.1/pico-sdk/src/rp2_common/pico_mem_ops/mem_ops_aeabi.S.obj
                0x20005eb0                __wrap_memset
 .text.memcpy   0x20005ebc        0xc CMakeFiles/okhi.dir/C_/Program_Files/Raspberry_Pi/Pico_SDK_v1.5.1/pico-sdk/src/rp2_common/pico_mem_ops/mem_ops_aeabi.S.obj
                0x20005ebc                __wrap_memcpy
                0x20005ebc                __wrap___aeabi_memcpy
 .text.stdio_out_chars_no_crlf
                0x20005ec8        0xe CMakeFiles/okhi.dir/C_/Program_Files/Raspberry_Pi/Pico_SDK_v1.5.1/pico-sdk/src/rp2_common/pico_stdio/stdio.c.obj
 *fill*         0x20005ed6        0x2 
 .text.stdio_out_chars_crlf
                0x20005ed8       0x80 CMakeFiles/okhi.dir/C_/Program_Files/Raspberry_Pi/Pico_SDK_v1.5.1/pico-sdk/src/rp2_common/pico_stdio/stdio.c.obj
 .text.stdio_stack_buffer_flush
                0x20005f58       0x44 CMakeFiles/okhi.dir/C_/Program_Files/Raspberry_Pi/Pico_SDK_v1.5.1/pico-sdk/src/rp2_common/pico_stdio/stdio.c.obj
 .text.stdio_buffered_printer
                0x20005f9c       0x20 CMakeFiles/okhi.dir/C_/Program_Files/Raspberry_Pi/Pico_SDK_v1.5.1/pico-sdk/src/rp2_common/pico_stdio/stdio.c.obj
 .text.stdio_get_until
                0x20005fbc       0x80 CMakeFiles/okhi.dir/C_/Program_Files/Raspberry_Pi/Pico_SDK_v1.5.1/pico-sdk/src/rp2_common/pico_stdio/stdio.c.obj
 .text.stdout_serialize_begin
                0x2000603c       0x5c CMakeFiles/okhi.dir/C_/Program_Files/Raspberry_Pi/Pico_SDK_v1.5.1/pico-sdk/src/rp2_common/pico_stdio/stdio.c.obj
                0x2000603c                stdout_serialize_begin
 .text.stdout_serialize_end
                0x20006098       0x10 CMakeFiles/okhi.dir/C_/Program_Files/Raspberry_Pi/Pico_SDK_v1.5.1/pico-sdk/src/rp2_common/pico_stdio/stdio.c.obj
                0x20006098                stdout_serialize_end
 .text.stdio_put_string
                0x200060a8       0x98 CMakeFiles/okhi.dir/C_/Program_Files/Raspberry_Pi/Pico_SDK_v1.5.1/pico-sdk/src/rp2_common/pico_stdio/stdio.c.obj
 .text._read    0x20006140       0x24 CMakeFiles/okhi.dir/C_/Program_Files/Raspberry_Pi/Pico_SDK_v1.5.1/pico-sdk/src/rp2_common/pico_stdio/stdio.c.obj
                0x20006140                _read
 .text._write   0x20006164       0x22 CMakeFiles/okhi.dir/C_/Program_Files/Raspberry_Pi/Pico_SDK_v1.5.1/pico-sdk/src/rp2_common/pico_stdio/stdio.c.obj
                0x20006164                _write
 .text._close   0x20006186        0x6 CMakeFiles/okhi.dir/C_/Program_Files/Raspberry_Pi/Pico_SDK_v1.5.1/pico-sdk/src/rp2_common/pico_stdio/stdio.c.obj
                0x20006186                _close
 .text._lseek   0x2000618c        0x6 CMakeFiles/okhi.dir/C_/Program_Files/Raspberry_Pi/Pico_SDK_v1.5.1/pico-sdk/src/rp2_common/pico_stdio/stdio.c.obj
                0x2000618c                _lseek
 *fill*         0x20006192        0x2 
 .text.stdio_set_driver_enabled
                0x20006194       0x2c CMakeFiles/okhi.dir/C_/Program_Files/Raspberry_Pi/Pico_SDK_v1.5.1/pico-sdk/src/rp2_common/pico_stdio/stdio.c.obj
                0x20006194                stdio_set_driver_enabled
 .text.stdio_flush
                0x200061c0       0x20 CMakeFiles/okhi.dir/C_/Program_Files/Raspberry_Pi/Pico_SDK_v1.5.1/pico-sdk/src/rp2_common/pico_stdio/stdio.c.obj
                0x200061c0                stdio_flush
 .text.__wrap_puts
                0x200061e0       0x1e CMakeFiles/okhi.dir/C_/Program_Files/Raspberry_Pi/Pico_SDK_v1.5.1/pico-sdk/src/rp2_common/pico_stdio/stdio.c.obj
                0x200061e0                __wrap_puts
 *fill*         0x200061fe        0x2 
 .text.__wrap_vprintf
                0x20006200       0x40 CMakeFiles/okhi.dir/C_/Program_Files/Raspberry_Pi/Pico_SDK_v1.5.1/pico-sdk/src/rp2_common/pico_stdio/stdio.c.obj
                0x20006200                __wrap_vprintf
 .text.__wrap_printf
                0x20006240       0x18 CMakeFiles/okhi.dir/C_/Program_Files/Raspberry_Pi/Pico_SDK_v1.5.1/pico-sdk/src/rp2_common/pico_stdio/stdio.c.obj
                0x20006240                __wrap_printf
 .text.stdio_init_all
                0x20006258        0xa CMakeFiles/okhi.dir/C_/Program_Files/Raspberry_Pi/Pico_SDK_v1.5.1/pico-sdk/src/rp2_common/pico_stdio/stdio.c.obj
                0x20006258                stdio_init_all
 *fill*         0x20006262        0x2 
 .text.stdio_uart_out_chars
                0x20006264       0x74 CMakeFiles/okhi.dir/C_/Program_Files/Raspberry_Pi/Pico_SDK_v1.5.1/pico-sdk/src/rp2_common/pico_stdio_uart/stdio_uart.c.obj
 .text.stdio_uart_in_chars
                0x200062d8       0x80 CMakeFiles/okhi.dir/C_/Program_Files/Raspberry_Pi/Pico_SDK_v1.5.1/pico-sdk/src/rp2_common/pico_stdio_uart/stdio_uart.c.obj
                0x200062d8                stdio_uart_in_chars
 .text.on_uart_rx
                0x20006358       0x28 CMakeFiles/okhi.dir/C_/Program_Files/Raspberry_Pi/Pico_SDK_v1.5.1/pico-sdk/src/rp2_common/pico_stdio_uart/stdio_uart.c.obj
 .text.stdio_uart_set_chars_available_callback
                0x20006380       0x8c CMakeFiles/okhi.dir/C_/Program_Files/Raspberry_Pi/Pico_SDK_v1.5.1/pico-sdk/src/rp2_common/pico_stdio_uart/stdio_uart.c.obj
 .text.stdio_uart_init_full
                0x2000640c       0x44 CMakeFiles/okhi.dir/C_/Program_Files/Raspberry_Pi/Pico_SDK_v1.5.1/pico-sdk/src/rp2_common/pico_stdio_uart/stdio_uart.c.obj
                0x2000640c                stdio_uart_init_full
 .text.stdio_uart_init
                0x20006450       0x28 CMakeFiles/okhi.dir/C_/Program_Files/Raspberry_Pi/Pico_SDK_v1.5.1/pico-sdk/src/rp2_common/pico_stdio_uart/stdio_uart.c.obj
                0x20006450                stdio_uart_init
 .text.core1_trampoline
                0x20006478        0x2 CMakeFiles/okhi.dir/C_/Program_Files/Raspberry_Pi/Pico_SDK_v1.5.1/pico-sdk/src/rp2_common/pico_multicore/multicore.c.obj
 .text.core1_wrapper
                0x2000647a        0xc CMakeFiles/okhi.dir/C_/Program_Files/Raspberry_Pi/Pico_SDK_v1.5.1/pico-sdk/src/rp2_common/pico_multicore/multicore.c.obj
                0x2000647a                core1_wrapper
 .text.multicore_fifo_push_blocking
                0x20006486       0x14 CMakeFiles/okhi.dir/C_/Program_Files/Raspberry_Pi/Pico_SDK_v1.5.1/pico-sdk/src/rp2_common/pico_multicore/multicore.c.obj
                0x20006486                multicore_fifo_push_blocking
 .text.multicore_fifo_pop_blocking
                0x2000649a       0x16 CMakeFiles/okhi.dir/C_/Program_Files/Raspberry_Pi/Pico_SDK_v1.5.1/pico-sdk/src/rp2_common/pico_multicore/multicore.c.obj
                0x2000649a                multicore_fifo_pop_blocking
 .text.multicore_reset_core1
                0x200064b0       0x28 CMakeFiles/okhi.dir/C_/Program_Files/Raspberry_Pi/Pico_SDK_v1.5.1/pico-sdk/src/rp2_common/pico_multicore/multicore.c.obj
                0x200064b0                multicore_reset_core1
 .text.multicore_launch_core1_raw
                0x200064d8       0x6e CMakeFiles/okhi.dir/C_/Program_Files/Raspberry_Pi/Pico_SDK_v1.5.1/pico-sdk/src/rp2_common/pico_multicore/multicore.c.obj
                0x200064d8                multicore_launch_core1_raw
 *fill*         0x20006546        0x2 
 .text.multicore_launch_core1_with_stack
                0x20006548       0x50 CMakeFiles/okhi.dir/C_/Program_Files/Raspberry_Pi/Pico_SDK_v1.5.1/pico-sdk/src/rp2_common/pico_multicore/multicore.c.obj
                0x20006548                multicore_launch_core1_with_stack
 .text.multicore_launch_core1
                0x20006598       0x24 CMakeFiles/okhi.dir/C_/Program_Files/Raspberry_Pi/Pico_SDK_v1.5.1/pico-sdk/src/rp2_common/pico_multicore/multicore.c.obj
                0x20006598                multicore_launch_core1
 .text._pio_can_add_program_at_offset
                0x200065bc       0x3c CMakeFiles/okhi.dir/C_/Program_Files/Raspberry_Pi/Pico_SDK_v1.5.1/pico-sdk/src/rp2_common/hardware_pio/pio.c.obj
 .text._pio_find_offset_for_program
                0x200065f8       0x7c CMakeFiles/okhi.dir/C_/Program_Files/Raspberry_Pi/Pico_SDK_v1.5.1/pico-sdk/src/rp2_common/hardware_pio/pio.c.obj
 .text._pio_add_program_at_offset
                0x20006674       0x78 CMakeFiles/okhi.dir/C_/Program_Files/Raspberry_Pi/Pico_SDK_v1.5.1/pico-sdk/src/rp2_common/hardware_pio/pio.c.obj
 .text.pio_sm_unclaim
                0x200066ec       0x20 CMakeFiles/okhi.dir/C_/Program_Files/Raspberry_Pi/Pico_SDK_v1.5.1/pico-sdk/src/rp2_common/hardware_pio/pio.c.obj
                0x200066ec                pio_sm_unclaim
 .text.pio_claim_unused_sm
                0x2000670c       0x3c CMakeFiles/okhi.dir/C_/Program_Files/Raspberry_Pi/Pico_SDK_v1.5.1/pico-sdk/src/rp2_common/hardware_pio/pio.c.obj
                0x2000670c                pio_claim_unused_sm
 .text.pio_sm_is_claimed
                0x20006748       0x20 CMakeFiles/okhi.dir/C_/Program_Files/Raspberry_Pi/Pico_SDK_v1.5.1/pico-sdk/src/rp2_common/hardware_pio/pio.c.obj
                0x20006748                pio_sm_is_claimed
 .text.pio_add_program
                0x20006768       0x38 CMakeFiles/okhi.dir/C_/Program_Files/Raspberry_Pi/Pico_SDK_v1.5.1/pico-sdk/src/rp2_common/hardware_pio/pio.c.obj
                0x20006768                pio_add_program
 .text.pio_clear_instruction_memory
                0x200067a0       0x3c CMakeFiles/okhi.dir/C_/Program_Files/Raspberry_Pi/Pico_SDK_v1.5.1/pico-sdk/src/rp2_common/hardware_pio/pio.c.obj
                0x200067a0                pio_clear_instruction_memory
 .text.pio_sm_set_consecutive_pindirs
                0x200067dc       0xa4 CMakeFiles/okhi.dir/C_/Program_Files/Raspberry_Pi/Pico_SDK_v1.5.1/pico-sdk/src/rp2_common/hardware_pio/pio.c.obj
                0x200067dc                pio_sm_set_consecutive_pindirs
 .text.pio_sm_init
                0x20006880       0xe4 CMakeFiles/okhi.dir/C_/Program_Files/Raspberry_Pi/Pico_SDK_v1.5.1/pico-sdk/src/rp2_common/hardware_pio/pio.c.obj
                0x20006880                pio_sm_init
 .text.spi_set_baudrate
                0x20006964       0xcc CMakeFiles/okhi.dir/C_/Program_Files/Raspberry_Pi/Pico_SDK_v1.5.1/pico-sdk/src/rp2_common/hardware_spi/spi.c.obj
                0x20006964                spi_set_baudrate
 .text.spi_init
                0x20006a30       0x74 CMakeFiles/okhi.dir/C_/Program_Files/Raspberry_Pi/Pico_SDK_v1.5.1/pico-sdk/src/rp2_common/hardware_spi/spi.c.obj
                0x20006a30                spi_init
 .text.adc_init
                0x20006aa4       0x34 CMakeFiles/okhi.dir/C_/Program_Files/Raspberry_Pi/Pico_SDK_v1.5.1/pico-sdk/src/rp2_common/hardware_adc/adc.c.obj
                0x20006aa4                adc_init
 .text          0x20006ad8        0x4 c:/progra~1/raspbe~1/picosd~1.1/gcc-ar~1/bin/../lib/gcc/arm-none-eabi/10.3.1/thumb/v6-m/nofp\libgcc.a(_dvmd_tls.o)
                0x20006ad8                __aeabi_idiv0
                0x20006ad8                __aeabi_ldiv0
 .text.__sflush_r
                0x20006adc      0x140 c:/progra~1/raspbe~1/picosd~1.1/gcc-ar~1/bin/../lib/gcc/arm-none-eabi/10.3.1/../../../../arm-none-eabi/lib/thumb/v6-m/nofp\libg.a(lib_a-fflush.o)
                0x20006adc                __sflush_r
 .text._fflush_r
                0x20006c1c       0x6c c:/progra~1/raspbe~1/picosd~1.1/gcc-ar~1/bin/../lib/gcc/arm-none-eabi/10.3.1/../../../../arm-none-eabi/lib/thumb/v6-m/nofp\libg.a(lib_a-fflush.o)
                0x20006c1c                _fflush_r
 .text.fflush   0x20006c88       0x78 c:/progra~1/raspbe~1/picosd~1.1/gcc-ar~1/bin/../lib/gcc/arm-none-eabi/10.3.1/../../../../arm-none-eabi/lib/thumb/v6-m/nofp\libg.a(lib_a-fflush.o)
                0x20006c88                fflush
 .text._cleanup_r
                0x20006d00       0x10 c:/progra~1/raspbe~1/picosd~1.1/gcc-ar~1/bin/../lib/gcc/arm-none-eabi/10.3.1/../../../../arm-none-eabi/lib/thumb/v6-m/nofp\libg.a(lib_a-findfp.o)
                0x20006d00                _cleanup_r
 .text.__sinit  0x20006d10      0x120 c:/progra~1/raspbe~1/picosd~1.1/gcc-ar~1/bin/../lib/gcc/arm-none-eabi/10.3.1/../../../../arm-none-eabi/lib/thumb/v6-m/nofp\libg.a(lib_a-findfp.o)
                0x20006d10                __sinit
 .text.__sfp_lock_acquire
                0x20006e30       0x10 c:/progra~1/raspbe~1/picosd~1.1/gcc-ar~1/bin/../lib/gcc/arm-none-eabi/10.3.1/../../../../arm-none-eabi/lib/thumb/v6-m/nofp\libg.a(lib_a-findfp.o)
                0x20006e30                __sfp_lock_acquire
 .text.__sfp_lock_release
                0x20006e40       0x10 c:/progra~1/raspbe~1/picosd~1.1/gcc-ar~1/bin/../lib/gcc/arm-none-eabi/10.3.1/../../../../arm-none-eabi/lib/thumb/v6-m/nofp\libg.a(lib_a-findfp.o)
                0x20006e40                __sfp_lock_release
 .text._malloc_trim_r
                0x20006e50       0x9c c:/progra~1/raspbe~1/picosd~1.1/gcc-ar~1/bin/../lib/gcc/arm-none-eabi/10.3.1/../../../../arm-none-eabi/lib/thumb/v6-m/nofp\libg.a(lib_a-freer.o)
                0x20006e50                _malloc_trim_r
 .text._free_r  0x20006eec      0x1c4 c:/progra~1/raspbe~1/picosd~1.1/gcc-ar~1/bin/../lib/gcc/arm-none-eabi/10.3.1/../../../../arm-none-eabi/lib/thumb/v6-m/nofp\libg.a(lib_a-freer.o)
                0x20006eec                _free_r
 .text._fwalk_reent
                0x200070b0       0x48 c:/progra~1/raspbe~1/picosd~1.1/gcc-ar~1/bin/../lib/gcc/arm-none-eabi/10.3.1/../../../../arm-none-eabi/lib/thumb/v6-m/nofp\libg.a(lib_a-fwalk.o)
                0x200070b0                _fwalk_reent
 .text.__retarget_lock_init_recursive
                0x200070f8        0x4 c:/progra~1/raspbe~1/picosd~1.1/gcc-ar~1/bin/../lib/gcc/arm-none-eabi/10.3.1/../../../../arm-none-eabi/lib/thumb/v6-m/nofp\libg.a(lib_a-lock.o)
                0x200070f8                __retarget_lock_init_recursive
 .text.__retarget_lock_close_recursive
                0x200070fc        0x4 c:/progra~1/raspbe~1/picosd~1.1/gcc-ar~1/bin/../lib/gcc/arm-none-eabi/10.3.1/../../../../arm-none-eabi/lib/thumb/v6-m/nofp\libg.a(lib_a-lock.o)
                0x200070fc                __retarget_lock_close_recursive
 .text.__retarget_lock_acquire_recursive
                0x20007100        0x4 c:/progra~1/raspbe~1/picosd~1.1/gcc-ar~1/bin/../lib/gcc/arm-none-eabi/10.3.1/../../../../arm-none-eabi/lib/thumb/v6-m/nofp\libg.a(lib_a-lock.o)
                0x20007100                __retarget_lock_acquire_recursive
 .text.__retarget_lock_release_recursive
                0x20007104        0x4 c:/progra~1/raspbe~1/picosd~1.1/gcc-ar~1/bin/../lib/gcc/arm-none-eabi/10.3.1/../../../../arm-none-eabi/lib/thumb/v6-m/nofp\libg.a(lib_a-lock.o)
                0x20007104                __retarget_lock_release_recursive
 .text.__malloc_lock
                0x20007108       0x10 c:/progra~1/raspbe~1/picosd~1.1/gcc-ar~1/bin/../lib/gcc/arm-none-eabi/10.3.1/../../../../arm-none-eabi/lib/thumb/v6-m/nofp\libg.a(lib_a-mlock.o)
                0x20007108                __malloc_lock
 .text.__malloc_unlock
                0x20007118       0x10 c:/progra~1/raspbe~1/picosd~1.1/gcc-ar~1/bin/../lib/gcc/arm-none-eabi/10.3.1/../../../../arm-none-eabi/lib/thumb/v6-m/nofp\libg.a(lib_a-mlock.o)
                0x20007118                __malloc_unlock
 .text._sbrk_r  0x20007128       0x24 c:/progra~1/raspbe~1/picosd~1.1/gcc-ar~1/bin/../lib/gcc/arm-none-eabi/10.3.1/../../../../arm-none-eabi/lib/thumb/v6-m/nofp\libg.a(lib_a-sbrkr.o)
                0x20007128                _sbrk_r
 .text.__sread  0x2000714c       0x28 c:/progra~1/raspbe~1/picosd~1.1/gcc-ar~1/bin/../lib/gcc/arm-none-eabi/10.3.1/../../../../arm-none-eabi/lib/thumb/v6-m/nofp\libg.a(lib_a-stdio.o)
                0x2000714c                __sread
 .text.__swrite
                0x20007174       0x40 c:/progra~1/raspbe~1/picosd~1.1/gcc-ar~1/bin/../lib/gcc/arm-none-eabi/10.3.1/../../../../arm-none-eabi/lib/thumb/v6-m/nofp\libg.a(lib_a-stdio.o)
                0x20007174                __swrite
 .text.__sseek  0x200071b4       0x2c c:/progra~1/raspbe~1/picosd~1.1/gcc-ar~1/bin/../lib/gcc/arm-none-eabi/10.3.1/../../../../arm-none-eabi/lib/thumb/v6-m/nofp\libg.a(lib_a-stdio.o)
                0x200071b4                __sseek
 .text.__sclose
                0x200071e0        0xc c:/progra~1/raspbe~1/picosd~1.1/gcc-ar~1/bin/../lib/gcc/arm-none-eabi/10.3.1/../../../../arm-none-eabi/lib/thumb/v6-m/nofp\libg.a(lib_a-stdio.o)
                0x200071e0                __sclose
 .text.strlen   0x200071ec       0x5c c:/progra~1/raspbe~1/picosd~1.1/gcc-ar~1/bin/../lib/gcc/arm-none-eabi/10.3.1/../../../../arm-none-eabi/lib/thumb/v6-m/nofp\libg.a(lib_a-strlen-stub.o)
                0x200071ec                strlen
 .text._write_r
                0x20007248       0x28 c:/progra~1/raspbe~1/picosd~1.1/gcc-ar~1/bin/../lib/gcc/arm-none-eabi/10.3.1/../../../../arm-none-eabi/lib/thumb/v6-m/nofp\libg.a(lib_a-writer.o)
                0x20007248                _write_r
 .text._close_r
                0x20007270       0x24 c:/progra~1/raspbe~1/picosd~1.1/gcc-ar~1/bin/../lib/gcc/arm-none-eabi/10.3.1/../../../../arm-none-eabi/lib/thumb/v6-m/nofp\libg.a(lib_a-closer.o)
                0x20007270                _close_r
 .text._fclose_r
                0x20007294       0xdc c:/progra~1/raspbe~1/picosd~1.1/gcc-ar~1/bin/../lib/gcc/arm-none-eabi/10.3.1/../../../../arm-none-eabi/lib/thumb/v6-m/nofp\libg.a(lib_a-fclose.o)
                0x20007294                _fclose_r
 .text._lseek_r
                0x20007370       0x28 c:/progra~1/raspbe~1/picosd~1.1/gcc-ar~1/bin/../lib/gcc/arm-none-eabi/10.3.1/../../../../arm-none-eabi/lib/thumb/v6-m/nofp\libg.a(lib_a-lseekr.o)
                0x20007370                _lseek_r
 .text._read_r  0x20007398       0x28 c:/progra~1/raspbe~1/picosd~1.1/gcc-ar~1/bin/../lib/gcc/arm-none-eabi/10.3.1/../../../../arm-none-eabi/lib/thumb/v6-m/nofp\libg.a(lib_a-readr.o)
                0x20007398                _read_r
 *(.fini)
 .fini          0x200073c0        0x4 c:/progra~1/raspbe~1/picosd~1.1/gcc-ar~1/bin/../lib/gcc/arm-none-eabi/10.3.1/thumb/v6-m/nofp/crti.o
                0x200073c0                _fini
 *crtbegin.o(.ctors)
 *crtbegin?.o(.ctors)
 *(EXCLUDE_FILE(*crtend.o *crtend?.o) .ctors)
 *(SORT_BY_NAME(.ctors.*))
 *(.ctors)
 *crtbegin.o(.dtors)
 *crtbegin?.o(.dtors)
 *(EXCLUDE_FILE(*crtend.o *crtend?.o) .dtors)
 *(SORT_BY_NAME(.dtors.*))
 *(.dtors)
 *(.eh_frame*)
 .eh_frame      0x200073c4        0x0 c:/progra~1/raspbe~1/picosd~1.1/gcc-ar~1/bin/../lib/gcc/arm-none-eabi/10.3.1/thumb/v6-m/nofp/crtbegin.o
                0x200073c4                . = ALIGN (0x4)
                0x200073c4                __ram_text_end__ = .
                0x10000304                __ram_text_source__ = LOADADDR (.text)

.glue_7         0x200073c4        0x0 load address 0x10007608
 .glue_7        0x200073c4        0x0 linker stubs

.glue_7t        0x200073c4        0x0 load address 0x10007608
 .glue_7t       0x200073c4        0x0 linker stubs

.vfp11_veneer   0x200073c4        0x0 load address 0x10007608
 .vfp11_veneer  0x200073c4        0x0 linker stubs

.v4_bx          0x200073c4        0x0 load address 0x10007608
 .v4_bx         0x200073c4        0x0 linker stubs

.iplt           0x200073c4        0x0 load address 0x10007608
 .iplt          0x200073c4        0x0 c:/progra~1/raspbe~1/picosd~1.1/gcc-ar~1/bin/../lib/gcc/arm-none-eabi/10.3.1/thumb/v6-m/nofp/crtbegin.o

.rel.dyn        0x200073c4        0x0 load address 0x10007608
 .rel.iplt      0x200073c4        0x0 c:/progra~1/raspbe~1/picosd~1.1/gcc-ar~1/bin/../lib/gcc/arm-none-eabi/10.3.1/thumb/v6-m/nofp/crtbegin.o
                0x200073c4                . = ALIGN (0x4)

.data           0x200073d0     0x271c load address 0x10007608
                0x200073d0                __data_start__ = .
 *(vtable)
 *(.time_critical*)
 .time_critical.mutex_try_enter
                0x200073d0       0x46 CMakeFiles/okhi.dir/C_/Program_Files/Raspberry_Pi/Pico_SDK_v1.5.1/pico-sdk/src/common/pico_sync/mutex.c.obj
                0x200073d0                mutex_try_enter
 *fill*         0x20007416        0x2 
 .time_critical.mutex_enter_block_until
                0x20007418       0x8c CMakeFiles/okhi.dir/C_/Program_Files/Raspberry_Pi/Pico_SDK_v1.5.1/pico-sdk/src/common/pico_sync/mutex.c.obj
                0x20007418                mutex_enter_block_until
 .time_critical.mutex_try_enter_block_until
                0x200074a4       0x34 CMakeFiles/okhi.dir/C_/Program_Files/Raspberry_Pi/Pico_SDK_v1.5.1/pico-sdk/src/common/pico_sync/mutex.c.obj
                0x200074a4                mutex_try_enter_block_until
 .time_critical.mutex_exit
                0x200074d8       0x4c CMakeFiles/okhi.dir/C_/Program_Files/Raspberry_Pi/Pico_SDK_v1.5.1/pico-sdk/src/common/pico_sync/mutex.c.obj
                0x200074d8                mutex_exit
 .time_critical.spi_write_blocking
                0x20007524       0x3a CMakeFiles/okhi.dir/C_/Program_Files/Raspberry_Pi/Pico_SDK_v1.5.1/pico-sdk/src/rp2_common/hardware_spi/spi.c.obj
                0x20007524                spi_write_blocking
                0x20007560                . = ALIGN (0x4)
 *fill*         0x2000755e        0x2 
 *(.rodata*)
 .rodata.init_ver
                0x20007560       0x24 CMakeFiles/okhi.dir/okhi.c.obj
 .rodata        0x20007584      0x57c CMakeFiles/okhi.dir/okhi.c.obj
 .rodata.crc16_usb_tab
                0x20007b00      0x200 CMakeFiles/okhi.dir/okhi.c.obj
 .rodata.crc5_usb_tab
                0x20007d00      0x100 CMakeFiles/okhi.dir/okhi.c.obj
 .rodata.tar_lowsp_pio0_program
                0x20007e00        0x6 CMakeFiles/okhi.dir/okhi.c.obj
 *fill*         0x20007e06        0x2 
 .rodata.tar_lowsp_pio0_program_instructions
                0x20007e08       0x40 CMakeFiles/okhi.dir/okhi.c.obj
 .rodata.tar_pio1_program
                0x20007e48        0x6 CMakeFiles/okhi.dir/okhi.c.obj
 *fill*         0x20007e4e        0x2 
 .rodata.tar_pio1_program_instructions
                0x20007e50       0x28 CMakeFiles/okhi.dir/okhi.c.obj
 .rodata.hw_claim_clear.str1.4
                0x20007e78       0x7d CMakeFiles/okhi.dir/C_/Program_Files/Raspberry_Pi/Pico_SDK_v1.5.1/pico-sdk/src/rp2_common/hardware_claim/claim.c.obj
 *fill*         0x20007ef5        0x3 
 .rodata.__func__.0
                0x20007ef8        0xf CMakeFiles/okhi.dir/C_/Program_Files/Raspberry_Pi/Pico_SDK_v1.5.1/pico-sdk/src/rp2_common/hardware_claim/claim.c.obj
 *fill*         0x20007f07        0x1 
 .rodata.make_branch.str1.4
                0x20007f08       0x89 CMakeFiles/okhi.dir/C_/Program_Files/Raspberry_Pi/Pico_SDK_v1.5.1/pico-sdk/src/rp2_common/hardware_irq/irq.c.obj
 *fill*         0x20007f91        0x3 
 .rodata.insert_branch_and_link.str1.4
                0x20007f94       0x10 CMakeFiles/okhi.dir/C_/Program_Files/Raspberry_Pi/Pico_SDK_v1.5.1/pico-sdk/src/rp2_common/hardware_irq/irq.c.obj
 .rodata.irq_set_exclusive_handler.str1.4
                0x20007fa4       0x36 CMakeFiles/okhi.dir/C_/Program_Files/Raspberry_Pi/Pico_SDK_v1.5.1/pico-sdk/src/rp2_common/hardware_irq/irq.c.obj
 *fill*         0x20007fda        0x2 
 .rodata.irq_add_shared_handler.str1.4
                0x20007fdc       0xd9 CMakeFiles/okhi.dir/C_/Program_Files/Raspberry_Pi/Pico_SDK_v1.5.1/pico-sdk/src/rp2_common/hardware_irq/irq.c.obj
 *fill*         0x200080b5        0x3 
 .rodata.irq_remove_handler.str1.4
                0x200080b8       0x3a CMakeFiles/okhi.dir/C_/Program_Files/Raspberry_Pi/Pico_SDK_v1.5.1/pico-sdk/src/rp2_common/hardware_irq/irq.c.obj
 *fill*         0x200080f2        0x2 
 .rodata.irq_add_tail_to_free_list.str1.4
                0x200080f4       0x3a CMakeFiles/okhi.dir/C_/Program_Files/Raspberry_Pi/Pico_SDK_v1.5.1/pico-sdk/src/rp2_common/hardware_irq/irq.c.obj
 *fill*         0x2000812e        0x2 
 .rodata.__func__.0
                0x20008130       0x1a CMakeFiles/okhi.dir/C_/Program_Files/Raspberry_Pi/Pico_SDK_v1.5.1/pico-sdk/src/rp2_common/hardware_irq/irq.c.obj
 *fill*         0x2000814a        0x2 
 .rodata.__func__.1
                0x2000814c       0x17 CMakeFiles/okhi.dir/C_/Program_Files/Raspberry_Pi/Pico_SDK_v1.5.1/pico-sdk/src/rp2_common/hardware_irq/irq.c.obj
 *fill*         0x20008163        0x1 
 .rodata.__func__.2
                0x20008164       0x13 CMakeFiles/okhi.dir/C_/Program_Files/Raspberry_Pi/Pico_SDK_v1.5.1/pico-sdk/src/rp2_common/hardware_irq/irq.c.obj
 *fill*         0x20008177        0x1 
 .rodata.__func__.3
                0x20008178        0xc CMakeFiles/okhi.dir/C_/Program_Files/Raspberry_Pi/Pico_SDK_v1.5.1/pico-sdk/src/rp2_common/hardware_irq/irq.c.obj
 .rodata.__func__.4
                0x20008184        0xf CMakeFiles/okhi.dir/C_/Program_Files/Raspberry_Pi/Pico_SDK_v1.5.1/pico-sdk/src/rp2_common/hardware_irq/irq.c.obj
 *fill*         0x20008193        0x1 
 .rodata.__func__.5
                0x20008194       0x17 CMakeFiles/okhi.dir/C_/Program_Files/Raspberry_Pi/Pico_SDK_v1.5.1/pico-sdk/src/rp2_common/hardware_irq/irq.c.obj
 *fill*         0x200081ab        0x1 
 .rodata.__func__.6
                0x200081ac       0x1a CMakeFiles/okhi.dir/C_/Program_Files/Raspberry_Pi/Pico_SDK_v1.5.1/pico-sdk/src/rp2_common/hardware_irq/irq.c.obj
 *fill*         0x200081c6        0x2 
 .rodata.str1.4
                0x200081c8      0x125 CMakeFiles/okhi.dir/C_/Program_Files/Raspberry_Pi/Pico_SDK_v1.5.1/pico-sdk/src/common/pico_sync/mutex.c.obj
 *fill*         0x200082ed        0x3 
 .rodata.__func__.1
                0x200082f0        0xb CMakeFiles/okhi.dir/C_/Program_Files/Raspberry_Pi/Pico_SDK_v1.5.1/pico-sdk/src/common/pico_sync/mutex.c.obj
 *fill*         0x200082fb        0x1 
 .rodata.__func__.3
                0x200082fc       0x18 CMakeFiles/okhi.dir/C_/Program_Files/Raspberry_Pi/Pico_SDK_v1.5.1/pico-sdk/src/common/pico_sync/mutex.c.obj
 .rodata.repeating_timer_callback.str1.4
                0x20008314       0x67 CMakeFiles/okhi.dir/C_/Program_Files/Raspberry_Pi/Pico_SDK_v1.5.1/pico-sdk/src/common/pico_time/time.c.obj
 *fill*         0x2000837b        0x1 
 .rodata.timer_pool_entry_comparator.str1.4
                0x2000837c       0x22 CMakeFiles/okhi.dir/C_/Program_Files/Raspberry_Pi/Pico_SDK_v1.5.1/pico-sdk/src/common/pico_time/time.c.obj
 *fill*         0x2000839e        0x2 
 .rodata.ph_add_child_node.str1.4
                0x200083a0       0xb2 CMakeFiles/okhi.dir/C_/Program_Files/Raspberry_Pi/Pico_SDK_v1.5.1/pico-sdk/src/common/pico_time/time.c.obj
 *fill*         0x20008452        0x2 
 .rodata.add_alarm_under_lock.str1.4
                0x20008454       0x28 CMakeFiles/okhi.dir/C_/Program_Files/Raspberry_Pi/Pico_SDK_v1.5.1/pico-sdk/src/common/pico_time/time.c.obj
                                 0x2b (size before relaxing)
 .rodata.alarm_pool_alarm_callback.str1.4
                0x2000847c       0x98 CMakeFiles/okhi.dir/C_/Program_Files/Raspberry_Pi/Pico_SDK_v1.5.1/pico-sdk/src/common/pico_time/time.c.obj
                                0x118 (size before relaxing)
 .rodata.alarm_pool_get_default.str1.4
                0x20008514       0x21 CMakeFiles/okhi.dir/C_/Program_Files/Raspberry_Pi/Pico_SDK_v1.5.1/pico-sdk/src/common/pico_time/time.c.obj
 *fill*         0x20008535        0x3 
 .rodata.alarm_pool_cancel_alarm.str1.4
                0x20008538       0x27 CMakeFiles/okhi.dir/C_/Program_Files/Raspberry_Pi/Pico_SDK_v1.5.1/pico-sdk/src/common/pico_time/time.c.obj
 *fill*         0x2000855f        0x1 
 .rodata.sleep_until.str1.4
                0x20008560       0x4d CMakeFiles/okhi.dir/C_/Program_Files/Raspberry_Pi/Pico_SDK_v1.5.1/pico-sdk/src/common/pico_time/time.c.obj
 *fill*         0x200085ad        0x3 
 .rodata.__func__.1
                0x200085b0       0x18 CMakeFiles/okhi.dir/C_/Program_Files/Raspberry_Pi/Pico_SDK_v1.5.1/pico-sdk/src/common/pico_time/time.c.obj
 .rodata.__func__.10
                0x200085c8       0x15 CMakeFiles/okhi.dir/C_/Program_Files/Raspberry_Pi/Pico_SDK_v1.5.1/pico-sdk/src/common/pico_time/time.c.obj
 *fill*         0x200085dd        0x3 
 .rodata.__func__.11
                0x200085e0       0x1a CMakeFiles/okhi.dir/C_/Program_Files/Raspberry_Pi/Pico_SDK_v1.5.1/pico-sdk/src/common/pico_time/time.c.obj
 *fill*         0x200085fa        0x2 
 .rodata.__func__.12
                0x200085fc        0xa CMakeFiles/okhi.dir/C_/Program_Files/Raspberry_Pi/Pico_SDK_v1.5.1/pico-sdk/src/common/pico_time/time.c.obj
 *fill*         0x20008606        0x2 
 .rodata.__func__.3
                0x20008608       0x17 CMakeFiles/okhi.dir/C_/Program_Files/Raspberry_Pi/Pico_SDK_v1.5.1/pico-sdk/src/common/pico_time/time.c.obj
 *fill*         0x2000861f        0x1 
 .rodata.__func__.4
                0x20008620       0x12 CMakeFiles/okhi.dir/C_/Program_Files/Raspberry_Pi/Pico_SDK_v1.5.1/pico-sdk/src/common/pico_time/time.c.obj
 *fill*         0x20008632        0x2 
 .rodata.__func__.5
                0x20008634        0xd CMakeFiles/okhi.dir/C_/Program_Files/Raspberry_Pi/Pico_SDK_v1.5.1/pico-sdk/src/common/pico_time/time.c.obj
 *fill*         0x20008641        0x3 
 .rodata.__func__.6
                0x20008644       0x12 CMakeFiles/okhi.dir/C_/Program_Files/Raspberry_Pi/Pico_SDK_v1.5.1/pico-sdk/src/common/pico_time/time.c.obj
 *fill*         0x20008656        0x2 
 .rodata.__func__.7
                0x20008658        0xf CMakeFiles/okhi.dir/C_/Program_Files/Raspberry_Pi/Pico_SDK_v1.5.1/pico-sdk/src/common/pico_time/time.c.obj
 *fill*         0x20008667        0x1 
 .rodata.__func__.8
                0x20008668        0xc CMakeFiles/okhi.dir/C_/Program_Files/Raspberry_Pi/Pico_SDK_v1.5.1/pico-sdk/src/common/pico_time/time.c.obj
 .rodata.__func__.9
                0x20008674       0x15 CMakeFiles/okhi.dir/C_/Program_Files/Raspberry_Pi/Pico_SDK_v1.5.1/pico-sdk/src/common/pico_time/time.c.obj
 *fill*         0x20008689        0x7 
 .rodata.at_the_end_of_time
                0x20008690        0x8 CMakeFiles/okhi.dir/C_/Program_Files/Raspberry_Pi/Pico_SDK_v1.5.1/pico-sdk/src/common/pico_time/time.c.obj
                0x20008690                at_the_end_of_time
 .rodata.hardware_alarm_claim.str1.4
                0x20008698       0x22 CMakeFiles/okhi.dir/C_/Program_Files/Raspberry_Pi/Pico_SDK_v1.5.1/pico-sdk/src/rp2_common/hardware_timer/timer.c.obj
 .rodata.busy_wait_us.str1.4
                0x200086ba       0x7d CMakeFiles/okhi.dir/C_/Program_Files/Raspberry_Pi/Pico_SDK_v1.5.1/pico-sdk/src/rp2_common/hardware_timer/timer.c.obj
 *fill*         0x200086ba        0x2 
 .rodata.hardware_alarm_set_target.str1.4
                0x200086bc       0x81 CMakeFiles/okhi.dir/C_/Program_Files/Raspberry_Pi/Pico_SDK_v1.5.1/pico-sdk/src/rp2_common/hardware_timer/timer.c.obj
 *fill*         0x2000873d        0x3 
 .rodata.__func__.0
                0x20008740       0x1a CMakeFiles/okhi.dir/C_/Program_Files/Raspberry_Pi/Pico_SDK_v1.5.1/pico-sdk/src/rp2_common/hardware_timer/timer.c.obj
 *fill*         0x2000875a        0x2 
 .rodata.__func__.1
                0x2000875c       0x15 CMakeFiles/okhi.dir/C_/Program_Files/Raspberry_Pi/Pico_SDK_v1.5.1/pico-sdk/src/rp2_common/hardware_timer/timer.c.obj
 .rodata.ph_add_child_node.str1.4
                0x20008771       0xb2 CMakeFiles/okhi.dir/C_/Program_Files/Raspberry_Pi/Pico_SDK_v1.5.1/pico-sdk/src/common/pico_util/pheap.c.obj
 *fill*         0x20008771        0x3 
 .rodata.ph_remove_any_head.str1.4
                0x20008774       0xa8 CMakeFiles/okhi.dir/C_/Program_Files/Raspberry_Pi/Pico_SDK_v1.5.1/pico-sdk/src/common/pico_util/pheap.c.obj
                                 0xbc (size before relaxing)
 .rodata.ph_remove_and_free_node.str1.4
                0x2000881c       0x1e CMakeFiles/okhi.dir/C_/Program_Files/Raspberry_Pi/Pico_SDK_v1.5.1/pico-sdk/src/common/pico_util/pheap.c.obj
                                 0x26 (size before relaxing)
 *fill*         0x2000883a        0x2 
 .rodata.__func__.0
                0x2000883c       0x18 CMakeFiles/okhi.dir/C_/Program_Files/Raspberry_Pi/Pico_SDK_v1.5.1/pico-sdk/src/common/pico_util/pheap.c.obj
 .rodata.__func__.1
                0x20008854       0x13 CMakeFiles/okhi.dir/C_/Program_Files/Raspberry_Pi/Pico_SDK_v1.5.1/pico-sdk/src/common/pico_util/pheap.c.obj
 *fill*         0x20008867        0x1 
 .rodata.__func__.2
                0x20008868       0x12 CMakeFiles/okhi.dir/C_/Program_Files/Raspberry_Pi/Pico_SDK_v1.5.1/pico-sdk/src/common/pico_util/pheap.c.obj
 *fill*         0x2000887a        0x2 
 .rodata.__func__.3
                0x2000887c        0xc CMakeFiles/okhi.dir/C_/Program_Files/Raspberry_Pi/Pico_SDK_v1.5.1/pico-sdk/src/common/pico_util/pheap.c.obj
 .rodata.clock_configure.str1.4
                0x20008888       0x73 CMakeFiles/okhi.dir/C_/Program_Files/Raspberry_Pi/Pico_SDK_v1.5.1/pico-sdk/src/rp2_common/hardware_clocks/clocks.c.obj
 *fill*         0x200088fb        0x1 
 .rodata.__func__.1
                0x200088fc       0x10 CMakeFiles/okhi.dir/C_/Program_Files/Raspberry_Pi/Pico_SDK_v1.5.1/pico-sdk/src/rp2_common/hardware_clocks/clocks.c.obj
 .rodata.pll_init.str1.4
                0x2000890c      0x140 CMakeFiles/okhi.dir/C_/Program_Files/Raspberry_Pi/Pico_SDK_v1.5.1/pico-sdk/src/rp2_common/hardware_pll/pll.c.obj
 .rodata.__func__.0
                0x20008a4c        0x9 CMakeFiles/okhi.dir/C_/Program_Files/Raspberry_Pi/Pico_SDK_v1.5.1/pico-sdk/src/rp2_common/hardware_pll/pll.c.obj
 *fill*         0x20008a55        0x3 
 .rodata.__assert_func.str1.4
                0x20008a58       0x3f CMakeFiles/okhi.dir/C_/Program_Files/Raspberry_Pi/Pico_SDK_v1.5.1/pico-sdk/src/rp2_common/pico_runtime/runtime.c.obj
                                 0x43 (size before relaxing)
 *fill*         0x20008a97        0x1 
 .rodata.runtime_init.str1.4
                0x20008a98       0x7d CMakeFiles/okhi.dir/C_/Program_Files/Raspberry_Pi/Pico_SDK_v1.5.1/pico-sdk/src/rp2_common/pico_runtime/runtime.c.obj
 *fill*         0x20008b15        0x3 
 .rodata.panic.str1.4
                0x20008b18       0x12 CMakeFiles/okhi.dir/C_/Program_Files/Raspberry_Pi/Pico_SDK_v1.5.1/pico-sdk/src/rp2_common/pico_runtime/runtime.c.obj
 *fill*         0x20008b2a        0x2 
 .rodata.__func__.2
                0x20008b2c        0xd CMakeFiles/okhi.dir/C_/Program_Files/Raspberry_Pi/Pico_SDK_v1.5.1/pico-sdk/src/rp2_common/pico_runtime/runtime.c.obj
 *fill*         0x20008b39        0x3 
 .rodata._ftoa.str1.4
                0x20008b3c       0x15 CMakeFiles/okhi.dir/C_/Program_Files/Raspberry_Pi/Pico_SDK_v1.5.1/pico-sdk/src/rp2_common/pico_printf/printf.c.obj
 *fill*         0x20008b51        0x3 
 .rodata._vsnprintf
                0x20008b54      0x1e0 CMakeFiles/okhi.dir/C_/Program_Files/Raspberry_Pi/Pico_SDK_v1.5.1/pico-sdk/src/rp2_common/pico_printf/printf.c.obj
 *fill*         0x20008d34        0x4 
 .rodata.pow10.0
                0x20008d38       0x50 CMakeFiles/okhi.dir/C_/Program_Files/Raspberry_Pi/Pico_SDK_v1.5.1/pico-sdk/src/rp2_common/pico_printf/printf.c.obj
 .rodata.__aeabi_double_init.str1.4
                0x20008d88       0xb8 CMakeFiles/okhi.dir/C_/Program_Files/Raspberry_Pi/Pico_SDK_v1.5.1/pico-sdk/src/rp2_common/pico_double/double_init_rom.c.obj
 .rodata.__func__.0
                0x20008e40       0x14 CMakeFiles/okhi.dir/C_/Program_Files/Raspberry_Pi/Pico_SDK_v1.5.1/pico-sdk/src/rp2_common/pico_double/double_init_rom.c.obj
 .rodata.__aeabi_float_init.str1.4
                0x20008e54       0x96 CMakeFiles/okhi.dir/C_/Program_Files/Raspberry_Pi/Pico_SDK_v1.5.1/pico-sdk/src/rp2_common/pico_float/float_init_rom.c.obj
                                 0x9a (size before relaxing)
 *fill*         0x20008eea        0x2 
 .rodata.__func__.0
                0x20008eec       0x13 CMakeFiles/okhi.dir/C_/Program_Files/Raspberry_Pi/Pico_SDK_v1.5.1/pico-sdk/src/rp2_common/pico_float/float_init_rom.c.obj
 *fill*         0x20008eff        0x1 
 .rodata.str1.4
                0x20008f00       0x90 CMakeFiles/okhi.dir/C_/Program_Files/Raspberry_Pi/Pico_SDK_v1.5.1/pico-sdk/src/rp2_common/pico_standard_link/binary_info.c.obj
 .rodata.__bi_44
                0x20008f90        0xc CMakeFiles/okhi.dir/C_/Program_Files/Raspberry_Pi/Pico_SDK_v1.5.1/pico-sdk/src/rp2_common/pico_standard_link/binary_info.c.obj
 .rodata.__bi_69
                0x20008f9c        0xc CMakeFiles/okhi.dir/C_/Program_Files/Raspberry_Pi/Pico_SDK_v1.5.1/pico-sdk/src/rp2_common/pico_standard_link/binary_info.c.obj
 .rodata.__bi_75
                0x20008fa8        0xc CMakeFiles/okhi.dir/C_/Program_Files/Raspberry_Pi/Pico_SDK_v1.5.1/pico-sdk/src/rp2_common/pico_standard_link/binary_info.c.obj
 .rodata.__bi_81
                0x20008fb4        0xc CMakeFiles/okhi.dir/C_/Program_Files/Raspberry_Pi/Pico_SDK_v1.5.1/pico-sdk/src/rp2_common/pico_standard_link/binary_info.c.obj
 .rodata.__bi_91
                0x20008fc0        0xc CMakeFiles/okhi.dir/C_/Program_Files/Raspberry_Pi/Pico_SDK_v1.5.1/pico-sdk/src/rp2_common/pico_standard_link/binary_info.c.obj
 .rodata.stdout_serialize_begin.str1.4
                0x20008fcc       0x7d CMakeFiles/okhi.dir/C_/Program_Files/Raspberry_Pi/Pico_SDK_v1.5.1/pico-sdk/src/rp2_common/pico_stdio/stdio.c.obj
 .rodata.__func__.3
                0x20008fcc       0x15 CMakeFiles/okhi.dir/C_/Program_Files/Raspberry_Pi/Pico_SDK_v1.5.1/pico-sdk/src/rp2_common/pico_stdio/stdio.c.obj
 *fill*         0x20008fe1        0x3 
 .rodata.crlf_str.2
                0x20008fe4        0x2 CMakeFiles/okhi.dir/C_/Program_Files/Raspberry_Pi/Pico_SDK_v1.5.1/pico-sdk/src/rp2_common/pico_stdio/stdio.c.obj
 *fill*         0x20008fe6        0x2 
 .rodata.str1.4
                0x20008fe8       0x2c CMakeFiles/okhi.dir/C_/Program_Files/Raspberry_Pi/Pico_SDK_v1.5.1/pico-sdk/src/rp2_common/pico_stdio_uart/stdio_uart.c.obj
 .rodata.__bi_33.4
                0x20009014        0xc CMakeFiles/okhi.dir/C_/Program_Files/Raspberry_Pi/Pico_SDK_v1.5.1/pico-sdk/src/rp2_common/pico_stdio_uart/stdio_uart.c.obj
 .rodata.__bi_34.5
                0x20009020        0x8 CMakeFiles/okhi.dir/C_/Program_Files/Raspberry_Pi/Pico_SDK_v1.5.1/pico-sdk/src/rp2_common/pico_stdio_uart/stdio_uart.c.obj
 .rodata.multicore_lockout_start_block_until.str1.4
                0x20009028       0x79 CMakeFiles/okhi.dir/C_/Program_Files/Raspberry_Pi/Pico_SDK_v1.5.1/pico-sdk/src/rp2_common/pico_multicore/multicore.c.obj
 *fill*         0x200090a1        0x3 
 .rodata.multicore_launch_core1_with_stack.str1.4
                0x200090a4       0x19 CMakeFiles/okhi.dir/C_/Program_Files/Raspberry_Pi/Pico_SDK_v1.5.1/pico-sdk/src/rp2_common/pico_multicore/multicore.c.obj
 *fill*         0x200090bd        0x3 
 .rodata.__func__.2
                0x200090c0       0x22 CMakeFiles/okhi.dir/C_/Program_Files/Raspberry_Pi/Pico_SDK_v1.5.1/pico-sdk/src/rp2_common/pico_multicore/multicore.c.obj
 *fill*         0x200090e2        0x2 
 .rodata._pio_find_offset_for_program.str1.4
                0x200090e4       0x85 CMakeFiles/okhi.dir/C_/Program_Files/Raspberry_Pi/Pico_SDK_v1.5.1/pico-sdk/src/rp2_common/hardware_pio/pio.c.obj
 *fill*         0x20009169        0x3 
 .rodata._pio_add_program_at_offset.str1.4
                0x2000916c       0x11 CMakeFiles/okhi.dir/C_/Program_Files/Raspberry_Pi/Pico_SDK_v1.5.1/pico-sdk/src/rp2_common/hardware_pio/pio.c.obj
 *fill*         0x2000917d        0x3 
 .rodata.pio_claim_unused_sm.str1.4
                0x20009180       0x24 CMakeFiles/okhi.dir/C_/Program_Files/Raspberry_Pi/Pico_SDK_v1.5.1/pico-sdk/src/rp2_common/hardware_pio/pio.c.obj
 .rodata.__func__.1
                0x200091a4       0x1d CMakeFiles/okhi.dir/C_/Program_Files/Raspberry_Pi/Pico_SDK_v1.5.1/pico-sdk/src/rp2_common/hardware_pio/pio.c.obj
 *fill*         0x200091c1        0x3 
 .rodata._global_impure_ptr
                0x200091c4        0x4 c:/progra~1/raspbe~1/picosd~1.1/gcc-ar~1/bin/../lib/gcc/arm-none-eabi/10.3.1/../../../../arm-none-eabi/lib/thumb/v6-m/nofp\libg.a(lib_a-impure.o)
                0x200091c4                _global_impure_ptr
                0x200091c8                . = ALIGN (0x4)
 *(.data*)
 .data.g_display_time
                0x200091c8        0x4 CMakeFiles/okhi.dir/okhi.c.obj
 .data.hwver    0x200091cc        0x1 CMakeFiles/okhi.dir/okhi.c.obj
 *fill*         0x200091cd        0x3 
 .data.hwver_name
                0x200091d0        0x4 CMakeFiles/okhi.dir/okhi.c.obj
 .data.striped_spin_lock_num
                0x200091d4        0x1 CMakeFiles/okhi.dir/C_/Program_Files/Raspberry_Pi/Pico_SDK_v1.5.1/pico-sdk/src/rp2_common/hardware_sync/sync.c.obj
 *fill*         0x200091d5        0x3 
 .data          0x200091d8       0x48 CMakeFiles/okhi.dir/C_/Program_Files/Raspberry_Pi/Pico_SDK_v1.5.1/pico-sdk/src/rp2_common/hardware_irq/irq_handler_chain.S.obj
                0x200091d8                irq_handler_chain_slots
                0x20009208                irq_handler_chain_first_slot
                0x20009212                irq_handler_chain_remove_tail
 .data.default_alarm_pool
                0x20009220       0x18 CMakeFiles/okhi.dir/C_/Program_Files/Raspberry_Pi/Pico_SDK_v1.5.1/pico-sdk/src/common/pico_time/time.c.obj
 .data.default_alarm_pool_heap
                0x20009238       0x10 CMakeFiles/okhi.dir/C_/Program_Files/Raspberry_Pi/Pico_SDK_v1.5.1/pico-sdk/src/common/pico_time/time.c.obj
 *fill*         0x20009248        0x8 
 .data.aeabi_bits_funcs
                0x20009250       0x10 CMakeFiles/okhi.dir/C_/Program_Files/Raspberry_Pi/Pico_SDK_v1.5.1/pico-sdk/src/rp2_common/pico_bit_ops/bit_ops_aeabi.S.obj
                0x20009250                aeabi_bits_funcs
                0x20009260                aeabi_bits_funcs_end
 .data.aeabi_mem_funcs
                0x20009260       0x10 CMakeFiles/okhi.dir/C_/Program_Files/Raspberry_Pi/Pico_SDK_v1.5.1/pico-sdk/src/rp2_common/pico_mem_ops/mem_ops_aeabi.S.obj
                0x20009260                aeabi_mem_funcs
                0x20009270                aeabi_mem_funcs_end
 .data.stdio_uart
                0x20009270       0x18 CMakeFiles/okhi.dir/C_/Program_Files/Raspberry_Pi/Pico_SDK_v1.5.1/pico-sdk/src/rp2_common/pico_stdio_uart/stdio_uart.c.obj
                0x20009270                stdio_uart
 .data._impure_ptr
                0x20009288        0x4 c:/progra~1/raspbe~1/picosd~1.1/gcc-ar~1/bin/../lib/gcc/arm-none-eabi/10.3.1/../../../../arm-none-eabi/lib/thumb/v6-m/nofp\libg.a(lib_a-impure.o)
                0x20009288                _impure_ptr
 *fill*         0x2000928c        0x4 
 .data.impure_data
                0x20009290      0x428 c:/progra~1/raspbe~1/picosd~1.1/gcc-ar~1/bin/../lib/gcc/arm-none-eabi/10.3.1/../../../../arm-none-eabi/lib/thumb/v6-m/nofp\libg.a(lib_a-impure.o)
 .data.__malloc_av_
                0x200096b8      0x408 c:/progra~1/raspbe~1/picosd~1.1/gcc-ar~1/bin/../lib/gcc/arm-none-eabi/10.3.1/../../../../arm-none-eabi/lib/thumb/v6-m/nofp\libg.a(lib_a-mallocr.o)
                0x200096b8                __malloc_av_
 .data.__malloc_sbrk_base
                0x20009ac0        0x4 c:/progra~1/raspbe~1/picosd~1.1/gcc-ar~1/bin/../lib/gcc/arm-none-eabi/10.3.1/../../../../arm-none-eabi/lib/thumb/v6-m/nofp\libg.a(lib_a-mallocr.o)
                0x20009ac0                __malloc_sbrk_base
 .data.__malloc_trim_threshold
                0x20009ac4        0x4 c:/progra~1/raspbe~1/picosd~1.1/gcc-ar~1/bin/../lib/gcc/arm-none-eabi/10.3.1/../../../../arm-none-eabi/lib/thumb/v6-m/nofp\libg.a(lib_a-mallocr.o)
                0x20009ac4                __malloc_trim_threshold
                0x20009ac8                . = ALIGN (0x4)
 *(.after_data.*)
                0x20009ac8                . = ALIGN (0x4)
                0x20009ac8                PROVIDE (__mutex_array_start = .)
 *(SORT_BY_NAME(.mutex_array.*))
 *(.mutex_array)
 .mutex_array   0x20009ac8        0x8 CMakeFiles/okhi.dir/C_/Program_Files/Raspberry_Pi/Pico_SDK_v1.5.1/pico-sdk/src/rp2_common/pico_malloc/pico_malloc.c.obj
 .mutex_array   0x20009ad0        0x8 CMakeFiles/okhi.dir/C_/Program_Files/Raspberry_Pi/Pico_SDK_v1.5.1/pico-sdk/src/rp2_common/pico_stdio/stdio.c.obj
                0x20009ad8                PROVIDE (__mutex_array_end = .)
                0x20009ad8                . = ALIGN (0x4)
                0x20009ad8                PROVIDE (__preinit_array_start = .)
 *(SORT_BY_NAME(.preinit_array.*))
 .preinit_array.00001
                0x20009ad8        0x4 CMakeFiles/okhi.dir/C_/Program_Files/Raspberry_Pi/Pico_SDK_v1.5.1/pico-sdk/src/rp2_common/pico_mem_ops/mem_ops_aeabi.S.obj
 .preinit_array.00010
                0x20009adc        0x4 CMakeFiles/okhi.dir/C_/Program_Files/Raspberry_Pi/Pico_SDK_v1.5.1/pico-sdk/src/rp2_common/pico_bit_ops/bit_ops_aeabi.S.obj
 .preinit_array.00020
                0x20009ae0        0x4 CMakeFiles/okhi.dir/C_/Program_Files/Raspberry_Pi/Pico_SDK_v1.5.1/pico-sdk/src/rp2_common/pico_double/double_aeabi.S.obj
 .preinit_array.00020
                0x20009ae4        0x4 CMakeFiles/okhi.dir/C_/Program_Files/Raspberry_Pi/Pico_SDK_v1.5.1/pico-sdk/src/rp2_common/pico_float/float_aeabi.S.obj
 *(.preinit_array)
                0x20009ae8                PROVIDE (__preinit_array_end = .)
                0x20009ae8                . = ALIGN (0x4)
                0x20009ae8                PROVIDE (__init_array_start = .)
 *(SORT_BY_NAME(.init_array.*))
 *(.init_array)
 .init_array    0x20009ae8        0x4 c:/progra~1/raspbe~1/picosd~1.1/gcc-ar~1/bin/../lib/gcc/arm-none-eabi/10.3.1/thumb/v6-m/nofp/crtbegin.o
                0x20009aec                PROVIDE (__init_array_end = .)
                0x20009aec                . = ALIGN (0x4)
                [!provide]                PROVIDE (__fini_array_start = .)
 *(SORT_BY_NAME(.fini_array.*))
 *(.fini_array)
                [!provide]                PROVIDE (__fini_array_end = .)
 *(.jcr)
                0x20009aec                . = ALIGN (0x4)
                0x20009aec                __data_end__ = .
                0x10007608                __etext = LOADADDR (.data)

.igot.plt       0x20009aec        0x0 load address 0x10009d24
 .igot.plt      0x20009aec        0x0 c:/progra~1/raspbe~1/picosd~1.1/gcc-ar~1/bin/../lib/gcc/arm-none-eabi/10.3.1/thumb/v6-m/nofp/crtbegin.o

.uninitialized_data
                0x20009aec        0x4 load address 0x10009d24
                0x20009aec                . = ALIGN (0x4)
 *(.uninitialized_data*)
 .uninitialized_data
                0x20009aec        0x4 CMakeFiles/okhi.dir/okhi.c.obj
                0x20009aec                wait_20

.scratch_x      0x20040000        0x0 load address 0x10009d24
                0x20040000                __scratch_x_start__ = .
 *(.scratch_x.*)
                0x20040000                . = ALIGN (0x4)
                0x20040000                __scratch_x_end__ = .
                0x10009d24                __scratch_x_source__ = LOADADDR (.scratch_x)

.scratch_y      0x20041000        0x0 load address 0x10009d24
                0x20041000                __scratch_y_start__ = .
 *(.scratch_y.*)
                0x20041000                . = ALIGN (0x4)
                0x20041000                __scratch_y_end__ = .
                0x10009d24                __scratch_y_source__ = LOADADDR (.scratch_y)

.bss            0x20009af0    0x1f8c0
                0x20009af0                . = ALIGN (0x4)
                0x20009af0                __bss_start__ = .
 *(SORT_BY_ALIGNMENT(SORT_BY_NAME(.bss*)))
 .bss.default_alarm_pool_entries
                0x20009af0      0x100 CMakeFiles/okhi.dir/C_/Program_Files/Raspberry_Pi/Pico_SDK_v1.5.1/pico-sdk/src/common/pico_time/time.c.obj
 .bss           0x20009bf0       0x1c c:/progra~1/raspbe~1/picosd~1.1/gcc-ar~1/bin/../lib/gcc/arm-none-eabi/10.3.1/thumb/v6-m/nofp/crtbegin.o
 .bss.__lock___malloc_recursive_mutex
                0x20009c0c        0x1 c:/progra~1/raspbe~1/picosd~1.1/gcc-ar~1/bin/../lib/gcc/arm-none-eabi/10.3.1/../../../../arm-none-eabi/lib/thumb/v6-m/nofp\libg.a(lib_a-lock.o)
                0x20009c0c                __lock___malloc_recursive_mutex
 *fill*         0x20009c0d        0x3 
 .bss.__lock___sfp_recursive_mutex
                0x20009c10        0x1 c:/progra~1/raspbe~1/picosd~1.1/gcc-ar~1/bin/../lib/gcc/arm-none-eabi/10.3.1/../../../../arm-none-eabi/lib/thumb/v6-m/nofp\libg.a(lib_a-lock.o)
                0x20009c10                __lock___sfp_recursive_mutex
 *fill*         0x20009c11        0x3 
 .bss.__lock___sinit_recursive_mutex
                0x20009c14        0x1 c:/progra~1/raspbe~1/picosd~1.1/gcc-ar~1/bin/../lib/gcc/arm-none-eabi/10.3.1/../../../../arm-none-eabi/lib/thumb/v6-m/nofp\libg.a(lib_a-lock.o)
                0x20009c14                __lock___sinit_recursive_mutex
 *fill*         0x20009c15        0x3 
 .bss.__malloc_current_mallinfo
                0x20009c18       0x28 c:/progra~1/raspbe~1/picosd~1.1/gcc-ar~1/bin/../lib/gcc/arm-none-eabi/10.3.1/../../../../arm-none-eabi/lib/thumb/v6-m/nofp\libg.a(lib_a-mallocr.o)
                0x20009c18                __malloc_current_mallinfo
 .bss.__malloc_top_pad