Archive member included to satisfy reference by file (symbol)

c:/progra~1/raspbe~1/picosd~1.1/gcc-ar~1/bin/../lib/gcc/arm-none-eabi/10.3.1/thumb/v6-m/nofp\libgcc.a(_dvmd_tls.o)
                              CMakeFiles/okhi.dir/C_/Program_Files/Raspberry_Pi/Pico_SDK_v1.5.1/pico-sdk/src/rp2_common/pico_divider/divider.S.obj (__aeabi_idiv0)
c:/progra~1/raspbe~1/picosd~1.1/gcc-ar~1/bin/../lib/gcc/arm-none-eabi/10.3.1/../../../../arm-none-eabi/lib/thumb/v6-m/nofp\libg.a(lib_a-calloc.o)
                              CMakeFiles/okhi.dir/C_/Program_Files/Raspberry_Pi/Pico_SDK_v1.5.1/pico-sdk/src/rp2_common/pico_malloc/pico_malloc.c.obj (calloc)
c:/progra~1/raspbe~1/picosd~1.1/gcc-ar~1/bin/../lib/gcc/arm-none-eabi/10.3.1/../../../../arm-none-eabi/lib/thumb/v6-m/nofp\libg.a(lib_a-callocr.o)
                              c:/progra~1/raspbe~1/picosd~1.1/gcc-ar~1/bin/../lib/gcc/arm-none-eabi/10.3.1/../../../../arm-none-eabi/lib/thumb/v6-m/nofp\libg.a(lib_a-calloc.o) (_calloc_r)
c:/progra~1/raspbe~1/picosd~1.1/gcc-ar~1/bin/../lib/gcc/arm-none-eabi/10.3.1/../../../../arm-none-eabi/lib/thumb/v6-m/nofp\libg.a(lib_a-errno.o)
                              c:/progra~1/raspbe~1/picosd~1.1/gcc-ar~1/bin/../lib/gcc/arm-none-eabi/10.3.1/../../../../arm-none-eabi/lib/thumb/v6-m/nofp\libg.a(lib_a-callocr.o) (__errno)
c:/progra~1/raspbe~1/picosd~1.1/gcc-ar~1/bin/../lib/gcc/arm-none-eabi/10.3.1/../../../../arm-none-eabi/lib/thumb/v6-m/nofp\libg.a(lib_a-impure.o)
                              c:/progra~1/raspbe~1/picosd~1.1/gcc-ar~1/bin/../lib/gcc/arm-none-eabi/10.3.1/../../../../arm-none-eabi/lib/thumb/v6-m/nofp\libg.a(lib_a-calloc.o) (_impure_ptr)
c:/progra~1/raspbe~1/picosd~1.1/gcc-ar~1/bin/../lib/gcc/arm-none-eabi/10.3.1/../../../../arm-none-eabi/lib/thumb/v6-m/nofp\libg.a(lib_a-init.o)
                              c:/progra~1/raspbe~1/picosd~1.1/gcc-ar~1/bin/../lib/gcc/arm-none-eabi/10.3.1/../../../../arm-none-eabi/lib/thumb/v6-m/nofp/crt0.o (__libc_init_array)
c:/progra~1/raspbe~1/picosd~1.1/gcc-ar~1/bin/../lib/gcc/arm-none-eabi/10.3.1/../../../../arm-none-eabi/lib/thumb/v6-m/nofp\libg.a(lib_a-malloc.o)
                              CMakeFiles/okhi.dir/C_/Program_Files/Raspberry_Pi/Pico_SDK_v1.5.1/pico-sdk/src/rp2_common/pico_malloc/pico_malloc.c.obj (malloc)
c:/progra~1/raspbe~1/picosd~1.1/gcc-ar~1/bin/../lib/gcc/arm-none-eabi/10.3.1/../../../../arm-none-eabi/lib/thumb/v6-m/nofp\libg.a(lib_a-mallocr.o)
                              c:/progra~1/raspbe~1/picosd~1.1/gcc-ar~1/bin/../lib/gcc/arm-none-eabi/10.3.1/../../../../arm-none-eabi/lib/thumb/v6-m/nofp\libg.a(lib_a-callocr.o) (_malloc_r)
c:/progra~1/raspbe~1/picosd~1.1/gcc-ar~1/bin/../lib/gcc/arm-none-eabi/10.3.1/../../../../arm-none-eabi/lib/thumb/v6-m/nofp\libg.a(lib_a-mlock.o)
                              c:/progra~1/raspbe~1/picosd~1.1/gcc-ar~1/bin/../lib/gcc/arm-none-eabi/10.3.1/../../../../arm-none-eabi/lib/thumb/v6-m/nofp\libg.a(lib_a-mallocr.o) (__malloc_lock)
c:/progra~1/raspbe~1/picosd~1.1/gcc-ar~1/bin/../lib/gcc/arm-none-eabi/10.3.1/../../../../arm-none-eabi/lib/thumb/v6-m/nofp\libg.a(lib_a-realloc.o)
                              CMakeFiles/okhi.dir/C_/Program_Files/Raspberry_Pi/Pico_SDK_v1.5.1/pico-sdk/src/rp2_common/pico_malloc/pico_malloc.c.obj (realloc)
c:/progra~1/raspbe~1/picosd~1.1/gcc-ar~1/bin/../lib/gcc/arm-none-eabi/10.3.1/../../../../arm-none-eabi/lib/thumb/v6-m/nofp\libg.a(lib_a-reallocr.o)
                              c:/progra~1/raspbe~1/picosd~1.1/gcc-ar~1/bin/../lib/gcc/arm-none-eabi/10.3.1/../../../../arm-none-eabi/lib/thumb/v6-m/nofp\libg.a(lib_a-realloc.o) (_realloc_r)
c:/progra~1/raspbe~1/picosd~1.1/gcc-ar~1/bin/../lib/gcc/arm-none-eabi/10.3.1/../../../../arm-none-eabi/lib/thumb/v6-m/nofp\libg.a(lib_a-sbrkr.o)
                              c:/progra~1/raspbe~1/picosd~1.1/gcc-ar~1/bin/../lib/gcc/arm-none-eabi/10.3.1/../../../../arm-none-eabi/lib/thumb/v6-m/nofp\libg.a(lib_a-mallocr.o) (_sbrk_r)
c:/progra~1/raspbe~1/picosd~1.1/gcc-ar~1/bin/../lib/gcc/arm-none-eabi/10.3.1/../../../../arm-none-eabi/lib/thumb/v6-m/nofp\libg.a(lib_a-strlen-stub.o)
                              CMakeFiles/okhi.dir/okhi.c.obj (strlen)
c:/progra~1/raspbe~1/picosd~1.1/gcc-ar~1/bin/../lib/gcc/arm-none-eabi/10.3.1/../../../../arm-none-eabi/lib/thumb/v6-m/nofp\libg.a(lib_a-freer.o)
                              c:/progra~1/raspbe~1/picosd~1.1/gcc-ar~1/bin/../lib/gcc/arm-none-eabi/10.3.1/../../../../arm-none-eabi/lib/thumb/v6-m/nofp\libg.a(lib_a-malloc.o) (_free_r)
c:/progra~1/raspbe~1/picosd~1.1/gcc-ar~1/bin/../lib/gcc/arm-none-eabi/10.3.1/../../../../arm-none-eabi/lib/thumb/v6-m/nofp\libg.a(lib_a-lock.o)
                              c:/progra~1/raspbe~1/picosd~1.1/gcc-ar~1/bin/../lib/gcc/arm-none-eabi/10.3.1/../../../../arm-none-eabi/lib/thumb/v6-m/nofp\libg.a(lib_a-mlock.o) (__retarget_lock_acquire_recursive)
c:/progra~1/raspbe~1/picosd~1.1/gcc-ar~1/bin/../lib/gcc/arm-none-eabi/10.3.1/../../../../arm-none-eabi/lib/thumb/v6-m/nofp\libg.a(lib_a-memmove.o)
[...]
Memory Configuration

Name             Origin             Length             Attributes
FLASH            0x10000000         0x00200000         xr
RAM              0x20000000         0x00040000         xrw
SCRATCH_X        0x20040000         0x00001000         xrw
SCRATCH_Y        0x20041000         0x00001000         xrw
*default*        0x00000000         0xffffffff

Linker script and memory map

LOAD c:/progra~1/raspbe~1/picosd~1.1/gcc-ar~1/bin/../lib/gcc/arm-none-eabi/10.3.1/thumb/v6-m/nofp/crti.o
LOAD c:/progra~1/raspbe~1/picosd~1.1/gcc-ar~1/bin/../lib/gcc/arm-none-eabi/10.3.1/thumb/v6-m/nofp/crtbegin.o
LOAD c:/progra~1/raspbe~1/picosd~1.1/gcc-ar~1/bin/../lib/gcc/arm-none-eabi/10.3.1/../../../../arm-none-eabi/lib/thumb/v6-m/nofp/crt0.o

.flash_begin    0x10000000        0x0
                0x10000000                __flash_binary_start = .

.boot2          0x10000000      0x100
                0x10000000                __boot2_start__ = .
 *(.boot2)
 .boot2         0x10000000      0x100 C:\Users\regue\AppData\Local\Temp\ccflUdkk.o
                0x10000100                __boot2_end__ = .
                0x00000001                ASSERT (((__boot2_end__ - __boot2_start__) == 0x100), ERROR: Pico second stage bootloader must be 256 bytes in size)

.flashtext      0x10000100      0x1d8
                0x10000100                __logical_binary_start = .
 *(.vectors)
 .vectors       0x10000100       0xd4 CMakeFiles/okhi.dir/C_/Program_Files/Raspberry_Pi/Pico_SDK_v1.5.1/pico-sdk/src/rp2_common/pico_standard_link/crt0.S.obj
                0x10000100                __VECTOR_TABLE
                0x10000100                __vectors
                0x100001c0                isr_invalid
                0x100001c0                __default_isrs_start
                0x100001c2                isr_nmi
                0x100001c4                isr_hardfault
                0x100001c6                isr_svcall
                0x100001c8                isr_pendsv
                0x100001ca                isr_systick
                0x100001cc                isr_irq23
                0x100001cc                isr_irq18
                0x100001cc                isr_irq11
                0x100001cc                isr_irq28
                0x100001cc                isr_irq19
                0x100001cc                isr_irq0
                0x100001cc                isr_irq6
                0x100001cc                isr_irq5
                0x100001cc                isr_irq12
                0x100001cc                isr_irq22
                0x100001cc                isr_irq31
                0x100001cc                isr_irq17
                0x100001cc                isr_irq27
                0x100001cc                isr_irq30
                0x100001cc                isr_irq2
                0x100001cc                isr_irq10
                0x100001cc                isr_irq8
                0x100001cc                isr_irq24
                0x100001cc                isr_irq1
                0x100001cc                isr_irq7
                0x100001cc                isr_irq21
                0x100001cc                isr_irq20
                0x100001cc                isr_irq15
                0x100001cc                isr_irq25
                0x100001cc                isr_irq13
                0x100001cc                __unhandled_user_irq
                0x100001cc                isr_irq4
                0x100001cc                isr_irq16
                0x100001cc                isr_irq29
                0x100001cc                isr_irq26
                0x100001cc                __default_isrs_end
                0x100001cc                isr_irq3
                0x100001cc                isr_irq14
                0x100001cc                isr_irq9
                0x100001d2                unhandled_user_irq_num_in_r0
 *(.binary_info_header)
 .binary_info_header
                0x100001d4       0x14 CMakeFiles/okhi.dir/C_/Program_Files/Raspberry_Pi/Pico_SDK_v1.5.1/pico-sdk/src/rp2_common/pico_standard_link/crt0.S.obj
                0x100001e8                __binary_info_header_end = .
 *(.reset)
 .reset         0x100001e8       0xac CMakeFiles/okhi.dir/C_/Program_Files/Raspberry_Pi/Pico_SDK_v1.5.1/pico-sdk/src/rp2_common/pico_standard_link/crt0.S.obj
                0x100001e8                _entry_point
 *fill*         0x10000294        0x4 
 .reset.__stub  0x10000298       0x10 linker stubs
 .reset         0x100002a8       0x30 CMakeFiles/okhi.dir/C_/Program_Files/Raspberry_Pi/Pico_SDK_v1.5.1/pico-sdk/src/rp2_common/pico_standard_link/binary_info.c.obj

.rodata         0x100002d8        0x0
 *(SORT_BY_ALIGNMENT(SORT_BY_NAME(.flashdata*)))
                0x100002d8                . = ALIGN (0x4)

.ARM.extab
 *(.ARM.extab* .gnu.linkonce.armextab.*)
                0x100002d8                __exidx_start = .

.ARM.exidx
 *(.ARM.exidx* .gnu.linkonce.armexidx.*)
                0x100002d8                __exidx_end = .
                0x100002d8                . = ALIGN (0x4)
                0x100002d8                __binary_info_start = .

.binary_info    0x100002d8       0x2c
 *(.binary_info.keep.*)
 .binary_info.keep.__bi_ptr22
                0x100002d8        0x4 CMakeFiles/okhi.dir/C_/Program_Files/Raspberry_Pi/Pico_SDK_v1.5.1/pico-sdk/src/rp2_common/pico_standard_link/binary_info.c.obj
 .binary_info.keep.__bi_ptr30
                0x100002dc        0x4 CMakeFiles/okhi.dir/C_/Program_Files/Raspberry_Pi/Pico_SDK_v1.5.1/pico-sdk/src/rp2_common/pico_standard_link/binary_info.c.obj
 .binary_info.keep.__bi_ptr38
                0x100002e0        0x4 CMakeFiles/okhi.dir/C_/Program_Files/Raspberry_Pi/Pico_SDK_v1.5.1/pico-sdk/src/rp2_common/pico_standard_link/binary_info.c.obj
 .binary_info.keep.__bi_ptr44
                0x100002e4        0x4 CMakeFiles/okhi.dir/C_/Program_Files/Raspberry_Pi/Pico_SDK_v1.5.1/pico-sdk/src/rp2_common/pico_standard_link/binary_info.c.obj
 .binary_info.keep.__bi_ptr50
                0x100002e8        0x4 CMakeFiles/okhi.dir/C_/Program_Files/Raspberry_Pi/Pico_SDK_v1.5.1/pico-sdk/src/rp2_common/pico_standard_link/binary_info.c.obj
 .binary_info.keep.__bi_ptr69
                0x100002ec        0x4 CMakeFiles/okhi.dir/C_/Program_Files/Raspberry_Pi/Pico_SDK_v1.5.1/pico-sdk/src/rp2_common/pico_standard_link/binary_info.c.obj
 .binary_info.keep.__bi_ptr75
                0x100002f0        0x4 CMakeFiles/okhi.dir/C_/Program_Files/Raspberry_Pi/Pico_SDK_v1.5.1/pico-sdk/src/rp2_common/pico_standard_link/binary_info.c.obj
 .binary_info.keep.__bi_ptr81
                0x100002f4        0x4 CMakeFiles/okhi.dir/C_/Program_Files/Raspberry_Pi/Pico_SDK_v1.5.1/pico-sdk/src/rp2_common/pico_standard_link/binary_info.c.obj
 .binary_info.keep.__bi_ptr91
                0x100002f8        0x4 CMakeFiles/okhi.dir/C_/Program_Files/Raspberry_Pi/Pico_SDK_v1.5.1/pico-sdk/src/rp2_common/pico_standard_link/binary_info.c.obj
 *(.binary_info.*)
 .binary_info.__bi_ptr33
                0x100002fc        0x4 CMakeFiles/okhi.dir/C_/Program_Files/Raspberry_Pi/Pico_SDK_v1.5.1/pico-sdk/src/rp2_common/pico_stdio_uart/stdio_uart.c.obj
 .binary_info.__bi_ptr34
                0x10000300        0x4 CMakeFiles/okhi.dir/C_/Program_Files/Raspberry_Pi/Pico_SDK_v1.5.1/pico-sdk/src/rp2_common/pico_stdio_uart/stdio_uart.c.obj
                0x10000304                __binary_info_end = .
                0x10000304                . = ALIGN (0x4)

.ram_vector_table
                0x20000000       0xc0
 *(.ram_vector_table)
 .ram_vector_table
                0x20000000       0xc0 CMakeFiles/okhi.dir/C_/Program_Files/Raspberry_Pi/Pico_SDK_v1.5.1/pico-sdk/src/rp2_common/pico_runtime/runtime.c.obj
                0x20000000                ram_vector_table

.text           0x200000c0     0x6768 load address 0x10000304
                0x200000c0                __ram_text_start__ = .
 *(.init)
 .init          0x200000c0        0x4 c:/progra~1/raspbe~1/picosd~1.1/gcc-ar~1/bin/../lib/gcc/arm-none-eabi/10.3.1/thumb/v6-m/nofp/crti.o
                0x200000c0                _init
 *(.text*)
 .text          0x200000c4       0x48 c:/progra~1/raspbe~1/picosd~1.1/gcc-ar~1/bin/../lib/gcc/arm-none-eabi/10.3.1/thumb/v6-m/nofp/crtbegin.o
 .text.sm_config_set_clkdiv
                0x2000010c       0x3c CMakeFiles/okhi.dir/okhi.c.obj
 .text.pio_get_default_sm_config
                0x20000148       0x28 CMakeFiles/okhi.dir/okhi.c.obj
 .text.capture_limit_value
                0x20000170        0x8 CMakeFiles/okhi.dir/okhi.c.obj
 .text.crc16_usb
                0x20000178       0x2c CMakeFiles/okhi.dir/okhi.c.obj
 .text.crc5_usb
                0x200001a4       0x20 CMakeFiles/okhi.dir/okhi.c.obj
 .text.handle_folding
                0x200001c4       0x88 CMakeFiles/okhi.dir/okhi.c.obj
 .text.process_packet
                0x2000024c      0x1f4 CMakeFiles/okhi.dir/okhi.c.obj
 .text.start_time
                0x20000440       0x30 CMakeFiles/okhi.dir/okhi.c.obj
 .text.pio1_irq
                0x20000470       0x44 CMakeFiles/okhi.dir/okhi.c.obj
                0x20000470                pio1_irq
 .text.pio0_irq
                0x200004b4       0x44 CMakeFiles/okhi.dir/okhi.c.obj
                0x200004b4                pio0_irq
 .text.process_buffer
                0x200004f8      0x148 CMakeFiles/okhi.dir/okhi.c.obj
 .text.gpio_callback
                0x20000640       0x54 CMakeFiles/okhi.dir/okhi.c.obj
                0x20000640                gpio_callback
 .text.print_g_fold_count
                0x20000694       0x3c CMakeFiles/okhi.dir/okhi.c.obj
 .text.get_pin_state
                0x200006d0       0x64 CMakeFiles/okhi.dir/okhi.c.obj
                0x200006d0                get_pin_state
 .text.detect_hw_version
                0x20000734       0x86 CMakeFiles/okhi.dir/okhi.c.obj
                0x20000734                detect_hw_version
 *fill*         0x200007ba        0x2 
 .text.init_ver
                0x200007bc       0xe8 CMakeFiles/okhi.dir/okhi.c.obj
                0x200007bc                init_ver
 .text.my_spi_write_blocking
                0x200008a4      0x1a0 CMakeFiles/okhi.dir/okhi.c.obj
                0x200008a4                my_spi_write_blocking
 .text.my_spi_to_esp_write_blocking
                0x20000a44       0x26 CMakeFiles/okhi.dir/okhi.c.obj
                0x20000a44                my_spi_to_esp_write_blocking
 *fill*         0x20000a6a        0x2 
 .text.print_packet
                0x20000a6c      0x20c CMakeFiles/okhi.dir/okhi.c.obj
 .text.get_start_free_flash_space_addr
                0x20000c78       0x18 CMakeFiles/okhi.dir/okhi.c.obj
                0x20000c78                get_start_free_flash_space_addr
 .text.get_flash_end_address
                0x20000c90        0x6 CMakeFiles/okhi.dir/okhi.c.obj
                0x20000c90                get_flash_end_address
 .text.get_free_flash_space
                0x20000c96       0x10 CMakeFiles/okhi.dir/okhi.c.obj
                0x20000c96                get_free_flash_space
 *fill*         0x20000ca6        0x2 
 .text.reinit_dbuff
                0x20000ca8       0x20 CMakeFiles/okhi.dir/okhi.c.obj
                0x20000ca8                reinit_dbuff
 .text.display_buffer
                0x20000cc8      0x184 CMakeFiles/okhi.dir/okhi.c.obj
                0x20000cc8                display_buffer
 .text.free_all_pio_state_machines
                0x20000e4c       0x26 CMakeFiles/okhi.dir/okhi.c.obj
                0x20000e4c                free_all_pio_state_machines
 *fill*         0x20000e72        0x2 
 .text.init_esp_seq
                0x20000e74       0xc4 CMakeFiles/okhi.dir/okhi.c.obj
                0x20000e74                init_esp_seq
 .text.core1_main
                0x20000f38      0x110 CMakeFiles/okhi.dir/okhi.c.obj
                0x20000f38                core1_main
 .text.init_seq
                0x20001048      0x1a8 CMakeFiles/okhi.dir/okhi.c.obj
                0x20001048                init_seq
 .text.main     0x200011f0      0x4b8 CMakeFiles/okhi.dir/okhi.c.obj
                0x200011f0                main
 .text.set_sys_clock_pll
                0x200016a8       0x78 CMakeFiles/okhi.dir/C_/Program_Files/Raspberry_Pi/Pico_SDK_v1.5.1/pico-sdk/src/rp2_common/pico_stdlib/stdlib.c.obj
                0x200016a8                set_sys_clock_pll
 .text.check_sys_clock_khz
                0x20001720       0xa4 CMakeFiles/okhi.dir/C_/Program_Files/Raspberry_Pi/Pico_SDK_v1.5.1/pico-sdk/src/rp2_common/pico_stdlib/stdlib.c.obj
                0x20001720                check_sys_clock_khz
 .text.gpio_set_function
                0x200017c4       0x30 CMakeFiles/okhi.dir/C_/Program_Files/Raspberry_Pi/Pico_SDK_v1.5.1/pico-sdk/src/rp2_common/hardware_gpio/gpio.c.obj
                0x200017c4                gpio_set_function
 .text.gpio_set_pulls
                0x200017f4       0x34 CMakeFiles/okhi.dir/C_/Program_Files/Raspberry_Pi/Pico_SDK_v1.5.1/pico-sdk/src/rp2_common/hardware_gpio/gpio.c.obj
                0x200017f4                gpio_set_pulls
 .text.gpio_set_irq_callback
                0x20001828       0x48 CMakeFiles/okhi.dir/C_/Program_Files/Raspberry_Pi/Pico_SDK_v1.5.1/pico-sdk/src/rp2_common/hardware_gpio/gpio.c.obj
                0x20001828                gpio_set_irq_callback
 .text.gpio_acknowledge_irq
                0x20001870       0x18 CMakeFiles/okhi.dir/C_/Program_Files/Raspberry_Pi/Pico_SDK_v1.5.1/pico-sdk/src/rp2_common/hardware_gpio/gpio.c.obj
                0x20001870                gpio_acknowledge_irq
 .text._gpio_set_irq_enabled
                0x20001888       0x34 CMakeFiles/okhi.dir/C_/Program_Files/Raspberry_Pi/Pico_SDK_v1.5.1/pico-sdk/src/rp2_common/hardware_gpio/gpio.c.obj
 .text.gpio_set_irq_enabled
                0x200018bc       0x20 CMakeFiles/okhi.dir/C_/Program_Files/Raspberry_Pi/Pico_SDK_v1.5.1/pico-sdk/src/rp2_common/hardware_gpio/gpio.c.obj
                0x200018bc                gpio_set_irq_enabled
 .text.gpio_set_irq_enabled_with_callback
                0x200018dc       0x20 CMakeFiles/okhi.dir/C_/Program_Files/Raspberry_Pi/Pico_SDK_v1.5.1/pico-sdk/src/rp2_common/hardware_gpio/gpio.c.obj
                0x200018dc                gpio_set_irq_enabled_with_callback
 .text.gpio_default_irq_handler
                0x200018fc       0x98 CMakeFiles/okhi.dir/C_/Program_Files/Raspberry_Pi/Pico_SDK_v1.5.1/pico-sdk/src/rp2_common/hardware_gpio/gpio.c.obj
 .text.gpio_init
                0x20001994       0x16 CMakeFiles/okhi.dir/C_/Program_Files/Raspberry_Pi/Pico_SDK_v1.5.1/pico-sdk/src/rp2_common/hardware_gpio/gpio.c.obj
                0x20001994                gpio_init
 .text.gpio_deinit
                0x200019aa        0xa CMakeFiles/okhi.dir/C_/Program_Files/Raspberry_Pi/Pico_SDK_v1.5.1/pico-sdk/src/rp2_common/hardware_gpio/gpio.c.obj
                0x200019aa                gpio_deinit
 .text.running_on_fpga
                0x200019b4       0x14 CMakeFiles/okhi.dir/C_/Program_Files/Raspberry_Pi/Pico_SDK_v1.5.1/pico-sdk/src/rp2_common/pico_platform/platform.c.obj
                0x200019b4                running_on_fpga
 .text.hw_claim_lock
                0x200019c8       0x18 CMakeFiles/okhi.dir/C_/Program_Files/Raspberry_Pi/Pico_SDK_v1.5.1/pico-sdk/src/rp2_common/hardware_claim/claim.c.obj
                0x200019c8                hw_claim_lock
 .text.hw_claim_unlock
                0x200019e0       0x14 CMakeFiles/okhi.dir/C_/Program_Files/Raspberry_Pi/Pico_SDK_v1.5.1/pico-sdk/src/rp2_common/hardware_claim/claim.c.obj
                0x200019e0                hw_claim_unlock
 .text.hw_is_claimed
                0x200019f4       0x16 CMakeFiles/okhi.dir/C_/Program_Files/Raspberry_Pi/Pico_SDK_v1.5.1/pico-sdk/src/rp2_common/hardware_claim/claim.c.obj
                0x200019f4                hw_is_claimed
 .text.hw_claim_or_assert
                0x20001a0a       0x32 CMakeFiles/okhi.dir/C_/Program_Files/Raspberry_Pi/Pico_SDK_v1.5.1/pico-sdk/src/rp2_common/hardware_claim/claim.c.obj
                0x20001a0a                hw_claim_or_assert
 .text.hw_claim_unused_from_range
                0x20001a3c       0x50 CMakeFiles/okhi.dir/C_/Program_Files/Raspberry_Pi/Pico_SDK_v1.5.1/pico-sdk/src/rp2_common/hardware_claim/claim.c.obj
                0x20001a3c                hw_claim_unused_from_range
 .text.hw_claim_clear
                0x20001a8c       0x40 CMakeFiles/okhi.dir/C_/Program_Files/Raspberry_Pi/Pico_SDK_v1.5.1/pico-sdk/src/rp2_common/hardware_claim/claim.c.obj
                0x20001a8c                hw_claim_clear
 .text.spin_locks_reset
                0x20001acc       0x20 CMakeFiles/okhi.dir/C_/Program_Files/Raspberry_Pi/Pico_SDK_v1.5.1/pico-sdk/src/rp2_common/hardware_sync/sync.c.obj
                0x20001acc                spin_locks_reset
 .text.next_striped_spin_lock_num
                0x20001aec       0x1c CMakeFiles/okhi.dir/C_/Program_Files/Raspberry_Pi/Pico_SDK_v1.5.1/pico-sdk/src/rp2_common/hardware_sync/sync.c.obj
                0x20001aec                next_striped_spin_lock_num
 .text.set_raw_irq_handler_and_unlock
                0x20001b08       0x28 CMakeFiles/okhi.dir/C_/Program_Files/Raspberry_Pi/Pico_SDK_v1.5.1/pico-sdk/src/rp2_common/hardware_irq/irq.c.obj
 .text.make_branch
                0x20001b30       0x48 CMakeFiles/okhi.dir/C_/Program_Files/Raspberry_Pi/Pico_SDK_v1.5.1/pico-sdk/src/rp2_common/hardware_irq/irq.c.obj
 .text.insert_branch_and_link
                0x20001b78       0x40 CMakeFiles/okhi.dir/C_/Program_Files/Raspberry_Pi/Pico_SDK_v1.5.1/pico-sdk/src/rp2_common/hardware_irq/irq.c.obj
 .text.irq_is_enabled
                0x20001bb8       0x18 CMakeFiles/okhi.dir/C_/Program_Files/Raspberry_Pi/Pico_SDK_v1.5.1/pico-sdk/src/rp2_common/hardware_irq/irq.c.obj
                0x20001bb8                irq_is_enabled
 .text.irq_set_mask_enabled
                0x20001bd0       0x20 CMakeFiles/okhi.dir/C_/Program_Files/Raspberry_Pi/Pico_SDK_v1.5.1/pico-sdk/src/rp2_common/hardware_irq/irq.c.obj
                0x20001bd0                irq_set_mask_enabled
 .text.irq_set_enabled
                0x20001bf0        0xe CMakeFiles/okhi.dir/C_/Program_Files/Raspberry_Pi/Pico_SDK_v1.5.1/pico-sdk/src/rp2_common/hardware_irq/irq.c.obj
                0x20001bf0                irq_set_enabled
 *fill*         0x20001bfe        0x2 
 .text.irq_get_vtable_handler
                0x20001c00       0x10 CMakeFiles/okhi.dir/C_/Program_Files/Raspberry_Pi/Pico_SDK_v1.5.1/pico-sdk/src/rp2_common/hardware_irq/irq.c.obj
                0x20001c00                irq_get_vtable_handler
 .text.irq_set_exclusive_handler
                0x20001c10       0x54 CMakeFiles/okhi.dir/C_/Program_Files/Raspberry_Pi/Pico_SDK_v1.5.1/pico-sdk/src/rp2_common/hardware_irq/irq.c.obj
                0x20001c10                irq_set_exclusive_handler
 .text.irq_add_shared_handler
                0x20001c64      0x234 CMakeFiles/okhi.dir/C_/Program_Files/Raspberry_Pi/Pico_SDK_v1.5.1/pico-sdk/src/rp2_common/hardware_irq/irq.c.obj
                0x20001c64                irq_add_shared_handler
 .text.irq_remove_handler
                0x20001e98      0x1ac CMakeFiles/okhi.dir/C_/Program_Files/Raspberry_Pi/Pico_SDK_v1.5.1/pico-sdk/src/rp2_common/hardware_irq/irq.c.obj
                0x20001e98                irq_remove_handler
 .text.irq_add_tail_to_free_list
                0x20002044       0xf0 CMakeFiles/okhi.dir/C_/Program_Files/Raspberry_Pi/Pico_SDK_v1.5.1/pico-sdk/src/rp2_common/hardware_irq/irq.c.obj
                0x20002044                irq_add_tail_to_free_list
 .text.irq_init_priorities
                0x20002134       0x1c CMakeFiles/okhi.dir/C_/Program_Files/Raspberry_Pi/Pico_SDK_v1.5.1/pico-sdk/src/rp2_common/hardware_irq/irq.c.obj
                0x20002134                irq_init_priorities
 .text.lock_init
                0x20002150       0x10 CMakeFiles/okhi.dir/C_/Program_Files/Raspberry_Pi/Pico_SDK_v1.5.1/pico-sdk/src/common/pico_sync/lock_core.c.obj
                0x20002150                lock_init
 .text.mutex_init
                0x20002160       0x1a CMakeFiles/okhi.dir/C_/Program_Files/Raspberry_Pi/Pico_SDK_v1.5.1/pico-sdk/src/common/pico_sync/mutex.c.obj
                0x20002160                mutex_init
 .text.recursive_mutex_init
                0x2000217a       0x1e CMakeFiles/okhi.dir/C_/Program_Files/Raspberry_Pi/Pico_SDK_v1.5.1/pico-sdk/src/common/pico_sync/mutex.c.obj
                0x2000217a                recursive_mutex_init
 .text.alarm_pool_post_alloc_init
                0x20002198       0x40 CMakeFiles/okhi.dir/C_/Program_Files/Raspberry_Pi/Pico_SDK_v1.5.1/pico-sdk/src/common/pico_time/time.c.obj
 .text.sleep_until_callback
                0x200021d8       0x30 CMakeFiles/okhi.dir/C_/Program_Files/Raspberry_Pi/Pico_SDK_v1.5.1/pico-sdk/src/common/pico_time/time.c.obj
 .text.timer_pool_entry_comparator
                0x20002208       0x7c CMakeFiles/okhi.dir/C_/Program_Files/Raspberry_Pi/Pico_SDK_v1.5.1/pico-sdk/src/common/pico_time/time.c.obj
                0x20002208                timer_pool_entry_comparator
 .text.ph_add_child_node
                0x20002284       0xa4 CMakeFiles/okhi.dir/C_/Program_Files/Raspberry_Pi/Pico_SDK_v1.5.1/pico-sdk/src/common/pico_time/time.c.obj
 .text.ph_merge_nodes
                0x20002328       0x3e CMakeFiles/okhi.dir/C_/Program_Files/Raspberry_Pi/Pico_SDK_v1.5.1/pico-sdk/src/common/pico_time/time.c.obj
 *fill*         0x20002366        0x2 
 .text.add_alarm_under_lock
                0x20002368      0x174 CMakeFiles/okhi.dir/C_/Program_Files/Raspberry_Pi/Pico_SDK_v1.5.1/pico-sdk/src/common/pico_time/time.c.obj
 .text.alarm_pool_alarm_callback
                0x200024dc      0x33c CMakeFiles/okhi.dir/C_/Program_Files/Raspberry_Pi/Pico_SDK_v1.5.1/pico-sdk/src/common/pico_time/time.c.obj
 .text.alarm_pool_init_default
                0x20002818       0x40 CMakeFiles/okhi.dir/C_/Program_Files/Raspberry_Pi/Pico_SDK_v1.5.1/pico-sdk/src/common/pico_time/time.c.obj
                0x20002818                alarm_pool_init_default
 .text.alarm_pool_get_default
                0x20002858       0x2c CMakeFiles/okhi.dir/C_/Program_Files/Raspberry_Pi/Pico_SDK_v1.5.1/pico-sdk/src/common/pico_time/time.c.obj
                0x20002858                alarm_pool_get_default
 .text.alarm_pool_add_alarm_at
                0x20002884      0x168 CMakeFiles/okhi.dir/C_/Program_Files/Raspberry_Pi/Pico_SDK_v1.5.1/pico-sdk/src/common/pico_time/time.c.obj
                0x20002884                alarm_pool_add_alarm_at
 .text.alarm_pool_cancel_alarm
                0x200029ec       0xf8 CMakeFiles/okhi.dir/C_/Program_Files/Raspberry_Pi/Pico_SDK_v1.5.1/pico-sdk/src/common/pico_time/time.c.obj
                0x200029ec                alarm_pool_cancel_alarm
 .text.sleep_until
                0x20002ae4       0xfc CMakeFiles/okhi.dir/C_/Program_Files/Raspberry_Pi/Pico_SDK_v1.5.1/pico-sdk/src/common/pico_time/time.c.obj
                0x20002ae4                sleep_until
 .text.sleep_us
                0x20002be0       0x58 CMakeFiles/okhi.dir/C_/Program_Files/Raspberry_Pi/Pico_SDK_v1.5.1/pico-sdk/src/common/pico_time/time.c.obj
                0x20002be0                sleep_us
 .text.sleep_ms
                0x20002c38       0x14 CMakeFiles/okhi.dir/C_/Program_Files/Raspberry_Pi/Pico_SDK_v1.5.1/pico-sdk/src/common/pico_time/time.c.obj
                0x20002c38                sleep_ms
 .text.best_effort_wfe_or_timeout
                0x20002c4c       0xac CMakeFiles/okhi.dir/C_/Program_Files/Raspberry_Pi/Pico_SDK_v1.5.1/pico-sdk/src/common/pico_time/time.c.obj
                0x20002c4c                best_effort_wfe_or_timeout
 .text.hardware_alarm_irq_handler
                0x20002cf8       0x90 CMakeFiles/okhi.dir/C_/Program_Files/Raspberry_Pi/Pico_SDK_v1.5.1/pico-sdk/src/rp2_common/hardware_timer/timer.c.obj
 .text.hardware_alarm_claim
                0x20002d88       0x18 CMakeFiles/okhi.dir/C_/Program_Files/Raspberry_Pi/Pico_SDK_v1.5.1/pico-sdk/src/rp2_common/hardware_timer/timer.c.obj
                0x20002d88                hardware_alarm_claim
 .text.time_us_64
                0x20002da0       0x18 CMakeFiles/okhi.dir/C_/Program_Files/Raspberry_Pi/Pico_SDK_v1.5.1/pico-sdk/src/rp2_common/hardware_timer/timer.c.obj
                0x20002da0                time_us_64
 .text.busy_wait_until
                0x20002db8       0x28 CMakeFiles/okhi.dir/C_/Program_Files/Raspberry_Pi/Pico_SDK_v1.5.1/pico-sdk/src/rp2_common/hardware_timer/timer.c.obj
                0x20002db8                busy_wait_until
 .text.busy_wait_us
                0x20002de0       0x48 CMakeFiles/okhi.dir/C_/Program_Files/Raspberry_Pi/Pico_SDK_v1.5.1/pico-sdk/src/rp2_common/hardware_timer/timer.c.obj
                0x20002de0                busy_wait_us
 .text.hardware_alarm_set_callback
                0x20002e28       0x90 CMakeFiles/okhi.dir/C_/Program_Files/Raspberry_Pi/Pico_SDK_v1.5.1/pico-sdk/src/rp2_common/hardware_timer/timer.c.obj
                0x20002e28                hardware_alarm_set_callback
 .text.hardware_alarm_set_target
                0x20002eb8       0xe8 CMakeFiles/okhi.dir/C_/Program_Files/Raspberry_Pi/Pico_SDK_v1.5.1/pico-sdk/src/rp2_common/hardware_timer/timer.c.obj
                0x20002eb8                hardware_alarm_set_target
 .text.hardware_alarm_cancel
                0x20002fa0       0x40 CMakeFiles/okhi.dir/C_/Program_Files/Raspberry_Pi/Pico_SDK_v1.5.1/pico-sdk/src/rp2_common/hardware_timer/timer.c.obj
                0x20002fa0                hardware_alarm_cancel
 .text.ph_add_child_node
                0x20002fe0       0xa4 CMakeFiles/okhi.dir/C_/Program_Files/Raspberry_Pi/Pico_SDK_v1.5.1/pico-sdk/src/common/pico_util/pheap.c.obj
 .text.ph_merge_nodes
                0x20003084       0x3e CMakeFiles/okhi.dir/C_/Program_Files/Raspberry_Pi/Pico_SDK_v1.5.1/pico-sdk/src/common/pico_util/pheap.c.obj
 *fill*         0x200030c2        0x2 
 .text.ph_clear
                0x200030c4       0x70 CMakeFiles/okhi.dir/C_/Program_Files/Raspberry_Pi/Pico_SDK_v1.5.1/pico-sdk/src/common/pico_util/pheap.c.obj
                0x200030c4                ph_clear
 .text.ph_post_alloc_init
                0x20003134        0xe CMakeFiles/okhi.dir/C_/Program_Files/Raspberry_Pi/Pico_SDK_v1.5.1/pico-sdk/src/common/pico_util/pheap.c.obj
                0x20003134                ph_post_alloc_init
 *fill*         0x20003142        0x2 
 .text.ph_merge_two_pass
                0x20003144       0xa8 CMakeFiles/okhi.dir/C_/Program_Files/Raspberry_Pi/Pico_SDK_v1.5.1/pico-sdk/src/common/pico_util/pheap.c.obj
                0x20003144                ph_merge_two_pass
 .text.ph_remove_any_head
                0x200031ec      0x128 CMakeFiles/okhi.dir/C_/Program_Files/Raspberry_Pi/Pico_SDK_v1.5.1/pico-sdk/src/common/pico_util/pheap.c.obj
 .text.ph_remove_head
                0x20003314       0x14 CMakeFiles/okhi.dir/C_/Program_Files/Raspberry_Pi/Pico_SDK_v1.5.1/pico-sdk/src/common/pico_util/pheap.c.obj
                0x20003314                ph_remove_head
 .text.ph_remove_and_free_node
                0x20003328       0xf8 CMakeFiles/okhi.dir/C_/Program_Files/Raspberry_Pi/Pico_SDK_v1.5.1/pico-sdk/src/common/pico_util/pheap.c.obj
                0x20003328                ph_remove_and_free_node
 .text.uart_disable_before_lcr_write
                0x20003420       0x48 CMakeFiles/okhi.dir/C_/Program_Files/Raspberry_Pi/Pico_SDK_v1.5.1/pico-sdk/src/rp2_common/hardware_uart/uart.c.obj
 .text.uart_write_lcr_bits_masked
                0x20003468       0x22 CMakeFiles/okhi.dir/C_/Program_Files/Raspberry_Pi/Pico_SDK_v1.5.1/pico-sdk/src/rp2_common/hardware_uart/uart.c.obj
 *fill*         0x2000348a        0x2 
 .text.uart_set_baudrate
                0x2000348c       0x5c CMakeFiles/okhi.dir/C_/Program_Files/Raspberry_Pi/Pico_SDK_v1.5.1/pico-sdk/src/rp2_common/hardware_uart/uart.c.obj
                0x2000348c                uart_set_baudrate
 .text.uart_set_format
                0x200034e8       0x2c CMakeFiles/okhi.dir/C_/Program_Files/Raspberry_Pi/Pico_SDK_v1.5.1/pico-sdk/src/rp2_common/hardware_uart/uart.c.obj
                0x200034e8                uart_set_format
 .text.uart_set_fifo_enabled
                0x20003514       0x10 CMakeFiles/okhi.dir/C_/Program_Files/Raspberry_Pi/Pico_SDK_v1.5.1/pico-sdk/src/rp2_common/hardware_uart/uart.c.obj
                0x20003514                uart_set_fifo_enabled
 .text.uart_set_translate_crlf
                0x20003524       0x28 CMakeFiles/okhi.dir/C_/Program_Files/Raspberry_Pi/Pico_SDK_v1.5.1/pico-sdk/src/rp2_common/hardware_uart/uart.c.obj
                0x20003524                uart_set_translate_crlf
 .text.uart_init
                0x2000354c       0x80 CMakeFiles/okhi.dir/C_/Program_Files/Raspberry_Pi/Pico_SDK_v1.5.1/pico-sdk/src/rp2_common/hardware_uart/uart.c.obj
                0x2000354c                uart_init
 .text.clock_configure
                0x200035cc      0x108 CMakeFiles/okhi.dir/C_/Program_Files/Raspberry_Pi/Pico_SDK_v1.5.1/pico-sdk/src/rp2_common/hardware_clocks/clocks.c.obj
                0x200035cc                clock_configure
 .text.clocks_init
                0x200036d4      0x100 CMakeFiles/okhi.dir/C_/Program_Files/Raspberry_Pi/Pico_SDK_v1.5.1/pico-sdk/src/rp2_common/hardware_clocks/clocks.c.obj
                0x200036d4                clocks_init
 .text.clock_get_hz
                0x200037d4        0xc CMakeFiles/okhi.dir/C_/Program_Files/Raspberry_Pi/Pico_SDK_v1.5.1/pico-sdk/src/rp2_common/hardware_clocks/clocks.c.obj
                0x200037d4                clock_get_hz
 .text.pll_init
                0x200037e0      0x120 CMakeFiles/okhi.dir/C_/Program_Files/Raspberry_Pi/Pico_SDK_v1.5.1/pico-sdk/src/rp2_common/hardware_pll/pll.c.obj
                0x200037e0                pll_init
 .text.watchdog_start_tick
                0x20003900       0x10 CMakeFiles/okhi.dir/C_/Program_Files/Raspberry_Pi/Pico_SDK_v1.5.1/pico-sdk/src/rp2_common/hardware_watchdog/watchdog.c.obj
                0x20003900                watchdog_start_tick
 .text.watchdog_update
                0x20003910       0x14 CMakeFiles/okhi.dir/C_/Program_Files/Raspberry_Pi/Pico_SDK_v1.5.1/pico-sdk/src/rp2_common/hardware_watchdog/watchdog.c.obj
                0x20003910                watchdog_update
 .text._watchdog_enable
                0x20003924       0x78 CMakeFiles/okhi.dir/C_/Program_Files/Raspberry_Pi/Pico_SDK_v1.5.1/pico-sdk/src/rp2_common/hardware_watchdog/watchdog.c.obj
                0x20003924                _watchdog_enable
 .text.watchdog_enable
                0x2000399c       0x18 CMakeFiles/okhi.dir/C_/Program_Files/Raspberry_Pi/Pico_SDK_v1.5.1/pico-sdk/src/rp2_common/hardware_watchdog/watchdog.c.obj
                0x2000399c                watchdog_enable
 .text.watchdog_reboot
                0x200039b4       0x48 CMakeFiles/okhi.dir/C_/Program_Files/Raspberry_Pi/Pico_SDK_v1.5.1/pico-sdk/src/rp2_common/hardware_watchdog/watchdog.c.obj
                0x200039b4                watchdog_reboot
 .text.xosc_init
                0x200039fc       0x28 CMakeFiles/okhi.dir/C_/Program_Files/Raspberry_Pi/Pico_SDK_v1.5.1/pico-sdk/src/rp2_common/hardware_xosc/xosc.c.obj
                0x200039fc                xosc_init
 .text._exit    0x20003a24        0x4 CMakeFiles/okhi.dir/C_/Program_Files/Raspberry_Pi/Pico_SDK_v1.5.1/pico-sdk/src/rp2_common/pico_runtime/runtime.c.obj
                0x20003a24                _exit
 .text.exit     0x20003a28        0x6 CMakeFiles/okhi.dir/C_/Program_Files/Raspberry_Pi/Pico_SDK_v1.5.1/pico-sdk/src/rp2_common/pico_runtime/runtime.c.obj
                0x20003a28                exit
 *fill*         0x20003a2e        0x2 
 .text.__assert_func
                0x20003a30       0x3c CMakeFiles/okhi.dir/C_/Program_Files/Raspberry_Pi/Pico_SDK_v1.5.1/pico-sdk/src/rp2_common/pico_runtime/runtime.c.obj
                0x20003a30                __assert_func
 .text.runtime_init
                0x20003a6c       0xf8 CMakeFiles/okhi.dir/C_/Program_Files/Raspberry_Pi/Pico_SDK_v1.5.1/pico-sdk/src/rp2_common/pico_runtime/runtime.c.obj
                0x20003a6c                runtime_init
 .text.panic    0x20003b64       0x30 CMakeFiles/okhi.dir/C_/Program_Files/Raspberry_Pi/Pico_SDK_v1.5.1/pico-sdk/src/rp2_common/pico_runtime/runtime.c.obj
                0x20003b64                panic
 .text._out_buffer
                0x20003b94        0x8 CMakeFiles/okhi.dir/C_/Program_Files/Raspberry_Pi/Pico_SDK_v1.5.1/pico-sdk/src/rp2_common/pico_printf/printf.c.obj
 .text._out_null
                0x20003b9c        0x2 CMakeFiles/okhi.dir/C_/Program_Files/Raspberry_Pi/Pico_SDK_v1.5.1/pico-sdk/src/rp2_common/pico_printf/printf.c.obj
 .text._out_fct
                0x20003b9e        0xe CMakeFiles/okhi.dir/C_/Program_Files/Raspberry_Pi/Pico_SDK_v1.5.1/pico-sdk/src/rp2_common/pico_printf/printf.c.obj
 .text._atoi    0x20003bac       0x24 CMakeFiles/okhi.dir/C_/Program_Files/Raspberry_Pi/Pico_SDK_v1.5.1/pico-sdk/src/rp2_common/pico_printf/printf.c.obj
 .text._out_rev
                0x20003bd0       0xae CMakeFiles/okhi.dir/C_/Program_Files/Raspberry_Pi/Pico_SDK_v1.5.1/pico-sdk/src/rp2_common/pico_printf/printf.c.obj
 .text._ntoa_format
                0x20003c7e      0x112 CMakeFiles/okhi.dir/C_/Program_Files/Raspberry_Pi/Pico_SDK_v1.5.1/pico-sdk/src/rp2_common/pico_printf/printf.c.obj
 .text._ntoa_long
                0x20003d90       0xbc CMakeFiles/okhi.dir/C_/Program_Files/Raspberry_Pi/Pico_SDK_v1.5.1/pico-sdk/src/rp2_common/pico_printf/printf.c.obj
 .text._ntoa_long_long
                0x20003e4c       0xe2 CMakeFiles/okhi.dir/C_/Program_Files/Raspberry_Pi/Pico_SDK_v1.5.1/pico-sdk/src/rp2_common/pico_printf/printf.c.obj
 *fill*         0x20003f2e        0x2 
 .text._etoa    0x20003f30      0x414 CMakeFiles/okhi.dir/C_/Program_Files/Raspberry_Pi/Pico_SDK_v1.5.1/pico-sdk/src/rp2_common/pico_printf/printf.c.obj
 .text._ftoa    0x20004344      0x354 CMakeFiles/okhi.dir/C_/Program_Files/Raspberry_Pi/Pico_SDK_v1.5.1/pico-sdk/src/rp2_common/pico_printf/printf.c.obj
 .text._vsnprintf
                0x20004698      0x624 CMakeFiles/okhi.dir/C_/Program_Files/Raspberry_Pi/Pico_SDK_v1.5.1/pico-sdk/src/rp2_common/pico_printf/printf.c.obj
 .text.__wrap_sprintf
                0x20004cbc       0x28 CMakeFiles/okhi.dir/C_/Program_Files/Raspberry_Pi/Pico_SDK_v1.5.1/pico-sdk/src/rp2_common/pico_printf/printf.c.obj
                0x20004cbc                __wrap_sprintf
 .text.vfctprintf
                0x20004ce4       0x20 CMakeFiles/okhi.dir/C_/Program_Files/Raspberry_Pi/Pico_SDK_v1.5.1/pico-sdk/src/rp2_common/pico_printf/printf.c.obj
                0x20004ce4                vfctprintf
 .text          0x20004d04       0x10 CMakeFiles/okhi.dir/C_/Program_Files/Raspberry_Pi/Pico_SDK_v1.5.1/pico-sdk/src/rp2_common/pico_bit_ops/bit_ops_aeabi.S.obj
 .text.rom_func_lookup
                0x20004d14       0x10 CMakeFiles/okhi.dir/C_/Program_Files/Raspberry_Pi/Pico_SDK_v1.5.1/pico-sdk/src/rp2_common/pico_bootrom/bootrom.c.obj
                0x20004d14                rom_func_lookup
 .text.rom_data_lookup
                0x20004d24       0x10 CMakeFiles/okhi.dir/C_/Program_Files/Raspberry_Pi/Pico_SDK_v1.5.1/pico-sdk/src/rp2_common/pico_bootrom/bootrom.c.obj
                0x20004d24                rom_data_lookup
 .text.rom_funcs_lookup
                0x20004d34       0x36 CMakeFiles/okhi.dir/C_/Program_Files/Raspberry_Pi/Pico_SDK_v1.5.1/pico-sdk/src/rp2_common/pico_bootrom/bootrom.c.obj
                0x20004d34                rom_funcs_lookup
 *fill*         0x20004d6a        0x2 
 .text.__wrap___aeabi_idiv
                0x20004d6c       0x50 CMakeFiles/okhi.dir/C_/Program_Files/Raspberry_Pi/Pico_SDK_v1.5.1/pico-sdk/src/rp2_common/pico_divider/divider.S.obj
                0x20004d6c                __wrap___aeabi_idivmod
                0x20004d6c                divmod_s32s32
                0x20004d6c                div_s32s32
                0x20004d6c                __wrap___aeabi_idiv
                0x20004d74                divmod_s32s32_unsafe
                0x20004da0                divmod_s32s32_savestate
 .text.__wrap___aeabi_uidiv
                0x20004dbc       0x4c CMakeFiles/okhi.dir/C_/Program_Files/Raspberry_Pi/Pico_SDK_v1.5.1/pico-sdk/src/rp2_common/pico_divider/divider.S.obj
                0x20004dbc                __wrap___aeabi_uidiv
                0x20004dbc                __wrap___aeabi_uidivmod
                0x20004dbc                div_u32u32
                0x20004dbc                divmod_u32u32
                0x20004dc4                divmod_u32u32_unsafe
                0x20004dec                divmod_u32u32_savestate
 .text.__wrap___aeabi_ldiv
                0x20004e08      0x424 CMakeFiles/okhi.dir/C_/Program_Files/Raspberry_Pi/Pico_SDK_v1.5.1/pico-sdk/src/rp2_common/pico_divider/divider.S.obj
                0x20004e08                div_s64s64
                0x20004e08                divmod_s64s64
                0x20004e08                __wrap___aeabi_ldivmod
                0x20004e38                divmod_u64u64
                0x20004e38                div_u64u64
                0x20004e38                __wrap___aeabi_uldivmod
                0x20004e48                divmod_u64u64_savestate
                0x20004e68                divmod_s64s64_unsafe
                0x20004ef0                divmod_u64u64_unsafe
 .text.__wrap___aeabi_darithmetic
                0x2000522c       0x80 CMakeFiles/okhi.dir/C_/Program_Files/Raspberry_Pi/Pico_SDK_v1.5.1/pico-sdk/src/rp2_common/pico_double/double_aeabi.S.obj
                0x2000522c                __wrap___aeabi_drsub
                0x20005232                __wrap___aeabi_dsub
                0x20005244                __wrap___aeabi_dadd
                0x20005256                __wrap___aeabi_ddiv
                0x20005292                __wrap___aeabi_dmul
 .text.__wrap___aeabi_cdcmple
                0x200052ac       0x6c CMakeFiles/okhi.dir/C_/Program_Files/Raspberry_Pi/Pico_SDK_v1.5.1/pico-sdk/src/rp2_common/pico_double/double_aeabi.S.obj
                0x200052ac                __wrap___aeabi_cdrcmple
                0x200052bc                __wrap___aeabi_cdcmpeq
                0x200052bc                __wrap___aeabi_cdcmple
 .text.__wrap___aeabi_dcmplt
                0x20005318        0xc CMakeFiles/okhi.dir/C_/Program_Files/Raspberry_Pi/Pico_SDK_v1.5.1/pico-sdk/src/rp2_common/pico_double/double_aeabi.S.obj
                0x20005318                __wrap___aeabi_dcmplt
 .text.__wrap___aeabi_dcmple
                0x20005324       0x10 CMakeFiles/okhi.dir/C_/Program_Files/Raspberry_Pi/Pico_SDK_v1.5.1/pico-sdk/src/rp2_common/pico_double/double_aeabi.S.obj
                0x20005324                __wrap___aeabi_dcmple
 .text.__wrap___aeabi_dcmpge
                0x20005334       0x10 CMakeFiles/okhi.dir/C_/Program_Files/Raspberry_Pi/Pico_SDK_v1.5.1/pico-sdk/src/rp2_common/pico_double/double_aeabi.S.obj
                0x20005334                __wrap___aeabi_dcmpge
 .text.__wrap___aeabi_dcmpgt
                0x20005344        0xa CMakeFiles/okhi.dir/C_/Program_Files/Raspberry_Pi/Pico_SDK_v1.5.1/pico-sdk/src/rp2_common/pico_double/double_aeabi.S.obj
                0x20005344                __wrap___aeabi_dcmpgt
 .text.__wrap___aeabi_dcmpun
                0x2000534e       0x1c CMakeFiles/okhi.dir/C_/Program_Files/Raspberry_Pi/Pico_SDK_v1.5.1/pico-sdk/src/rp2_common/pico_double/double_aeabi.S.obj
                0x2000534e                __wrap___aeabi_dcmpun
 *fill*         0x2000536a        0x2 
 .text.__wrap___aeabi_i2d
                0x2000536c       0x38 CMakeFiles/okhi.dir/C_/Program_Files/Raspberry_Pi/Pico_SDK_v1.5.1/pico-sdk/src/rp2_common/pico_double/double_aeabi.S.obj
                0x2000536c                __wrap___aeabi_ui2d
                0x20005374                __wrap___aeabi_i2d
 .text.__wrap___aeabi_d2iz
                0x200053a4       0x48 CMakeFiles/okhi.dir/C_/Program_Files/Raspberry_Pi/Pico_SDK_v1.5.1/pico-sdk/src/rp2_common/pico_double/double_aeabi.S.obj
                0x200053a4                double2int_z
                0x200053a4                __wrap___aeabi_d2iz
 .text.__wrap___aeabi_d2uiz
                0x200053ec       0x18 CMakeFiles/okhi.dir/C_/Program_Files/Raspberry_Pi/Pico_SDK_v1.5.1/pico-sdk/src/rp2_common/pico_double/double_aeabi.S.obj
                0x200053ec                __wrap___aeabi_d2uiz
                0x200053ec                double2uint
 .text.__aeabi_double_init
                0x20005404       0xc8 CMakeFiles/okhi.dir/C_/Program_Files/Raspberry_Pi/Pico_SDK_v1.5.1/pico-sdk/src/rp2_common/pico_double/double_init_rom.c.obj
                0x20005404                __aeabi_double_init
 .text.double_table_shim_on_use_helper
                0x200054cc       0x34 CMakeFiles/okhi.dir/C_/Program_Files/Raspberry_Pi/Pico_SDK_v1.5.1/pico-sdk/src/rp2_common/pico_double/double_v1_rom_shim.S.obj
                0x200054cc                double_table_shim_on_use_helper
 .text.__wrap___aeabi_dsub
                0x20005500       0x10 CMakeFiles/okhi.dir/C_/Program_Files/Raspberry_Pi/Pico_SDK_v1.5.1/pico-sdk/src/rp2_common/pico_double/double_v1_rom_shim.S.obj
                0x20005500                drsub_shim
                0x20005506                dsub_shim
 .text.dadd_shim
                0x20005510      0x15c CMakeFiles/okhi.dir/C_/Program_Files/Raspberry_Pi/Pico_SDK_v1.5.1/pico-sdk/src/rp2_common/pico_double/double_v1_rom_shim.S.obj
                0x20005510                dadd_shim
 .text.dmul_shim
                0x2000566c      0x15c CMakeFiles/okhi.dir/C_/Program_Files/Raspberry_Pi/Pico_SDK_v1.5.1/pico-sdk/src/rp2_common/pico_double/double_v1_rom_shim.S.obj
                0x2000566c                dmul_shim
 .text.ddiv_shim
                0x200057c8      0x1b0 CMakeFiles/okhi.dir/C_/Program_Files/Raspberry_Pi/Pico_SDK_v1.5.1/pico-sdk/src/rp2_common/pico_double/double_v1_rom_shim.S.obj
                0x200057c8                ddiv_shim
 .text.double2uint_shim
                0x20005978        0xe CMakeFiles/okhi.dir/C_/Program_Files/Raspberry_Pi/Pico_SDK_v1.5.1/pico-sdk/src/rp2_common/pico_double/double_v1_rom_shim.S.obj
                0x20005978                double2uint_shim
                0x2000597a                double2ufix_shim
 *fill*         0x20005986        0x2 
 .text.double2uint64_shim
                0x20005988       0x70 CMakeFiles/okhi.dir/C_/Program_Files/Raspberry_Pi/Pico_SDK_v1.5.1/pico-sdk/src/rp2_common/pico_double/double_v1_rom_shim.S.obj
                0x20005988                double2uint64_shim
                0x2000598a                double2ufix64_shim
                0x200059aa                d2fix_a
 .text.dunpacks
                0x200059f8       0x3c CMakeFiles/okhi.dir/C_/Program_Files/Raspberry_Pi/Pico_SDK_v1.5.1/pico-sdk/src/rp2_common/pico_double/double_v1_rom_shim.S.obj
                0x200059f8                dunpacks
 .text.__aeabi_lmul
                0x20005a34       0x32 CMakeFiles/okhi.dir/C_/Program_Files/Raspberry_Pi/Pico_SDK_v1.5.1/pico-sdk/src/rp2_common/pico_int64_ops/pico_int64_ops_aeabi.S.obj
                0x20005a34                __wrap___aeabi_lmul
 *fill*         0x20005a66        0x2 
 .text.__wrap___aeabi_farithmetic
                0x20005a68       0x58 CMakeFiles/okhi.dir/C_/Program_Files/Raspberry_Pi/Pico_SDK_v1.5.1/pico-sdk/src/rp2_common/pico_float/float_aeabi.S.obj
                0x20005a68                __wrap___aeabi_frsub
                0x20005a6e                __wrap___aeabi_fsub
                0x20005a78                __wrap___aeabi_fadd
                0x20005a82                __wrap___aeabi_fdiv
                0x20005aae                __wrap___aeabi_fmul
 .text.__wrap___aeabi_ui2f
                0x20005ac0        0xa CMakeFiles/okhi.dir/C_/Program_Files/Raspberry_Pi/Pico_SDK_v1.5.1/pico-sdk/src/rp2_common/pico_float/float_aeabi.S.obj
                0x20005ac0                __wrap___aeabi_ui2f
 *fill*         0x20005aca        0x2 
 .text.__wrap___aeabi_i2f
                0x20005acc       0x44 CMakeFiles/okhi.dir/C_/Program_Files/Raspberry_Pi/Pico_SDK_v1.5.1/pico-sdk/src/rp2_common/pico_float/float_aeabi.S.obj
                0x20005acc                __wrap___aeabi_i2f
 .text.__wrap___aeabi_f2uiz
                0x20005b10       0x10 CMakeFiles/okhi.dir/C_/Program_Files/Raspberry_Pi/Pico_SDK_v1.5.1/pico-sdk/src/rp2_common/pico_float/float_aeabi.S.obj
                0x20005b10                __wrap___aeabi_f2uiz
 .text.__wrap___aeabi_f2d
                0x20005b20       0x14 CMakeFiles/okhi.dir/C_/Program_Files/Raspberry_Pi/Pico_SDK_v1.5.1/pico-sdk/src/rp2_common/pico_float/float_aeabi.S.obj
                0x20005b20                __wrap___aeabi_f2d
 .text.__aeabi_float_init
                0x20005b34       0xfc CMakeFiles/okhi.dir/C_/Program_Files/Raspberry_Pi/Pico_SDK_v1.5.1/pico-sdk/src/rp2_common/pico_float/float_init_rom.c.obj
                0x20005b34                __aeabi_float_init
 .text.float_table_shim_on_use_helper
                0x20005c30       0x34 CMakeFiles/okhi.dir/C_/Program_Files/Raspberry_Pi/Pico_SDK_v1.5.1/pico-sdk/src/rp2_common/pico_float/float_v1_rom_shim.S.obj
                0x20005c30                float_table_shim_on_use_helper
 .text.float2double_shim
                0x20005c64       0x30 CMakeFiles/okhi.dir/C_/Program_Files/Raspberry_Pi/Pico_SDK_v1.5.1/pico-sdk/src/rp2_common/pico_float/float_v1_rom_shim.S.obj
                0x20005c64                float2double_shim
 .text          0x20005c94       0x10 CMakeFiles/okhi.dir/C_/Program_Files/Raspberry_Pi/Pico_SDK_v1.5.1/pico-sdk/src/rp2_common/pico_mem_ops/mem_ops_aeabi.S.obj
                0x20005c94                __aeabi_mem_init
 .text.memset   0x20005ca4        0xc CMakeFiles/okhi.dir/C_/Program_Files/Raspberry_Pi/Pico_SDK_v1.5.1/pico-sdk/src/rp2_common/pico_mem_ops/mem_ops_aeabi.S.obj
                0x20005ca4                __wrap_memset
 .text.memcpy   0x20005cb0        0xc CMakeFiles/okhi.dir/C_/Program_Files/Raspberry_Pi/Pico_SDK_v1.5.1/pico-sdk/src/rp2_common/pico_mem_ops/mem_ops_aeabi.S.obj
                0x20005cb0                __wrap_memcpy
                0x20005cb0                __wrap___aeabi_memcpy
 .text.stdio_out_chars_no_crlf
                0x20005cbc        0xe CMakeFiles/okhi.dir/C_/Program_Files/Raspberry_Pi/Pico_SDK_v1.5.1/pico-sdk/src/rp2_common/pico_stdio/stdio.c.obj
 *fill*         0x20005cca        0x2 
 .text.stdio_out_chars_crlf
                0x20005ccc       0x80 CMakeFiles/okhi.dir/C_/Program_Files/Raspberry_Pi/Pico_SDK_v1.5.1/pico-sdk/src/rp2_common/pico_stdio/stdio.c.obj
 .text.stdio_stack_buffer_flush
                0x20005d4c       0x44 CMakeFiles/okhi.dir/C_/Program_Files/Raspberry_Pi/Pico_SDK_v1.5.1/pico-sdk/src/rp2_common/pico_stdio/stdio.c.obj
 .text.stdio_buffered_printer
                0x20005d90       0x20 CMakeFiles/okhi.dir/C_/Program_Files/Raspberry_Pi/Pico_SDK_v1.5.1/pico-sdk/src/rp2_common/pico_stdio/stdio.c.obj
 .text.stdout_serialize_begin
                0x20005db0       0x5c CMakeFiles/okhi.dir/C_/Program_Files/Raspberry_Pi/Pico_SDK_v1.5.1/pico-sdk/src/rp2_common/pico_stdio/stdio.c.obj
                0x20005db0                stdout_serialize_begin
 .text.stdout_serialize_end
                0x20005e0c       0x10 CMakeFiles/okhi.dir/C_/Program_Files/Raspberry_Pi/Pico_SDK_v1.5.1/pico-sdk/src/rp2_common/pico_stdio/stdio.c.obj
                0x20005e0c                stdout_serialize_end
 .text.stdio_put_string
                0x20005e1c       0x98 CMakeFiles/okhi.dir/C_/Program_Files/Raspberry_Pi/Pico_SDK_v1.5.1/pico-sdk/src/rp2_common/pico_stdio/stdio.c.obj
 .text.stdio_set_driver_enabled
                0x20005eb4       0x2c CMakeFiles/okhi.dir/C_/Program_Files/Raspberry_Pi/Pico_SDK_v1.5.1/pico-sdk/src/rp2_common/pico_stdio/stdio.c.obj
                0x20005eb4                stdio_set_driver_enabled
 .text.stdio_flush
                0x20005ee0       0x20 CMakeFiles/okhi.dir/C_/Program_Files/Raspberry_Pi/Pico_SDK_v1.5.1/pico-sdk/src/rp2_common/pico_stdio/stdio.c.obj
                0x20005ee0                stdio_flush
 .text.__wrap_puts
                0x20005f00       0x1e CMakeFiles/okhi.dir/C_/Program_Files/Raspberry_Pi/Pico_SDK_v1.5.1/pico-sdk/src/rp2_common/pico_stdio/stdio.c.obj
                0x20005f00                __wrap_puts
 *fill*         0x20005f1e        0x2 
 .text.__wrap_vprintf
                0x20005f20       0x40 CMakeFiles/okhi.dir/C_/Program_Files/Raspberry_Pi/Pico_SDK_v1.5.1/pico-sdk/src/rp2_common/pico_stdio/stdio.c.obj
                0x20005f20                __wrap_vprintf
 .text.__wrap_printf
                0x20005f60       0x18 CMakeFiles/okhi.dir/C_/Program_Files/Raspberry_Pi/Pico_SDK_v1.5.1/pico-sdk/src/rp2_common/pico_stdio/stdio.c.obj
                0x20005f60                __wrap_printf
 .text.stdio_init_all
                0x20005f78        0xa CMakeFiles/okhi.dir/C_/Program_Files/Raspberry_Pi/Pico_SDK_v1.5.1/pico-sdk/src/rp2_common/pico_stdio/stdio.c.obj
                0x20005f78                stdio_init_all
 *fill*         0x20005f82        0x2 
 .text.stdio_uart_out_chars
                0x20005f84       0x74 CMakeFiles/okhi.dir/C_/Program_Files/Raspberry_Pi/Pico_SDK_v1.5.1/pico-sdk/src/rp2_common/pico_stdio_uart/stdio_uart.c.obj
 .text.stdio_uart_in_chars
                0x20005ff8       0x80 CMakeFiles/okhi.dir/C_/Program_Files/Raspberry_Pi/Pico_SDK_v1.5.1/pico-sdk/src/rp2_common/pico_stdio_uart/stdio_uart.c.obj
                0x20005ff8                stdio_uart_in_chars
 .text.on_uart_rx
                0x20006078       0x28 CMakeFiles/okhi.dir/C_/Program_Files/Raspberry_Pi/Pico_SDK_v1.5.1/pico-sdk/src/rp2_common/pico_stdio_uart/stdio_uart.c.obj
 .text.stdio_uart_set_chars_available_callback
                0x200060a0       0x8c CMakeFiles/okhi.dir/C_/Program_Files/Raspberry_Pi/Pico_SDK_v1.5.1/pico-sdk/src/rp2_common/pico_stdio_uart/stdio_uart.c.obj
 .text.stdio_uart_init_full
                0x2000612c       0x44 CMakeFiles/okhi.dir/C_/Program_Files/Raspberry_Pi/Pico_SDK_v1.5.1/pico-sdk/src/rp2_common/pico_stdio_uart/stdio_uart.c.obj
                0x2000612c                stdio_uart_init_full
 .text.stdio_uart_init
                0x20006170       0x28 CMakeFiles/okhi.dir/C_/Program_Files/Raspberry_Pi/Pico_SDK_v1.5.1/pico-sdk/src/rp2_common/pico_stdio_uart/stdio_uart.c.obj
                0x20006170                stdio_uart_init
 .text.core1_trampoline
                0x20006198        0x2 CMakeFiles/okhi.dir/C_/Program_Files/Raspberry_Pi/Pico_SDK_v1.5.1/pico-sdk/src/rp2_common/pico_multicore/multicore.c.obj
 .text.core1_wrapper
                0x2000619a        0xc CMakeFiles/okhi.dir/C_/Program_Files/Raspberry_Pi/Pico_SDK_v1.5.1/pico-sdk/src/rp2_common/pico_multicore/multicore.c.obj
                0x2000619a                core1_wrapper
 .text.multicore_fifo_push_blocking
                0x200061a6       0x14 CMakeFiles/okhi.dir/C_/Program_Files/Raspberry_Pi/Pico_SDK_v1.5.1/pico-sdk/src/rp2_common/pico_multicore/multicore.c.obj
                0x200061a6                multicore_fifo_push_blocking
 .text.multicore_fifo_pop_blocking
                0x200061ba       0x16 CMakeFiles/okhi.dir/C_/Program_Files/Raspberry_Pi/Pico_SDK_v1.5.1/pico-sdk/src/rp2_common/pico_multicore/multicore.c.obj
                0x200061ba                multicore_fifo_pop_blocking
 .text.multicore_reset_core1
                0x200061d0       0x28 CMakeFiles/okhi.dir/C_/Program_Files/Raspberry_Pi/Pico_SDK_v1.5.1/pico-sdk/src/rp2_common/pico_multicore/multicore.c.obj
                0x200061d0                multicore_reset_core1
 .text.multicore_launch_core1_raw
                0x200061f8       0x6e CMakeFiles/okhi.dir/C_/Program_Files/Raspberry_Pi/Pico_SDK_v1.5.1/pico-sdk/src/rp2_common/pico_multicore/multicore.c.obj
                0x200061f8                multicore_launch_core1_raw
 *fill*         0x20006266        0x2 
 .text.multicore_launch_core1_with_stack
                0x20006268       0x50 CMakeFiles/okhi.dir/C_/Program_Files/Raspberry_Pi/Pico_SDK_v1.5.1/pico-sdk/src/rp2_common/pico_multicore/multicore.c.obj
                0x20006268                multicore_launch_core1_with_stack
 .text.multicore_launch_core1
                0x200062b8       0x24 CMakeFiles/okhi.dir/C_/Program_Files/Raspberry_Pi/Pico_SDK_v1.5.1/pico-sdk/src/rp2_common/pico_multicore/multicore.c.obj
                0x200062b8                multicore_launch_core1
 .text._pio_can_add_program_at_offset
                0x200062dc       0x3c CMakeFiles/okhi.dir/C_/Program_Files/Raspberry_Pi/Pico_SDK_v1.5.1/pico-sdk/src/rp2_common/hardware_pio/pio.c.obj
 .text._pio_find_offset_for_program
                0x20006318       0x7c CMakeFiles/okhi.dir/C_/Program_Files/Raspberry_Pi/Pico_SDK_v1.5.1/pico-sdk/src/rp2_common/hardware_pio/pio.c.obj
 .text._pio_add_program_at_offset
                0x20006394       0x78 CMakeFiles/okhi.dir/C_/Program_Files/Raspberry_Pi/Pico_SDK_v1.5.1/pico-sdk/src/rp2_common/hardware_pio/pio.c.obj
 .text.pio_sm_unclaim
                0x2000640c       0x20 CMakeFiles/okhi.dir/C_/Program_Files/Raspberry_Pi/Pico_SDK_v1.5.1/pico-sdk/src/rp2_common/hardware_pio/pio.c.obj
                0x2000640c                pio_sm_unclaim
 .text.pio_claim_unused_sm
                0x2000642c       0x3c CMakeFiles/okhi.dir/C_/Program_Files/Raspberry_Pi/Pico_SDK_v1.5.1/pico-sdk/src/rp2_common/hardware_pio/pio.c.obj
                0x2000642c                pio_claim_unused_sm
 .text.pio_sm_is_claimed
                0x20006468       0x20 CMakeFiles/okhi.dir/C_/Program_Files/Raspberry_Pi/Pico_SDK_v1.5.1/pico-sdk/src/rp2_common/hardware_pio/pio.c.obj
                0x20006468                pio_sm_is_claimed
 .text.pio_add_program
                0x20006488       0x38 CMakeFiles/okhi.dir/C_/Program_Files/Raspberry_Pi/Pico_SDK_v1.5.1/pico-sdk/src/rp2_common/hardware_pio/pio.c.obj
                0x20006488                pio_add_program
 .text.pio_clear_instruction_memory
                0x200064c0       0x3c CMakeFiles/okhi.dir/C_/Program_Files/Raspberry_Pi/Pico_SDK_v1.5.1/pico-sdk/src/rp2_common/hardware_pio/pio.c.obj
                0x200064c0                pio_clear_instruction_memory
 .text.pio_sm_set_consecutive_pindirs
                0x200064fc       0xa4 CMakeFiles/okhi.dir/C_/Program_Files/Raspberry_Pi/Pico_SDK_v1.5.1/pico-sdk/src/rp2_common/hardware_pio/pio.c.obj
                0x200064fc                pio_sm_set_consecutive_pindirs
 .text.pio_sm_init
                0x200065a0       0xe4 CMakeFiles/okhi.dir/C_/Program_Files/Raspberry_Pi/Pico_SDK_v1.5.1/pico-sdk/src/rp2_common/hardware_pio/pio.c.obj
                0x200065a0                pio_sm_init
 .text.spi_set_baudrate
                0x20006684       0xcc CMakeFiles/okhi.dir/C_/Program_Files/Raspberry_Pi/Pico_SDK_v1.5.1/pico-sdk/src/rp2_common/hardware_spi/spi.c.obj
                0x20006684                spi_set_baudrate
 .text.spi_init
                0x20006750       0x74 CMakeFiles/okhi.dir/C_/Program_Files/Raspberry_Pi/Pico_SDK_v1.5.1/pico-sdk/src/rp2_common/hardware_spi/spi.c.obj
                0x20006750                spi_init
 .text          0x200067c4        0x4 c:/progra~1/raspbe~1/picosd~1.1/gcc-ar~1/bin/../lib/gcc/arm-none-eabi/10.3.1/thumb/v6-m/nofp\libgcc.a(_dvmd_tls.o)
                0x200067c4                __aeabi_idiv0
                0x200067c4                __aeabi_ldiv0
 .text.strlen   0x200067c8       0x5c c:/progra~1/raspbe~1/picosd~1.1/gcc-ar~1/bin/../lib/gcc/arm-none-eabi/10.3.1/../../../../arm-none-eabi/lib/thumb/v6-m/nofp\libg.a(lib_a-strlen-stub.o)
                0x200067c8                strlen
 *(.fini)
 .fini          0x20006824        0x4 c:/progra~1/raspbe~1/picosd~1.1/gcc-ar~1/bin/../lib/gcc/arm-none-eabi/10.3.1/thumb/v6-m/nofp/crti.o
                0x20006824                _fini
 *crtbegin.o(.ctors)
 *crtbegin?.o(.ctors)
 *(EXCLUDE_FILE(*crtend.o *crtend?.o) .ctors)
 *(SORT_BY_NAME(.ctors.*))
 *(.ctors)
 *crtbegin.o(.dtors)
 *crtbegin?.o(.dtors)
 *(EXCLUDE_FILE(*crtend.o *crtend?.o) .dtors)
 *(SORT_BY_NAME(.dtors.*))
 *(.dtors)
 *(.eh_frame*)
 .eh_frame      0x20006828        0x0 c:/progra~1/raspbe~1/picosd~1.1/gcc-ar~1/bin/../lib/gcc/arm-none-eabi/10.3.1/thumb/v6-m/nofp/crtbegin.o
                0x20006828                . = ALIGN (0x4)
                0x20006828                __ram_text_end__ = .
                0x10000304                __ram_text_source__ = LOADADDR (.text)

.glue_7         0x20006828        0x0 load address 0x10006a6c
 .glue_7        0x20006828        0x0 linker stubs

.glue_7t        0x20006828        0x0 load address 0x10006a6c
 .glue_7t       0x20006828        0x0 linker stubs

.vfp11_veneer   0x20006828        0x0 load address 0x10006a6c
 .vfp11_veneer  0x20006828        0x0 linker stubs

.v4_bx          0x20006828        0x0 load address 0x10006a6c
 .v4_bx         0x20006828        0x0 linker stubs

.iplt           0x20006828        0x0 load address 0x10006a6c
 .iplt          0x20006828        0x0 c:/progra~1/raspbe~1/picosd~1.1/gcc-ar~1/bin/../lib/gcc/arm-none-eabi/10.3.1/thumb/v6-m/nofp/crtbegin.o

.rel.dyn        0x20006828        0x0 load address 0x10006a6c
 .rel.iplt      0x20006828        0x0 c:/progra~1/raspbe~1/picosd~1.1/gcc-ar~1/bin/../lib/gcc/arm-none-eabi/10.3.1/thumb/v6-m/nofp/crtbegin.o
                0x20006828                . = ALIGN (0x4)

.data           0x20006830     0x1e6c load address 0x10006a6c
                0x20006830                __data_start__ = .
 *(vtable)
 *(.time_critical*)
 .time_critical.mutex_try_enter
                0x20006830       0x46 CMakeFiles/okhi.dir/C_/Program_Files/Raspberry_Pi/Pico_SDK_v1.5.1/pico-sdk/src/common/pico_sync/mutex.c.obj
                0x20006830                mutex_try_enter
 *fill*         0x20006876        0x2 
 .time_critical.mutex_enter_block_until
                0x20006878       0x8c CMakeFiles/okhi.dir/C_/Program_Files/Raspberry_Pi/Pico_SDK_v1.5.1/pico-sdk/src/common/pico_sync/mutex.c.obj
                0x20006878                mutex_enter_block_until
 .time_critical.mutex_try_enter_block_until
                0x20006904       0x34 CMakeFiles/okhi.dir/C_/Program_Files/Raspberry_Pi/Pico_SDK_v1.5.1/pico-sdk/src/common/pico_sync/mutex.c.obj
                0x20006904                mutex_try_enter_block_until
 .time_critical.mutex_exit
                0x20006938       0x4c CMakeFiles/okhi.dir/C_/Program_Files/Raspberry_Pi/Pico_SDK_v1.5.1/pico-sdk/src/common/pico_sync/mutex.c.obj
                0x20006938                mutex_exit
 .time_critical.spi_write_blocking
                0x20006984       0x3a CMakeFiles/okhi.dir/C_/Program_Files/Raspberry_Pi/Pico_SDK_v1.5.1/pico-sdk/src/rp2_common/hardware_spi/spi.c.obj
                0x20006984                spi_write_blocking
                0x200069c0                . = ALIGN (0x4)
 *fill*         0x200069be        0x2 
 *(.rodata*)
 .rodata.init_ver
                0x200069c0       0x24 CMakeFiles/okhi.dir/okhi.c.obj
 .rodata        0x200069e4      0x51c CMakeFiles/okhi.dir/okhi.c.obj
 .rodata.crc16_usb_tab
                0x20006f00      0x200 CMakeFiles/okhi.dir/okhi.c.obj
 .rodata.crc5_usb_tab
                0x20007100      0x100 CMakeFiles/okhi.dir/okhi.c.obj
 .rodata.tar_lowsp_pio0_program
                0x20007200        0x6 CMakeFiles/okhi.dir/okhi.c.obj
 *fill*         0x20007206        0x2 
 .rodata.tar_lowsp_pio0_program_instructions
                0x20007208       0x40 CMakeFiles/okhi.dir/okhi.c.obj
 .rodata.tar_pio1_program
                0x20007248        0x6 CMakeFiles/okhi.dir/okhi.c.obj
 *fill*         0x2000724e        0x2 
 .rodata.tar_pio1_program_instructions
                0x20007250       0x28 CMakeFiles/okhi.dir/okhi.c.obj
 .rodata.hw_claim_clear.str1.4
                0x20007278       0x7d CMakeFiles/okhi.dir/C_/Program_Files/Raspberry_Pi/Pico_SDK_v1.5.1/pico-sdk/src/rp2_common/hardware_claim/claim.c.obj
 *fill*         0x200072f5        0x3 
 .rodata.__func__.0
                0x200072f8        0xf CMakeFiles/okhi.dir/C_/Program_Files/Raspberry_Pi/Pico_SDK_v1.5.1/pico-sdk/src/rp2_common/hardware_claim/claim.c.obj
 *fill*         0x20007307        0x1 
 .rodata.make_branch.str1.4
                0x20007308       0x89 CMakeFiles/okhi.dir/C_/Program_Files/Raspberry_Pi/Pico_SDK_v1.5.1/pico-sdk/src/rp2_common/hardware_irq/irq.c.obj
 *fill*         0x20007391        0x3 
 .rodata.insert_branch_and_link.str1.4
                0x20007394       0x10 CMakeFiles/okhi.dir/C_/Program_Files/Raspberry_Pi/Pico_SDK_v1.5.1/pico-sdk/src/rp2_common/hardware_irq/irq.c.obj
 .rodata.irq_set_exclusive_handler.str1.4
                0x200073a4       0x36 CMakeFiles/okhi.dir/C_/Program_Files/Raspberry_Pi/Pico_SDK_v1.5.1/pico-sdk/src/rp2_common/hardware_irq/irq.c.obj
 *fill*         0x200073da        0x2 
 .rodata.irq_add_shared_handler.str1.4
                0x200073dc       0xd9 CMakeFiles/okhi.dir/C_/Program_Files/Raspberry_Pi/Pico_SDK_v1.5.1/pico-sdk/src/rp2_common/hardware_irq/irq.c.obj
 *fill*         0x200074b5        0x3 
 .rodata.irq_remove_handler.str1.4
                0x200074b8       0x3a CMakeFiles/okhi.dir/C_/Program_Files/Raspberry_Pi/Pico_SDK_v1.5.1/pico-sdk/src/rp2_common/hardware_irq/irq.c.obj
 *fill*         0x200074f2        0x2 
 .rodata.irq_add_tail_to_free_list.str1.4
                0x200074f4       0x3a CMakeFiles/okhi.dir/C_/Program_Files/Raspberry_Pi/Pico_SDK_v1.5.1/pico-sdk/src/rp2_common/hardware_irq/irq.c.obj
 *fill*         0x2000752e        0x2 
 .rodata.__func__.0
                0x20007530       0x1a CMakeFiles/okhi.dir/C_/Program_Files/Raspberry_Pi/Pico_SDK_v1.5.1/pico-sdk/src/rp2_common/hardware_irq/irq.c.obj
 *fill*         0x2000754a        0x2 
 .rodata.__func__.1
                0x2000754c       0x17 CMakeFiles/okhi.dir/C_/Program_Files/Raspberry_Pi/Pico_SDK_v1.5.1/pico-sdk/src/rp2_common/hardware_irq/irq.c.obj
 *fill*         0x20007563        0x1 
 .rodata.__func__.2
                0x20007564       0x13 CMakeFiles/okhi.dir/C_/Program_Files/Raspberry_Pi/Pico_SDK_v1.5.1/pico-sdk/src/rp2_common/hardware_irq/irq.c.obj
 *fill*         0x20007577        0x1 
 .rodata.__func__.3
                0x20007578        0xc CMakeFiles/okhi.dir/C_/Program_Files/Raspberry_Pi/Pico_SDK_v1.5.1/pico-sdk/src/rp2_common/hardware_irq/irq.c.obj
 .rodata.__func__.4
                0x20007584        0xf CMakeFiles/okhi.dir/C_/Program_Files/Raspberry_Pi/Pico_SDK_v1.5.1/pico-sdk/src/rp2_common/hardware_irq/irq.c.obj
 *fill*         0x20007593        0x1 
 .rodata.__func__.5
                0x20007594       0x17 CMakeFiles/okhi.dir/C_/Program_Files/Raspberry_Pi/Pico_SDK_v1.5.1/pico-sdk/src/rp2_common/hardware_irq/irq.c.obj
 *fill*         0x200075ab        0x1 
 .rodata.__func__.6
                0x200075ac       0x1a CMakeFiles/okhi.dir/C_/Program_Files/Raspberry_Pi/Pico_SDK_v1.5.1/pico-sdk/src/rp2_common/hardware_irq/irq.c.obj
 *fill*         0x200075c6        0x2 
 .rodata.str1.4
                0x200075c8      0x125 CMakeFiles/okhi.dir/C_/Program_Files/Raspberry_Pi/Pico_SDK_v1.5.1/pico-sdk/src/common/pico_sync/mutex.c.obj
 *fill*         0x200076ed        0x3 
 .rodata.__func__.1
                0x200076f0        0xb CMakeFiles/okhi.dir/C_/Program_Files/Raspberry_Pi/Pico_SDK_v1.5.1/pico-sdk/src/common/pico_sync/mutex.c.obj
 *fill*         0x200076fb        0x1 
 .rodata.__func__.3
                0x200076fc       0x18 CMakeFiles/okhi.dir/C_/Program_Files/Raspberry_Pi/Pico_SDK_v1.5.1/pico-sdk/src/common/pico_sync/mutex.c.obj
 .rodata.repeating_timer_callback.str1.4
                0x20007714       0x67 CMakeFiles/okhi.dir/C_/Program_Files/Raspberry_Pi/Pico_SDK_v1.5.1/pico-sdk/src/common/pico_time/time.c.obj
 *fill*         0x2000777b        0x1 
 .rodata.timer_pool_entry_comparator.str1.4
                0x2000777c       0x22 CMakeFiles/okhi.dir/C_/Program_Files/Raspberry_Pi/Pico_SDK_v1.5.1/pico-sdk/src/common/pico_time/time.c.obj
 *fill*         0x2000779e        0x2 
 .rodata.ph_add_child_node.str1.4
                0x200077a0       0xb2 CMakeFiles/okhi.dir/C_/Program_Files/Raspberry_Pi/Pico_SDK_v1.5.1/pico-sdk/src/common/pico_time/time.c.obj
 *fill*         0x20007852        0x2 
 .rodata.add_alarm_under_lock.str1.4
                0x20007854       0x28 CMakeFiles/okhi.dir/C_/Program_Files/Raspberry_Pi/Pico_SDK_v1.5.1/pico-sdk/src/common/pico_time/time.c.obj
                                 0x2b (size before relaxing)
 .rodata.alarm_pool_alarm_callback.str1.4
                0x2000787c       0x98 CMakeFiles/okhi.dir/C_/Program_Files/Raspberry_Pi/Pico_SDK_v1.5.1/pico-sdk/src/common/pico_time/time.c.obj
                                0x118 (size before relaxing)
 .rodata.alarm_pool_get_default.str1.4
                0x20007914       0x21 CMakeFiles/okhi.dir/C_/Program_Files/Raspberry_Pi/Pico_SDK_v1.5.1/pico-sdk/src/common/pico_time/time.c.obj
 *fill*         0x20007935        0x3 
 .rodata.alarm_pool_cancel_alarm.str1.4
                0x20007938       0x27 CMakeFiles/okhi.dir/C_/Program_Files/Raspberry_Pi/Pico_SDK_v1.5.1/pico-sdk/src/common/pico_time/time.c.obj
 *fill*         0x2000795f        0x1 
 .rodata.sleep_until.str1.4
                0x20007960       0x4d CMakeFiles/okhi.dir/C_/Program_Files/Raspberry_Pi/Pico_SDK_v1.5.1/pico-sdk/src/common/pico_time/time.c.obj
 *fill*         0x200079ad        0x3 
 .rodata.__func__.1
                0x200079b0       0x18 CMakeFiles/okhi.dir/C_/Program_Files/Raspberry_Pi/Pico_SDK_v1.5.1/pico-sdk/src/common/pico_time/time.c.obj
 .rodata.__func__.10
                0x200079c8       0x15 CMakeFiles/okhi.dir/C_/Program_Files/Raspberry_Pi/Pico_SDK_v1.5.1/pico-sdk/src/common/pico_time/time.c.obj
 *fill*         0x200079dd        0x3 
 .rodata.__func__.11
                0x200079e0       0x1a CMakeFiles/okhi.dir/C_/Program_Files/Raspberry_Pi/Pico_SDK_v1.5.1/pico-sdk/src/common/pico_time/time.c.obj
 *fill*         0x200079fa        0x2 
 .rodata.__func__.12
                0x200079fc        0xa CMakeFiles/okhi.dir/C_/Program_Files/Raspberry_Pi/Pico_SDK_v1.5.1/pico-sdk/src/common/pico_time/time.c.obj
 *fill*         0x20007a06        0x2 
 .rodata.__func__.3
                0x20007a08       0x17 CMakeFiles/okhi.dir/C_/Program_Files/Raspberry_Pi/Pico_SDK_v1.5.1/pico-sdk/src/common/pico_time/time.c.obj
 *fill*         0x20007a1f        0x1 
 .rodata.__func__.4
                0x20007a20       0x12 CMakeFiles/okhi.dir/C_/Program_Files/Raspberry_Pi/Pico_SDK_v1.5.1/pico-sdk/src/common/pico_time/time.c.obj
 *fill*         0x20007a32        0x2 
 .rodata.__func__.5
                0x20007a34        0xd CMakeFiles/okhi.dir/C_/Program_Files/Raspberry_Pi/Pico_SDK_v1.5.1/pico-sdk/src/common/pico_time/time.c.obj
 *fill*         0x20007a41        0x3 
 .rodata.__func__.6
                0x20007a44       0x12 CMakeFiles/okhi.dir/C_/Program_Files/Raspberry_Pi/Pico_SDK_v1.5.1/pico-sdk/src/common/pico_time/time.c.obj
 *fill*         0x20007a56        0x2 
 .rodata.__func__.7
                0x20007a58        0xf CMakeFiles/okhi.dir/C_/Program_Files/Raspberry_Pi/Pico_SDK_v1.5.1/pico-sdk/src/common/pico_time/time.c.obj
 *fill*         0x20007a67        0x1 
 .rodata.__func__.8
                0x20007a68        0xc CMakeFiles/okhi.dir/C_/Program_Files/Raspberry_Pi/Pico_SDK_v1.5.1/pico-sdk/src/common/pico_time/time.c.obj
 .rodata.__func__.9
                0x20007a74       0x15 CMakeFiles/okhi.dir/C_/Program_Files/Raspberry_Pi/Pico_SDK_v1.5.1/pico-sdk/src/common/pico_time/time.c.obj
 *fill*         0x20007a89        0x3 
 .rodata.hardware_alarm_claim.str1.4
                0x20007a8c       0x22 CMakeFiles/okhi.dir/C_/Program_Files/Raspberry_Pi/Pico_SDK_v1.5.1/pico-sdk/src/rp2_common/hardware_timer/timer.c.obj
 .rodata.busy_wait_us.str1.4
                0x20007aae       0x7d CMakeFiles/okhi.dir/C_/Program_Files/Raspberry_Pi/Pico_SDK_v1.5.1/pico-sdk/src/rp2_common/hardware_timer/timer.c.obj
 *fill*         0x20007aae        0x2 
 .rodata.hardware_alarm_set_target.str1.4
                0x20007ab0       0x81 CMakeFiles/okhi.dir/C_/Program_Files/Raspberry_Pi/Pico_SDK_v1.5.1/pico-sdk/src/rp2_common/hardware_timer/timer.c.obj
 *fill*         0x20007b31        0x3 
 .rodata.__func__.0
                0x20007b34       0x1a CMakeFiles/okhi.dir/C_/Program_Files/Raspberry_Pi/Pico_SDK_v1.5.1/pico-sdk/src/rp2_common/hardware_timer/timer.c.obj
 *fill*         0x20007b4e        0x2 
 .rodata.__func__.1
                0x20007b50       0x15 CMakeFiles/okhi.dir/C_/Program_Files/Raspberry_Pi/Pico_SDK_v1.5.1/pico-sdk/src/rp2_common/hardware_timer/timer.c.obj
 .rodata.ph_add_child_node.str1.4
                0x20007b65       0xb2 CMakeFiles/okhi.dir/C_/Program_Files/Raspberry_Pi/Pico_SDK_v1.5.1/pico-sdk/src/common/pico_util/pheap.c.obj
 *fill*         0x20007b65        0x3 
 .rodata.ph_remove_any_head.str1.4
                0x20007b68       0xa8 CMakeFiles/okhi.dir/C_/Program_Files/Raspberry_Pi/Pico_SDK_v1.5.1/pico-sdk/src/common/pico_util/pheap.c.obj
                                 0xbc (size before relaxing)
 .rodata.ph_remove_and_free_node.str1.4
                0x20007c10       0x1e CMakeFiles/okhi.dir/C_/Program_Files/Raspberry_Pi/Pico_SDK_v1.5.1/pico-sdk/src/common/pico_util/pheap.c.obj
                                 0x26 (size before relaxing)
 *fill*         0x20007c2e        0x2 
 .rodata.__func__.0
                0x20007c30       0x18 CMakeFiles/okhi.dir/C_/Program_Files/Raspberry_Pi/Pico_SDK_v1.5.1/pico-sdk/src/common/pico_util/pheap.c.obj
 .rodata.__func__.1
                0x20007c48       0x13 CMakeFiles/okhi.dir/C_/Program_Files/Raspberry_Pi/Pico_SDK_v1.5.1/pico-sdk/src/common/pico_util/pheap.c.obj
 *fill*         0x20007c5b        0x1 
 .rodata.__func__.2
                0x20007c5c       0x12 CMakeFiles/okhi.dir/C_/Program_Files/Raspberry_Pi/Pico_SDK_v1.5.1/pico-sdk/src/common/pico_util/pheap.c.obj
 *fill*         0x20007c6e        0x2 
 .rodata.__func__.3
                0x20007c70        0xc CMakeFiles/okhi.dir/C_/Program_Files/Raspberry_Pi/Pico_SDK_v1.5.1/pico-sdk/src/common/pico_util/pheap.c.obj
 .rodata.clock_configure.str1.4
                0x20007c7c       0x73 CMakeFiles/okhi.dir/C_/Program_Files/Raspberry_Pi/Pico_SDK_v1.5.1/pico-sdk/src/rp2_common/hardware_clocks/clocks.c.obj
 *fill*         0x20007cef        0x1 
 .rodata.__func__.1
                0x20007cf0       0x10 CMakeFiles/okhi.dir/C_/Program_Files/Raspberry_Pi/Pico_SDK_v1.5.1/pico-sdk/src/rp2_common/hardware_clocks/clocks.c.obj
 .rodata.pll_init.str1.4
                0x20007d00      0x140 CMakeFiles/okhi.dir/C_/Program_Files/Raspberry_Pi/Pico_SDK_v1.5.1/pico-sdk/src/rp2_common/hardware_pll/pll.c.obj
 .rodata.__func__.0
                0x20007e40        0x9 CMakeFiles/okhi.dir/C_/Program_Files/Raspberry_Pi/Pico_SDK_v1.5.1/pico-sdk/src/rp2_common/hardware_pll/pll.c.obj
 *fill*         0x20007e49        0x3 
 .rodata.__assert_func.str1.4
                0x20007e4c       0x3f CMakeFiles/okhi.dir/C_/Program_Files/Raspberry_Pi/Pico_SDK_v1.5.1/pico-sdk/src/rp2_common/pico_runtime/runtime.c.obj
                                 0x43 (size before relaxing)
 *fill*         0x20007e8b        0x1 
 .rodata.runtime_init.str1.4
                0x20007e8c       0x7d CMakeFiles/okhi.dir/C_/Program_Files/Raspberry_Pi/Pico_SDK_v1.5.1/pico-sdk/src/rp2_common/pico_runtime/runtime.c.obj
 *fill*         0x20007f09        0x3 
 .rodata.panic.str1.4
                0x20007f0c       0x12 CMakeFiles/okhi.dir/C_/Program_Files/Raspberry_Pi/Pico_SDK_v1.5.1/pico-sdk/src/rp2_common/pico_runtime/runtime.c.obj
 *fill*         0x20007f1e        0x2 
 .rodata.__func__.2
                0x20007f20        0xd CMakeFiles/okhi.dir/C_/Program_Files/Raspberry_Pi/Pico_SDK_v1.5.1/pico-sdk/src/rp2_common/pico_runtime/runtime.c.obj
 *fill*         0x20007f2d        0x3 
 .rodata._ftoa.str1.4
                0x20007f30       0x15 CMakeFiles/okhi.dir/C_/Program_Files/Raspberry_Pi/Pico_SDK_v1.5.1/pico-sdk/src/rp2_common/pico_printf/printf.c.obj
 *fill*         0x20007f45        0x3 
 .rodata._vsnprintf
                0x20007f48      0x1e0 CMakeFiles/okhi.dir/C_/Program_Files/Raspberry_Pi/Pico_SDK_v1.5.1/pico-sdk/src/rp2_common/pico_printf/printf.c.obj
 .rodata.pow10.0
                0x20008128       0x50 CMakeFiles/okhi.dir/C_/Program_Files/Raspberry_Pi/Pico_SDK_v1.5.1/pico-sdk/src/rp2_common/pico_printf/printf.c.obj
 .rodata.__aeabi_double_init.str1.4
                0x20008178       0xb8 CMakeFiles/okhi.dir/C_/Program_Files/Raspberry_Pi/Pico_SDK_v1.5.1/pico-sdk/src/rp2_common/pico_double/double_init_rom.c.obj
 .rodata.__func__.0
                0x20008230       0x14 CMakeFiles/okhi.dir/C_/Program_Files/Raspberry_Pi/Pico_SDK_v1.5.1/pico-sdk/src/rp2_common/pico_double/double_init_rom.c.obj
 .rodata.__aeabi_float_init.str1.4
                0x20008244       0x96 CMakeFiles/okhi.dir/C_/Program_Files/Raspberry_Pi/Pico_SDK_v1.5.1/pico-sdk/src/rp2_common/pico_float/float_init_rom.c.obj
                                 0x9a (size before relaxing)
 *fill*         0x200082da        0x2 
 .rodata.__func__.0
                0x200082dc       0x13 CMakeFiles/okhi.dir/C_/Program_Files/Raspberry_Pi/Pico_SDK_v1.5.1/pico-sdk/src/rp2_common/pico_float/float_init_rom.c.obj
 *fill*         0x200082ef        0x1 
 .rodata.str1.4
                0x200082f0       0x90 CMakeFiles/okhi.dir/C_/Program_Files/Raspberry_Pi/Pico_SDK_v1.5.1/pico-sdk/src/rp2_common/pico_standard_link/binary_info.c.obj
 .rodata.__bi_44
                0x20008380        0xc CMakeFiles/okhi.dir/C_/Program_Files/Raspberry_Pi/Pico_SDK_v1.5.1/pico-sdk/src/rp2_common/pico_standard_link/binary_info.c.obj
 .rodata.__bi_69
                0x2000838c        0xc CMakeFiles/okhi.dir/C_/Program_Files/Raspberry_Pi/Pico_SDK_v1.5.1/pico-sdk/src/rp2_common/pico_standard_link/binary_info.c.obj
 .rodata.__bi_75
                0x20008398        0xc CMakeFiles/okhi.dir/C_/Program_Files/Raspberry_Pi/Pico_SDK_v1.5.1/pico-sdk/src/rp2_common/pico_standard_link/binary_info.c.obj
 .rodata.__bi_81
                0x200083a4        0xc CMakeFiles/okhi.dir/C_/Program_Files/Raspberry_Pi/Pico_SDK_v1.5.1/pico-sdk/src/rp2_common/pico_standard_link/binary_info.c.obj
 .rodata.__bi_91
                0x200083b0        0xc CMakeFiles/okhi.dir/C_/Program_Files/Raspberry_Pi/Pico_SDK_v1.5.1/pico-sdk/src/rp2_common/pico_standard_link/binary_info.c.obj
 .rodata.stdout_serialize_begin.str1.4
                0x200083bc       0x7d CMakeFiles/okhi.dir/C_/Program_Files/Raspberry_Pi/Pico_SDK_v1.5.1/pico-sdk/src/rp2_common/pico_stdio/stdio.c.obj
 .rodata.__func__.3
                0x200083bc       0x15 CMakeFiles/okhi.dir/C_/Program_Files/Raspberry_Pi/Pico_SDK_v1.5.1/pico-sdk/src/rp2_common/pico_stdio/stdio.c.obj
 *fill*         0x200083d1        0x3 
 .rodata.crlf_str.2
                0x200083d4        0x2 CMakeFiles/okhi.dir/C_/Program_Files/Raspberry_Pi/Pico_SDK_v1.5.1/pico-sdk/src/rp2_common/pico_stdio/stdio.c.obj
 *fill*         0x200083d6        0x2 
 .rodata.str1.4
                0x200083d8       0x2c CMakeFiles/okhi.dir/C_/Program_Files/Raspberry_Pi/Pico_SDK_v1.5.1/pico-sdk/src/rp2_common/pico_stdio_uart/stdio_uart.c.obj
 .rodata.__bi_33.4
                0x20008404        0xc CMakeFiles/okhi.dir/C_/Program_Files/Raspberry_Pi/Pico_SDK_v1.5.1/pico-sdk/src/rp2_common/pico_stdio_uart/stdio_uart.c.obj
 .rodata.__bi_34.5
                0x20008410        0x8 CMakeFiles/okhi.dir/C_/Program_Files/Raspberry_Pi/Pico_SDK_v1.5.1/pico-sdk/src/rp2_common/pico_stdio_uart/stdio_uart.c.obj
 .rodata.multicore_lockout_start_block_until.str1.4
                0x20008418       0x79 CMakeFiles/okhi.dir/C_/Program_Files/Raspberry_Pi/Pico_SDK_v1.5.1/pico-sdk/src/rp2_common/pico_multicore/multicore.c.obj
 *fill*         0x20008491        0x3 
 .rodata.multicore_launch_core1_with_stack.str1.4
                0x20008494       0x19 CMakeFiles/okhi.dir/C_/Program_Files/Raspberry_Pi/Pico_SDK_v1.5.1/pico-sdk/src/rp2_common/pico_multicore/multicore.c.obj
 *fill*         0x200084ad        0x3 
 .rodata.__func__.2
                0x200084b0       0x22 CMakeFiles/okhi.dir/C_/Program_Files/Raspberry_Pi/Pico_SDK_v1.5.1/pico-sdk/src/rp2_common/pico_multicore/multicore.c.obj
 *fill*         0x200084d2        0x2 
 .rodata._pio_find_offset_for_program.str1.4
                0x200084d4       0x85 CMakeFiles/okhi.dir/C_/Program_Files/Raspberry_Pi/Pico_SDK_v1.5.1/pico-sdk/src/rp2_common/hardware_pio/pio.c.obj
 *fill*         0x20008559        0x3 
 .rodata._pio_add_program_at_offset.str1.4
                0x2000855c       0x11 CMakeFiles/okhi.dir/C_/Program_Files/Raspberry_Pi/Pico_SDK_v1.5.1/pico-sdk/src/rp2_common/hardware_pio/pio.c.obj
 *fill*         0x2000856d        0x3 
 .rodata.pio_claim_unused_sm.str1.4
                0x20008570       0x24 CMakeFiles/okhi.dir/C_/Program_Files/Raspberry_Pi/Pico_SDK_v1.5.1/pico-sdk/src/rp2_common/hardware_pio/pio.c.obj
 .rodata.__func__.1
                0x20008594       0x1d CMakeFiles/okhi.dir/C_/Program_Files/Raspberry_Pi/Pico_SDK_v1.5.1/pico-sdk/src/rp2_common/hardware_pio/pio.c.obj
                0x200085b4                . = ALIGN (0x4)
 *fill*         0x200085b1        0x3 
 *(.data*)
 .data.g_display_time
                0x200085b4        0x4 CMakeFiles/okhi.dir/okhi.c.obj
 .data.hwver    0x200085b8        0x1 CMakeFiles/okhi.dir/okhi.c.obj
 *fill*         0x200085b9        0x3 
 .data.hwver_name
                0x200085bc        0x4 CMakeFiles/okhi.dir/okhi.c.obj
 .data.striped_spin_lock_num
                0x200085c0        0x1 CMakeFiles/okhi.dir/C_/Program_Files/Raspberry_Pi/Pico_SDK_v1.5.1/pico-sdk/src/rp2_common/hardware_sync/sync.c.obj
 *fill*         0x200085c1        0x3 
 .data          0x200085c4       0x48 CMakeFiles/okhi.dir/C_/Program_Files/Raspberry_Pi/Pico_SDK_v1.5.1/pico-sdk/src/rp2_common/hardware_irq/irq_handler_chain.S.obj
                0x200085c4                irq_handler_chain_slots
                0x200085f4                irq_handler_chain_first_slot
                0x200085fe                irq_handler_chain_remove_tail
 .data.default_alarm_pool
                0x2000860c       0x18 CMakeFiles/okhi.dir/C_/Program_Files/Raspberry_Pi/Pico_SDK_v1.5.1/pico-sdk/src/common/pico_time/time.c.obj
 .data.default_alarm_pool_heap
                0x20008624       0x10 CMakeFiles/okhi.dir/C_/Program_Files/Raspberry_Pi/Pico_SDK_v1.5.1/pico-sdk/src/common/pico_time/time.c.obj
 *fill*         0x20008634        0xc 
 .data.aeabi_bits_funcs
                0x20008640       0x10 CMakeFiles/okhi.dir/C_/Program_Files/Raspberry_Pi/Pico_SDK_v1.5.1/pico-sdk/src/rp2_common/pico_bit_ops/bit_ops_aeabi.S.obj
                0x20008640                aeabi_bits_funcs
                0x20008650                aeabi_bits_funcs_end
 .data.aeabi_mem_funcs
                0x20008650       0x10 CMakeFiles/okhi.dir/C_/Program_Files/Raspberry_Pi/Pico_SDK_v1.5.1/pico-sdk/src/rp2_common/pico_mem_ops/mem_ops_aeabi.S.obj
                0x20008650                aeabi_mem_funcs
                0x20008660                aeabi_mem_funcs_end
 .data.stdio_uart
                0x20008660       0x18 CMakeFiles/okhi.dir/C_/Program_Files/Raspberry_Pi/Pico_SDK_v1.5.1/pico-sdk/src/rp2_common/pico_stdio_uart/stdio_uart.c.obj
                0x20008660                stdio_uart
                0x20008678                . = ALIGN (0x4)
 *(.after_data.*)
                0x20008678                . = ALIGN (0x4)
                0x20008678                PROVIDE (__mutex_array_start = .)
 *(SORT_BY_NAME(.mutex_array.*))
 *(.mutex_array)
 .mutex_array   0x20008678        0x8 CMakeFiles/okhi.dir/C_/Program_Files/Raspberry_Pi/Pico_SDK_v1.5.1/pico-sdk/src/rp2_common/pico_malloc/pico_malloc.c.obj
 .mutex_array   0x20008680        0x8 CMakeFiles/okhi.dir/C_/Program_Files/Raspberry_Pi/Pico_SDK_v1.5.1/pico-sdk/src/rp2_common/pico_stdio/stdio.c.obj
                0x20008688                PROVIDE (__mutex_array_end = .)
                0x20008688                . = ALIGN (0x4)
                0x20008688                PROVIDE (__preinit_array_start = .)
 *(SORT_BY_NAME(.preinit_array.*))
 .preinit_array.00001
                0x20008688        0x4 CMakeFiles/okhi.dir/C_/Program_Files/Raspberry_Pi/Pico_SDK_v1.5.1/pico-sdk/src/rp2_common/pico_mem_ops/mem_ops_aeabi.S.obj
 .preinit_array.00010
                0x2000868c        0x4 CMakeFiles/okhi.dir/C_/Program_Files/Raspberry_Pi/Pico_SDK_v1.5.1/pico-sdk/src/rp2_common/pico_bit_ops/bit_ops_aeabi.S.obj
 .preinit_array.00020
                0x20008690        0x4 CMakeFiles/okhi.dir/C_/Program_Files/Raspberry_Pi/Pico_SDK_v1.5.1/pico-sdk/src/rp2_common/pico_double/double_aeabi.S.obj
 .preinit_array.00020
                0x20008694        0x4 CMakeFiles/okhi.dir/C_/Program_Files/Raspberry_Pi/Pico_SDK_v1.5.1/pico-sdk/src/rp2_common/pico_float/float_aeabi.S.obj
 *(.preinit_array)
                0x20008698                PROVIDE (__preinit_array_end = .)
                0x20008698                . = ALIGN (0x4)
                0x20008698                PROVIDE (__init_array_start = .)
 *(SORT_BY_NAME(.init_array.*))
 *(.init_array)
 .init_array    0x20008698        0x4 c:/progra~1/raspbe~1/picosd~1.1/gcc-ar~1/bin/../lib/gcc/arm-none-eabi/10.3.1/thumb/v6-m/nofp/crtbegin.o
                0x2000869c                PROVIDE (__init_array_end = .)
                0x2000869c                . = ALIGN (0x4)
                [!provide]                PROVIDE (__fini_array_start = .)
 *(SORT_BY_NAME(.fini_array.*))
 *(.fini_array)
                [!provide]                PROVIDE (__fini_array_end = .)
 *(.jcr)
                0x2000869c                . = ALIGN (0x4)
                0x2000869c                __data_end__ = .
                0x10006a6c                __etext = LOADADDR (.data)

.igot.plt       0x2000869c        0x0 load address 0x100088d8
 .igot.plt      0x2000869c        0x0 c:/progra~1/raspbe~1/picosd~1.1/gcc-ar~1/bin/../lib/gcc/arm-none-eabi/10.3.1/thumb/v6-m/nofp/crtbegin.o

.uninitialized_data
                0x2000869c        0x4 load address 0x100088d8
                0x2000869c                . = ALIGN (0x4)
 *(.uninitialized_data*)
 .uninitialized_data
                0x2000869c        0x4 CMakeFiles/okhi.dir/okhi.c.obj
                0x2000869c                wait_20

.scratch_x      0x20040000        0x0 load address 0x100088d8
                0x20040000                __scratch_x_start__ = .
 *(.scratch_x.*)
                0x20040000                . = ALIGN (0x4)
                0x20040000                __scratch_x_end__ = .
                0x100088d8                __scratch_x_source__ = LOADADDR (.scratch_x)

.scratch_y      0x20041000        0x0 load address 0x100088d8
                0x20041000                __scratch_y_start__ = .
 *(.scratch_y.*)
                0x20041000                . = ALIGN (0x4)
                0x20041000                __scratch_y_end__ = .
                0x100088d8                __scratch_y_source__ = LOADADDR (.scratch_y)

.bss            0x200086a0    0x1f880
                0x200086a0                . = ALIGN (0x4)
                0x200086a0                __bss_start__ = .
 *(SORT_BY_ALIGNMENT(SORT_BY_NAME(.bss*)))
 .bss.default_alarm_pool_entries
                0x200086a0      0x100 CMakeFiles/okhi.dir/C_/Program_Files/Raspberry_Pi/Pico_SDK_v1.5.1/pico-sdk/src/common/pico_time/time.c.obj
 .bss           0x200087a0       0x1c c:/progra~1/raspbe~1/picosd~1.1/gcc-ar~1/bin/../lib/gcc/arm-none-eabi/10.3.1/thumb/v6-m/nofp/crtbegin.o
 .bss._used_instruction_space
                0x200087bc        0x8 CMakeFiles/okhi.dir/C_/Program_Files/Raspberry_Pi/Pico_SDK_v1.5.1/pico-sdk/src/rp2_common/hardware_pio/pio.c.obj
 .bss.alarm_callbacks
                0x200087c4       0x10 CMakeFiles/okhi.dir/C_/Program_Files/Raspberry_Pi/Pico_SDK_v1.5.1/pico-sdk/src/rp2_common/hardware_timer/timer.c.obj
 .bss.callbacks
                0x200087d4        0x8 CMakeFiles/okhi.dir/C_/Program_Files/Raspberry_Pi/Pico_SDK_v1.5.1/pico-sdk/src/rp2_common/hardware_gpio/gpio.c.obj
 .bss.chars_available_callback
                0x200087dc        0x4 CMakeFiles/okhi.dir/C_/Program_Files/Raspberry_Pi/Pico_SDK_v1.5.1/pico-sdk/src/rp2_common/pico_stdio_uart/stdio_uart.c.obj
 .bss.chars_available_param
                0x200087e0        0x4 CMakeFiles/okhi.dir/C_/Program_Files/Raspberry_Pi/Pico_SDK_v1.5.1/pico-sdk/src/rp2_common/pico_stdio_uart/stdio_uart.c.obj
 .bss.configured_freq
                0x200087e4       0x28 CMakeFiles/okhi.dir/C_/Program_Files/Raspberry_Pi/Pico_SDK_v1.5.1/pico-sdk/src/rp2_common/hardware_clocks/clocks.c.obj
 .bss.curr_dbuff
                0x2000880c        0x4 CMakeFiles/okhi.dir/okhi.c.obj
 .bss.dbuff1    0x20008810     0xfa1c CMakeFiles/okhi.dir/okhi.c.obj
 .bss.dbuff2    0x2001822c     0xfa1c CMakeFiles/okhi.dir/okhi.c.obj
 .bss.default_alarm_pool_entry_ids_high
                0x20027c48       0x10 CMakeFiles/okhi.dir/C_/Program_Files/Raspberry_Pi/Pico_SDK_v1.5.1/pico-sdk/src/common/pico_time/time.c.obj
 .bss.default_alarm_pool_heap_nodes
                0x20027c58       0x30 CMakeFiles/okhi.dir/C_/Program_Files/Raspberry_Pi/Pico_SDK_v1.5.1/pico-sdk/src/common/pico_time/time.c.obj
 .bss.drivers   0x20027c88        0x4 CMakeFiles/okhi.dir/C_/Program_Files/Raspberry_Pi/Pico_SDK_v1.5.1/pico-sdk/src/rp2_common/pico_stdio/stdio.c.obj
 .bss.filter    0x20027c8c        0x4 CMakeFiles/okhi.dir/C_/Program_Files/Raspberry_Pi/Pico_SDK_v1.5.1/pico-sdk/src/rp2_common/pico_stdio/stdio.c.obj
 .bss.g_display_fold
                0x20027c90        0x4 CMakeFiles/okhi.dir/okhi.c.obj
 .bss.g_display_ptr
                0x20027c94        0x4 CMakeFiles/okhi.dir/okhi.c.obj
 .bss.g_fold_count
                0x20027c98        0x4 CMakeFiles/okhi.dir/okhi.c.obj
 .bss.g_prev_time
                0x20027c9c        0x4 CMakeFiles/okhi.dir/okhi.c.obj
 .bss.g_rd_ptr  0x20027ca0        0x4 CMakeFiles/okhi.dir/okhi.c.obj
 .bss.g_ref_time
                0x20027ca4        0x4 CMakeFiles/okhi.dir/okhi.c.obj
 .bss.g_sof_index
                0x20027ca8        0x4 CMakeFiles/okhi.dir/okhi.c.obj
 .bss.g_wr_ptr  0x20027cac        0x4 CMakeFiles/okhi.dir/okhi.c.obj
 .bss.last_dbuff
                0x20027cb0        0x4 CMakeFiles/okhi.dir/okhi.c.obj
 .bss.last_payload.2
                0x20027cb4        0x4 CMakeFiles/okhi.dir/okhi.c.obj
 .bss.line.0    0x20027cb8       0x20 CMakeFiles/okhi.dir/okhi.c.obj
 .bss.load_value
                0x20027cd8        0x4 CMakeFiles/okhi.dir/C_/Program_Files/Raspberry_Pi/Pico_SDK_v1.5.1/pico-sdk/src/rp2_common/hardware_watchdog/watchdog.c.obj
 .bss.pools     0x20027cdc       0x10 CMakeFiles/okhi.dir/C_/Program_Files/Raspberry_Pi/Pico_SDK_v1.5.1/pico-sdk/src/common/pico_time/time.c.obj
 .bss.raw_irq_mask
                0x20027cec        0x8 CMakeFiles/okhi.dir/C_/Program_Files/Raspberry_Pi/Pico_SDK_v1.5.1/pico-sdk/src/rp2_common/hardware_gpio/gpio.c.obj
 .bss.sd_table  0x20027cf4      0x100 CMakeFiles/okhi.dir/C_/Program_Files/Raspberry_Pi/Pico_SDK_v1.5.1/pico-sdk/src/rp2_common/pico_double/double_init_rom.c.obj
                0x20027cf4                sd_table
 .bss.sf_clz_func
                0x20027df4        0x4 CMakeFiles/okhi.dir/C_/Program_Files/Raspberry_Pi/Pico_SDK_v1.5.1/pico-sdk/src/rp2_common/pico_double/double_init_rom.c.obj
                0x20027df4                sf_clz_func
 .bss.sf_table  0x20027df8      0x100 CMakeFiles/okhi.dir/C_/Program_Files/Raspberry_Pi/Pico_SDK_v1.5.1/pico-sdk/src/rp2_common/pico_float/float_init_rom.c.obj
                0x20027df8                sf_table
 .bss.sleep_notifier
                0x20027ef8        0x4 CMakeFiles/okhi.dir/C_/Program_Files/Raspberry_Pi/Pico_SDK_v1.5.1/pico-sdk/src/common/pico_time/time.c.obj
 .bss.target_hi
                0x20027efc       0x10 CMakeFiles/okhi.dir/C_/Program_Files/Raspberry_Pi/Pico_SDK_v1.5.1/pico-sdk/src/rp2_common/hardware_timer/timer.c.obj
 .bss.total_packets_sended
                0x20027f0c        0x4 CMakeFiles/okhi.dir/okhi.c.obj
 .bss.uart_char_to_line_feed
                0x20027f10        0x4 CMakeFiles/okhi.dir/C_/Program_Files/Raspberry_Pi/Pico_SDK_v1.5.1/pico-sdk/src/rp2_common/hardware_uart/uart.c.obj
                0x20027f10                uart_char_to_line_feed
 .bss.uart_instance
                0x20027f14        0x4 CMakeFiles/okhi.dir/C_/Program_Files/Raspberry_Pi/Pico_SDK_v1.5.1/pico-sdk/src/rp2_common/pico_stdio_uart/stdio_uart.c.obj
 .bss.claimed   0x20027f18        0x1 CMakeFiles/okhi.dir/C_/Program_Files/Raspberry_Pi/Pico_SDK_v1.5.1/pico-sdk/src/rp2_common/hardware_timer/timer.c.obj
 .bss.claimed   0x20027f19        0x1 CMakeFiles/okhi.dir/C_/Program_Files/Raspberry_Pi/Pico_SDK_v1.5.1/pico-sdk/src/rp2_common/hardware_pio/pio.c.obj
 .bss.g_check_delta
                0x20027f1a        0x1 CMakeFiles/okhi.dir/okhi.c.obj
 .bss.g_folding
                0x20027f1b        0x1 CMakeFiles/okhi.dir/okhi.c.obj
 .bss.g_may_fold
                0x20027f1c        0x1 CMakeFiles/okhi.dir/okhi.c.obj
 .bss.irq_hander_chain_free_slot_head
                0x20027f1d        0x1 CMakeFiles/okhi.dir/C_/Program_Files/Raspberry_Pi/Pico_SDK_v1.5.1/pico-sdk/src/rp2_common/hardware_irq/irq.c.obj
 .bss.last_pid_in.1
                0x20027f1e        0x1 CMakeFiles/okhi.dir/okhi.c.obj
 .bss.timer_callbacks_pending
                0x20027f1f        0x1 CMakeFiles/okhi.dir/C_/Program_Files/Raspberry_Pi/Pico_SDK_v1.5.1/pico-sdk/src/rp2_common/hardware_timer/timer.c.obj
 *(COMMON)
                0x20027f20                . = ALIGN (0x4)
                0x20027f20                __bss_end__ = .

.heap           0x20027f20      0x800
                0x20027f20                __end__ = .
                0x20027f20                end = __end__
 *(.heap*)
 .heap          0x20027f20      0x800 CMakeFiles/okhi.dir/C_/Program_Files/Raspberry_Pi/Pico_SDK_v1.5.1/pico-sdk/src/rp2_common/pico_standard_link/crt0.S.obj
                0x20028720                __HeapLimit = .

.stack1_dummy   0x20040000      0x800
 *(.stack1*)
 .stack1        0x20040000      0x800 CMakeFiles/okhi.dir/C_/Program_Files/Raspberry_Pi/Pico_SDK_v1.5.1/pico-sdk/src/rp2_common/pico_multicore/multicore.c.obj

.stack_dummy    0x20041000      0x800
 *(.stack*)
 .stack         0x20041000      0x800 CMakeFiles/okhi.dir/C_/Program_Files/Raspberry_Pi/Pico_SDK_v1.5.1/pico-sdk/src/rp2_common/pico_standard_link/crt0.S.obj

.flash_end      0x100088d8        0x0
                0x100088d8                __flash_binary_end = .
                0x20040000                __StackLimit = (ORIGIN (RAM) + LENGTH (RAM))
                0x20041000                __StackOneTop = (ORIGIN (SCRATCH_X) + LENGTH (SCRATCH_X))
                0x20042000                __StackTop = (ORIGIN (SCRATCH_Y) + LENGTH (SCRATCH_Y))
                0x20040800                __StackOneBottom = (__StackOneTop - SIZEOF (.stack1_dummy))
                0x20041800                __StackBottom = (__StackTop - SIZEOF (.stack_dummy))
                0x20042000                PROVIDE (__stack = __StackTop)
                0x00000001                ASSERT ((__StackLimit >= __HeapLimit), region RAM overflowed)
                0x00000001                ASSERT (((__binary_info_header_end - __logical_binary_start) <= 0x100), Binary info must be in first 256 bytes of the binary)
LOAD CMakeFiles/okhi.dir/okhi.c.obj
LOAD CMakeFiles/okhi.dir/C_/Program_Files/Raspberry_Pi/Pico_SDK_v1.5.1/pico-sdk/src/rp2_common/pico_stdlib/stdlib.c.obj
LOAD CMakeFiles/okhi.dir/C_/Program_Files/Raspberry_Pi/Pico_SDK_v1.5.1/pico-sdk/src/rp2_common/hardware_gpio/gpio.c.obj
LOAD CMakeFiles/okhi.dir/C_/Program_Files/Raspberry_Pi/Pico_SDK_v1.5.1/pico-sdk/src/rp2_common/pico_platform/platform.c.obj
LOAD CMakeFiles/okhi.dir/C_/Program_Files/Raspberry_Pi/Pico_SDK_v1.5.1/pico-sdk/src/rp2_common/hardware_claim/claim.c.obj
LOAD CMakeFiles/okhi.dir/C_/Program_Files/Raspberry_Pi/Pico_SDK_v1.5.1/pico-sdk/src/rp2_common/hardware_sync/sync.c.obj
LOAD CMakeFiles/okhi.dir/C_/Program_Files/Raspberry_Pi/Pico_SDK_v1.5.1/pico-sdk/src/rp2_common/hardware_irq/irq.c.obj
LOAD CMakeFiles/okhi.dir/C_/Program_Files/Raspberry_Pi/Pico_SDK_v1.5.1/pico-sdk/src/rp2_common/hardware_irq/irq_handler_chain.S.obj
LOAD CMakeFiles/okhi.dir/C_/Program_Files/Raspberry_Pi/Pico_SDK_v1.5.1/pico-sdk/src/common/pico_sync/sem.c.obj
LOAD CMakeFiles/okhi.dir/C_/Program_Files/Raspberry_Pi/Pico_SDK_v1.5.1/pico-sdk/src/common/pico_sync/lock_core.c.obj
LOAD CMakeFiles/okhi.dir/C_/Program_Files/Raspberry_Pi/Pico_SDK_v1.5.1/pico-sdk/src/common/pico_sync/mutex.c.obj
LOAD CMakeFiles/okhi.dir/C_/Program_Files/Raspberry_Pi/Pico_SDK_v1.5.1/pico-sdk/src/common/pico_sync/critical_section.c.obj
LOAD CMakeFiles/okhi.dir/C_/Program_Files/Raspberry_Pi/Pico_SDK_v1.5.1/pico-sdk/src/common/pico_time/time.c.obj
LOAD CMakeFiles/okhi.dir/C_/Program_Files/Raspberry_Pi/Pico_SDK_v1.5.1/pico-sdk/src/common/pico_time/timeout_helper.c.obj
LOAD CMakeFiles/okhi.dir/C_/Program_Files/Raspberry_Pi/Pico_SDK_v1.5.1/pico-sdk/src/rp2_common/hardware_timer/timer.c.obj
LOAD CMakeFiles/okhi.dir/C_/Program_Files/Raspberry_Pi/Pico_SDK_v1.5.1/pico-sdk/src/common/pico_util/datetime.c.obj
LOAD CMakeFiles/okhi.dir/C_/Program_Files/Raspberry_Pi/Pico_SDK_v1.5.1/pico-sdk/src/common/pico_util/pheap.c.obj
LOAD CMakeFiles/okhi.dir/C_/Program_Files/Raspberry_Pi/Pico_SDK_v1.5.1/pico-sdk/src/common/pico_util/queue.c.obj
LOAD CMakeFiles/okhi.dir/C_/Program_Files/Raspberry_Pi/Pico_SDK_v1.5.1/pico-sdk/src/rp2_common/hardware_uart/uart.c.obj
LOAD CMakeFiles/okhi.dir/C_/Program_Files/Raspberry_Pi/Pico_SDK_v1.5.1/pico-sdk/src/rp2_common/hardware_clocks/clocks.c.obj
LOAD CMakeFiles/okhi.dir/C_/Program_Files/Raspberry_Pi/Pico_SDK_v1.5.1/pico-sdk/src/rp2_common/hardware_pll/pll.c.obj
LOAD CMakeFiles/okhi.dir/C_/Program_Files/Raspberry_Pi/Pico_SDK_v1.5.1/pico-sdk/src/rp2_common/hardware_vreg/vreg.c.obj
LOAD CMakeFiles/okhi.dir/C_/Program_Files/Raspberry_Pi/Pico_SDK_v1.5.1/pico-sdk/src/rp2_common/hardware_watchdog/watchdog.c.obj
LOAD CMakeFiles/okhi.dir/C_/Program_Files/Raspberry_Pi/Pico_SDK_v1.5.1/pico-sdk/src/rp2_common/hardware_xosc/xosc.c.obj
LOAD CMakeFiles/okhi.dir/C_/Program_Files/Raspberry_Pi/Pico_SDK_v1.5.1/pico-sdk/src/rp2_common/hardware_divider/divider.S.obj
LOAD CMakeFiles/okhi.dir/C_/Program_Files/Raspberry_Pi/Pico_SDK_v1.5.1/pico-sdk/src/rp2_common/pico_runtime/runtime.c.obj
LOAD CMakeFiles/okhi.dir/C_/Program_Files/Raspberry_Pi/Pico_SDK_v1.5.1/pico-sdk/src/rp2_common/pico_printf/printf.c.obj
LOAD CMakeFiles/okhi.dir/C_/Program_Files/Raspberry_Pi/Pico_SDK_v1.5.1/pico-sdk/src/rp2_common/pico_bit_ops/bit_ops_aeabi.S.obj
LOAD CMakeFiles/okhi.dir/C_/Program_Files/Raspberry_Pi/Pico_SDK_v1.5.1/pico-sdk/src/rp2_common/pico_bootrom/bootrom.c.obj
LOAD CMakeFiles/okhi.dir/C_/Program_Files/Raspberry_Pi/Pico_SDK_v1.5.1/pico-sdk/src/rp2_common/pico_divider/divider.S.obj
LOAD CMakeFiles/okhi.dir/C_/Program_Files/Raspberry_Pi/Pico_SDK_v1.5.1/pico-sdk/src/rp2_common/pico_double/double_aeabi.S.obj