Archive member included to satisfy reference by file (symbol)

c:/progra~1/raspbe~1/picosd~1.1/gcc-ar~1/bin/../lib/gcc/arm-none-eabi/10.3.1/thumb/v6-m/nofp\libgcc.a(_dvmd_tls.o)
                              CMakeFiles/okhi.dir/C_/Program_Files/Raspberry_Pi/Pico_SDK_v1.5.1/pico-sdk/src/rp2_common/pico_divider/divider.S.obj (__aeabi_idiv0)
c:/progra~1/raspbe~1/picosd~1.1/gcc-ar~1/bin/../lib/gcc/arm-none-eabi/10.3.1/../../../../arm-none-eabi/lib/thumb/v6-m/nofp\libg.a(lib_a-calloc.o)
                              CMakeFiles/okhi.dir/C_/Program_Files/Raspberry_Pi/Pico_SDK_v1.5.1/pico-sdk/src/rp2_common/pico_malloc/pico_malloc.c.obj (calloc)
c:/progra~1/raspbe~1/picosd~1.1/gcc-ar~1/bin/../lib/gcc/arm-none-eabi/10.3.1/../../../../arm-none-eabi/lib/thumb/v6-m/nofp\libg.a(lib_a-callocr.o)
                              c:/progra~1/raspbe~1/picosd~1.1/gcc-ar~1/bin/../lib/gcc/arm-none-eabi/10.3.1/../../../../arm-none-eabi/lib/thumb/v6-m/nofp\libg.a(lib_a-calloc.o) (_calloc_r)
c:/progra~1/raspbe~1/picosd~1.1/gcc-ar~1/bin/../lib/gcc/arm-none-eabi/10.3.1/../../../../arm-none-eabi/lib/thumb/v6-m/nofp\libg.a(lib_a-errno.o)
                              c:/progra~1/raspbe~1/picosd~1.1/gcc-ar~1/bin/../lib/gcc/arm-none-eabi/10.3.1/../../../../arm-none-eabi/lib/thumb/v6-m/nofp\libg.a(lib_a-callocr.o) (__errno)
c:/progra~1/raspbe~1/picosd~1.1/gcc-ar~1/bin/../lib/gcc/arm-none-eabi/10.3.1/../../../../arm-none-eabi/lib/thumb/v6-m/nofp\libg.a(lib_a-impure.o)
                              c:/progra~1/raspbe~1/picosd~1.1/gcc-ar~1/bin/../lib/gcc/arm-none-eabi/10.3.1/../../../../arm-none-eabi/lib/thumb/v6-m/nofp\libg.a(lib_a-calloc.o) (_impure_ptr)
c:/progra~1/raspbe~1/picosd~1.1/gcc-ar~1/bin/../lib/gcc/arm-none-eabi/10.3.1/../../../../arm-none-eabi/lib/thumb/v6-m/nofp\libg.a(lib_a-init.o)
                              c:/progra~1/raspbe~1/picosd~1.1/gcc-ar~1/bin/../lib/gcc/arm-none-eabi/10.3.1/../../../../arm-none-eabi/lib/thumb/v6-m/nofp/crt0.o (__libc_init_array)
c:/progra~1/raspbe~1/picosd~1.1/gcc-ar~1/bin/../lib/gcc/arm-none-eabi/10.3.1/../../../../arm-none-eabi/lib/thumb/v6-m/nofp\libg.a(lib_a-malloc.o)
                              CMakeFiles/okhi.dir/C_/Program_Files/Raspberry_Pi/Pico_SDK_v1.5.1/pico-sdk/src/rp2_common/pico_malloc/pico_malloc.c.obj (malloc)
c:/progra~1/raspbe~1/picosd~1.1/gcc-ar~1/bin/../lib/gcc/arm-none-eabi/10.3.1/../../../../arm-none-eabi/lib/thumb/v6-m/nofp\libg.a(lib_a-mallocr.o)
                              c:/progra~1/raspbe~1/picosd~1.1/gcc-ar~1/bin/../lib/gcc/arm-none-eabi/10.3.1/../../../../arm-none-eabi/lib/thumb/v6-m/nofp\libg.a(lib_a-callocr.o) (_malloc_r)
c:/progra~1/raspbe~1/picosd~1.1/gcc-ar~1/bin/../lib/gcc/arm-none-eabi/10.3.1/../../../../arm-none-eabi/lib/thumb/v6-m/nofp\libg.a(lib_a-mlock.o)
                              c:/progra~1/raspbe~1/picosd~1.1/gcc-ar~1/bin/../lib/gcc/arm-none-eabi/10.3.1/../../../../arm-none-eabi/lib/thumb/v6-m/nofp\libg.a(lib_a-mallocr.o) (__malloc_lock)
c:/progra~1/raspbe~1/picosd~1.1/gcc-ar~1/bin/../lib/gcc/arm-none-eabi/10.3.1/../../../../arm-none-eabi/lib/thumb/v6-m/nofp\libg.a(lib_a-realloc.o)
                              CMakeFiles/okhi.dir/C_/Program_Files/Raspberry_Pi/Pico_SDK_v1.5.1/pico-sdk/src/rp2_common/pico_malloc/pico_malloc.c.obj (realloc)
c:/progra~1/raspbe~1/picosd~1.1/gcc-ar~1/bin/../lib/gcc/arm-none-eabi/10.3.1/../../../../arm-none-eabi/lib/thumb/v6-m/nofp\libg.a(lib_a-reallocr.o)
                              c:/progra~1/raspbe~1/picosd~1.1/gcc-ar~1/bin/../lib/gcc/arm-none-eabi/10.3.1/../../../../arm-none-eabi/lib/thumb/v6-m/nofp\libg.a(lib_a-realloc.o) (_realloc_r)
c:/progra~1/raspbe~1/picosd~1.1/gcc-ar~1/bin/../lib/gcc/arm-none-eabi/10.3.1/../../../../arm-none-eabi/lib/thumb/v6-m/nofp\libg.a(lib_a-sbrkr.o)
                              c:/progra~1/raspbe~1/picosd~1.1/gcc-ar~1/bin/../lib/gcc/arm-none-eabi/10.3.1/../../../../arm-none-eabi/lib/thumb/v6-m/nofp\libg.a(lib_a-mallocr.o) (_sbrk_r)
c:/progra~1/raspbe~1/picosd~1.1/gcc-ar~1/bin/../lib/gcc/arm-none-eabi/10.3.1/../../../../arm-none-eabi/lib/thumb/v6-m/nofp\libg.a(lib_a-strlen-stub.o)
                              CMakeFiles/okhi.dir/okhi.c.obj (strlen)
c:/progra~1/raspbe~1/picosd~1.1/gcc-ar~1/bin/../lib/gcc/arm-none-eabi/10.3.1/../../../../arm-none-eabi/lib/thumb/v6-m/nofp\libg.a(lib_a-freer.o)
                              c:/progra~1/raspbe~1/picosd~1.1/gcc-ar~1/bin/../lib/gcc/arm-none-eabi/10.3.1/../../../../arm-none-eabi/lib/thumb/v6-m/nofp\libg.a(lib_a-malloc.o) (_free_r)
c:/progra~1/raspbe~1/picosd~1.1/gcc-ar~1/bin/../lib/gcc/arm-none-eabi/10.3.1/../../../../arm-none-eabi/lib/thumb/v6-m/nofp\libg.a(lib_a-lock.o)
                              c:/progra~1/raspbe~1/picosd~1.1/gcc-ar~1/bin/../lib/gcc/arm-none-eabi/10.3.1/../../../../arm-none-eabi/lib/thumb/v6-m/nofp\libg.a(lib_a-mlock.o) (__retarget_lock_acquire_recursive)
c:/progra~1/raspbe~1/picosd~1.1/gcc-ar~1/bin/../lib/gcc/arm-none-eabi/10.3.1/../../../../arm-none-eabi/lib/thumb/v6-m/nofp\libg.a(lib_a-memmove.o)
[...]
Memory Configuration

Name             Origin             Length             Attributes
FLASH            0x10000000         0x00200000         xr
RAM              0x20000000         0x00040000         xrw
SCRATCH_X        0x20040000         0x00001000         xrw
SCRATCH_Y        0x20041000         0x00001000         xrw
*default*        0x00000000         0xffffffff

Linker script and memory map

LOAD c:/progra~1/raspbe~1/picosd~1.1/gcc-ar~1/bin/../lib/gcc/arm-none-eabi/10.3.1/thumb/v6-m/nofp/crti.o
LOAD c:/progra~1/raspbe~1/picosd~1.1/gcc-ar~1/bin/../lib/gcc/arm-none-eabi/10.3.1/thumb/v6-m/nofp/crtbegin.o
LOAD c:/progra~1/raspbe~1/picosd~1.1/gcc-ar~1/bin/../lib/gcc/arm-none-eabi/10.3.1/../../../../arm-none-eabi/lib/thumb/v6-m/nofp/crt0.o

.flash_begin    0x10000000        0x0
                0x10000000                __flash_binary_start = .

.boot2          0x10000000      0x100
                0x10000000                __boot2_start__ = .
 *(.boot2)
 .boot2         0x10000000      0x100 C:\Users\regue\AppData\Local\Temp\ccm0wEU7.o
                0x10000100                __boot2_end__ = .
                0x00000001                ASSERT (((__boot2_end__ - __boot2_start__) == 0x100), ERROR: Pico second stage bootloader must be 256 bytes in size)

.flashtext      0x10000100      0x1d8
                0x10000100                __logical_binary_start = .
 *(.vectors)
 .vectors       0x10000100       0xd4 CMakeFiles/okhi.dir/C_/Program_Files/Raspberry_Pi/Pico_SDK_v1.5.1/pico-sdk/src/rp2_common/pico_standard_link/crt0.S.obj
                0x10000100                __VECTOR_TABLE
                0x10000100                __vectors
                0x100001c0                isr_invalid
                0x100001c0                __default_isrs_start
                0x100001c2                isr_nmi
                0x100001c4                isr_hardfault
                0x100001c6                isr_svcall
                0x100001c8                isr_pendsv
                0x100001ca                isr_systick
                0x100001cc                isr_irq23
                0x100001cc                isr_irq18
                0x100001cc                isr_irq11
                0x100001cc                isr_irq28
                0x100001cc                isr_irq19
                0x100001cc                isr_irq0
                0x100001cc                isr_irq6
                0x100001cc                isr_irq5
                0x100001cc                isr_irq12
                0x100001cc                isr_irq22
                0x100001cc                isr_irq31
                0x100001cc                isr_irq17
                0x100001cc                isr_irq27
                0x100001cc                isr_irq30
                0x100001cc                isr_irq2
                0x100001cc                isr_irq10
                0x100001cc                isr_irq8
                0x100001cc                isr_irq24
                0x100001cc                isr_irq1
                0x100001cc                isr_irq7
                0x100001cc                isr_irq21
                0x100001cc                isr_irq20
                0x100001cc                isr_irq15
                0x100001cc                isr_irq25
                0x100001cc                isr_irq13
                0x100001cc                __unhandled_user_irq
                0x100001cc                isr_irq4
                0x100001cc                isr_irq16
                0x100001cc                isr_irq29
                0x100001cc                isr_irq26
                0x100001cc                __default_isrs_end
                0x100001cc                isr_irq3
                0x100001cc                isr_irq14
                0x100001cc                isr_irq9
                0x100001d2                unhandled_user_irq_num_in_r0
 *(.binary_info_header)
 .binary_info_header
                0x100001d4       0x14 CMakeFiles/okhi.dir/C_/Program_Files/Raspberry_Pi/Pico_SDK_v1.5.1/pico-sdk/src/rp2_common/pico_standard_link/crt0.S.obj
                0x100001e8                __binary_info_header_end = .
 *(.reset)
 .reset         0x100001e8       0xac CMakeFiles/okhi.dir/C_/Program_Files/Raspberry_Pi/Pico_SDK_v1.5.1/pico-sdk/src/rp2_common/pico_standard_link/crt0.S.obj
                0x100001e8                _entry_point
 *fill*         0x10000294        0x4 
 .reset.__stub  0x10000298       0x10 linker stubs
 .reset         0x100002a8       0x30 CMakeFiles/okhi.dir/C_/Program_Files/Raspberry_Pi/Pico_SDK_v1.5.1/pico-sdk/src/rp2_common/pico_standard_link/binary_info.c.obj

.rodata         0x100002d8        0x0
 *(SORT_BY_ALIGNMENT(SORT_BY_NAME(.flashdata*)))
                0x100002d8                . = ALIGN (0x4)

.ARM.extab
 *(.ARM.extab* .gnu.linkonce.armextab.*)
                0x100002d8                __exidx_start = .

.ARM.exidx
 *(.ARM.exidx* .gnu.linkonce.armexidx.*)
                0x100002d8                __exidx_end = .
                0x100002d8                . = ALIGN (0x4)
                0x100002d8                __binary_info_start = .

.binary_info    0x100002d8       0x2c
 *(.binary_info.keep.*)
 .binary_info.keep.__bi_ptr22
                0x100002d8        0x4 CMakeFiles/okhi.dir/C_/Program_Files/Raspberry_Pi/Pico_SDK_v1.5.1/pico-sdk/src/rp2_common/pico_standard_link/binary_info.c.obj
 .binary_info.keep.__bi_ptr30
                0x100002dc        0x4 CMakeFiles/okhi.dir/C_/Program_Files/Raspberry_Pi/Pico_SDK_v1.5.1/pico-sdk/src/rp2_common/pico_standard_link/binary_info.c.obj
 .binary_info.keep.__bi_ptr38
                0x100002e0        0x4 CMakeFiles/okhi.dir/C_/Program_Files/Raspberry_Pi/Pico_SDK_v1.5.1/pico-sdk/src/rp2_common/pico_standard_link/binary_info.c.obj
 .binary_info.keep.__bi_ptr44
                0x100002e4        0x4 CMakeFiles/okhi.dir/C_/Program_Files/Raspberry_Pi/Pico_SDK_v1.5.1/pico-sdk/src/rp2_common/pico_standard_link/binary_info.c.obj
 .binary_info.keep.__bi_ptr50
                0x100002e8        0x4 CMakeFiles/okhi.dir/C_/Program_Files/Raspberry_Pi/Pico_SDK_v1.5.1/pico-sdk/src/rp2_common/pico_standard_link/binary_info.c.obj
 .binary_info.keep.__bi_ptr69
                0x100002ec        0x4 CMakeFiles/okhi.dir/C_/Program_Files/Raspberry_Pi/Pico_SDK_v1.5.1/pico-sdk/src/rp2_common/pico_standard_link/binary_info.c.obj
 .binary_info.keep.__bi_ptr75
                0x100002f0        0x4 CMakeFiles/okhi.dir/C_/Program_Files/Raspberry_Pi/Pico_SDK_v1.5.1/pico-sdk/src/rp2_common/pico_standard_link/binary_info.c.obj
 .binary_info.keep.__bi_ptr81
                0x100002f4        0x4 CMakeFiles/okhi.dir/C_/Program_Files/Raspberry_Pi/Pico_SDK_v1.5.1/pico-sdk/src/rp2_common/pico_standard_link/binary_info.c.obj
 .binary_info.keep.__bi_ptr91
                0x100002f8        0x4 CMakeFiles/okhi.dir/C_/Program_Files/Raspberry_Pi/Pico_SDK_v1.5.1/pico-sdk/src/rp2_common/pico_standard_link/binary_info.c.obj
 *(.binary_info.*)
 .binary_info.__bi_ptr33
                0x100002fc        0x4 CMakeFiles/okhi.dir/C_/Program_Files/Raspberry_Pi/Pico_SDK_v1.5.1/pico-sdk/src/rp2_common/pico_stdio_uart/stdio_uart.c.obj
 .binary_info.__bi_ptr34
                0x10000300        0x4 CMakeFiles/okhi.dir/C_/Program_Files/Raspberry_Pi/Pico_SDK_v1.5.1/pico-sdk/src/rp2_common/pico_stdio_uart/stdio_uart.c.obj
                0x10000304                __binary_info_end = .
                0x10000304                . = ALIGN (0x4)

.ram_vector_table
                0x20000000       0xc0
 *(.ram_vector_table)
 .ram_vector_table
                0x20000000       0xc0 CMakeFiles/okhi.dir/C_/Program_Files/Raspberry_Pi/Pico_SDK_v1.5.1/pico-sdk/src/rp2_common/pico_runtime/runtime.c.obj
                0x20000000                ram_vector_table

.text           0x200000c0     0x68b4 load address 0x10000304
                0x200000c0                __ram_text_start__ = .
 *(.init)
 .init          0x200000c0        0x4 c:/progra~1/raspbe~1/picosd~1.1/gcc-ar~1/bin/../lib/gcc/arm-none-eabi/10.3.1/thumb/v6-m/nofp/crti.o
                0x200000c0                _init
 *(.text*)
 .text          0x200000c4       0x48 c:/progra~1/raspbe~1/picosd~1.1/gcc-ar~1/bin/../lib/gcc/arm-none-eabi/10.3.1/thumb/v6-m/nofp/crtbegin.o
 .text.sm_config_set_clkdiv
                0x2000010c       0x3c CMakeFiles/okhi.dir/okhi.c.obj
 .text.pio_get_default_sm_config
                0x20000148       0x28 CMakeFiles/okhi.dir/okhi.c.obj
 .text.capture_limit_value
                0x20000170        0x8 CMakeFiles/okhi.dir/okhi.c.obj
 .text.crc16_usb
                0x20000178       0x2c CMakeFiles/okhi.dir/okhi.c.obj
 .text.crc5_usb
                0x200001a4       0x20 CMakeFiles/okhi.dir/okhi.c.obj
 .text.handle_folding
                0x200001c4       0x88 CMakeFiles/okhi.dir/okhi.c.obj
 .text.process_packet
                0x2000024c      0x1f4 CMakeFiles/okhi.dir/okhi.c.obj
 .text.start_time
                0x20000440       0x30 CMakeFiles/okhi.dir/okhi.c.obj
 .text.pio1_irq
                0x20000470       0x44 CMakeFiles/okhi.dir/okhi.c.obj
                0x20000470                pio1_irq
 .text.pio0_irq
                0x200004b4       0x44 CMakeFiles/okhi.dir/okhi.c.obj
                0x200004b4                pio0_irq
 .text.process_buffer
                0x200004f8      0x148 CMakeFiles/okhi.dir/okhi.c.obj
 .text.gpio_callback
                0x20000640       0x54 CMakeFiles/okhi.dir/okhi.c.obj
                0x20000640                gpio_callback
 .text.print_g_fold_count
                0x20000694       0x3c CMakeFiles/okhi.dir/okhi.c.obj
 .text.get_pin_state
                0x200006d0       0x64 CMakeFiles/okhi.dir/okhi.c.obj
                0x200006d0                get_pin_state
 .text.detect_hw_version
                0x20000734       0x86 CMakeFiles/okhi.dir/okhi.c.obj
                0x20000734                detect_hw_version
 *fill*         0x200007ba        0x2 
 .text.init_ver
                0x200007bc       0xe8 CMakeFiles/okhi.dir/okhi.c.obj
                0x200007bc                init_ver
 .text.my_spi_write_blocking
                0x200008a4      0x1a0 CMakeFiles/okhi.dir/okhi.c.obj
                0x200008a4                my_spi_write_blocking
 .text.my_spi_to_esp_write_blocking
                0x20000a44       0x26 CMakeFiles/okhi.dir/okhi.c.obj
                0x20000a44                my_spi_to_esp_write_blocking
 *fill*         0x20000a6a        0x2 
 .text.print_packet
                0x20000a6c      0x20c CMakeFiles/okhi.dir/okhi.c.obj
 .text.get_start_free_flash_space_addr
                0x20000c78       0x18 CMakeFiles/okhi.dir/okhi.c.obj
                0x20000c78                get_start_free_flash_space_addr
 .text.get_flash_end_address
                0x20000c90        0x6 CMakeFiles/okhi.dir/okhi.c.obj
                0x20000c90                get_flash_end_address
 .text.get_free_flash_space
                0x20000c96       0x10 CMakeFiles/okhi.dir/okhi.c.obj
                0x20000c96                get_free_flash_space
 *fill*         0x20000ca6        0x2 
 .text.reinit_dbuff
                0x20000ca8       0x20 CMakeFiles/okhi.dir/okhi.c.obj
                0x20000ca8                reinit_dbuff
 .text.display_buffer
                0x20000cc8      0x184 CMakeFiles/okhi.dir/okhi.c.obj
                0x20000cc8                display_buffer
 .text.free_all_pio_state_machines
                0x20000e4c       0x26 CMakeFiles/okhi.dir/okhi.c.obj
                0x20000e4c                free_all_pio_state_machines
 *fill*         0x20000e72        0x2 
 .text.init_esp_seq
                0x20000e74       0xc4 CMakeFiles/okhi.dir/okhi.c.obj
                0x20000e74                init_esp_seq
 .text.core1_main
                0x20000f38      0x110 CMakeFiles/okhi.dir/okhi.c.obj
                0x20000f38                core1_main
 .text.blink_led
                0x20001048       0x3a CMakeFiles/okhi.dir/okhi.c.obj
                0x20001048                blink_led
 *fill*         0x20001082        0x2 
 .text.init_seq
                0x20001084      0x224 CMakeFiles/okhi.dir/okhi.c.obj
                0x20001084                init_seq
 .text.main     0x200012a8      0x4d8 CMakeFiles/okhi.dir/okhi.c.obj
                0x200012a8                main
 .text.set_sys_clock_pll
                0x20001780       0x78 CMakeFiles/okhi.dir/C_/Program_Files/Raspberry_Pi/Pico_SDK_v1.5.1/pico-sdk/src/rp2_common/pico_stdlib/stdlib.c.obj
                0x20001780                set_sys_clock_pll
 .text.check_sys_clock_khz
                0x200017f8       0xa4 CMakeFiles/okhi.dir/C_/Program_Files/Raspberry_Pi/Pico_SDK_v1.5.1/pico-sdk/src/rp2_common/pico_stdlib/stdlib.c.obj
                0x200017f8                check_sys_clock_khz
 .text.gpio_set_function
                0x2000189c       0x30 CMakeFiles/okhi.dir/C_/Program_Files/Raspberry_Pi/Pico_SDK_v1.5.1/pico-sdk/src/rp2_common/hardware_gpio/gpio.c.obj
                0x2000189c                gpio_set_function
 .text.gpio_set_pulls
                0x200018cc       0x34 CMakeFiles/okhi.dir/C_/Program_Files/Raspberry_Pi/Pico_SDK_v1.5.1/pico-sdk/src/rp2_common/hardware_gpio/gpio.c.obj
                0x200018cc                gpio_set_pulls
 .text.gpio_set_irq_callback
                0x20001900       0x48 CMakeFiles/okhi.dir/C_/Program_Files/Raspberry_Pi/Pico_SDK_v1.5.1/pico-sdk/src/rp2_common/hardware_gpio/gpio.c.obj
                0x20001900                gpio_set_irq_callback
 .text.gpio_acknowledge_irq
                0x20001948       0x18 CMakeFiles/okhi.dir/C_/Program_Files/Raspberry_Pi/Pico_SDK_v1.5.1/pico-sdk/src/rp2_common/hardware_gpio/gpio.c.obj
                0x20001948                gpio_acknowledge_irq
 .text._gpio_set_irq_enabled
                0x20001960       0x34 CMakeFiles/okhi.dir/C_/Program_Files/Raspberry_Pi/Pico_SDK_v1.5.1/pico-sdk/src/rp2_common/hardware_gpio/gpio.c.obj
 .text.gpio_set_irq_enabled
                0x20001994       0x20 CMakeFiles/okhi.dir/C_/Program_Files/Raspberry_Pi/Pico_SDK_v1.5.1/pico-sdk/src/rp2_common/hardware_gpio/gpio.c.obj
                0x20001994                gpio_set_irq_enabled
 .text.gpio_set_irq_enabled_with_callback
                0x200019b4       0x20 CMakeFiles/okhi.dir/C_/Program_Files/Raspberry_Pi/Pico_SDK_v1.5.1/pico-sdk/src/rp2_common/hardware_gpio/gpio.c.obj
                0x200019b4                gpio_set_irq_enabled_with_callback
 .text.gpio_default_irq_handler
                0x200019d4       0x98 CMakeFiles/okhi.dir/C_/Program_Files/Raspberry_Pi/Pico_SDK_v1.5.1/pico-sdk/src/rp2_common/hardware_gpio/gpio.c.obj
 .text.gpio_set_input_enabled
                0x20001a6c       0x30 CMakeFiles/okhi.dir/C_/Program_Files/Raspberry_Pi/Pico_SDK_v1.5.1/pico-sdk/src/rp2_common/hardware_gpio/gpio.c.obj
                0x20001a6c                gpio_set_input_enabled
 .text.gpio_init
                0x20001a9c       0x16 CMakeFiles/okhi.dir/C_/Program_Files/Raspberry_Pi/Pico_SDK_v1.5.1/pico-sdk/src/rp2_common/hardware_gpio/gpio.c.obj
                0x20001a9c                gpio_init
 .text.gpio_deinit
                0x20001ab2        0xa CMakeFiles/okhi.dir/C_/Program_Files/Raspberry_Pi/Pico_SDK_v1.5.1/pico-sdk/src/rp2_common/hardware_gpio/gpio.c.obj
                0x20001ab2                gpio_deinit
 .text.running_on_fpga
                0x20001abc       0x14 CMakeFiles/okhi.dir/C_/Program_Files/Raspberry_Pi/Pico_SDK_v1.5.1/pico-sdk/src/rp2_common/pico_platform/platform.c.obj
                0x20001abc                running_on_fpga
 .text.hw_claim_lock
                0x20001ad0       0x18 CMakeFiles/okhi.dir/C_/Program_Files/Raspberry_Pi/Pico_SDK_v1.5.1/pico-sdk/src/rp2_common/hardware_claim/claim.c.obj
                0x20001ad0                hw_claim_lock
 .text.hw_claim_unlock
                0x20001ae8       0x14 CMakeFiles/okhi.dir/C_/Program_Files/Raspberry_Pi/Pico_SDK_v1.5.1/pico-sdk/src/rp2_common/hardware_claim/claim.c.obj
                0x20001ae8                hw_claim_unlock
 .text.hw_is_claimed
                0x20001afc       0x16 CMakeFiles/okhi.dir/C_/Program_Files/Raspberry_Pi/Pico_SDK_v1.5.1/pico-sdk/src/rp2_common/hardware_claim/claim.c.obj
                0x20001afc                hw_is_claimed
 .text.hw_claim_or_assert
                0x20001b12       0x32 CMakeFiles/okhi.dir/C_/Program_Files/Raspberry_Pi/Pico_SDK_v1.5.1/pico-sdk/src/rp2_common/hardware_claim/claim.c.obj
                0x20001b12                hw_claim_or_assert
 .text.hw_claim_unused_from_range
                0x20001b44       0x50 CMakeFiles/okhi.dir/C_/Program_Files/Raspberry_Pi/Pico_SDK_v1.5.1/pico-sdk/src/rp2_common/hardware_claim/claim.c.obj
                0x20001b44                hw_claim_unused_from_range
 .text.hw_claim_clear
                0x20001b94       0x40 CMakeFiles/okhi.dir/C_/Program_Files/Raspberry_Pi/Pico_SDK_v1.5.1/pico-sdk/src/rp2_common/hardware_claim/claim.c.obj
                0x20001b94                hw_claim_clear
 .text.spin_locks_reset
                0x20001bd4       0x20 CMakeFiles/okhi.dir/C_/Program_Files/Raspberry_Pi/Pico_SDK_v1.5.1/pico-sdk/src/rp2_common/hardware_sync/sync.c.obj
                0x20001bd4                spin_locks_reset
 .text.next_striped_spin_lock_num
                0x20001bf4       0x1c CMakeFiles/okhi.dir/C_/Program_Files/Raspberry_Pi/Pico_SDK_v1.5.1/pico-sdk/src/rp2_common/hardware_sync/sync.c.obj
                0x20001bf4                next_striped_spin_lock_num
 .text.set_raw_irq_handler_and_unlock
                0x20001c10       0x28 CMakeFiles/okhi.dir/C_/Program_Files/Raspberry_Pi/Pico_SDK_v1.5.1/pico-sdk/src/rp2_common/hardware_irq/irq.c.obj
 .text.make_branch
                0x20001c38       0x48 CMakeFiles/okhi.dir/C_/Program_Files/Raspberry_Pi/Pico_SDK_v1.5.1/pico-sdk/src/rp2_common/hardware_irq/irq.c.obj
 .text.insert_branch_and_link
                0x20001c80       0x40 CMakeFiles/okhi.dir/C_/Program_Files/Raspberry_Pi/Pico_SDK_v1.5.1/pico-sdk/src/rp2_common/hardware_irq/irq.c.obj
 .text.irq_is_enabled
                0x20001cc0       0x18 CMakeFiles/okhi.dir/C_/Program_Files/Raspberry_Pi/Pico_SDK_v1.5.1/pico-sdk/src/rp2_common/hardware_irq/irq.c.obj
                0x20001cc0                irq_is_enabled
 .text.irq_set_mask_enabled
                0x20001cd8       0x20 CMakeFiles/okhi.dir/C_/Program_Files/Raspberry_Pi/Pico_SDK_v1.5.1/pico-sdk/src/rp2_common/hardware_irq/irq.c.obj
                0x20001cd8                irq_set_mask_enabled
 .text.irq_set_enabled
                0x20001cf8        0xe CMakeFiles/okhi.dir/C_/Program_Files/Raspberry_Pi/Pico_SDK_v1.5.1/pico-sdk/src/rp2_common/hardware_irq/irq.c.obj
                0x20001cf8                irq_set_enabled
 *fill*         0x20001d06        0x2 
 .text.irq_get_vtable_handler
                0x20001d08       0x10 CMakeFiles/okhi.dir/C_/Program_Files/Raspberry_Pi/Pico_SDK_v1.5.1/pico-sdk/src/rp2_common/hardware_irq/irq.c.obj
                0x20001d08                irq_get_vtable_handler
 .text.irq_set_exclusive_handler
                0x20001d18       0x54 CMakeFiles/okhi.dir/C_/Program_Files/Raspberry_Pi/Pico_SDK_v1.5.1/pico-sdk/src/rp2_common/hardware_irq/irq.c.obj
                0x20001d18                irq_set_exclusive_handler
 .text.irq_add_shared_handler
                0x20001d6c      0x234 CMakeFiles/okhi.dir/C_/Program_Files/Raspberry_Pi/Pico_SDK_v1.5.1/pico-sdk/src/rp2_common/hardware_irq/irq.c.obj
                0x20001d6c                irq_add_shared_handler
 .text.irq_remove_handler
                0x20001fa0      0x1ac CMakeFiles/okhi.dir/C_/Program_Files/Raspberry_Pi/Pico_SDK_v1.5.1/pico-sdk/src/rp2_common/hardware_irq/irq.c.obj
                0x20001fa0                irq_remove_handler
 .text.irq_add_tail_to_free_list
                0x2000214c       0xf0 CMakeFiles/okhi.dir/C_/Program_Files/Raspberry_Pi/Pico_SDK_v1.5.1/pico-sdk/src/rp2_common/hardware_irq/irq.c.obj
                0x2000214c                irq_add_tail_to_free_list
 .text.irq_init_priorities
                0x2000223c       0x1c CMakeFiles/okhi.dir/C_/Program_Files/Raspberry_Pi/Pico_SDK_v1.5.1/pico-sdk/src/rp2_common/hardware_irq/irq.c.obj
                0x2000223c                irq_init_priorities
 .text.lock_init
                0x20002258       0x10 CMakeFiles/okhi.dir/C_/Program_Files/Raspberry_Pi/Pico_SDK_v1.5.1/pico-sdk/src/common/pico_sync/lock_core.c.obj
                0x20002258                lock_init
 .text.mutex_init
                0x20002268       0x1a CMakeFiles/okhi.dir/C_/Program_Files/Raspberry_Pi/Pico_SDK_v1.5.1/pico-sdk/src/common/pico_sync/mutex.c.obj
                0x20002268                mutex_init
 .text.recursive_mutex_init
                0x20002282       0x1e CMakeFiles/okhi.dir/C_/Program_Files/Raspberry_Pi/Pico_SDK_v1.5.1/pico-sdk/src/common/pico_sync/mutex.c.obj
                0x20002282                recursive_mutex_init
 .text.alarm_pool_post_alloc_init
                0x200022a0       0x40 CMakeFiles/okhi.dir/C_/Program_Files/Raspberry_Pi/Pico_SDK_v1.5.1/pico-sdk/src/common/pico_time/time.c.obj
 .text.sleep_until_callback
                0x200022e0       0x30 CMakeFiles/okhi.dir/C_/Program_Files/Raspberry_Pi/Pico_SDK_v1.5.1/pico-sdk/src/common/pico_time/time.c.obj
 .text.timer_pool_entry_comparator
                0x20002310       0x7c CMakeFiles/okhi.dir/C_/Program_Files/Raspberry_Pi/Pico_SDK_v1.5.1/pico-sdk/src/common/pico_time/time.c.obj
                0x20002310                timer_pool_entry_comparator
 .text.ph_add_child_node
                0x2000238c       0xa4 CMakeFiles/okhi.dir/C_/Program_Files/Raspberry_Pi/Pico_SDK_v1.5.1/pico-sdk/src/common/pico_time/time.c.obj
 .text.ph_merge_nodes
                0x20002430       0x3e CMakeFiles/okhi.dir/C_/Program_Files/Raspberry_Pi/Pico_SDK_v1.5.1/pico-sdk/src/common/pico_time/time.c.obj
 *fill*         0x2000246e        0x2 
 .text.add_alarm_under_lock
                0x20002470      0x174 CMakeFiles/okhi.dir/C_/Program_Files/Raspberry_Pi/Pico_SDK_v1.5.1/pico-sdk/src/common/pico_time/time.c.obj
 .text.alarm_pool_alarm_callback
                0x200025e4      0x33c CMakeFiles/okhi.dir/C_/Program_Files/Raspberry_Pi/Pico_SDK_v1.5.1/pico-sdk/src/common/pico_time/time.c.obj
 .text.alarm_pool_init_default
                0x20002920       0x40 CMakeFiles/okhi.dir/C_/Program_Files/Raspberry_Pi/Pico_SDK_v1.5.1/pico-sdk/src/common/pico_time/time.c.obj
                0x20002920                alarm_pool_init_default
 .text.alarm_pool_get_default
                0x20002960       0x2c CMakeFiles/okhi.dir/C_/Program_Files/Raspberry_Pi/Pico_SDK_v1.5.1/pico-sdk/src/common/pico_time/time.c.obj
                0x20002960                alarm_pool_get_default
 .text.alarm_pool_add_alarm_at
                0x2000298c      0x168 CMakeFiles/okhi.dir/C_/Program_Files/Raspberry_Pi/Pico_SDK_v1.5.1/pico-sdk/src/common/pico_time/time.c.obj
                0x2000298c                alarm_pool_add_alarm_at
 .text.alarm_pool_cancel_alarm
                0x20002af4       0xf8 CMakeFiles/okhi.dir/C_/Program_Files/Raspberry_Pi/Pico_SDK_v1.5.1/pico-sdk/src/common/pico_time/time.c.obj
                0x20002af4                alarm_pool_cancel_alarm
 .text.sleep_until
                0x20002bec       0xfc CMakeFiles/okhi.dir/C_/Program_Files/Raspberry_Pi/Pico_SDK_v1.5.1/pico-sdk/src/common/pico_time/time.c.obj
                0x20002bec                sleep_until
 .text.sleep_us
                0x20002ce8       0x58 CMakeFiles/okhi.dir/C_/Program_Files/Raspberry_Pi/Pico_SDK_v1.5.1/pico-sdk/src/common/pico_time/time.c.obj
                0x20002ce8                sleep_us
 .text.sleep_ms
                0x20002d40       0x14 CMakeFiles/okhi.dir/C_/Program_Files/Raspberry_Pi/Pico_SDK_v1.5.1/pico-sdk/src/common/pico_time/time.c.obj
                0x20002d40                sleep_ms
 .text.best_effort_wfe_or_timeout
                0x20002d54       0xac CMakeFiles/okhi.dir/C_/Program_Files/Raspberry_Pi/Pico_SDK_v1.5.1/pico-sdk/src/common/pico_time/time.c.obj
                0x20002d54                best_effort_wfe_or_timeout
 .text.hardware_alarm_irq_handler
                0x20002e00       0x90 CMakeFiles/okhi.dir/C_/Program_Files/Raspberry_Pi/Pico_SDK_v1.5.1/pico-sdk/src/rp2_common/hardware_timer/timer.c.obj
 .text.hardware_alarm_claim
                0x20002e90       0x18 CMakeFiles/okhi.dir/C_/Program_Files/Raspberry_Pi/Pico_SDK_v1.5.1/pico-sdk/src/rp2_common/hardware_timer/timer.c.obj
                0x20002e90                hardware_alarm_claim
 .text.time_us_64
                0x20002ea8       0x18 CMakeFiles/okhi.dir/C_/Program_Files/Raspberry_Pi/Pico_SDK_v1.5.1/pico-sdk/src/rp2_common/hardware_timer/timer.c.obj
                0x20002ea8                time_us_64
 .text.busy_wait_until
                0x20002ec0       0x28 CMakeFiles/okhi.dir/C_/Program_Files/Raspberry_Pi/Pico_SDK_v1.5.1/pico-sdk/src/rp2_common/hardware_timer/timer.c.obj
                0x20002ec0                busy_wait_until
 .text.busy_wait_us
                0x20002ee8       0x48 CMakeFiles/okhi.dir/C_/Program_Files/Raspberry_Pi/Pico_SDK_v1.5.1/pico-sdk/src/rp2_common/hardware_timer/timer.c.obj
                0x20002ee8                busy_wait_us
 .text.hardware_alarm_set_callback
                0x20002f30       0x90 CMakeFiles/okhi.dir/C_/Program_Files/Raspberry_Pi/Pico_SDK_v1.5.1/pico-sdk/src/rp2_common/hardware_timer/timer.c.obj
                0x20002f30                hardware_alarm_set_callback
 .text.hardware_alarm_set_target
                0x20002fc0       0xe8 CMakeFiles/okhi.dir/C_/Program_Files/Raspberry_Pi/Pico_SDK_v1.5.1/pico-sdk/src/rp2_common/hardware_timer/timer.c.obj
                0x20002fc0                hardware_alarm_set_target
 .text.hardware_alarm_cancel
                0x200030a8       0x40 CMakeFiles/okhi.dir/C_/Program_Files/Raspberry_Pi/Pico_SDK_v1.5.1/pico-sdk/src/rp2_common/hardware_timer/timer.c.obj
                0x200030a8                hardware_alarm_cancel
 .text.ph_add_child_node
                0x200030e8       0xa4 CMakeFiles/okhi.dir/C_/Program_Files/Raspberry_Pi/Pico_SDK_v1.5.1/pico-sdk/src/common/pico_util/pheap.c.obj
 .text.ph_merge_nodes
                0x2000318c       0x3e CMakeFiles/okhi.dir/C_/Program_Files/Raspberry_Pi/Pico_SDK_v1.5.1/pico-sdk/src/common/pico_util/pheap.c.obj
 *fill*         0x200031ca        0x2 
 .text.ph_clear
                0x200031cc       0x70 CMakeFiles/okhi.dir/C_/Program_Files/Raspberry_Pi/Pico_SDK_v1.5.1/pico-sdk/src/common/pico_util/pheap.c.obj
                0x200031cc                ph_clear
 .text.ph_post_alloc_init
                0x2000323c        0xe CMakeFiles/okhi.dir/C_/Program_Files/Raspberry_Pi/Pico_SDK_v1.5.1/pico-sdk/src/common/pico_util/pheap.c.obj
                0x2000323c                ph_post_alloc_init
 *fill*         0x2000324a        0x2 
 .text.ph_merge_two_pass
                0x2000324c       0xa8 CMakeFiles/okhi.dir/C_/Program_Files/Raspberry_Pi/Pico_SDK_v1.5.1/pico-sdk/src/common/pico_util/pheap.c.obj
                0x2000324c                ph_merge_two_pass
 .text.ph_remove_any_head
                0x200032f4      0x128 CMakeFiles/okhi.dir/C_/Program_Files/Raspberry_Pi/Pico_SDK_v1.5.1/pico-sdk/src/common/pico_util/pheap.c.obj
 .text.ph_remove_head
                0x2000341c       0x14 CMakeFiles/okhi.dir/C_/Program_Files/Raspberry_Pi/Pico_SDK_v1.5.1/pico-sdk/src/common/pico_util/pheap.c.obj
                0x2000341c                ph_remove_head
 .text.ph_remove_and_free_node
                0x20003430       0xf8 CMakeFiles/okhi.dir/C_/Program_Files/Raspberry_Pi/Pico_SDK_v1.5.1/pico-sdk/src/common/pico_util/pheap.c.obj
                0x20003430                ph_remove_and_free_node
 .text.uart_disable_before_lcr_write
                0x20003528       0x48 CMakeFiles/okhi.dir/C_/Program_Files/Raspberry_Pi/Pico_SDK_v1.5.1/pico-sdk/src/rp2_common/hardware_uart/uart.c.obj
 .text.uart_write_lcr_bits_masked
                0x20003570       0x22 CMakeFiles/okhi.dir/C_/Program_Files/Raspberry_Pi/Pico_SDK_v1.5.1/pico-sdk/src/rp2_common/hardware_uart/uart.c.obj
 *fill*         0x20003592        0x2 
 .text.uart_set_baudrate
                0x20003594       0x5c CMakeFiles/okhi.dir/C_/Program_Files/Raspberry_Pi/Pico_SDK_v1.5.1/pico-sdk/src/rp2_common/hardware_uart/uart.c.obj
                0x20003594                uart_set_baudrate
 .text.uart_set_format
                0x200035f0       0x2c CMakeFiles/okhi.dir/C_/Program_Files/Raspberry_Pi/Pico_SDK_v1.5.1/pico-sdk/src/rp2_common/hardware_uart/uart.c.obj
                0x200035f0                uart_set_format
 .text.uart_set_fifo_enabled
                0x2000361c       0x10 CMakeFiles/okhi.dir/C_/Program_Files/Raspberry_Pi/Pico_SDK_v1.5.1/pico-sdk/src/rp2_common/hardware_uart/uart.c.obj
                0x2000361c                uart_set_fifo_enabled
 .text.uart_set_translate_crlf
                0x2000362c       0x28 CMakeFiles/okhi.dir/C_/Program_Files/Raspberry_Pi/Pico_SDK_v1.5.1/pico-sdk/src/rp2_common/hardware_uart/uart.c.obj
                0x2000362c                uart_set_translate_crlf
 .text.uart_init
                0x20003654       0x80 CMakeFiles/okhi.dir/C_/Program_Files/Raspberry_Pi/Pico_SDK_v1.5.1/pico-sdk/src/rp2_common/hardware_uart/uart.c.obj
                0x20003654                uart_init
 .text.clock_configure
                0x200036d4      0x108 CMakeFiles/okhi.dir/C_/Program_Files/Raspberry_Pi/Pico_SDK_v1.5.1/pico-sdk/src/rp2_common/hardware_clocks/clocks.c.obj
                0x200036d4                clock_configure
 .text.clocks_init
                0x200037dc      0x100 CMakeFiles/okhi.dir/C_/Program_Files/Raspberry_Pi/Pico_SDK_v1.5.1/pico-sdk/src/rp2_common/hardware_clocks/clocks.c.obj
                0x200037dc                clocks_init
 .text.clock_get_hz
                0x200038dc        0xc CMakeFiles/okhi.dir/C_/Program_Files/Raspberry_Pi/Pico_SDK_v1.5.1/pico-sdk/src/rp2_common/hardware_clocks/clocks.c.obj
                0x200038dc                clock_get_hz
 .text.pll_init
                0x200038e8      0x120 CMakeFiles/okhi.dir/C_/Program_Files/Raspberry_Pi/Pico_SDK_v1.5.1/pico-sdk/src/rp2_common/hardware_pll/pll.c.obj
                0x200038e8                pll_init
 .text.watchdog_start_tick
                0x20003a08       0x10 CMakeFiles/okhi.dir/C_/Program_Files/Raspberry_Pi/Pico_SDK_v1.5.1/pico-sdk/src/rp2_common/hardware_watchdog/watchdog.c.obj
                0x20003a08                watchdog_start_tick
 .text.watchdog_update
                0x20003a18       0x14 CMakeFiles/okhi.dir/C_/Program_Files/Raspberry_Pi/Pico_SDK_v1.5.1/pico-sdk/src/rp2_common/hardware_watchdog/watchdog.c.obj
                0x20003a18                watchdog_update
 .text._watchdog_enable
                0x20003a2c       0x78 CMakeFiles/okhi.dir/C_/Program_Files/Raspberry_Pi/Pico_SDK_v1.5.1/pico-sdk/src/rp2_common/hardware_watchdog/watchdog.c.obj
                0x20003a2c                _watchdog_enable
 .text.watchdog_enable
                0x20003aa4       0x18 CMakeFiles/okhi.dir/C_/Program_Files/Raspberry_Pi/Pico_SDK_v1.5.1/pico-sdk/src/rp2_common/hardware_watchdog/watchdog.c.obj
                0x20003aa4                watchdog_enable
 .text.watchdog_reboot
                0x20003abc       0x48 CMakeFiles/okhi.dir/C_/Program_Files/Raspberry_Pi/Pico_SDK_v1.5.1/pico-sdk/src/rp2_common/hardware_watchdog/watchdog.c.obj
                0x20003abc                watchdog_reboot
 .text.watchdog_caused_reboot
                0x20003b04       0x10 CMakeFiles/okhi.dir/C_/Program_Files/Raspberry_Pi/Pico_SDK_v1.5.1/pico-sdk/src/rp2_common/hardware_watchdog/watchdog.c.obj
                0x20003b04                watchdog_caused_reboot
 .text.xosc_init
                0x20003b14       0x28 CMakeFiles/okhi.dir/C_/Program_Files/Raspberry_Pi/Pico_SDK_v1.5.1/pico-sdk/src/rp2_common/hardware_xosc/xosc.c.obj
                0x20003b14                xosc_init
 .text._exit    0x20003b3c        0x4 CMakeFiles/okhi.dir/C_/Program_Files/Raspberry_Pi/Pico_SDK_v1.5.1/pico-sdk/src/rp2_common/pico_runtime/runtime.c.obj
                0x20003b3c                _exit
 .text.exit     0x20003b40        0x6 CMakeFiles/okhi.dir/C_/Program_Files/Raspberry_Pi/Pico_SDK_v1.5.1/pico-sdk/src/rp2_common/pico_runtime/runtime.c.obj
                0x20003b40                exit
 *fill*         0x20003b46        0x2 
 .text.__assert_func
                0x20003b48       0x3c CMakeFiles/okhi.dir/C_/Program_Files/Raspberry_Pi/Pico_SDK_v1.5.1/pico-sdk/src/rp2_common/pico_runtime/runtime.c.obj
                0x20003b48                __assert_func
 .text.runtime_init
                0x20003b84       0xf8 CMakeFiles/okhi.dir/C_/Program_Files/Raspberry_Pi/Pico_SDK_v1.5.1/pico-sdk/src/rp2_common/pico_runtime/runtime.c.obj
                0x20003b84                runtime_init
 .text.panic    0x20003c7c       0x30 CMakeFiles/okhi.dir/C_/Program_Files/Raspberry_Pi/Pico_SDK_v1.5.1/pico-sdk/src/rp2_common/pico_runtime/runtime.c.obj
                0x20003c7c                panic
 .text._out_buffer
                0x20003cac        0x8 CMakeFiles/okhi.dir/C_/Program_Files/Raspberry_Pi/Pico_SDK_v1.5.1/pico-sdk/src/rp2_common/pico_printf/printf.c.obj
 .text._out_null
                0x20003cb4        0x2 CMakeFiles/okhi.dir/C_/Program_Files/Raspberry_Pi/Pico_SDK_v1.5.1/pico-sdk/src/rp2_common/pico_printf/printf.c.obj
 .text._out_fct
                0x20003cb6        0xe CMakeFiles/okhi.dir/C_/Program_Files/Raspberry_Pi/Pico_SDK_v1.5.1/pico-sdk/src/rp2_common/pico_printf/printf.c.obj
 .text._atoi    0x20003cc4       0x24 CMakeFiles/okhi.dir/C_/Program_Files/Raspberry_Pi/Pico_SDK_v1.5.1/pico-sdk/src/rp2_common/pico_printf/printf.c.obj
 .text._out_rev
                0x20003ce8       0xae CMakeFiles/okhi.dir/C_/Program_Files/Raspberry_Pi/Pico_SDK_v1.5.1/pico-sdk/src/rp2_common/pico_printf/printf.c.obj
 .text._ntoa_format
                0x20003d96      0x112 CMakeFiles/okhi.dir/C_/Program_Files/Raspberry_Pi/Pico_SDK_v1.5.1/pico-sdk/src/rp2_common/pico_printf/printf.c.obj
 .text._ntoa_long
                0x20003ea8       0xbc CMakeFiles/okhi.dir/C_/Program_Files/Raspberry_Pi/Pico_SDK_v1.5.1/pico-sdk/src/rp2_common/pico_printf/printf.c.obj
 .text._ntoa_long_long
                0x20003f64       0xe2 CMakeFiles/okhi.dir/C_/Program_Files/Raspberry_Pi/Pico_SDK_v1.5.1/pico-sdk/src/rp2_common/pico_printf/printf.c.obj
 *fill*         0x20004046        0x2 
 .text._etoa    0x20004048      0x414 CMakeFiles/okhi.dir/C_/Program_Files/Raspberry_Pi/Pico_SDK_v1.5.1/pico-sdk/src/rp2_common/pico_printf/printf.c.obj
 .text._ftoa    0x2000445c      0x354 CMakeFiles/okhi.dir/C_/Program_Files/Raspberry_Pi/Pico_SDK_v1.5.1/pico-sdk/src/rp2_common/pico_printf/printf.c.obj
 .text._vsnprintf
                0x200047b0      0x624 CMakeFiles/okhi.dir/C_/Program_Files/Raspberry_Pi/Pico_SDK_v1.5.1/pico-sdk/src/rp2_common/pico_printf/printf.c.obj
 .text.__wrap_sprintf
                0x20004dd4       0x28 CMakeFiles/okhi.dir/C_/Program_Files/Raspberry_Pi/Pico_SDK_v1.5.1/pico-sdk/src/rp2_common/pico_printf/printf.c.obj
                0x20004dd4                __wrap_sprintf
 .text.vfctprintf
                0x20004dfc       0x20 CMakeFiles/okhi.dir/C_/Program_Files/Raspberry_Pi/Pico_SDK_v1.5.1/pico-sdk/src/rp2_common/pico_printf/printf.c.obj
                0x20004dfc                vfctprintf
 .text          0x20004e1c       0x10 CMakeFiles/okhi.dir/C_/Program_Files/Raspberry_Pi/Pico_SDK_v1.5.1/pico-sdk/src/rp2_common/pico_bit_ops/bit_ops_aeabi.S.obj
 .text.rom_func_lookup
                0x20004e2c       0x10 CMakeFiles/okhi.dir/C_/Program_Files/Raspberry_Pi/Pico_SDK_v1.5.1/pico-sdk/src/rp2_common/pico_bootrom/bootrom.c.obj
                0x20004e2c                rom_func_lookup
 .text.rom_data_lookup
                0x20004e3c       0x10 CMakeFiles/okhi.dir/C_/Program_Files/Raspberry_Pi/Pico_SDK_v1.5.1/pico-sdk/src/rp2_common/pico_bootrom/bootrom.c.obj
                0x20004e3c                rom_data_lookup
 .text.rom_funcs_lookup
                0x20004e4c       0x36 CMakeFiles/okhi.dir/C_/Program_Files/Raspberry_Pi/Pico_SDK_v1.5.1/pico-sdk/src/rp2_common/pico_bootrom/bootrom.c.obj
                0x20004e4c                rom_funcs_lookup
 *fill*         0x20004e82        0x2 
 .text.__wrap___aeabi_idiv
                0x20004e84       0x50 CMakeFiles/okhi.dir/C_/Program_Files/Raspberry_Pi/Pico_SDK_v1.5.1/pico-sdk/src/rp2_common/pico_divider/divider.S.obj
                0x20004e84                __wrap___aeabi_idivmod
                0x20004e84                divmod_s32s32
                0x20004e84                div_s32s32
                0x20004e84                __wrap___aeabi_idiv
                0x20004e8c                divmod_s32s32_unsafe
                0x20004eb8                divmod_s32s32_savestate
 .text.__wrap___aeabi_uidiv
                0x20004ed4       0x4c CMakeFiles/okhi.dir/C_/Program_Files/Raspberry_Pi/Pico_SDK_v1.5.1/pico-sdk/src/rp2_common/pico_divider/divider.S.obj
                0x20004ed4                __wrap___aeabi_uidiv
                0x20004ed4                __wrap___aeabi_uidivmod
                0x20004ed4                div_u32u32
                0x20004ed4                divmod_u32u32
                0x20004edc                divmod_u32u32_unsafe
                0x20004f04                divmod_u32u32_savestate
 .text.__wrap___aeabi_ldiv
                0x20004f20      0x424 CMakeFiles/okhi.dir/C_/Program_Files/Raspberry_Pi/Pico_SDK_v1.5.1/pico-sdk/src/rp2_common/pico_divider/divider.S.obj
                0x20004f20                div_s64s64
                0x20004f20                divmod_s64s64
                0x20004f20                __wrap___aeabi_ldivmod
                0x20004f50                divmod_u64u64
                0x20004f50                div_u64u64
                0x20004f50                __wrap___aeabi_uldivmod
                0x20004f60                divmod_u64u64_savestate
                0x20004f80                divmod_s64s64_unsafe
                0x20005008                divmod_u64u64_unsafe
 .text.__wrap___aeabi_darithmetic
                0x20005344       0x80 CMakeFiles/okhi.dir/C_/Program_Files/Raspberry_Pi/Pico_SDK_v1.5.1/pico-sdk/src/rp2_common/pico_double/double_aeabi.S.obj
                0x20005344                __wrap___aeabi_drsub
                0x2000534a                __wrap___aeabi_dsub
                0x2000535c                __wrap___aeabi_dadd
                0x2000536e                __wrap___aeabi_ddiv
                0x200053aa                __wrap___aeabi_dmul
 .text.__wrap___aeabi_cdcmple
                0x200053c4       0x6c CMakeFiles/okhi.dir/C_/Program_Files/Raspberry_Pi/Pico_SDK_v1.5.1/pico-sdk/src/rp2_common/pico_double/double_aeabi.S.obj
                0x200053c4                __wrap___aeabi_cdrcmple
                0x200053d4                __wrap___aeabi_cdcmpeq
                0x200053d4                __wrap___aeabi_cdcmple
 .text.__wrap___aeabi_dcmplt
                0x20005430        0xc CMakeFiles/okhi.dir/C_/Program_Files/Raspberry_Pi/Pico_SDK_v1.5.1/pico-sdk/src/rp2_common/pico_double/double_aeabi.S.obj
                0x20005430                __wrap___aeabi_dcmplt
 .text.__wrap___aeabi_dcmple
                0x2000543c       0x10 CMakeFiles/okhi.dir/C_/Program_Files/Raspberry_Pi/Pico_SDK_v1.5.1/pico-sdk/src/rp2_common/pico_double/double_aeabi.S.obj
                0x2000543c                __wrap___aeabi_dcmple
 .text.__wrap___aeabi_dcmpge
                0x2000544c       0x10 CMakeFiles/okhi.dir/C_/Program_Files/Raspberry_Pi/Pico_SDK_v1.5.1/pico-sdk/src/rp2_common/pico_double/double_aeabi.S.obj
                0x2000544c                __wrap___aeabi_dcmpge
 .text.__wrap___aeabi_dcmpgt
                0x2000545c        0xa CMakeFiles/okhi.dir/C_/Program_Files/Raspberry_Pi/Pico_SDK_v1.5.1/pico-sdk/src/rp2_common/pico_double/double_aeabi.S.obj
                0x2000545c                __wrap___aeabi_dcmpgt
 .text.__wrap___aeabi_dcmpun
                0x20005466       0x1c CMakeFiles/okhi.dir/C_/Program_Files/Raspberry_Pi/Pico_SDK_v1.5.1/pico-sdk/src/rp2_common/pico_double/double_aeabi.S.obj
                0x20005466                __wrap___aeabi_dcmpun
 *fill*         0x20005482        0x2 
 .text.__wrap___aeabi_i2d
                0x20005484       0x38 CMakeFiles/okhi.dir/C_/Program_Files/Raspberry_Pi/Pico_SDK_v1.5.1/pico-sdk/src/rp2_common/pico_double/double_aeabi.S.obj
                0x20005484                __wrap___aeabi_ui2d
                0x2000548c                __wrap___aeabi_i2d
 .text.__wrap___aeabi_d2iz
                0x200054bc       0x48 CMakeFiles/okhi.dir/C_/Program_Files/Raspberry_Pi/Pico_SDK_v1.5.1/pico-sdk/src/rp2_common/pico_double/double_aeabi.S.obj
                0x200054bc                double2int_z
                0x200054bc                __wrap___aeabi_d2iz
 .text.__wrap___aeabi_d2uiz
                0x20005504       0x18 CMakeFiles/okhi.dir/C_/Program_Files/Raspberry_Pi/Pico_SDK_v1.5.1/pico-sdk/src/rp2_common/pico_double/double_aeabi.S.obj
                0x20005504                __wrap___aeabi_d2uiz
                0x20005504                double2uint
 .text.__aeabi_double_init
                0x2000551c       0xc8 CMakeFiles/okhi.dir/C_/Program_Files/Raspberry_Pi/Pico_SDK_v1.5.1/pico-sdk/src/rp2_common/pico_double/double_init_rom.c.obj
                0x2000551c                __aeabi_double_init
 .text.double_table_shim_on_use_helper
                0x200055e4       0x34 CMakeFiles/okhi.dir/C_/Program_Files/Raspberry_Pi/Pico_SDK_v1.5.1/pico-sdk/src/rp2_common/pico_double/double_v1_rom_shim.S.obj
                0x200055e4                double_table_shim_on_use_helper
 .text.__wrap___aeabi_dsub
                0x20005618       0x10 CMakeFiles/okhi.dir/C_/Program_Files/Raspberry_Pi/Pico_SDK_v1.5.1/pico-sdk/src/rp2_common/pico_double/double_v1_rom_shim.S.obj
                0x20005618                drsub_shim
                0x2000561e                dsub_shim
 .text.dadd_shim
                0x20005628      0x15c CMakeFiles/okhi.dir/C_/Program_Files/Raspberry_Pi/Pico_SDK_v1.5.1/pico-sdk/src/rp2_common/pico_double/double_v1_rom_shim.S.obj
                0x20005628                dadd_shim
 .text.dmul_shim
                0x20005784      0x15c CMakeFiles/okhi.dir/C_/Program_Files/Raspberry_Pi/Pico_SDK_v1.5.1/pico-sdk/src/rp2_common/pico_double/double_v1_rom_shim.S.obj
                0x20005784                dmul_shim
 .text.ddiv_shim
                0x200058e0      0x1b0 CMakeFiles/okhi.dir/C_/Program_Files/Raspberry_Pi/Pico_SDK_v1.5.1/pico-sdk/src/rp2_common/pico_double/double_v1_rom_shim.S.obj
                0x200058e0                ddiv_shim
 .text.double2uint_shim
                0x20005a90        0xe CMakeFiles/okhi.dir/C_/Program_Files/Raspberry_Pi/Pico_SDK_v1.5.1/pico-sdk/src/rp2_common/pico_double/double_v1_rom_shim.S.obj
                0x20005a90                double2uint_shim
                0x20005a92                double2ufix_shim
 *fill*         0x20005a9e        0x2 
 .text.double2uint64_shim
                0x20005aa0       0x70 CMakeFiles/okhi.dir/C_/Program_Files/Raspberry_Pi/Pico_SDK_v1.5.1/pico-sdk/src/rp2_common/pico_double/double_v1_rom_shim.S.obj
                0x20005aa0                double2uint64_shim
                0x20005aa2                double2ufix64_shim
                0x20005ac2                d2fix_a
 .text.dunpacks
                0x20005b10       0x3c CMakeFiles/okhi.dir/C_/Program_Files/Raspberry_Pi/Pico_SDK_v1.5.1/pico-sdk/src/rp2_common/pico_double/double_v1_rom_shim.S.obj
                0x20005b10                dunpacks
 .text.__aeabi_lmul
                0x20005b4c       0x32 CMakeFiles/okhi.dir/C_/Program_Files/Raspberry_Pi/Pico_SDK_v1.5.1/pico-sdk/src/rp2_common/pico_int64_ops/pico_int64_ops_aeabi.S.obj
                0x20005b4c                __wrap___aeabi_lmul
 *fill*         0x20005b7e        0x2 
 .text.__wrap___aeabi_farithmetic
                0x20005b80       0x58 CMakeFiles/okhi.dir/C_/Program_Files/Raspberry_Pi/Pico_SDK_v1.5.1/pico-sdk/src/rp2_common/pico_float/float_aeabi.S.obj
                0x20005b80                __wrap___aeabi_frsub
                0x20005b86                __wrap___aeabi_fsub
                0x20005b90                __wrap___aeabi_fadd
                0x20005b9a                __wrap___aeabi_fdiv
                0x20005bc6                __wrap___aeabi_fmul
 .text.__wrap___aeabi_ui2f
                0x20005bd8        0xa CMakeFiles/okhi.dir/C_/Program_Files/Raspberry_Pi/Pico_SDK_v1.5.1/pico-sdk/src/rp2_common/pico_float/float_aeabi.S.obj
                0x20005bd8                __wrap___aeabi_ui2f
 *fill*         0x20005be2        0x2 
 .text.__wrap___aeabi_i2f
                0x20005be4       0x44 CMakeFiles/okhi.dir/C_/Program_Files/Raspberry_Pi/Pico_SDK_v1.5.1/pico-sdk/src/rp2_common/pico_float/float_aeabi.S.obj
                0x20005be4                __wrap___aeabi_i2f
 .text.__wrap___aeabi_f2uiz
                0x20005c28       0x10 CMakeFiles/okhi.dir/C_/Program_Files/Raspberry_Pi/Pico_SDK_v1.5.1/pico-sdk/src/rp2_common/pico_float/float_aeabi.S.obj
                0x20005c28                __wrap___aeabi_f2uiz
 .text.__wrap___aeabi_f2d
                0x20005c38       0x14 CMakeFiles/okhi.dir/C_/Program_Files/Raspberry_Pi/Pico_SDK_v1.5.1/pico-sdk/src/rp2_common/pico_float/float_aeabi.S.obj
                0x20005c38                __wrap___aeabi_f2d
 .text.__aeabi_float_init
                0x20005c4c       0xfc CMakeFiles/okhi.dir/C_/Program_Files/Raspberry_Pi/Pico_SDK_v1.5.1/pico-sdk/src/rp2_common/pico_float/float_init_rom.c.obj
                0x20005c4c                __aeabi_float_init
 .text.float_table_shim_on_use_helper
                0x20005d48       0x34 CMakeFiles/okhi.dir/C_/Program_Files/Raspberry_Pi/Pico_SDK_v1.5.1/pico-sdk/src/rp2_common/pico_float/float_v1_rom_shim.S.obj
                0x20005d48                float_table_shim_on_use_helper
 .text.float2double_shim
                0x20005d7c       0x30 CMakeFiles/okhi.dir/C_/Program_Files/Raspberry_Pi/Pico_SDK_v1.5.1/pico-sdk/src/rp2_common/pico_float/float_v1_rom_shim.S.obj
                0x20005d7c                float2double_shim
 .text          0x20005dac       0x10 CMakeFiles/okhi.dir/C_/Program_Files/Raspberry_Pi/Pico_SDK_v1.5.1/pico-sdk/src/rp2_common/pico_mem_ops/mem_ops_aeabi.S.obj
                0x20005dac                __aeabi_mem_init
 .text.memset   0x20005dbc        0xc CMakeFiles/okhi.dir/C_/Program_Files/Raspberry_Pi/Pico_SDK_v1.5.1/pico-sdk/src/rp2_common/pico_mem_ops/mem_ops_aeabi.S.obj
                0x20005dbc                __wrap_memset
 .text.memcpy   0x20005dc8        0xc CMakeFiles/okhi.dir/C_/Program_Files/Raspberry_Pi/Pico_SDK_v1.5.1/pico-sdk/src/rp2_common/pico_mem_ops/mem_ops_aeabi.S.obj
                0x20005dc8                __wrap_memcpy
                0x20005dc8                __wrap___aeabi_memcpy
 .text.stdio_out_chars_no_crlf
                0x20005dd4        0xe CMakeFiles/okhi.dir/C_/Program_Files/Raspberry_Pi/Pico_SDK_v1.5.1/pico-sdk/src/rp2_common/pico_stdio/stdio.c.obj
 *fill*         0x20005de2        0x2 
 .text.stdio_out_chars_crlf
                0x20005de4       0x80 CMakeFiles/okhi.dir/C_/Program_Files/Raspberry_Pi/Pico_SDK_v1.5.1/pico-sdk/src/rp2_common/pico_stdio/stdio.c.obj
 .text.stdio_stack_buffer_flush
                0x20005e64       0x44 CMakeFiles/okhi.dir/C_/Program_Files/Raspberry_Pi/Pico_SDK_v1.5.1/pico-sdk/src/rp2_common/pico_stdio/stdio.c.obj
 .text.stdio_buffered_printer
                0x20005ea8       0x20 CMakeFiles/okhi.dir/C_/Program_Files/Raspberry_Pi/Pico_SDK_v1.5.1/pico-sdk/src/rp2_common/pico_stdio/stdio.c.obj
 .text.stdout_serialize_begin
                0x20005ec8       0x5c CMakeFiles/okhi.dir/C_/Program_Files/Raspberry_Pi/Pico_SDK_v1.5.1/pico-sdk/src/rp2_common/pico_stdio/stdio.c.obj
                0x20005ec8                stdout_serialize_begin
 .text.stdout_serialize_end
                0x20005f24       0x10 CMakeFiles/okhi.dir/C_/Program_Files/Raspberry_Pi/Pico_SDK_v1.5.1/pico-sdk/src/rp2_common/pico_stdio/stdio.c.obj
                0x20005f24                stdout_serialize_end
 .text.stdio_put_string
                0x20005f34       0x98 CMakeFiles/okhi.dir/C_/Program_Files/Raspberry_Pi/Pico_SDK_v1.5.1/pico-sdk/src/rp2_common/pico_stdio/stdio.c.obj
 .text.stdio_set_driver_enabled
                0x20005fcc       0x2c CMakeFiles/okhi.dir/C_/Program_Files/Raspberry_Pi/Pico_SDK_v1.5.1/pico-sdk/src/rp2_common/pico_stdio/stdio.c.obj
                0x20005fcc                stdio_set_driver_enabled
 .text.stdio_flush
                0x20005ff8       0x20 CMakeFiles/okhi.dir/C_/Program_Files/Raspberry_Pi/Pico_SDK_v1.5.1/pico-sdk/src/rp2_common/pico_stdio/stdio.c.obj
                0x20005ff8                stdio_flush
 .text.__wrap_puts
                0x20006018       0x1e CMakeFiles/okhi.dir/C_/Program_Files/Raspberry_Pi/Pico_SDK_v1.5.1/pico-sdk/src/rp2_common/pico_stdio/stdio.c.obj
                0x20006018                __wrap_puts
 *fill*         0x20006036        0x2 
 .text.__wrap_vprintf
                0x20006038       0x40 CMakeFiles/okhi.dir/C_/Program_Files/Raspberry_Pi/Pico_SDK_v1.5.1/pico-sdk/src/rp2_common/pico_stdio/stdio.c.obj
                0x20006038                __wrap_vprintf
 .text.__wrap_printf
                0x20006078       0x18 CMakeFiles/okhi.dir/C_/Program_Files/Raspberry_Pi/Pico_SDK_v1.5.1/pico-sdk/src/rp2_common/pico_stdio/stdio.c.obj
                0x20006078                __wrap_printf
 .text.stdio_init_all
                0x20006090        0xa CMakeFiles/okhi.dir/C_/Program_Files/Raspberry_Pi/Pico_SDK_v1.5.1/pico-sdk/src/rp2_common/pico_stdio/stdio.c.obj
                0x20006090                stdio_init_all
 *fill*         0x2000609a        0x2 
 .text.stdio_uart_out_chars
                0x2000609c       0x74 CMakeFiles/okhi.dir/C_/Program_Files/Raspberry_Pi/Pico_SDK_v1.5.1/pico-sdk/src/rp2_common/pico_stdio_uart/stdio_uart.c.obj
 .text.stdio_uart_in_chars
                0x20006110       0x80 CMakeFiles/okhi.dir/C_/Program_Files/Raspberry_Pi/Pico_SDK_v1.5.1/pico-sdk/src/rp2_common/pico_stdio_uart/stdio_uart.c.obj
                0x20006110                stdio_uart_in_chars
 .text.on_uart_rx
                0x20006190       0x28 CMakeFiles/okhi.dir/C_/Program_Files/Raspberry_Pi/Pico_SDK_v1.5.1/pico-sdk/src/rp2_common/pico_stdio_uart/stdio_uart.c.obj
 .text.stdio_uart_set_chars_available_callback
                0x200061b8       0x8c CMakeFiles/okhi.dir/C_/Program_Files/Raspberry_Pi/Pico_SDK_v1.5.1/pico-sdk/src/rp2_common/pico_stdio_uart/stdio_uart.c.obj
 .text.stdio_uart_init_full
                0x20006244       0x44 CMakeFiles/okhi.dir/C_/Program_Files/Raspberry_Pi/Pico_SDK_v1.5.1/pico-sdk/src/rp2_common/pico_stdio_uart/stdio_uart.c.obj
                0x20006244                stdio_uart_init_full
 .text.stdio_uart_init
                0x20006288       0x28 CMakeFiles/okhi.dir/C_/Program_Files/Raspberry_Pi/Pico_SDK_v1.5.1/pico-sdk/src/rp2_common/pico_stdio_uart/stdio_uart.c.obj
                0x20006288                stdio_uart_init
 .text.core1_trampoline
                0x200062b0        0x2 CMakeFiles/okhi.dir/C_/Program_Files/Raspberry_Pi/Pico_SDK_v1.5.1/pico-sdk/src/rp2_common/pico_multicore/multicore.c.obj
 .text.core1_wrapper
                0x200062b2        0xc CMakeFiles/okhi.dir/C_/Program_Files/Raspberry_Pi/Pico_SDK_v1.5.1/pico-sdk/src/rp2_common/pico_multicore/multicore.c.obj
                0x200062b2                core1_wrapper
 .text.multicore_fifo_push_blocking
                0x200062be       0x14 CMakeFiles/okhi.dir/C_/Program_Files/Raspberry_Pi/Pico_SDK_v1.5.1/pico-sdk/src/rp2_common/pico_multicore/multicore.c.obj
                0x200062be                multicore_fifo_push_blocking
 .text.multicore_fifo_pop_blocking
                0x200062d2       0x16 CMakeFiles/okhi.dir/C_/Program_Files/Raspberry_Pi/Pico_SDK_v1.5.1/pico-sdk/src/rp2_common/pico_multicore/multicore.c.obj
                0x200062d2                multicore_fifo_pop_blocking
 .text.multicore_reset_core1
                0x200062e8       0x28 CMakeFiles/okhi.dir/C_/Program_Files/Raspberry_Pi/Pico_SDK_v1.5.1/pico-sdk/src/rp2_common/pico_multicore/multicore.c.obj
                0x200062e8                multicore_reset_core1
 .text.multicore_launch_core1_raw
                0x20006310       0x6e CMakeFiles/okhi.dir/C_/Program_Files/Raspberry_Pi/Pico_SDK_v1.5.1/pico-sdk/src/rp2_common/pico_multicore/multicore.c.obj
                0x20006310                multicore_launch_core1_raw
 *fill*         0x2000637e        0x2 
 .text.multicore_launch_core1_with_stack
                0x20006380       0x50 CMakeFiles/okhi.dir/C_/Program_Files/Raspberry_Pi/Pico_SDK_v1.5.1/pico-sdk/src/rp2_common/pico_multicore/multicore.c.obj
                0x20006380                multicore_launch_core1_with_stack
 .text.multicore_launch_core1
                0x200063d0       0x24 CMakeFiles/okhi.dir/C_/Program_Files/Raspberry_Pi/Pico_SDK_v1.5.1/pico-sdk/src/rp2_common/pico_multicore/multicore.c.obj
                0x200063d0                multicore_launch_core1
 .text._pio_can_add_program_at_offset
                0x200063f4       0x3c CMakeFiles/okhi.dir/C_/Program_Files/Raspberry_Pi/Pico_SDK_v1.5.1/pico-sdk/src/rp2_common/hardware_pio/pio.c.obj
 .text._pio_find_offset_for_program
                0x20006430       0x7c CMakeFiles/okhi.dir/C_/Program_Files/Raspberry_Pi/Pico_SDK_v1.5.1/pico-sdk/src/rp2_common/hardware_pio/pio.c.obj
 .text._pio_add_program_at_offset
                0x200064ac       0x78 CMakeFiles/okhi.dir/C_/Program_Files/Raspberry_Pi/Pico_SDK_v1.5.1/pico-sdk/src/rp2_common/hardware_pio/pio.c.obj
 .text.pio_sm_unclaim
                0x20006524       0x20 CMakeFiles/okhi.dir/C_/Program_Files/Raspberry_Pi/Pico_SDK_v1.5.1/pico-sdk/src/rp2_common/hardware_pio/pio.c.obj
                0x20006524                pio_sm_unclaim
 .text.pio_claim_unused_sm
                0x20006544       0x3c CMakeFiles/okhi.dir/C_/Program_Files/Raspberry_Pi/Pico_SDK_v1.5.1/pico-sdk/src/rp2_common/hardware_pio/pio.c.obj
                0x20006544                pio_claim_unused_sm
 .text.pio_sm_is_claimed
                0x20006580       0x20 CMakeFiles/okhi.dir/C_/Program_Files/Raspberry_Pi/Pico_SDK_v1.5.1/pico-sdk/src/rp2_common/hardware_pio/pio.c.obj
                0x20006580                pio_sm_is_claimed
 .text.pio_add_program
                0x200065a0       0x38 CMakeFiles/okhi.dir/C_/Program_Files/Raspberry_Pi/Pico_SDK_v1.5.1/pico-sdk/src/rp2_common/hardware_pio/pio.c.obj
                0x200065a0                pio_add_program
 .text.pio_clear_instruction_memory
                0x200065d8       0x3c CMakeFiles/okhi.dir/C_/Program_Files/Raspberry_Pi/Pico_SDK_v1.5.1/pico-sdk/src/rp2_common/hardware_pio/pio.c.obj
                0x200065d8                pio_clear_instruction_memory
 .text.pio_sm_set_consecutive_pindirs
                0x20006614       0xa4 CMakeFiles/okhi.dir/C_/Program_Files/Raspberry_Pi/Pico_SDK_v1.5.1/pico-sdk/src/rp2_common/hardware_pio/pio.c.obj
                0x20006614                pio_sm_set_consecutive_pindirs
 .text.pio_sm_init
                0x200066b8       0xe4 CMakeFiles/okhi.dir/C_/Program_Files/Raspberry_Pi/Pico_SDK_v1.5.1/pico-sdk/src/rp2_common/hardware_pio/pio.c.obj
                0x200066b8                pio_sm_init
 .text.spi_set_baudrate
                0x2000679c       0xcc CMakeFiles/okhi.dir/C_/Program_Files/Raspberry_Pi/Pico_SDK_v1.5.1/pico-sdk/src/rp2_common/hardware_spi/spi.c.obj
                0x2000679c                spi_set_baudrate
 .text.spi_init
                0x20006868       0x74 CMakeFiles/okhi.dir/C_/Program_Files/Raspberry_Pi/Pico_SDK_v1.5.1/pico-sdk/src/rp2_common/hardware_spi/spi.c.obj
                0x20006868                spi_init
 .text.adc_init
                0x200068dc       0x34 CMakeFiles/okhi.dir/C_/Program_Files/Raspberry_Pi/Pico_SDK_v1.5.1/pico-sdk/src/rp2_common/hardware_adc/adc.c.obj
                0x200068dc                adc_init
 .text          0x20006910        0x4 c:/progra~1/raspbe~1/picosd~1.1/gcc-ar~1/bin/../lib/gcc/arm-none-eabi/10.3.1/thumb/v6-m/nofp\libgcc.a(_dvmd_tls.o)
                0x20006910                __aeabi_idiv0
                0x20006910                __aeabi_ldiv0
 .text.strlen   0x20006914       0x5c c:/progra~1/raspbe~1/picosd~1.1/gcc-ar~1/bin/../lib/gcc/arm-none-eabi/10.3.1/../../../../arm-none-eabi/lib/thumb/v6-m/nofp\libg.a(lib_a-strlen-stub.o)
                0x20006914                strlen
 *(.fini)
 .fini          0x20006970        0x4 c:/progra~1/raspbe~1/picosd~1.1/gcc-ar~1/bin/../lib/gcc/arm-none-eabi/10.3.1/thumb/v6-m/nofp/crti.o
                0x20006970                _fini
 *crtbegin.o(.ctors)
 *crtbegin?.o(.ctors)
 *(EXCLUDE_FILE(*crtend.o *crtend?.o) .ctors)
 *(SORT_BY_NAME(.ctors.*))
 *(.ctors)
 *crtbegin.o(.dtors)
 *crtbegin?.o(.dtors)
 *(EXCLUDE_FILE(*crtend.o *crtend?.o) .dtors)
 *(SORT_BY_NAME(.dtors.*))
 *(.dtors)
 *(.eh_frame*)
 .eh_frame      0x20006974        0x0 c:/progra~1/raspbe~1/picosd~1.1/gcc-ar~1/bin/../lib/gcc/arm-none-eabi/10.3.1/thumb/v6-m/nofp/crtbegin.o
                0x20006974                . = ALIGN (0x4)
                0x20006974                __ram_text_end__ = .
                0x10000304                __ram_text_source__ = LOADADDR (.text)

.glue_7         0x20006974        0x0 load address 0x10006bb8
 .glue_7        0x20006974        0x0 linker stubs

.glue_7t        0x20006974        0x0 load address 0x10006bb8
 .glue_7t       0x20006974        0x0 linker stubs

.vfp11_veneer   0x20006974        0x0 load address 0x10006bb8
 .vfp11_veneer  0x20006974        0x0 linker stubs

.v4_bx          0x20006974        0x0 load address 0x10006bb8
 .v4_bx         0x20006974        0x0 linker stubs

.iplt           0x20006974        0x0 load address 0x10006bb8
 .iplt          0x20006974        0x0 c:/progra~1/raspbe~1/picosd~1.1/gcc-ar~1/bin/../lib/gcc/arm-none-eabi/10.3.1/thumb/v6-m/nofp/crtbegin.o

.rel.dyn        0x20006974        0x0 load address 0x10006bb8
 .rel.iplt      0x20006974        0x0 c:/progra~1/raspbe~1/picosd~1.1/gcc-ar~1/bin/../lib/gcc/arm-none-eabi/10.3.1/thumb/v6-m/nofp/crtbegin.o
                0x20006974                . = ALIGN (0x4)

.data           0x20006980     0x1eac load address 0x10006bb8
                0x20006980                __data_start__ = .
 *(vtable)
 *(.time_critical*)
 .time_critical.mutex_try_enter
                0x20006980       0x46 CMakeFiles/okhi.dir/C_/Program_Files/Raspberry_Pi/Pico_SDK_v1.5.1/pico-sdk/src/common/pico_sync/mutex.c.obj
                0x20006980                mutex_try_enter
 *fill*         0x200069c6        0x2 
 .time_critical.mutex_enter_block_until
                0x200069c8       0x8c CMakeFiles/okhi.dir/C_/Program_Files/Raspberry_Pi/Pico_SDK_v1.5.1/pico-sdk/src/common/pico_sync/mutex.c.obj
                0x200069c8                mutex_enter_block_until
 .time_critical.mutex_try_enter_block_until
                0x20006a54       0x34 CMakeFiles/okhi.dir/C_/Program_Files/Raspberry_Pi/Pico_SDK_v1.5.1/pico-sdk/src/common/pico_sync/mutex.c.obj
                0x20006a54                mutex_try_enter_block_until
 .time_critical.mutex_exit
                0x20006a88       0x4c CMakeFiles/okhi.dir/C_/Program_Files/Raspberry_Pi/Pico_SDK_v1.5.1/pico-sdk/src/common/pico_sync/mutex.c.obj
                0x20006a88                mutex_exit
 .time_critical.spi_write_blocking
                0x20006ad4       0x3a CMakeFiles/okhi.dir/C_/Program_Files/Raspberry_Pi/Pico_SDK_v1.5.1/pico-sdk/src/rp2_common/hardware_spi/spi.c.obj
                0x20006ad4                spi_write_blocking
                0x20006b10                . = ALIGN (0x4)
 *fill*         0x20006b0e        0x2 
 *(.rodata*)
 .rodata.init_ver
                0x20006b10       0x24 CMakeFiles/okhi.dir/okhi.c.obj
 .rodata        0x20006b34      0x558 CMakeFiles/okhi.dir/okhi.c.obj
 .rodata.crc16_usb_tab
                0x2000708c      0x200 CMakeFiles/okhi.dir/okhi.c.obj
 .rodata.crc5_usb_tab
                0x2000728c      0x100 CMakeFiles/okhi.dir/okhi.c.obj
 .rodata.tar_lowsp_pio0_program
                0x2000738c        0x6 CMakeFiles/okhi.dir/okhi.c.obj
 *fill*         0x20007392        0x2 
 .rodata.tar_lowsp_pio0_program_instructions
                0x20007394       0x40 CMakeFiles/okhi.dir/okhi.c.obj
 .rodata.tar_pio1_program
                0x200073d4        0x6 CMakeFiles/okhi.dir/okhi.c.obj
 *fill*         0x200073da        0x2 
 .rodata.tar_pio1_program_instructions
                0x200073dc       0x28 CMakeFiles/okhi.dir/okhi.c.obj
 .rodata.hw_claim_clear.str1.4
                0x20007404       0x7d CMakeFiles/okhi.dir/C_/Program_Files/Raspberry_Pi/Pico_SDK_v1.5.1/pico-sdk/src/rp2_common/hardware_claim/claim.c.obj
 *fill*         0x20007481        0x3 
 .rodata.__func__.0
                0x20007484        0xf CMakeFiles/okhi.dir/C_/Program_Files/Raspberry_Pi/Pico_SDK_v1.5.1/pico-sdk/src/rp2_common/hardware_claim/claim.c.obj
 *fill*         0x20007493        0x1 
 .rodata.make_branch.str1.4
                0x20007494       0x89 CMakeFiles/okhi.dir/C_/Program_Files/Raspberry_Pi/Pico_SDK_v1.5.1/pico-sdk/src/rp2_common/hardware_irq/irq.c.obj
 *fill*         0x2000751d        0x3 
 .rodata.insert_branch_and_link.str1.4
                0x20007520       0x10 CMakeFiles/okhi.dir/C_/Program_Files/Raspberry_Pi/Pico_SDK_v1.5.1/pico-sdk/src/rp2_common/hardware_irq/irq.c.obj
 .rodata.irq_set_exclusive_handler.str1.4
                0x20007530       0x36 CMakeFiles/okhi.dir/C_/Program_Files/Raspberry_Pi/Pico_SDK_v1.5.1/pico-sdk/src/rp2_common/hardware_irq/irq.c.obj
 *fill*         0x20007566        0x2 
 .rodata.irq_add_shared_handler.str1.4
                0x20007568       0xd9 CMakeFiles/okhi.dir/C_/Program_Files/Raspberry_Pi/Pico_SDK_v1.5.1/pico-sdk/src/rp2_common/hardware_irq/irq.c.obj
 *fill*         0x20007641        0x3 
 .rodata.irq_remove_handler.str1.4
                0x20007644       0x3a CMakeFiles/okhi.dir/C_/Program_Files/Raspberry_Pi/Pico_SDK_v1.5.1/pico-sdk/src/rp2_common/hardware_irq/irq.c.obj
 *fill*         0x2000767e        0x2 
 .rodata.irq_add_tail_to_free_list.str1.4
                0x20007680       0x3a CMakeFiles/okhi.dir/C_/Program_Files/Raspberry_Pi/Pico_SDK_v1.5.1/pico-sdk/src/rp2_common/hardware_irq/irq.c.obj
 *fill*         0x200076ba        0x2 
 .rodata.__func__.0
                0x200076bc       0x1a CMakeFiles/okhi.dir/C_/Program_Files/Raspberry_Pi/Pico_SDK_v1.5.1/pico-sdk/src/rp2_common/hardware_irq/irq.c.obj
 *fill*         0x200076d6        0x2 
 .rodata.__func__.1
                0x200076d8       0x17 CMakeFiles/okhi.dir/C_/Program_Files/Raspberry_Pi/Pico_SDK_v1.5.1/pico-sdk/src/rp2_common/hardware_irq/irq.c.obj
 *fill*         0x200076ef        0x1 
 .rodata.__func__.2
                0x200076f0       0x13 CMakeFiles/okhi.dir/C_/Program_Files/Raspberry_Pi/Pico_SDK_v1.5.1/pico-sdk/src/rp2_common/hardware_irq/irq.c.obj
 *fill*         0x20007703        0x1 
 .rodata.__func__.3
                0x20007704        0xc CMakeFiles/okhi.dir/C_/Program_Files/Raspberry_Pi/Pico_SDK_v1.5.1/pico-sdk/src/rp2_common/hardware_irq/irq.c.obj
 .rodata.__func__.4
                0x20007710        0xf CMakeFiles/okhi.dir/C_/Program_Files/Raspberry_Pi/Pico_SDK_v1.5.1/pico-sdk/src/rp2_common/hardware_irq/irq.c.obj
 *fill*         0x2000771f        0x1 
 .rodata.__func__.5
                0x20007720       0x17 CMakeFiles/okhi.dir/C_/Program_Files/Raspberry_Pi/Pico_SDK_v1.5.1/pico-sdk/src/rp2_common/hardware_irq/irq.c.obj
 *fill*         0x20007737        0x1 
 .rodata.__func__.6
                0x20007738       0x1a CMakeFiles/okhi.dir/C_/Program_Files/Raspberry_Pi/Pico_SDK_v1.5.1/pico-sdk/src/rp2_common/hardware_irq/irq.c.obj
 *fill*         0x20007752        0x2 
 .rodata.str1.4
                0x20007754      0x125 CMakeFiles/okhi.dir/C_/Program_Files/Raspberry_Pi/Pico_SDK_v1.5.1/pico-sdk/src/common/pico_sync/mutex.c.obj
 *fill*         0x20007879        0x3 
 .rodata.__func__.1
                0x2000787c        0xb CMakeFiles/okhi.dir/C_/Program_Files/Raspberry_Pi/Pico_SDK_v1.5.1/pico-sdk/src/common/pico_sync/mutex.c.obj
 *fill*         0x20007887        0x1 
 .rodata.__func__.3
                0x20007888       0x18 CMakeFiles/okhi.dir/C_/Program_Files/Raspberry_Pi/Pico_SDK_v1.5.1/pico-sdk/src/common/pico_sync/mutex.c.obj
 .rodata.repeating_timer_callback.str1.4
                0x200078a0       0x67 CMakeFiles/okhi.dir/C_/Program_Files/Raspberry_Pi/Pico_SDK_v1.5.1/pico-sdk/src/common/pico_time/time.c.obj
 *fill*         0x20007907        0x1 
 .rodata.timer_pool_entry_comparator.str1.4
                0x20007908       0x22 CMakeFiles/okhi.dir/C_/Program_Files/Raspberry_Pi/Pico_SDK_v1.5.1/pico-sdk/src/common/pico_time/time.c.obj
 *fill*         0x2000792a        0x2 
 .rodata.ph_add_child_node.str1.4
                0x2000792c       0xb2 CMakeFiles/okhi.dir/C_/Program_Files/Raspberry_Pi/Pico_SDK_v1.5.1/pico-sdk/src/common/pico_time/time.c.obj
 *fill*         0x200079de        0x2 
 .rodata.add_alarm_under_lock.str1.4
                0x200079e0       0x28 CMakeFiles/okhi.dir/C_/Program_Files/Raspberry_Pi/Pico_SDK_v1.5.1/pico-sdk/src/common/pico_time/time.c.obj
                                 0x2b (size before relaxing)
 .rodata.alarm_pool_alarm_callback.str1.4
                0x20007a08       0x98 CMakeFiles/okhi.dir/C_/Program_Files/Raspberry_Pi/Pico_SDK_v1.5.1/pico-sdk/src/common/pico_time/time.c.obj
                                0x118 (size before relaxing)
 .rodata.alarm_pool_get_default.str1.4
                0x20007aa0       0x21 CMakeFiles/okhi.dir/C_/Program_Files/Raspberry_Pi/Pico_SDK_v1.5.1/pico-sdk/src/common/pico_time/time.c.obj
 *fill*         0x20007ac1        0x3 
 .rodata.alarm_pool_cancel_alarm.str1.4
                0x20007ac4       0x27 CMakeFiles/okhi.dir/C_/Program_Files/Raspberry_Pi/Pico_SDK_v1.5.1/pico-sdk/src/common/pico_time/time.c.obj
 *fill*         0x20007aeb        0x1 
 .rodata.sleep_until.str1.4
                0x20007aec       0x4d CMakeFiles/okhi.dir/C_/Program_Files/Raspberry_Pi/Pico_SDK_v1.5.1/pico-sdk/src/common/pico_time/time.c.obj
 *fill*         0x20007b39        0x3 
 .rodata.__func__.1
                0x20007b3c       0x18 CMakeFiles/okhi.dir/C_/Program_Files/Raspberry_Pi/Pico_SDK_v1.5.1/pico-sdk/src/common/pico_time/time.c.obj
 .rodata.__func__.10
                0x20007b54       0x15 CMakeFiles/okhi.dir/C_/Program_Files/Raspberry_Pi/Pico_SDK_v1.5.1/pico-sdk/src/common/pico_time/time.c.obj
 *fill*         0x20007b69        0x3 
 .rodata.__func__.11
                0x20007b6c       0x1a CMakeFiles/okhi.dir/C_/Program_Files/Raspberry_Pi/Pico_SDK_v1.5.1/pico-sdk/src/common/pico_time/time.c.obj
 *fill*         0x20007b86        0x2 
 .rodata.__func__.12
                0x20007b88        0xa CMakeFiles/okhi.dir/C_/Program_Files/Raspberry_Pi/Pico_SDK_v1.5.1/pico-sdk/src/common/pico_time/time.c.obj
 *fill*         0x20007b92        0x2 
 .rodata.__func__.3
                0x20007b94       0x17 CMakeFiles/okhi.dir/C_/Program_Files/Raspberry_Pi/Pico_SDK_v1.5.1/pico-sdk/src/common/pico_time/time.c.obj
 *fill*         0x20007bab        0x1 
 .rodata.__func__.4
                0x20007bac       0x12 CMakeFiles/okhi.dir/C_/Program_Files/Raspberry_Pi/Pico_SDK_v1.5.1/pico-sdk/src/common/pico_time/time.c.obj
 *fill*         0x20007bbe        0x2 
 .rodata.__func__.5
                0x20007bc0        0xd CMakeFiles/okhi.dir/C_/Program_Files/Raspberry_Pi/Pico_SDK_v1.5.1/pico-sdk/src/common/pico_time/time.c.obj
 *fill*         0x20007bcd        0x3 
 .rodata.__func__.6
                0x20007bd0       0x12 CMakeFiles/okhi.dir/C_/Program_Files/Raspberry_Pi/Pico_SDK_v1.5.1/pico-sdk/src/common/pico_time/time.c.obj
 *fill*         0x20007be2        0x2 
 .rodata.__func__.7
                0x20007be4        0xf CMakeFiles/okhi.dir/C_/Program_Files/Raspberry_Pi/Pico_SDK_v1.5.1/pico-sdk/src/common/pico_time/time.c.obj
 *fill*         0x20007bf3        0x1 
 .rodata.__func__.8
                0x20007bf4        0xc CMakeFiles/okhi.dir/C_/Program_Files/Raspberry_Pi/Pico_SDK_v1.5.1/pico-sdk/src/common/pico_time/time.c.obj
 .rodata.__func__.9
                0x20007c00       0x15 CMakeFiles/okhi.dir/C_/Program_Files/Raspberry_Pi/Pico_SDK_v1.5.1/pico-sdk/src/common/pico_time/time.c.obj
 *fill*         0x20007c15        0x3 
 .rodata.hardware_alarm_claim.str1.4
                0x20007c18       0x22 CMakeFiles/okhi.dir/C_/Program_Files/Raspberry_Pi/Pico_SDK_v1.5.1/pico-sdk/src/rp2_common/hardware_timer/timer.c.obj
 .rodata.busy_wait_us.str1.4
                0x20007c3a       0x7d CMakeFiles/okhi.dir/C_/Program_Files/Raspberry_Pi/Pico_SDK_v1.5.1/pico-sdk/src/rp2_common/hardware_timer/timer.c.obj
 *fill*         0x20007c3a        0x2 
 .rodata.hardware_alarm_set_target.str1.4
                0x20007c3c       0x81 CMakeFiles/okhi.dir/C_/Program_Files/Raspberry_Pi/Pico_SDK_v1.5.1/pico-sdk/src/rp2_common/hardware_timer/timer.c.obj
 *fill*         0x20007cbd        0x3 
 .rodata.__func__.0
                0x20007cc0       0x1a CMakeFiles/okhi.dir/C_/Program_Files/Raspberry_Pi/Pico_SDK_v1.5.1/pico-sdk/src/rp2_common/hardware_timer/timer.c.obj
 *fill*         0x20007cda        0x2 
 .rodata.__func__.1
                0x20007cdc       0x15 CMakeFiles/okhi.dir/C_/Program_Files/Raspberry_Pi/Pico_SDK_v1.5.1/pico-sdk/src/rp2_common/hardware_timer/timer.c.obj
 .rodata.ph_add_child_node.str1.4
                0x20007cf1       0xb2 CMakeFiles/okhi.dir/C_/Program_Files/Raspberry_Pi/Pico_SDK_v1.5.1/pico-sdk/src/common/pico_util/pheap.c.obj
 *fill*         0x20007cf1        0x3 
 .rodata.ph_remove_any_head.str1.4
                0x20007cf4       0xa8 CMakeFiles/okhi.dir/C_/Program_Files/Raspberry_Pi/Pico_SDK_v1.5.1/pico-sdk/src/common/pico_util/pheap.c.obj
                                 0xbc (size before relaxing)
 .rodata.ph_remove_and_free_node.str1.4
                0x20007d9c       0x1e CMakeFiles/okhi.dir/C_/Program_Files/Raspberry_Pi/Pico_SDK_v1.5.1/pico-sdk/src/common/pico_util/pheap.c.obj
                                 0x26 (size before relaxing)
 *fill*         0x20007dba        0x2 
 .rodata.__func__.0
                0x20007dbc       0x18 CMakeFiles/okhi.dir/C_/Program_Files/Raspberry_Pi/Pico_SDK_v1.5.1/pico-sdk/src/common/pico_util/pheap.c.obj
 .rodata.__func__.1
                0x20007dd4       0x13 CMakeFiles/okhi.dir/C_/Program_Files/Raspberry_Pi/Pico_SDK_v1.5.1/pico-sdk/src/common/pico_util/pheap.c.obj
 *fill*         0x20007de7        0x1 
 .rodata.__func__.2
                0x20007de8       0x12 CMakeFiles/okhi.dir/C_/Program_Files/Raspberry_Pi/Pico_SDK_v1.5.1/pico-sdk/src/common/pico_util/pheap.c.obj
 *fill*         0x20007dfa        0x2 
 .rodata.__func__.3
                0x20007dfc        0xc CMakeFiles/okhi.dir/C_/Program_Files/Raspberry_Pi/Pico_SDK_v1.5.1/pico-sdk/src/common/pico_util/pheap.c.obj
 .rodata.clock_configure.str1.4
                0x20007e08       0x73 CMakeFiles/okhi.dir/C_/Program_Files/Raspberry_Pi/Pico_SDK_v1.5.1/pico-sdk/src/rp2_common/hardware_clocks/clocks.c.obj
 *fill*         0x20007e7b        0x1 
 .rodata.__func__.1
                0x20007e7c       0x10 CMakeFiles/okhi.dir/C_/Program_Files/Raspberry_Pi/Pico_SDK_v1.5.1/pico-sdk/src/rp2_common/hardware_clocks/clocks.c.obj
 .rodata.pll_init.str1.4
                0x20007e8c      0x140 CMakeFiles/okhi.dir/C_/Program_Files/Raspberry_Pi/Pico_SDK_v1.5.1/pico-sdk/src/rp2_common/hardware_pll/pll.c.obj
 .rodata.__func__.0
                0x20007fcc        0x9 CMakeFiles/okhi.dir/C_/Program_Files/Raspberry_Pi/Pico_SDK_v1.5.1/pico-sdk/src/rp2_common/hardware_pll/pll.c.obj
 *fill*         0x20007fd5        0x3 
 .rodata.__assert_func.str1.4
                0x20007fd8       0x3f CMakeFiles/okhi.dir/C_/Program_Files/Raspberry_Pi/Pico_SDK_v1.5.1/pico-sdk/src/rp2_common/pico_runtime/runtime.c.obj
                                 0x43 (size before relaxing)
 *fill*         0x20008017        0x1 
 .rodata.runtime_init.str1.4
                0x20008018       0x7d CMakeFiles/okhi.dir/C_/Program_Files/Raspberry_Pi/Pico_SDK_v1.5.1/pico-sdk/src/rp2_common/pico_runtime/runtime.c.obj
 *fill*         0x20008095        0x3 
 .rodata.panic.str1.4
                0x20008098       0x12 CMakeFiles/okhi.dir/C_/Program_Files/Raspberry_Pi/Pico_SDK_v1.5.1/pico-sdk/src/rp2_common/pico_runtime/runtime.c.obj
 *fill*         0x200080aa        0x2 
 .rodata.__func__.2
                0x200080ac        0xd CMakeFiles/okhi.dir/C_/Program_Files/Raspberry_Pi/Pico_SDK_v1.5.1/pico-sdk/src/rp2_common/pico_runtime/runtime.c.obj
 *fill*         0x200080b9        0x3 
 .rodata._ftoa.str1.4
                0x200080bc       0x15 CMakeFiles/okhi.dir/C_/Program_Files/Raspberry_Pi/Pico_SDK_v1.5.1/pico-sdk/src/rp2_common/pico_printf/printf.c.obj
 *fill*         0x200080d1        0x3 
 .rodata._vsnprintf
                0x200080d4      0x1e0 CMakeFiles/okhi.dir/C_/Program_Files/Raspberry_Pi/Pico_SDK_v1.5.1/pico-sdk/src/rp2_common/pico_printf/printf.c.obj
 *fill*         0x200082b4        0x4 
 .rodata.pow10.0
                0x200082b8       0x50 CMakeFiles/okhi.dir/C_/Program_Files/Raspberry_Pi/Pico_SDK_v1.5.1/pico-sdk/src/rp2_common/pico_printf/printf.c.obj
 .rodata.__aeabi_double_init.str1.4
                0x20008308       0xb8 CMakeFiles/okhi.dir/C_/Program_Files/Raspberry_Pi/Pico_SDK_v1.5.1/pico-sdk/src/rp2_common/pico_double/double_init_rom.c.obj
 .rodata.__func__.0
                0x200083c0       0x14 CMakeFiles/okhi.dir/C_/Program_Files/Raspberry_Pi/Pico_SDK_v1.5.1/pico-sdk/src/rp2_common/pico_double/double_init_rom.c.obj
 .rodata.__aeabi_float_init.str1.4
                0x200083d4       0x96 CMakeFiles/okhi.dir/C_/Program_Files/Raspberry_Pi/Pico_SDK_v1.5.1/pico-sdk/src/rp2_common/pico_float/float_init_rom.c.obj
                                 0x9a (size before relaxing)
 *fill*         0x2000846a        0x2 
 .rodata.__func__.0
                0x2000846c       0x13 CMakeFiles/okhi.dir/C_/Program_Files/Raspberry_Pi/Pico_SDK_v1.5.1/pico-sdk/src/rp2_common/pico_float/float_init_rom.c.obj
 *fill*         0x2000847f        0x1 
 .rodata.str1.4
                0x20008480       0x90 CMakeFiles/okhi.dir/C_/Program_Files/Raspberry_Pi/Pico_SDK_v1.5.1/pico-sdk/src/rp2_common/pico_standard_link/binary_info.c.obj
 .rodata.__bi_44
                0x20008510        0xc CMakeFiles/okhi.dir/C_/Program_Files/Raspberry_Pi/Pico_SDK_v1.5.1/pico-sdk/src/rp2_common/pico_standard_link/binary_info.c.obj
 .rodata.__bi_69
                0x2000851c        0xc CMakeFiles/okhi.dir/C_/Program_Files/Raspberry_Pi/Pico_SDK_v1.5.1/pico-sdk/src/rp2_common/pico_standard_link/binary_info.c.obj
 .rodata.__bi_75
                0x20008528        0xc CMakeFiles/okhi.dir/C_/Program_Files/Raspberry_Pi/Pico_SDK_v1.5.1/pico-sdk/src/rp2_common/pico_standard_link/binary_info.c.obj
 .rodata.__bi_81
                0x20008534        0xc CMakeFiles/okhi.dir/C_/Program_Files/Raspberry_Pi/Pico_SDK_v1.5.1/pico-sdk/src/rp2_common/pico_standard_link/binary_info.c.obj
 .rodata.__bi_91
                0x20008540        0xc CMakeFiles/okhi.dir/C_/Program_Files/Raspberry_Pi/Pico_SDK_v1.5.1/pico-sdk/src/rp2_common/pico_standard_link/binary_info.c.obj
 .rodata.stdout_serialize_begin.str1.4
                0x2000854c       0x7d CMakeFiles/okhi.dir/C_/Program_Files/Raspberry_Pi/Pico_SDK_v1.5.1/pico-sdk/src/rp2_common/pico_stdio/stdio.c.obj
 .rodata.__func__.3
                0x2000854c       0x15 CMakeFiles/okhi.dir/C_/Program_Files/Raspberry_Pi/Pico_SDK_v1.5.1/pico-sdk/src/rp2_common/pico_stdio/stdio.c.obj
 *fill*         0x20008561        0x3 
 .rodata.crlf_str.2
                0x20008564        0x2 CMakeFiles/okhi.dir/C_/Program_Files/Raspberry_Pi/Pico_SDK_v1.5.1/pico-sdk/src/rp2_common/pico_stdio/stdio.c.obj
 *fill*         0x20008566        0x2 
 .rodata.str1.4
                0x20008568       0x2c CMakeFiles/okhi.dir/C_/Program_Files/Raspberry_Pi/Pico_SDK_v1.5.1/pico-sdk/src/rp2_common/pico_stdio_uart/stdio_uart.c.obj
 .rodata.__bi_33.4
                0x20008594        0xc CMakeFiles/okhi.dir/C_/Program_Files/Raspberry_Pi/Pico_SDK_v1.5.1/pico-sdk/src/rp2_common/pico_stdio_uart/stdio_uart.c.obj
 .rodata.__bi_34.5
                0x200085a0        0x8 CMakeFiles/okhi.dir/C_/Program_Files/Raspberry_Pi/Pico_SDK_v1.5.1/pico-sdk/src/rp2_common/pico_stdio_uart/stdio_uart.c.obj
 .rodata.multicore_lockout_start_block_until.str1.4
                0x200085a8       0x79 CMakeFiles/okhi.dir/C_/Program_Files/Raspberry_Pi/Pico_SDK_v1.5.1/pico-sdk/src/rp2_common/pico_multicore/multicore.c.obj
 *fill*         0x20008621        0x3 
 .rodata.multicore_launch_core1_with_stack.str1.4
                0x20008624       0x19 CMakeFiles/okhi.dir/C_/Program_Files/Raspberry_Pi/Pico_SDK_v1.5.1/pico-sdk/src/rp2_common/pico_multicore/multicore.c.obj
 *fill*         0x2000863d        0x3 
 .rodata.__func__.2
                0x20008640       0x22 CMakeFiles/okhi.dir/C_/Program_Files/Raspberry_Pi/Pico_SDK_v1.5.1/pico-sdk/src/rp2_common/pico_multicore/multicore.c.obj
 *fill*         0x20008662        0x2 
 .rodata._pio_find_offset_for_program.str1.4
                0x20008664       0x85 CMakeFiles/okhi.dir/C_/Program_Files/Raspberry_Pi/Pico_SDK_v1.5.1/pico-sdk/src/rp2_common/hardware_pio/pio.c.obj
 *fill*         0x200086e9        0x3 
 .rodata._pio_add_program_at_offset.str1.4
                0x200086ec       0x11 CMakeFiles/okhi.dir/C_/Program_Files/Raspberry_Pi/Pico_SDK_v1.5.1/pico-sdk/src/rp2_common/hardware_pio/pio.c.obj
 *fill*         0x200086fd        0x3 
 .rodata.pio_claim_unused_sm.str1.4
                0x20008700       0x24 CMakeFiles/okhi.dir/C_/Program_Files/Raspberry_Pi/Pico_SDK_v1.5.1/pico-sdk/src/rp2_common/hardware_pio/pio.c.obj
 .rodata.__func__.1
                0x20008724       0x1d CMakeFiles/okhi.dir/C_/Program_Files/Raspberry_Pi/Pico_SDK_v1.5.1/pico-sdk/src/rp2_common/hardware_pio/pio.c.obj
                0x20008744                . = ALIGN (0x4)
 *fill*         0x20008741        0x3 
 *(.data*)
 .data.g_display_time
                0x20008744        0x4 CMakeFiles/okhi.dir/okhi.c.obj
 .data.hwver    0x20008748        0x1 CMakeFiles/okhi.dir/okhi.c.obj
 *fill*         0x20008749        0x3 
 .data.hwver_name
                0x2000874c        0x4 CMakeFiles/okhi.dir/okhi.c.obj
 .data.striped_spin_lock_num
                0x20008750        0x1 CMakeFiles/okhi.dir/C_/Program_Files/Raspberry_Pi/Pico_SDK_v1.5.1/pico-sdk/src/rp2_common/hardware_sync/sync.c.obj
 *fill*         0x20008751        0x3 
 .data          0x20008754       0x48 CMakeFiles/okhi.dir/C_/Program_Files/Raspberry_Pi/Pico_SDK_v1.5.1/pico-sdk/src/rp2_common/hardware_irq/irq_handler_chain.S.obj
                0x20008754                irq_handler_chain_slots
                0x20008784                irq_handler_chain_first_slot
                0x2000878e                irq_handler_chain_remove_tail
 .data.default_alarm_pool
                0x2000879c       0x18 CMakeFiles/okhi.dir/C_/Program_Files/Raspberry_Pi/Pico_SDK_v1.5.1/pico-sdk/src/common/pico_time/time.c.obj
 .data.default_alarm_pool_heap
                0x200087b4       0x10 CMakeFiles/okhi.dir/C_/Program_Files/Raspberry_Pi/Pico_SDK_v1.5.1/pico-sdk/src/common/pico_time/time.c.obj
 *fill*         0x200087c4        0xc 
 .data.aeabi_bits_funcs
                0x200087d0       0x10 CMakeFiles/okhi.dir/C_/Program_Files/Raspberry_Pi/Pico_SDK_v1.5.1/pico-sdk/src/rp2_common/pico_bit_ops/bit_ops_aeabi.S.obj
                0x200087d0                aeabi_bits_funcs
                0x200087e0                aeabi_bits_funcs_end
 .data.aeabi_mem_funcs
                0x200087e0       0x10 CMakeFiles/okhi.dir/C_/Program_Files/Raspberry_Pi/Pico_SDK_v1.5.1/pico-sdk/src/rp2_common/pico_mem_ops/mem_ops_aeabi.S.obj
                0x200087e0                aeabi_mem_funcs
                0x200087f0                aeabi_mem_funcs_end
 .data.stdio_uart
                0x200087f0       0x18 CMakeFiles/okhi.dir/C_/Program_Files/Raspberry_Pi/Pico_SDK_v1.5.1/pico-sdk/src/rp2_common/pico_stdio_uart/stdio_uart.c.obj
                0x200087f0                stdio_uart
                0x20008808                . = ALIGN (0x4)
 *(.after_data.*)
                0x20008808                . = ALIGN (0x4)
                0x20008808                PROVIDE (__mutex_array_start = .)
 *(SORT_BY_NAME(.mutex_array.*))
 *(.mutex_array)
 .mutex_array   0x20008808        0x8 CMakeFiles/okhi.dir/C_/Program_Files/Raspberry_Pi/Pico_SDK_v1.5.1/pico-sdk/src/rp2_common/pico_malloc/pico_malloc.c.obj
 .mutex_array   0x20008810        0x8 CMakeFiles/okhi.dir/C_/Program_Files/Raspberry_Pi/Pico_SDK_v1.5.1/pico-sdk/src/rp2_common/pico_stdio/stdio.c.obj
                0x20008818                PROVIDE (__mutex_array_end = .)
                0x20008818                . = ALIGN (0x4)
                0x20008818                PROVIDE (__preinit_array_start = .)
 *(SORT_BY_NAME(.preinit_array.*))
 .preinit_array.00001
                0x20008818        0x4 CMakeFiles/okhi.dir/C_/Program_Files/Raspberry_Pi/Pico_SDK_v1.5.1/pico-sdk/src/rp2_common/pico_mem_ops/mem_ops_aeabi.S.obj
 .preinit_array.00010
                0x2000881c        0x4 CMakeFiles/okhi.dir/C_/Program_Files/Raspberry_Pi/Pico_SDK_v1.5.1/pico-sdk/src/rp2_common/pico_bit_ops/bit_ops_aeabi.S.obj
 .preinit_array.00020
                0x20008820        0x4 CMakeFiles/okhi.dir/C_/Program_Files/Raspberry_Pi/Pico_SDK_v1.5.1/pico-sdk/src/rp2_common/pico_double/double_aeabi.S.obj
 .preinit_array.00020
                0x20008824        0x4 CMakeFiles/okhi.dir/C_/Program_Files/Raspberry_Pi/Pico_SDK_v1.5.1/pico-sdk/src/rp2_common/pico_float/float_aeabi.S.obj
 *(.preinit_array)
                0x20008828                PROVIDE (__preinit_array_end = .)
                0x20008828                . = ALIGN (0x4)
                0x20008828                PROVIDE (__init_array_start = .)
 *(SORT_BY_NAME(.init_array.*))
 *(.init_array)
 .init_array    0x20008828        0x4 c:/progra~1/raspbe~1/picosd~1.1/gcc-ar~1/bin/../lib/gcc/arm-none-eabi/10.3.1/thumb/v6-m/nofp/crtbegin.o
                0x2000882c                PROVIDE (__init_array_end = .)
                0x2000882c                . = ALIGN (0x4)
                [!provide]                PROVIDE (__fini_array_start = .)
 *(SORT_BY_NAME(.fini_array.*))
 *(.fini_array)
                [!provide]                PROVIDE (__fini_array_end = .)
 *(.jcr)
                0x2000882c                . = ALIGN (0x4)
                0x2000882c                __data_end__ = .
                0x10006bb8                __etext = LOADADDR (.data)

.igot.plt       0x2000882c        0x0 load address 0x10008a64
 .igot.plt      0x2000882c        0x0 c:/progra~1/raspbe~1/picosd~1.1/gcc-ar~1/bin/../lib/gcc/arm-none-eabi/10.3.1/thumb/v6-m/nofp/crtbegin.o

.uninitialized_data
                0x2000882c        0x4 load address 0x10008a64
                0x2000882c                . = ALIGN (0x4)
 *(.uninitialized_data*)
 .uninitialized_data
                0x2000882c        0x4 CMakeFiles/okhi.dir/okhi.c.obj
                0x2000882c                wait_20

.scratch_x      0x20040000        0x0 load address 0x10008a64
                0x20040000                __scratch_x_start__ = .
 *(.scratch_x.*)
                0x20040000                . = ALIGN (0x4)
                0x20040000                __scratch_x_end__ = .
                0x10008a64                __scratch_x_source__ = LOADADDR (.scratch_x)

.scratch_y      0x20041000        0x0 load address 0x10008a64
                0x20041000                __scratch_y_start__ = .
 *(.scratch_y.*)
                0x20041000                . = ALIGN (0x4)
                0x20041000                __scratch_y_end__ = .
                0x10008a64                __scratch_y_source__ = LOADADDR (.scratch_y)

.bss            0x20008830    0x1f880
                0x20008830                . = ALIGN (0x4)
                0x20008830                __bss_start__ = .
 *(SORT_BY_ALIGNMENT(SORT_BY_NAME(.bss*)))
 .bss.default_alarm_pool_entries
                0x20008830      0x100 CMakeFiles/okhi.dir/C_/Program_Files/Raspberry_Pi/Pico_SDK_v1.5.1/pico-sdk/src/common/pico_time/time.c.obj
 .bss           0x20008930       0x1c c:/progra~1/raspbe~1/picosd~1.1/gcc-ar~1/bin/../lib/gcc/arm-none-eabi/10.3.1/thumb/v6-m/nofp/crtbegin.o
 .bss._used_instruction_space
                0x2000894c        0x8 CMakeFiles/okhi.dir/C_/Program_Files/Raspberry_Pi/Pico_SDK_v1.5.1/pico-sdk/src/rp2_common/hardware_pio/pio.c.obj
 .bss.alarm_callbacks
                0x20008954       0x10 CMakeFiles/okhi.dir/C_/Program_Files/Raspberry_Pi/Pico_SDK_v1.5.1/pico-sdk/src/rp2_common/hardware_timer/timer.c.obj
 .bss.callbacks
                0x20008964        0x8 CMakeFiles/okhi.dir/C_/Program_Files/Raspberry_Pi/Pico_SDK_v1.5.1/pico-sdk/src/rp2_common/hardware_gpio/gpio.c.obj
 .bss.chars_available_callback
                0x2000896c        0x4 CMakeFiles/okhi.dir/C_/Program_Files/Raspberry_Pi/Pico_SDK_v1.5.1/pico-sdk/src/rp2_common/pico_stdio_uart/stdio_uart.c.obj
 .bss.chars_available_param
                0x20008970        0x4 CMakeFiles/okhi.dir/C_/Program_Files/Raspberry_Pi/Pico_SDK_v1.5.1/pico-sdk/src/rp2_common/pico_stdio_uart/stdio_uart.c.obj
 .bss.configured_freq
                0x20008974       0x28 CMakeFiles/okhi.dir/C_/Program_Files/Raspberry_Pi/Pico_SDK_v1.5.1/pico-sdk/src/rp2_common/hardware_clocks/clocks.c.obj
 .bss.curr_dbuff
                0x2000899c        0x4 CMakeFiles/okhi.dir/okhi.c.obj
 .bss.dbuff1    0x200089a0     0xfa1c CMakeFiles/okhi.dir/okhi.c.obj
 .bss.dbuff2    0x200183bc     0xfa1c CMakeFiles/okhi.dir/okhi.c.obj
 .bss.default_alarm_pool_entry_ids_high
                0x20027dd8       0x10 CMakeFiles/okhi.dir/C_/Program_Files/Raspberry_Pi/Pico_SDK_v1.5.1/pico-sdk/src/common/pico_time/time.c.obj
 .bss.default_alarm_pool_heap_nodes
                0x20027de8       0x30 CMakeFiles/okhi.dir/C_/Program_Files/Raspberry_Pi/Pico_SDK_v1.5.1/pico-sdk/src/common/pico_time/time.c.obj
 .bss.drivers   0x20027e18        0x4 CMakeFiles/okhi.dir/C_/Program_Files/Raspberry_Pi/Pico_SDK_v1.5.1/pico-sdk/src/rp2_common/pico_stdio/stdio.c.obj
 .bss.filter    0x20027e1c        0x4 CMakeFiles/okhi.dir/C_/Program_Files/Raspberry_Pi/Pico_SDK_v1.5.1/pico-sdk/src/rp2_common/pico_stdio/stdio.c.obj
 .bss.g_display_fold
                0x20027e20        0x4 CMakeFiles/okhi.dir/okhi.c.obj
 .bss.g_display_ptr
                0x20027e24        0x4 CMakeFiles/okhi.dir/okhi.c.obj
 .bss.g_fold_count
                0x20027e28        0x4 CMakeFiles/okhi.dir/okhi.c.obj
 .bss.g_prev_time
                0x20027e2c        0x4 CMakeFiles/okhi.dir/okhi.c.obj
 .bss.g_rd_ptr  0x20027e30        0x4 CMakeFiles/okhi.dir/okhi.c.obj
 .bss.g_ref_time
                0x20027e34        0x4 CMakeFiles/okhi.dir/okhi.c.obj
 .bss.g_sof_index
                0x20027e38        0x4 CMakeFiles/okhi.dir/okhi.c.obj
 .bss.g_wr_ptr  0x20027e3c        0x4 CMakeFiles/okhi.dir/okhi.c.obj
 .bss.last_dbuff
                0x20027e40        0x4 CMakeFiles/okhi.dir/okhi.c.obj
 .bss.last_payload.2
                0x20027e44        0x4 CMakeFiles/okhi.dir/okhi.c.obj
 .bss.line.0    0x20027e48       0x20 CMakeFiles/okhi.dir/okhi.c.obj
 .bss.load_value
                0x20027e68        0x4 CMakeFiles/okhi.dir/C_/Program_Files/Raspberry_Pi/Pico_SDK_v1.5.1/pico-sdk/src/rp2_common/hardware_watchdog/watchdog.c.obj
 .bss.pools     0x20027e6c       0x10 CMakeFiles/okhi.dir/C_/Program_Files/Raspberry_Pi/Pico_SDK_v1.5.1/pico-sdk/src/common/pico_time/time.c.obj
 .bss.raw_irq_mask
                0x20027e7c        0x8 CMakeFiles/okhi.dir/C_/Program_Files/Raspberry_Pi/Pico_SDK_v1.5.1/pico-sdk/src/rp2_common/hardware_gpio/gpio.c.obj
 .bss.sd_table  0x20027e84      0x100 CMakeFiles/okhi.dir/C_/Program_Files/Raspberry_Pi/Pico_SDK_v1.5.1/pico-sdk/src/rp2_common/pico_double/double_init_rom.c.obj
                0x20027e84                sd_table
 .bss.sf_clz_func
                0x20027f84        0x4 CMakeFiles/okhi.dir/C_/Program_Files/Raspberry_Pi/Pico_SDK_v1.5.1/pico-sdk/src/rp2_common/pico_double/double_init_rom.c.obj
                0x20027f84                sf_clz_func
 .bss.sf_table  0x20027f88      0x100 CMakeFiles/okhi.dir/C_/Program_Files/Raspberry_Pi/Pico_SDK_v1.5.1/pico-sdk/src/rp2_common/pico_float/float_init_rom.c.obj
                0x20027f88                sf_table
 .bss.sleep_notifier
                0x20028088        0x4 CMakeFiles/okhi.dir/C_/Program_Files/Raspberry_Pi/Pico_SDK_v1.5.1/pico-sdk/src/common/pico_time/time.c.obj
 .bss.target_hi
                0x2002808c       0x10 CMakeFiles/okhi.dir/C_/Program_Files/Raspberry_Pi/Pico_SDK_v1.5.1/pico-sdk/src/rp2_common/hardware_timer/timer.c.obj
 .bss.total_packets_sended
                0x2002809c        0x4 CMakeFiles/okhi.dir/okhi.c.obj
 .bss.uart_char_to_line_feed
                0x200280a0        0x4 CMakeFiles/okhi.dir/C_/Program_Files/Raspberry_Pi/Pico_SDK_v1.5.1/pico-sdk/src/rp2_common/hardware_uart/uart.c.obj
                0x200280a0                uart_char_to_line_feed
 .bss.uart_instance
                0x200280a4        0x4 CMakeFiles/okhi.dir/C_/Program_Files/Raspberry_Pi/Pico_SDK_v1.5.1/pico-sdk/src/rp2_common/pico_stdio_uart/stdio_uart.c.obj
 .bss.claimed   0x200280a8        0x1 CMakeFiles/okhi.dir/C_/Program_Files/Raspberry_Pi/Pico_SDK_v1.5.1/pico-sdk/src/rp2_common/hardware_timer/timer.c.obj
 .bss.claimed   0x200280a9        0x1 CMakeFiles/okhi.dir/C_/Program_Files/Raspberry_Pi/Pico_SDK_v1.5.1/pico-sdk/src/rp2_common/hardware_pio/pio.c.obj
 .bss.g_check_delta
                0x200280aa        0x1 CMakeFiles/okhi.dir/okhi.c.obj
 .bss.g_folding
                0x200280ab        0x1 CMakeFiles/okhi.dir/okhi.c.obj
 .bss.g_may_fold
                0x200280ac        0x1 CMakeFiles/okhi.dir/okhi.c.obj
 .bss.irq_hander_chain_free_slot_head
                0x200280ad        0x1 CMakeFiles/okhi.dir/C_/Program_Files/Raspberry_Pi/Pico_SDK_v1.5.1/pico-sdk/src/rp2_common/hardware_irq/irq.c.obj
 .bss.last_pid_in.1
                0x200280ae        0x1 CMakeFiles/okhi.dir/okhi.c.obj
 .bss.timer_callbacks_pending
                0x200280af        0x1 CMakeFiles/okhi.dir/C_/Program_Files/Raspberry_Pi/Pico_SDK_v1.5.1/pico-sdk/src/rp2_common/hardware_timer/timer.c.obj
 *(COMMON)
                0x200280b0                . = ALIGN (0x4)
                0x200280b0                __bss_end__ = .

.heap           0x200280b0      0x800
                0x200280b0                __end__ = .
                0x200280b0                end = __end__
 *(.heap*)
 .heap          0x200280b0      0x800 CMakeFiles/okhi.dir/C_/Program_Files/Raspberry_Pi/Pico_SDK_v1.5.1/pico-sdk/src/rp2_common/pico_standard_link/crt0.S.obj
                0x200288b0                __HeapLimit = .

.stack1_dummy   0x20040000      0x800
 *(.stack1*)
 .stack1        0x20040000      0x800 CMakeFiles/okhi.dir/C_/Program_Files/Raspberry_Pi/Pico_SDK_v1.5.1/pico-sdk/src/rp2_common/pico_multicore/multicore.c.obj

.stack_dummy    0x20041000      0x800
 *(.stack*)
 .stack         0x20041000      0x800 CMakeFiles/okhi.dir/C_/Program_Files/Raspberry_Pi/Pico_SDK_v1.5.1/pico-sdk/src/rp2_common/pico_standard_link/crt0.S.obj

.flash_end      0x10008a64        0x0
                0x10008a64                __flash_binary_end = .
                0x20040000                __StackLimit = (ORIGIN (RAM) + LENGTH (RAM))
                0x20041000                __StackOneTop = (ORIGIN (SCRATCH_X) + LENGTH (SCRATCH_X))
                0x20042000                __StackTop = (ORIGIN (SCRATCH_Y) + LENGTH (SCRATCH_Y))
                0x20040800                __StackOneBottom = (__StackOneTop - SIZEOF (.stack1_dummy))
                0x20041800                __StackBottom = (__StackTop - SIZEOF (.stack_dummy))
                0x20042000                PROVIDE (__stack = __StackTop)
                0x00000001                ASSERT ((__StackLimit >= __HeapLimit), region RAM overflowed)
                0x00000001                ASSERT (((__binary_info_header_end - __logical_binary_start) <= 0x100), Binary info must be in first 256 bytes of the binary)
LOAD CMakeFiles/okhi.dir/okhi.c.obj
LOAD CMakeFiles/okhi.dir/C_/Program_Files/Raspberry_Pi/Pico_SDK_v1.5.1/pico-sdk/src/rp2_common/pico_stdlib/stdlib.c.obj
LOAD CMakeFiles/okhi.dir/C_/Program_Files/Raspberry_Pi/Pico_SDK_v1.5.1/pico-sdk/src/rp2_common/hardware_gpio/gpio.c.obj
LOAD CMakeFiles/okhi.dir/C_/Program_Files/Raspberry_Pi/Pico_SDK_v1.5.1/pico-sdk/src/rp2_common/pico_platform/platform.c.obj
LOAD CMakeFiles/okhi.dir/C_/Program_Files/Raspberry_Pi/Pico_SDK_v1.5.1/pico-sdk/src/rp2_common/hardware_claim/claim.c.obj
LOAD CMakeFiles/okhi.dir/C_/Program_Files/Raspberry_Pi/Pico_SDK_v1.5.1/pico-sdk/src/rp2_common/hardware_sync/sync.c.obj
LOAD CMakeFiles/okhi.dir/C_/Program_Files/Raspberry_Pi/Pico_SDK_v1.5.1/pico-sdk/src/rp2_common/hardware_irq/irq.c.obj
LOAD CMakeFiles/okhi.dir/C_/Program_Files/Raspberry_Pi/Pico_SDK_v1.5.1/pico-sdk/src/rp2_common/hardware_irq/irq_handler_chain.S.obj
LOAD CMakeFiles/okhi.dir/C_/Program_Files/Raspberry_Pi/Pico_SDK_v1.5.1/pico-sdk/src/common/pico_sync/sem.c.obj
LOAD CMakeFiles/okhi.dir/C_/Program_Files/Raspberry_Pi/Pico_SDK_v1.5.1/pico-sdk/src/common/pico_sync/lock_core.c.obj
LOAD CMakeFiles/okhi.dir/C_/Program_Files/Raspberry_Pi/Pico_SDK_v1.5.1/pico-sdk/src/common/pico_sync/mutex.c.obj
LOAD CMakeFiles/okhi.dir/C_/Program_Files/Raspberry_Pi/Pico_SDK_v1.5.1/pico-sdk/src/common/pico_sync/critical_section.c.obj
LOAD CMakeFiles/okhi.dir/C_/Program_Files/Raspberry_Pi/Pico_SDK_v1.5.1/pico-sdk/src/common/pico_time/time.c.obj
LOAD CMakeFiles/okhi.dir/C_/Program_Files/Raspberry_Pi/Pico_SDK_v1.5.1/pico-sdk/src/common/pico_time/timeout_helper.c.obj
LOAD CMakeFiles/okhi.dir/C_/Program_Files/Raspberry_Pi/Pico_SDK_v1.5.1/pico-sdk/src/rp2_common/hardware_timer/timer.c.obj
LOAD CMakeFiles/okhi.dir/C_/Program_Files/Raspberry_Pi/Pico_SDK_v1.5.1/pico-sdk/src/common/pico_util/datetime.c.obj
LOAD CMakeFiles/okhi.dir/C_/Program_Files/Raspberry_Pi/Pico_SDK_v1.5.1/pico-sdk/src/common/pico_util/pheap.c.obj
LOAD CMakeFiles/okhi.dir/C_/Program_Files/Raspberry_Pi/Pico_SDK_v1.5.1/pico-sdk/src/common/pico_util/queue.c.obj
LOAD CMakeFiles/okhi.dir/C_/Program_Files/Raspberry_Pi/Pico_SDK_v1.5.1/pico-sdk/src/rp2_common/hardware_uart/uart.c.obj
LOAD CMakeFiles/okhi.dir/C_/Program_Files/Raspberry_Pi/Pico_SDK_v1.5.1/pico-sdk/src/rp2_common/hardware_clocks/clocks.c.obj
LOAD CMakeFiles/okhi.dir/C_/Program_Files/Raspberry_Pi/Pico_SDK_v1.5.1/pico-sdk/src/rp2_common/hardware_pll/pll.c.obj
LOAD CMakeFiles/okhi.dir/C_/Program_Files/Raspberry_Pi/Pico_SDK_v1.5.1/pico-sdk/src/rp2_common/hardware_vreg/vreg.c.obj
LOAD CMakeFiles/okhi.dir/C_/Program_Files/Raspberry_Pi/Pico_SDK_v1.5.1/pico-sdk/src/rp2_common/hardware_watchdog/watchdog.c.obj