Archive member included to satisfy reference by file (symbol)

C:/Users/regue/.pico-sdk/toolchain/15_2_Rel1/bin/../lib/gcc/arm-none-eabi/15.2.1/thumb/v6-m/nofp\libgcc.a(_dvmd_tls.o)
                              CMakeFiles/okhi.dir/C_/Users/regue/.pico-sdk/sdk/2.3.0/src/rp2_common/pico_divider/divider_hardware.S.obj (__aeabi_idiv0)
C:/Users/regue/.pico-sdk/toolchain/15_2_Rel1/bin/../lib/gcc/arm-none-eabi/15.2.1/../../../../arm-none-eabi/lib/thumb/v6-m/nofp\libg.a(libc_a-calloc.o)
                              CMakeFiles/okhi.dir/C_/Users/regue/.pico-sdk/sdk/2.3.0/src/rp2_common/pico_malloc/malloc.c.obj (calloc)
C:/Users/regue/.pico-sdk/toolchain/15_2_Rel1/bin/../lib/gcc/arm-none-eabi/15.2.1/../../../../arm-none-eabi/lib/thumb/v6-m/nofp\libg.a(libc_a-callocr.o)
                              C:/Users/regue/.pico-sdk/toolchain/15_2_Rel1/bin/../lib/gcc/arm-none-eabi/15.2.1/../../../../arm-none-eabi/lib/thumb/v6-m/nofp\libg.a(libc_a-calloc.o) (_calloc_r)
C:/Users/regue/.pico-sdk/toolchain/15_2_Rel1/bin/../lib/gcc/arm-none-eabi/15.2.1/../../../../arm-none-eabi/lib/thumb/v6-m/nofp\libg.a(libc_a-malloc.o)
                              CMakeFiles/okhi.dir/C_/Users/regue/.pico-sdk/sdk/2.3.0/src/rp2_common/pico_malloc/malloc.c.obj (malloc)
C:/Users/regue/.pico-sdk/toolchain/15_2_Rel1/bin/../lib/gcc/arm-none-eabi/15.2.1/../../../../arm-none-eabi/lib/thumb/v6-m/nofp\libg.a(libc_a-mallocr.o)
                              C:/Users/regue/.pico-sdk/toolchain/15_2_Rel1/bin/../lib/gcc/arm-none-eabi/15.2.1/../../../../arm-none-eabi/lib/thumb/v6-m/nofp\libg.a(libc_a-callocr.o) (_malloc_r)
C:/Users/regue/.pico-sdk/toolchain/15_2_Rel1/bin/../lib/gcc/arm-none-eabi/15.2.1/../../../../arm-none-eabi/lib/thumb/v6-m/nofp\libg.a(libc_a-mlock.o)
                              C:/Users/regue/.pico-sdk/toolchain/15_2_Rel1/bin/../lib/gcc/arm-none-eabi/15.2.1/../../../../arm-none-eabi/lib/thumb/v6-m/nofp\libg.a(libc_a-mallocr.o) (__malloc_lock)
C:/Users/regue/.pico-sdk/toolchain/15_2_Rel1/bin/../lib/gcc/arm-none-eabi/15.2.1/../../../../arm-none-eabi/lib/thumb/v6-m/nofp\libg.a(libc_a-realloc.o)
                              CMakeFiles/okhi.dir/C_/Users/regue/.pico-sdk/sdk/2.3.0/src/rp2_common/pico_malloc/malloc.c.obj (realloc)
C:/Users/regue/.pico-sdk/toolchain/15_2_Rel1/bin/../lib/gcc/arm-none-eabi/15.2.1/../../../../arm-none-eabi/lib/thumb/v6-m/nofp\libg.a(libc_a-reallocr.o)
                              C:/Users/regue/.pico-sdk/toolchain/15_2_Rel1/bin/../lib/gcc/arm-none-eabi/15.2.1/../../../../arm-none-eabi/lib/thumb/v6-m/nofp\libg.a(libc_a-realloc.o) (_realloc_r)
C:/Users/regue/.pico-sdk/toolchain/15_2_Rel1/bin/../lib/gcc/arm-none-eabi/15.2.1/../../../../arm-none-eabi/lib/thumb/v6-m/nofp\libg.a(libc_a-fflush.o)
                              CMakeFiles/okhi.dir/okhi.c.obj (fflush)
C:/Users/regue/.pico-sdk/toolchain/15_2_Rel1/bin/../lib/gcc/arm-none-eabi/15.2.1/../../../../arm-none-eabi/lib/thumb/v6-m/nofp\libg.a(libc_a-findfp.o)
                              C:/Users/regue/.pico-sdk/toolchain/15_2_Rel1/bin/../lib/gcc/arm-none-eabi/15.2.1/../../../../arm-none-eabi/lib/thumb/v6-m/nofp\libg.a(libc_a-fflush.o) (__sglue)
C:/Users/regue/.pico-sdk/toolchain/15_2_Rel1/bin/../lib/gcc/arm-none-eabi/15.2.1/../../../../arm-none-eabi/lib/thumb/v6-m/nofp\libg.a(libc_a-fwalk.o)
                              C:/Users/regue/.pico-sdk/toolchain/15_2_Rel1/bin/../lib/gcc/arm-none-eabi/15.2.1/../../../../arm-none-eabi/lib/thumb/v6-m/nofp\libg.a(libc_a-fflush.o) (_fwalk_sglue)
C:/Users/regue/.pico-sdk/toolchain/15_2_Rel1/bin/../lib/gcc/arm-none-eabi/15.2.1/../../../../arm-none-eabi/lib/thumb/v6-m/nofp\libg.a(libc_a-stdio.o)
                              C:/Users/regue/.pico-sdk/toolchain/15_2_Rel1/bin/../lib/gcc/arm-none-eabi/15.2.1/../../../../arm-none-eabi/lib/thumb/v6-m/nofp\libg.a(libc_a-findfp.o) (__sread)
C:/Users/regue/.pico-sdk/toolchain/15_2_Rel1/bin/../lib/gcc/arm-none-eabi/15.2.1/../../../../arm-none-eabi/lib/thumb/v6-m/nofp\libg.a(libc_a-memcmp.o)
                              CMakeFiles/okhi.dir/C_/Users/regue/.pico-sdk/sdk/2.3.0/src/rp2_common/pico_atomic/atomic.c.obj (memcmp)
C:/Users/regue/.pico-sdk/toolchain/15_2_Rel1/bin/../lib/gcc/arm-none-eabi/15.2.1/../../../../arm-none-eabi/lib/thumb/v6-m/nofp\libg.a(libc_a-memmove.o)
                              C:/Users/regue/.pico-sdk/toolchain/15_2_Rel1/bin/../lib/gcc/arm-none-eabi/15.2.1/../../../../arm-none-eabi/lib/thumb/v6-m/nofp\libg.a(libc_a-reallocr.o) (memmove)
C:/Users/regue/.pico-sdk/toolchain/15_2_Rel1/bin/../lib/gcc/arm-none-eabi/15.2.1/../../../../arm-none-eabi/lib/thumb/v6-m/nofp\libg.a(libc_a-lcltime_r.o)
                              CMakeFiles/okhi.dir/C_/Users/regue/.pico-sdk/sdk/2.3.0/src/common/pico_util/datetime.c.obj (localtime_r)
C:/Users/regue/.pico-sdk/toolchain/15_2_Rel1/bin/../lib/gcc/arm-none-eabi/15.2.1/../../../../arm-none-eabi/lib/thumb/v6-m/nofp\libg.a(libc_a-mktime.o)
[...]
Memory Configuration

Name             Origin             Length             Attributes
FLASH            0x10000000         0x00200000         xr
XIP_RAM          0x15000000         0x00004000         xrw
RAM              0x20000000         0x00040000         xrw
SCRATCH_X        0x20040000         0x00001000         xrw
SCRATCH_Y        0x20041000         0x00001000         xrw
*default*        0x00000000         0xffffffff

Linker script and memory map

                0x20000000                        RAM_ORIGIN_DEFAULT = 0x20000000
                0x00040000                        RAM_LENGTH_DEFAULT = 0x40000
                0x20040000                        SCRATCH_X_ORIGIN_DEFAULT = 0x20040000
                0x00001000                        SCRATCH_X_LENGTH_DEFAULT = 0x1000
                0x20041000                        SCRATCH_Y_ORIGIN_DEFAULT = 0x20041000
                0x00001000                        SCRATCH_Y_LENGTH_DEFAULT = 0x1000
                0x15000000                        XIP_RAM_ORIGIN_DEFAULT = 0x15000000
                0x00004000                        XIP_RAM_LENGTH_DEFAULT = 0x4000
LOAD CMakeFiles/okhi.dir/okhi.c.obj
LOAD CMakeFiles/okhi.dir/C_/Users/regue/.pico-sdk/sdk/2.3.0/src/rp2_common/pico_stdlib/stdlib.c.obj
LOAD CMakeFiles/okhi.dir/C_/Users/regue/.pico-sdk/sdk/2.3.0/src/rp2_common/hardware_gpio/gpio.c.obj
LOAD CMakeFiles/okhi.dir/C_/Users/regue/.pico-sdk/sdk/2.3.0/src/rp2040/pico_platform/platform.c.obj
LOAD CMakeFiles/okhi.dir/C_/Users/regue/.pico-sdk/sdk/2.3.0/src/rp2_common/pico_platform_common/common.c.obj
LOAD CMakeFiles/okhi.dir/C_/Users/regue/.pico-sdk/sdk/2.3.0/src/rp2_common/pico_platform_panic/panic.c.obj
LOAD CMakeFiles/okhi.dir/C_/Users/regue/.pico-sdk/sdk/2.3.0/src/rp2_common/pico_platform_panic/custom_panic_function.S.obj
LOAD CMakeFiles/okhi.dir/C_/Users/regue/.pico-sdk/sdk/2.3.0/src/common/hardware_claim/claim.c.obj
LOAD CMakeFiles/okhi.dir/C_/Users/regue/.pico-sdk/sdk/2.3.0/src/rp2_common/hardware_sync/sync.c.obj
LOAD CMakeFiles/okhi.dir/C_/Users/regue/.pico-sdk/sdk/2.3.0/src/rp2_common/hardware_sync_spin_lock/sync_spin_lock.c.obj
LOAD CMakeFiles/okhi.dir/C_/Users/regue/.pico-sdk/sdk/2.3.0/src/rp2_common/hardware_irq/irq.c.obj
LOAD CMakeFiles/okhi.dir/C_/Users/regue/.pico-sdk/sdk/2.3.0/src/rp2_common/hardware_irq/irq_handler_chain.S.obj
LOAD CMakeFiles/okhi.dir/C_/Users/regue/.pico-sdk/sdk/2.3.0/src/common/pico_sync/sem.c.obj
LOAD CMakeFiles/okhi.dir/C_/Users/regue/.pico-sdk/sdk/2.3.0/src/common/pico_sync/lock_core.c.obj
LOAD CMakeFiles/okhi.dir/C_/Users/regue/.pico-sdk/sdk/2.3.0/src/common/pico_sync/mutex.c.obj
LOAD CMakeFiles/okhi.dir/C_/Users/regue/.pico-sdk/sdk/2.3.0/src/common/pico_sync/critical_section.c.obj
LOAD CMakeFiles/okhi.dir/C_/Users/regue/.pico-sdk/sdk/2.3.0/src/common/pico_time/time.c.obj
LOAD CMakeFiles/okhi.dir/C_/Users/regue/.pico-sdk/sdk/2.3.0/src/common/pico_time/timeout_helper.c.obj
LOAD CMakeFiles/okhi.dir/C_/Users/regue/.pico-sdk/sdk/2.3.0/src/rp2_common/hardware_timer/timer.c.obj
LOAD CMakeFiles/okhi.dir/C_/Users/regue/.pico-sdk/sdk/2.3.0/src/common/pico_util/datetime.c.obj
LOAD CMakeFiles/okhi.dir/C_/Users/regue/.pico-sdk/sdk/2.3.0/src/common/pico_util/fixed_bitset.c.obj
LOAD CMakeFiles/okhi.dir/C_/Users/regue/.pico-sdk/sdk/2.3.0/src/common/pico_util/pheap.c.obj
LOAD CMakeFiles/okhi.dir/C_/Users/regue/.pico-sdk/sdk/2.3.0/src/common/pico_util/queue.c.obj
LOAD CMakeFiles/okhi.dir/C_/Users/regue/.pico-sdk/sdk/2.3.0/src/rp2_common/hardware_uart/uart.c.obj
LOAD CMakeFiles/okhi.dir/C_/Users/regue/.pico-sdk/sdk/2.3.0/src/rp2_common/hardware_clocks/clocks.c.obj
LOAD CMakeFiles/okhi.dir/C_/Users/regue/.pico-sdk/sdk/2.3.0/src/rp2_common/hardware_pll/pll.c.obj
LOAD CMakeFiles/okhi.dir/C_/Users/regue/.pico-sdk/sdk/2.3.0/src/rp2_common/hardware_vreg/vreg.c.obj
LOAD CMakeFiles/okhi.dir/C_/Users/regue/.pico-sdk/sdk/2.3.0/src/rp2_common/hardware_watchdog/watchdog.c.obj
LOAD CMakeFiles/okhi.dir/C_/Users/regue/.pico-sdk/sdk/2.3.0/src/rp2_common/hardware_ticks/ticks.c.obj
LOAD CMakeFiles/okhi.dir/C_/Users/regue/.pico-sdk/sdk/2.3.0/src/rp2_common/pico_bootrom/bootrom.c.obj
LOAD CMakeFiles/okhi.dir/C_/Users/regue/.pico-sdk/sdk/2.3.0/src/rp2_common/pico_bootrom/bootrom_lock.c.obj
LOAD CMakeFiles/okhi.dir/C_/Users/regue/.pico-sdk/sdk/2.3.0/src/rp2_common/hardware_boot_lock/boot_lock.c.obj
LOAD CMakeFiles/okhi.dir/C_/Users/regue/.pico-sdk/sdk/2.3.0/src/rp2_common/pico_flash/flash.c.obj
LOAD CMakeFiles/okhi.dir/C_/Users/regue/.pico-sdk/sdk/2.3.0/src/rp2_common/hardware_xosc/xosc.c.obj
LOAD CMakeFiles/okhi.dir/C_/Users/regue/.pico-sdk/sdk/2.3.0/src/rp2_common/hardware_divider/divider.S.obj
LOAD CMakeFiles/okhi.dir/C_/Users/regue/.pico-sdk/sdk/2.3.0/src/rp2_common/pico_runtime/runtime.c.obj
LOAD CMakeFiles/okhi.dir/C_/Users/regue/.pico-sdk/sdk/2.3.0/src/rp2_common/pico_runtime_init/runtime_init.c.obj
LOAD CMakeFiles/okhi.dir/C_/Users/regue/.pico-sdk/sdk/2.3.0/src/rp2_common/pico_runtime_init/runtime_init_clocks.c.obj
LOAD CMakeFiles/okhi.dir/C_/Users/regue/.pico-sdk/sdk/2.3.0/src/rp2_common/pico_runtime_init/runtime_init_stack_guard.c.obj
LOAD CMakeFiles/okhi.dir/C_/Users/regue/.pico-sdk/sdk/2.3.0/src/rp2_common/hardware_rtc/rtc.c.obj
LOAD CMakeFiles/okhi.dir/C_/Users/regue/.pico-sdk/sdk/2.3.0/src/rp2_common/pico_bit_ops/bit_ops_aeabi.S.obj
LOAD CMakeFiles/okhi.dir/C_/Users/regue/.pico-sdk/sdk/2.3.0/src/rp2_common/pico_divider/divider_hardware.S.obj
LOAD CMakeFiles/okhi.dir/C_/Users/regue/.pico-sdk/sdk/2.3.0/src/rp2_common/pico_double/double_aeabi_rp2040.S.obj
LOAD CMakeFiles/okhi.dir/C_/Users/regue/.pico-sdk/sdk/2.3.0/src/rp2_common/pico_double/double_init_rom_rp2040.c.obj
LOAD CMakeFiles/okhi.dir/C_/Users/regue/.pico-sdk/sdk/2.3.0/src/rp2_common/pico_double/double_math.c.obj
LOAD CMakeFiles/okhi.dir/C_/Users/regue/.pico-sdk/sdk/2.3.0/src/rp2_common/pico_double/double_v1_rom_shim_rp2040.S.obj
LOAD CMakeFiles/okhi.dir/C_/Users/regue/.pico-sdk/sdk/2.3.0/src/rp2_common/pico_int64_ops/pico_int64_ops_aeabi.S.obj
LOAD CMakeFiles/okhi.dir/C_/Users/regue/.pico-sdk/sdk/2.3.0/src/rp2_common/pico_float/float_aeabi_rp2040.S.obj
LOAD CMakeFiles/okhi.dir/C_/Users/regue/.pico-sdk/sdk/2.3.0/src/rp2_common/pico_float/float_init_rom_rp2040.c.obj
LOAD CMakeFiles/okhi.dir/C_/Users/regue/.pico-sdk/sdk/2.3.0/src/rp2_common/pico_float/float_math.c.obj
LOAD CMakeFiles/okhi.dir/C_/Users/regue/.pico-sdk/sdk/2.3.0/src/rp2_common/pico_float/float_v1_rom_shim_rp2040.S.obj
LOAD CMakeFiles/okhi.dir/C_/Users/regue/.pico-sdk/sdk/2.3.0/src/rp2_common/pico_malloc/malloc.c.obj
LOAD CMakeFiles/okhi.dir/C_/Users/regue/.pico-sdk/sdk/2.3.0/src/rp2_common/pico_mem_ops/mem_ops_aeabi.S.obj
LOAD CMakeFiles/okhi.dir/C_/Users/regue/.pico-sdk/sdk/2.3.0/src/rp2_common/pico_atomic/atomic.c.obj
LOAD CMakeFiles/okhi.dir/C_/Users/regue/.pico-sdk/sdk/2.3.0/src/rp2_common/pico_cxx_options/new_delete.cpp.obj
LOAD CMakeFiles/okhi.dir/C_/Users/regue/.pico-sdk/sdk/2.3.0/src/rp2_common/pico_standard_binary_info/standard_binary_info.c.obj
LOAD CMakeFiles/okhi.dir/C_/Users/regue/.pico-sdk/sdk/2.3.0/src/rp2_common/pico_printf/printf.c.obj
LOAD CMakeFiles/okhi.dir/C_/Users/regue/.pico-sdk/sdk/2.3.0/src/rp2_common/pico_crt0/crt0.S.obj
LOAD CMakeFiles/okhi.dir/C_/Users/regue/.pico-sdk/sdk/2.3.0/src/rp2_common/pico_clib_interface/newlib_interface.c.obj
LOAD CMakeFiles/okhi.dir/C_/Users/regue/.pico-sdk/sdk/2.3.0/src/rp2_common/pico_clib_interface/cxa_guard.c.obj
LOAD CMakeFiles/okhi.dir/C_/Users/regue/.pico-sdk/sdk/2.3.0/src/rp2_common/pico_stdio/stdio.c.obj
LOAD CMakeFiles/okhi.dir/C_/Users/regue/.pico-sdk/sdk/2.3.0/src/rp2_common/pico_stdio_uart/stdio_uart.c.obj
LOAD CMakeFiles/okhi.dir/C_/Users/regue/.pico-sdk/sdk/2.3.0/src/rp2_common/pico_thread_local/thread_local.c.obj
LOAD CMakeFiles/okhi.dir/C_/Users/regue/.pico-sdk/sdk/2.3.0/src/rp2_common/pico_multicore/multicore.c.obj
LOAD CMakeFiles/okhi.dir/C_/Users/regue/.pico-sdk/sdk/2.3.0/src/rp2_common/hardware_pio/pio.c.obj
LOAD CMakeFiles/okhi.dir/C_/Users/regue/.pico-sdk/sdk/2.3.0/src/rp2_common/hardware_spi/spi.c.obj
LOAD CMakeFiles/okhi.dir/C_/Users/regue/.pico-sdk/sdk/2.3.0/src/rp2_common/hardware_flash/flash.c.obj
LOAD CMakeFiles/okhi.dir/C_/Users/regue/.pico-sdk/sdk/2.3.0/src/rp2_common/hardware_xip_cache/xip_cache.c.obj
LOAD CMakeFiles/okhi.dir/C_/Users/regue/.pico-sdk/sdk/2.3.0/src/rp2_common/hardware_adc/adc.c.obj
LOAD pico-sdk/src/rp2040/boot_stage2/CMakeFiles/bs2_default_library.dir/./bs2_default_padded_checksummed.S.obj
LOAD C:/Users/regue/.pico-sdk/toolchain/15_2_Rel1/bin/../lib/gcc/arm-none-eabi/15.2.1/../../../../arm-none-eabi/lib/thumb/v6-m/nofp\libstdc++.a
LOAD C:/Users/regue/.pico-sdk/toolchain/15_2_Rel1/bin/../lib/gcc/arm-none-eabi/15.2.1/../../../../arm-none-eabi/lib/thumb/v6-m/nofp\libm.a
START GROUP
LOAD C:/Users/regue/.pico-sdk/toolchain/15_2_Rel1/bin/../lib/gcc/arm-none-eabi/15.2.1/thumb/v6-m/nofp\libgcc.a
LOAD C:/Users/regue/.pico-sdk/toolchain/15_2_Rel1/bin/../lib/gcc/arm-none-eabi/15.2.1/../../../../arm-none-eabi/lib/thumb/v6-m/nofp\libg.a
LOAD C:/Users/regue/.pico-sdk/toolchain/15_2_Rel1/bin/../lib/gcc/arm-none-eabi/15.2.1/../../../../arm-none-eabi/lib/thumb/v6-m/nofp\libc.a
END GROUP
                0x20000000                        PROVIDE (RAM_ORIGIN = RAM_ORIGIN_DEFAULT)
                0x00040000                        PROVIDE (RAM_LENGTH = RAM_LENGTH_DEFAULT)
                0x20040000                        PROVIDE (SCRATCH_X_ORIGIN = SCRATCH_X_ORIGIN_DEFAULT)
                0x00001000                        PROVIDE (SCRATCH_X_LENGTH = SCRATCH_X_LENGTH_DEFAULT)
                0x20041000                        PROVIDE (SCRATCH_Y_ORIGIN = SCRATCH_Y_ORIGIN_DEFAULT)
                0x00001000                        PROVIDE (SCRATCH_Y_LENGTH = SCRATCH_Y_LENGTH_DEFAULT)
                0x15000000                        PROVIDE (XIP_RAM_ORIGIN = XIP_RAM_ORIGIN_DEFAULT)
                0x00004000                        PROVIDE (XIP_RAM_LENGTH = XIP_RAM_LENGTH_DEFAULT)
                0x20000000                        RAM_ORIGIN = DEFINED (RAM_ORIGIN)?RAM_ORIGIN:RAM_ORIGIN_DEFAULT
                0x00040000                        RAM_LENGTH = DEFINED (RAM_LENGTH)?RAM_LENGTH:RAM_LENGTH_DEFAULT
                0x20040000                        SCRATCH_X_ORIGIN = DEFINED (SCRATCH_X_ORIGIN)?SCRATCH_X_ORIGIN:SCRATCH_X_ORIGIN_DEFAULT
                0x00001000                        SCRATCH_X_LENGTH = DEFINED (SCRATCH_X_LENGTH)?SCRATCH_X_LENGTH:SCRATCH_X_LENGTH_DEFAULT
                0x20041000                        SCRATCH_Y_ORIGIN = DEFINED (SCRATCH_Y_ORIGIN)?SCRATCH_Y_ORIGIN:SCRATCH_Y_ORIGIN_DEFAULT
                0x00001000                        SCRATCH_Y_LENGTH = DEFINED (SCRATCH_Y_LENGTH)?SCRATCH_Y_LENGTH:SCRATCH_Y_LENGTH_DEFAULT
                0x15000000                        XIP_RAM_ORIGIN = DEFINED (XIP_RAM_ORIGIN)?XIP_RAM_ORIGIN:XIP_RAM_ORIGIN_DEFAULT
                0x00004000                        XIP_RAM_LENGTH = DEFINED (XIP_RAM_LENGTH)?XIP_RAM_LENGTH:XIP_RAM_LENGTH_DEFAULT

.flash_begin    0x10000000        0x0
                0x10000000                        __flash_binary_start = .

.boot2          0x10000000      0x100
                0x10000000                        __boot2_start__ = .
 *(.boot2)
 .boot2         0x10000000      0x100 pico-sdk/src/rp2040/boot_stage2/CMakeFiles/bs2_default_library.dir/./bs2_default_padded_checksummed.S.obj
                0x10000100                        __boot2_end__ = .
                0x00000001                        ASSERT (((__boot2_end__ - __boot2_start__) == 0x100), ERROR: Pico second stage bootloader must be exactly 256 bytes in size for RP2040)

.flashtext      0x10000100      0x18c
                0x10000100                        __logical_binary_start = .
 *(.vectors)
 .vectors       0x10000100       0xd4 CMakeFiles/okhi.dir/C_/Users/regue/.pico-sdk/sdk/2.3.0/src/rp2_common/pico_crt0/crt0.S.obj
                0x10000100                __VECTOR_TABLE
                0x10000100                __vectors
                0x100001c0                isr_irq13
                0x100001c0                isr_irq27
                0x100001c0                isr_irq31
                0x100001c0                isr_irq12
                0x100001c0                isr_irq5
                0x100001c0                isr_irq11
                0x100001c0                isr_irq3
                0x100001c0                isr_irq23
                0x100001c0                __unhandled_user_irq
                0x100001c0                isr_irq26
                0x100001c0                isr_irq28
                0x100001c0                isr_irq19
                0x100001c0                isr_irq0
                0x100001c0                isr_irq6
                0x100001c0                isr_irq29
                0x100001c0                isr_irq16
                0x100001c0                isr_irq22
                0x100001c0                isr_irq18
                0x100001c0                isr_irq17
                0x100001c0                isr_irq14
                0x100001c0                __vectors_end
                0x100001c0                __default_isrs_start
                0x100001c0                isr_irq2
                0x100001c0                isr_irq10
                0x100001c0                isr_irq8
                0x100001c0                isr_irq24
                0x100001c0                isr_irq1
                0x100001c0                isr_irq7
                0x100001c0                isr_irq21
                0x100001c0                isr_irq20
                0x100001c0                isr_irq15
                0x100001c0                isr_irq25
                0x100001c0                isr_irq4
                0x100001c0                isr_irq30
                0x100001c0                isr_irq9
                0x100001c6                unhandled_user_irq_num_in_r0
                0x100001c8                isr_invalid
                0x100001ca                isr_nmi
                0x100001cc                isr_hardfault
                0x100001ce                isr_svcall
                0x100001d0                isr_pendsv
                0x100001d2                isr_systick
                0x100001d4                __default_isrs_end
 *(.binary_info_header)
 .binary_info_header
                0x100001d4       0x14 CMakeFiles/okhi.dir/C_/Users/regue/.pico-sdk/sdk/2.3.0/src/rp2_common/pico_crt0/crt0.S.obj
                0x100001e8                        __binary_info_header_end = .
 *(.embedded_block)
                0x100001e8                        __embedded_block_end = .
 *(.reset)
 .reset         0x100001e8       0xa4 CMakeFiles/okhi.dir/C_/Users/regue/.pico-sdk/sdk/2.3.0/src/rp2_common/pico_crt0/crt0.S.obj
                0x100001e8                _entry_point
                0x1000028c                        . = ALIGN (0x4)

.rodata         0x1000028c        0x0
 *(SORT_BY_ALIGNMENT(SORT_BY_NAME(.flashdata*)))
                0x1000028c                        . = ALIGN (0x4)

.ARM.extab
 *(.ARM.extab* .gnu.linkonce.armextab.*)
                0x1000028c                        __exidx_start = .

.ARM.exidx
 *(.ARM.exidx* .gnu.linkonce.armexidx.*)
                0x1000028c                        __exidx_end = .
                0x1000028c                        . = ALIGN (0x4)
                0x1000028c                        __binary_info_start = .

.binary_info    0x1000028c       0x30
 *(.binary_info.keep.*)
 .binary_info.keep.__bi_ptr94
                0x1000028c        0x4 CMakeFiles/okhi.dir/C_/Users/regue/.pico-sdk/sdk/2.3.0/src/rp2_common/pico_standard_binary_info/standard_binary_info.c.obj
 .binary_info.keep.__bi_ptr84
                0x10000290        0x4 CMakeFiles/okhi.dir/C_/Users/regue/.pico-sdk/sdk/2.3.0/src/rp2_common/pico_standard_binary_info/standard_binary_info.c.obj
 .binary_info.keep.__bi_ptr78
                0x10000294        0x4 CMakeFiles/okhi.dir/C_/Users/regue/.pico-sdk/sdk/2.3.0/src/rp2_common/pico_standard_binary_info/standard_binary_info.c.obj
 .binary_info.keep.__bi_ptr72
                0x10000298        0x4 CMakeFiles/okhi.dir/C_/Users/regue/.pico-sdk/sdk/2.3.0/src/rp2_common/pico_standard_binary_info/standard_binary_info.c.obj
 .binary_info.keep.__bi_ptr54
                0x1000029c        0x4 CMakeFiles/okhi.dir/C_/Users/regue/.pico-sdk/sdk/2.3.0/src/rp2_common/pico_standard_binary_info/standard_binary_info.c.obj
 .binary_info.keep.__bi_ptr48
                0x100002a0        0x4 CMakeFiles/okhi.dir/C_/Users/regue/.pico-sdk/sdk/2.3.0/src/rp2_common/pico_standard_binary_info/standard_binary_info.c.obj
 .binary_info.keep.__bi_ptr42
                0x100002a4        0x4 CMakeFiles/okhi.dir/C_/Users/regue/.pico-sdk/sdk/2.3.0/src/rp2_common/pico_standard_binary_info/standard_binary_info.c.obj
 .binary_info.keep.__bi_ptr34
                0x100002a8        0x4 CMakeFiles/okhi.dir/C_/Users/regue/.pico-sdk/sdk/2.3.0/src/rp2_common/pico_standard_binary_info/standard_binary_info.c.obj
 .binary_info.keep.__bi_ptr26
                0x100002ac        0x4 CMakeFiles/okhi.dir/C_/Users/regue/.pico-sdk/sdk/2.3.0/src/rp2_common/pico_standard_binary_info/standard_binary_info.c.obj
 *(.binary_info.*)
 .binary_info.__bi_ptr50
                0x100002b0        0x4 CMakeFiles/okhi.dir/C_/Users/regue/.pico-sdk/sdk/2.3.0/src/rp2_common/pico_stdio_uart/stdio_uart.c.obj
 .binary_info.__bi_ptr49
                0x100002b4        0x4 CMakeFiles/okhi.dir/C_/Users/regue/.pico-sdk/sdk/2.3.0/src/rp2_common/pico_stdio_uart/stdio_uart.c.obj
 .binary_info.__bi_ptr45
                0x100002b8        0x4 CMakeFiles/okhi.dir/C_/Users/regue/.pico-sdk/sdk/2.3.0/src/rp2_common/pico_stdio_uart/stdio_uart.c.obj
                0x100002bc                        __binary_info_end = .
                0x100002bc                        . = ALIGN (0x4)

.ram_vector_table
                0x20000000       0xc0
 *(.ram_vector_table)
 .ram_vector_table
                0x20000000       0xc0 CMakeFiles/okhi.dir/C_/Users/regue/.pico-sdk/sdk/2.3.0/src/rp2_common/pico_runtime_init/runtime_init.c.obj
                0x20000000                ram_vector_table

.uninitialized_data
                0x200000c0        0x4
                0x200000c0                        . = ALIGN (0x4)
 *(.uninitialized_data*)
 .uninitialized_data
                0x200000c0        0x4 CMakeFiles/okhi.dir/okhi.c.obj
                0x200000c0                wait_20

.text           0x200000c4     0x6cb8 load address 0x100002bc
                0x200000c4                        __ram_text_start__ = .
 *(.init)
 *(.text*)
 .text.sm_config_set_clkdiv
                0x200000c4       0x44 CMakeFiles/okhi.dir/okhi.c.obj
 .text.pio_get_default_sm_config
                0x20000108       0x28 CMakeFiles/okhi.dir/okhi.c.obj
 .text.uart_set_irqs_enabled
                0x20000130       0x4c CMakeFiles/okhi.dir/okhi.c.obj
 .text.tar_lowsp_pio0_program_get_default_config
                0x2000017c       0x28 CMakeFiles/okhi.dir/okhi.c.obj
 .text.tar_pio1_program_get_default_config
                0x200001a4       0x28 CMakeFiles/okhi.dir/okhi.c.obj
 .text.get_start_free_flash_space_addr
                0x200001cc       0x18 CMakeFiles/okhi.dir/okhi.c.obj
 .text.get_flash_end_address
                0x200001e4        0x6 CMakeFiles/okhi.dir/okhi.c.obj
 .text.get_free_flash_space
                0x200001ea       0x10 CMakeFiles/okhi.dir/okhi.c.obj
 *fill*         0x200001fa        0x2 
 .text.capture_limit_value
                0x200001fc        0x8 CMakeFiles/okhi.dir/okhi.c.obj
 .text.crc16_usb
                0x20000204       0x30 CMakeFiles/okhi.dir/okhi.c.obj
 .text.crc5_usb
                0x20000234       0x20 CMakeFiles/okhi.dir/okhi.c.obj
 .text.handle_folding
                0x20000254       0x90 CMakeFiles/okhi.dir/okhi.c.obj
 .text.process_packet
                0x200002e4      0x1f8 CMakeFiles/okhi.dir/okhi.c.obj
 .text.start_time
                0x200004dc       0x30 CMakeFiles/okhi.dir/okhi.c.obj
 .text.bootsel_pressed_safely
                0x2000050c       0x64 CMakeFiles/okhi.dir/okhi.c.obj
 .text.gpio_callback
                0x20000570       0x54 CMakeFiles/okhi.dir/okhi.c.obj
                0x20000570                gpio_callback
 .text.pio1_irq
                0x200005c4       0x48 CMakeFiles/okhi.dir/okhi.c.obj
                0x200005c4                pio1_irq
 .text.pio0_irq
                0x2000060c       0x44 CMakeFiles/okhi.dir/okhi.c.obj
                0x2000060c                pio0_irq
 .text.process_buffer
                0x20000650      0x15c CMakeFiles/okhi.dir/okhi.c.obj
 .text.print_g_fold_count
                0x200007ac       0x44 CMakeFiles/okhi.dir/okhi.c.obj
 .text.init_esp_seq
                0x200007f0       0xc0 CMakeFiles/okhi.dir/okhi.c.obj
 .text.my_spi_write_blocking
                0x200008b0      0x1a0 CMakeFiles/okhi.dir/okhi.c.obj
 .text.my_spi_to_esp_write_blocking
                0x20000a50       0x26 CMakeFiles/okhi.dir/okhi.c.obj
 *fill*         0x20000a76        0x2 
 .text.print_packet
                0x20000a78      0x214 CMakeFiles/okhi.dir/okhi.c.obj
 .text.display_buffer
                0x20000c8c      0x178 CMakeFiles/okhi.dir/okhi.c.obj
 .text.core1_main
                0x20000e04      0x110 CMakeFiles/okhi.dir/okhi.c.obj
                0x20000e04                core1_main
 .text.reinit_dbuff
                0x20000f14       0x20 CMakeFiles/okhi.dir/okhi.c.obj
 .text.blink_led
                0x20000f34       0x50 CMakeFiles/okhi.dir/okhi.c.obj
 .text.boot_press
                0x20000f84       0x2c CMakeFiles/okhi.dir/okhi.c.obj
 .text.set_sys_clock_khz
                0x20000fb0       0x3c CMakeFiles/okhi.dir/okhi.c.obj
 .text.get_pin_state
                0x20000fec       0x6c CMakeFiles/okhi.dir/okhi.c.obj
 .text.detect_hw_version
                0x20001058       0x80 CMakeFiles/okhi.dir/okhi.c.obj
 .text.init_ver
                0x200010d8      0x120 CMakeFiles/okhi.dir/okhi.c.obj
 .text.free_all_pio_state_machines
                0x200011f8       0x26 CMakeFiles/okhi.dir/okhi.c.obj
 *fill*         0x2000121e        0x2 
 .text.pio_destroy
                0x20001220       0x28 CMakeFiles/okhi.dir/okhi.c.obj
 .text.adc_gpio_init
                0x20001248       0x1e CMakeFiles/okhi.dir/okhi.c.obj
 *fill*         0x20001266        0x2 
 .text.init_seq
                0x20001268      0x1fc CMakeFiles/okhi.dir/okhi.c.obj
 .text.main     0x20001464      0x488 CMakeFiles/okhi.dir/okhi.c.obj
                0x20001464                main
 .text.gpio_default_irq_handler
                0x200018ec       0xa4 CMakeFiles/okhi.dir/C_/Users/regue/.pico-sdk/sdk/2.3.0/src/rp2_common/hardware_gpio/gpio.c.obj
 .text._gpio_set_irq_enabled
                0x20001990       0x40 CMakeFiles/okhi.dir/C_/Users/regue/.pico-sdk/sdk/2.3.0/src/rp2_common/hardware_gpio/gpio.c.obj
 .text.gpio_set_function
                0x200019d0       0x34 CMakeFiles/okhi.dir/C_/Users/regue/.pico-sdk/sdk/2.3.0/src/rp2_common/hardware_gpio/gpio.c.obj
                0x200019d0                gpio_set_function
 .text.gpio_set_pulls
                0x20001a04       0x34 CMakeFiles/okhi.dir/C_/Users/regue/.pico-sdk/sdk/2.3.0/src/rp2_common/hardware_gpio/gpio.c.obj
                0x20001a04                gpio_set_pulls
 .text.gpio_set_irq_enabled
                0x20001a38       0x50 CMakeFiles/okhi.dir/C_/Users/regue/.pico-sdk/sdk/2.3.0/src/rp2_common/hardware_gpio/gpio.c.obj
                0x20001a38                gpio_set_irq_enabled
 .text.gpio_set_irq_callback
                0x20001a88       0x48 CMakeFiles/okhi.dir/C_/Users/regue/.pico-sdk/sdk/2.3.0/src/rp2_common/hardware_gpio/gpio.c.obj
                0x20001a88                gpio_set_irq_callback
 .text.gpio_set_irq_enabled_with_callback
                0x20001ad0       0x36 CMakeFiles/okhi.dir/C_/Users/regue/.pico-sdk/sdk/2.3.0/src/rp2_common/hardware_gpio/gpio.c.obj
                0x20001ad0                gpio_set_irq_enabled_with_callback
 *fill*         0x20001b06        0x2 
 .text.gpio_set_input_enabled
                0x20001b08       0x28 CMakeFiles/okhi.dir/C_/Users/regue/.pico-sdk/sdk/2.3.0/src/rp2_common/hardware_gpio/gpio.c.obj
                0x20001b08                gpio_set_input_enabled
 .text.gpio_init
                0x20001b30       0x16 CMakeFiles/okhi.dir/C_/Users/regue/.pico-sdk/sdk/2.3.0/src/rp2_common/hardware_gpio/gpio.c.obj
                0x20001b30                gpio_init
 .text.gpio_deinit
                0x20001b46        0xa CMakeFiles/okhi.dir/C_/Users/regue/.pico-sdk/sdk/2.3.0/src/rp2_common/hardware_gpio/gpio.c.obj
                0x20001b46                gpio_deinit
 .text.panic    0x20001b50       0x30 CMakeFiles/okhi.dir/C_/Users/regue/.pico-sdk/sdk/2.3.0/src/rp2_common/pico_platform_panic/panic.c.obj
                0x20001b50                panic
 .text.hw_claim_lock
                0x20001b80       0x18 CMakeFiles/okhi.dir/C_/Users/regue/.pico-sdk/sdk/2.3.0/src/common/hardware_claim/claim.c.obj
                0x20001b80                hw_claim_lock
 .text.hw_claim_unlock
                0x20001b98       0x14 CMakeFiles/okhi.dir/C_/Users/regue/.pico-sdk/sdk/2.3.0/src/common/hardware_claim/claim.c.obj
                0x20001b98                hw_claim_unlock
 .text.hw_is_claimed
                0x20001bac       0x16 CMakeFiles/okhi.dir/C_/Users/regue/.pico-sdk/sdk/2.3.0/src/common/hardware_claim/claim.c.obj
                0x20001bac                hw_is_claimed
 .text.hw_claim_or_assert
                0x20001bc2       0x36 CMakeFiles/okhi.dir/C_/Users/regue/.pico-sdk/sdk/2.3.0/src/common/hardware_claim/claim.c.obj
                0x20001bc2                hw_claim_or_assert
 .text.hw_claim_unused_from_range
                0x20001bf8       0x50 CMakeFiles/okhi.dir/C_/Users/regue/.pico-sdk/sdk/2.3.0/src/common/hardware_claim/claim.c.obj
                0x20001bf8                hw_claim_unused_from_range
 .text.hw_claim_clear
                0x20001c48       0x44 CMakeFiles/okhi.dir/C_/Users/regue/.pico-sdk/sdk/2.3.0/src/common/hardware_claim/claim.c.obj
                0x20001c48                hw_claim_clear
 .text.next_striped_spin_lock_num
                0x20001c8c       0x1c CMakeFiles/okhi.dir/C_/Users/regue/.pico-sdk/sdk/2.3.0/src/rp2_common/hardware_sync/sync.c.obj
                0x20001c8c                next_striped_spin_lock_num
 .text.spin_locks_reset
                0x20001ca8       0x20 CMakeFiles/okhi.dir/C_/Users/regue/.pico-sdk/sdk/2.3.0/src/rp2_common/hardware_sync_spin_lock/sync_spin_lock.c.obj
                0x20001ca8                spin_locks_reset
 .text.set_raw_irq_handler_and_unlock
                0x20001cc8       0x28 CMakeFiles/okhi.dir/C_/Users/regue/.pico-sdk/sdk/2.3.0/src/rp2_common/hardware_irq/irq.c.obj
 .text.nvic_ipr0
                0x20001cf0        0x8 CMakeFiles/okhi.dir/C_/Users/regue/.pico-sdk/sdk/2.3.0/src/rp2_common/hardware_irq/irq.c.obj
 .text.runtime_init_per_core_irq_priorities
                0x20001cf8       0x1c CMakeFiles/okhi.dir/C_/Users/regue/.pico-sdk/sdk/2.3.0/src/rp2_common/hardware_irq/irq.c.obj
                0x20001cf8                runtime_init_per_core_irq_priorities
 .text.resolve_j_16
                0x20001d14       0x30 CMakeFiles/okhi.dir/C_/Users/regue/.pico-sdk/sdk/2.3.0/src/rp2_common/hardware_irq/irq.c.obj
 .text.make_j_16
                0x20001d44       0x48 CMakeFiles/okhi.dir/C_/Users/regue/.pico-sdk/sdk/2.3.0/src/rp2_common/hardware_irq/irq.c.obj
 .text.insert_bl_32
                0x20001d8c       0x40 CMakeFiles/okhi.dir/C_/Users/regue/.pico-sdk/sdk/2.3.0/src/rp2_common/hardware_irq/irq.c.obj
 .text.irq_is_enabled
                0x20001dcc       0x18 CMakeFiles/okhi.dir/C_/Users/regue/.pico-sdk/sdk/2.3.0/src/rp2_common/hardware_irq/irq.c.obj
                0x20001dcc                irq_is_enabled
 .text.irq_set_mask_n_enabled
                0x20001de4       0x1c CMakeFiles/okhi.dir/C_/Users/regue/.pico-sdk/sdk/2.3.0/src/rp2_common/hardware_irq/irq.c.obj
                0x20001de4                irq_set_mask_n_enabled
 .text.irq_set_enabled
                0x20001e00       0x14 CMakeFiles/okhi.dir/C_/Users/regue/.pico-sdk/sdk/2.3.0/src/rp2_common/hardware_irq/irq.c.obj
                0x20001e00                irq_set_enabled
 .text.irq_get_vtable_handler
                0x20001e14       0x10 CMakeFiles/okhi.dir/C_/Users/regue/.pico-sdk/sdk/2.3.0/src/rp2_common/hardware_irq/irq.c.obj
                0x20001e14                irq_get_vtable_handler
 .text.irq_has_handler
                0x20001e24       0x1c CMakeFiles/okhi.dir/C_/Users/regue/.pico-sdk/sdk/2.3.0/src/rp2_common/hardware_irq/irq.c.obj
                0x20001e24                irq_has_handler
 .text.irq_set_exclusive_handler
                0x20001e40       0x58 CMakeFiles/okhi.dir/C_/Users/regue/.pico-sdk/sdk/2.3.0/src/rp2_common/hardware_irq/irq.c.obj
                0x20001e40                irq_set_exclusive_handler
 .text.irq_add_shared_handler
                0x20001e98      0x218 CMakeFiles/okhi.dir/C_/Users/regue/.pico-sdk/sdk/2.3.0/src/rp2_common/hardware_irq/irq.c.obj
                0x20001e98                irq_add_shared_handler
 .text.irq_remove_handler
                0x200020b0      0x18c CMakeFiles/okhi.dir/C_/Users/regue/.pico-sdk/sdk/2.3.0/src/rp2_common/hardware_irq/irq.c.obj
                0x200020b0                irq_remove_handler
 .text.irq_add_tail_to_free_list
                0x2000223c       0xf8 CMakeFiles/okhi.dir/C_/Users/regue/.pico-sdk/sdk/2.3.0/src/rp2_common/hardware_irq/irq.c.obj
                0x2000223c                irq_add_tail_to_free_list
 .text.lock_init
                0x20002334       0x10 CMakeFiles/okhi.dir/C_/Users/regue/.pico-sdk/sdk/2.3.0/src/common/pico_sync/lock_core.c.obj
                0x20002334                lock_init
 .text.mutex_init
                0x20002344       0x1a CMakeFiles/okhi.dir/C_/Users/regue/.pico-sdk/sdk/2.3.0/src/common/pico_sync/mutex.c.obj
                0x20002344                mutex_init
 .text.recursive_mutex_init
                0x2000235e       0x1e CMakeFiles/okhi.dir/C_/Users/regue/.pico-sdk/sdk/2.3.0/src/common/pico_sync/mutex.c.obj
                0x2000235e                recursive_mutex_init
 .text.runtime_init_mutex
                0x2000237c       0x4c CMakeFiles/okhi.dir/C_/Users/regue/.pico-sdk/sdk/2.3.0/src/common/pico_sync/mutex.c.obj
                0x2000237c                runtime_init_mutex
 .text.ta_set_timeout
                0x200023c8       0x28 CMakeFiles/okhi.dir/C_/Users/regue/.pico-sdk/sdk/2.3.0/src/common/pico_time/time.c.obj
 .text.make_alarm_id
                0x200023f0        0x6 CMakeFiles/okhi.dir/C_/Users/regue/.pico-sdk/sdk/2.3.0/src/common/pico_time/time.c.obj
 *fill*         0x200023f6        0x2 
 .text.sleep_until_callback
                0x200023f8       0x30 CMakeFiles/okhi.dir/C_/Users/regue/.pico-sdk/sdk/2.3.0/src/common/pico_time/time.c.obj
 .text.alarm_pool_irq_handler
                0x20002428      0x2f4 CMakeFiles/okhi.dir/C_/Users/regue/.pico-sdk/sdk/2.3.0/src/common/pico_time/time.c.obj
 .text.ta_enable_irq_handler
                0x2000271c       0x2c CMakeFiles/okhi.dir/C_/Users/regue/.pico-sdk/sdk/2.3.0/src/common/pico_time/time.c.obj
 .text.alarm_pool_post_alloc_init
                0x20002748       0x68 CMakeFiles/okhi.dir/C_/Users/regue/.pico-sdk/sdk/2.3.0/src/common/pico_time/time.c.obj
 .text.alarm_pool_get_default
                0x200027b0       0x2c CMakeFiles/okhi.dir/C_/Users/regue/.pico-sdk/sdk/2.3.0/src/common/pico_time/time.c.obj
                0x200027b0                alarm_pool_get_default
 .text.alarm_pool_add_alarm_at_force_in_context
                0x200027dc       0xa4 CMakeFiles/okhi.dir/C_/Users/regue/.pico-sdk/sdk/2.3.0/src/common/pico_time/time.c.obj
                0x200027dc                alarm_pool_add_alarm_at_force_in_context
 .text.alarm_pool_add_alarm_at
                0x20002880       0x3c CMakeFiles/okhi.dir/C_/Users/regue/.pico-sdk/sdk/2.3.0/src/common/pico_time/time.c.obj
                0x20002880                alarm_pool_add_alarm_at
 .text.add_alarm_at
                0x200028bc       0x2e CMakeFiles/okhi.dir/C_/Users/regue/.pico-sdk/sdk/2.3.0/src/common/pico_time/time.c.obj
 *fill*         0x200028ea        0x2 
 .text.alarm_pool_cancel_alarm
                0x200028ec       0x7c CMakeFiles/okhi.dir/C_/Users/regue/.pico-sdk/sdk/2.3.0/src/common/pico_time/time.c.obj
                0x200028ec                alarm_pool_cancel_alarm
 .text.cancel_alarm
                0x20002968       0x10 CMakeFiles/okhi.dir/C_/Users/regue/.pico-sdk/sdk/2.3.0/src/common/pico_time/time.c.obj
 .text.sleep_until
                0x20002978       0xb0 CMakeFiles/okhi.dir/C_/Users/regue/.pico-sdk/sdk/2.3.0/src/common/pico_time/time.c.obj
                0x20002978                sleep_until
 .text.sleep_us
                0x20002a28       0x2c CMakeFiles/okhi.dir/C_/Users/regue/.pico-sdk/sdk/2.3.0/src/common/pico_time/time.c.obj
                0x20002a28                sleep_us
 .text.sleep_ms
                0x20002a54       0x14 CMakeFiles/okhi.dir/C_/Users/regue/.pico-sdk/sdk/2.3.0/src/common/pico_time/time.c.obj
                0x20002a54                sleep_ms
 .text.best_effort_wfe_or_timeout
                0x20002a68      0x140 CMakeFiles/okhi.dir/C_/Users/regue/.pico-sdk/sdk/2.3.0/src/common/pico_time/time.c.obj
                0x20002a68                best_effort_wfe_or_timeout
 .text.alarm_pool_get_default_timer
                0x20002ba8        0x8 CMakeFiles/okhi.dir/C_/Users/regue/.pico-sdk/sdk/2.3.0/src/common/pico_time/time.c.obj
                0x20002ba8                alarm_pool_get_default_timer
 .text.runtime_init_default_alarm_pool
                0x20002bb0       0x38 CMakeFiles/okhi.dir/C_/Users/regue/.pico-sdk/sdk/2.3.0/src/common/pico_time/time.c.obj
                0x20002bb0                runtime_init_default_alarm_pool
 .text.timer_hardware_alarm_claim
                0x20002be8       0x14 CMakeFiles/okhi.dir/C_/Users/regue/.pico-sdk/sdk/2.3.0/src/rp2_common/hardware_timer/timer.c.obj
                0x20002be8                timer_hardware_alarm_claim
 .text.timer_time_us_64
                0x20002bfc       0x10 CMakeFiles/okhi.dir/C_/Users/regue/.pico-sdk/sdk/2.3.0/src/rp2_common/hardware_timer/timer.c.obj
                0x20002bfc                timer_time_us_64
 .text.timer_busy_wait_until
                0x20002c0c       0x1a CMakeFiles/okhi.dir/C_/Users/regue/.pico-sdk/sdk/2.3.0/src/rp2_common/hardware_timer/timer.c.obj
                0x20002c0c                timer_busy_wait_until
 .text.timer_busy_wait_us
                0x20002c26       0x34 CMakeFiles/okhi.dir/C_/Users/regue/.pico-sdk/sdk/2.3.0/src/rp2_common/hardware_timer/timer.c.obj
                0x20002c26                timer_busy_wait_us
 *fill*         0x20002c5a        0x2 
 .text.time_us_64
                0x20002c5c       0x10 CMakeFiles/okhi.dir/C_/Users/regue/.pico-sdk/sdk/2.3.0/src/rp2_common/hardware_timer/timer.c.obj
                0x20002c5c                time_us_64
 .text.busy_wait_us
                0x20002c6c       0x14 CMakeFiles/okhi.dir/C_/Users/regue/.pico-sdk/sdk/2.3.0/src/rp2_common/hardware_timer/timer.c.obj
                0x20002c6c                busy_wait_us
 .text.busy_wait_until
                0x20002c80       0x14 CMakeFiles/okhi.dir/C_/Users/regue/.pico-sdk/sdk/2.3.0/src/rp2_common/hardware_timer/timer.c.obj
                0x20002c80                busy_wait_until
 .text.uart_unreset
                0x20002c94       0x2c CMakeFiles/okhi.dir/C_/Users/regue/.pico-sdk/sdk/2.3.0/src/rp2_common/hardware_uart/uart.c.obj
 .text.uart_disable_before_lcr_write
                0x20002cc0       0x48 CMakeFiles/okhi.dir/C_/Users/regue/.pico-sdk/sdk/2.3.0/src/rp2_common/hardware_uart/uart.c.obj
 .text.uart_write_lcr_bits_masked
                0x20002d08       0x28 CMakeFiles/okhi.dir/C_/Users/regue/.pico-sdk/sdk/2.3.0/src/rp2_common/hardware_uart/uart.c.obj
 .text.uart_set_baudrate
                0x20002d30       0x5c CMakeFiles/okhi.dir/C_/Users/regue/.pico-sdk/sdk/2.3.0/src/rp2_common/hardware_uart/uart.c.obj
                0x20002d30                uart_set_baudrate
 .text.uart_set_format
                0x20002d8c       0x2c CMakeFiles/okhi.dir/C_/Users/regue/.pico-sdk/sdk/2.3.0/src/rp2_common/hardware_uart/uart.c.obj
                0x20002d8c                uart_set_format
 .text.uart_set_fifo_enabled
                0x20002db8       0x10 CMakeFiles/okhi.dir/C_/Users/regue/.pico-sdk/sdk/2.3.0/src/rp2_common/hardware_uart/uart.c.obj
                0x20002db8                uart_set_fifo_enabled
 .text.uart_set_translate_crlf
                0x20002dc8       0x28 CMakeFiles/okhi.dir/C_/Users/regue/.pico-sdk/sdk/2.3.0/src/rp2_common/hardware_uart/uart.c.obj
                0x20002dc8                uart_set_translate_crlf
 .text.uart_init
                0x20002df0       0x64 CMakeFiles/okhi.dir/C_/Users/regue/.pico-sdk/sdk/2.3.0/src/rp2_common/hardware_uart/uart.c.obj
                0x20002df0                uart_init
 .text.clock_configure_internal
                0x20002e54       0xc0 CMakeFiles/okhi.dir/C_/Users/regue/.pico-sdk/sdk/2.3.0/src/rp2_common/hardware_clocks/clocks.c.obj
 .text.clock_configure_int_divider
                0x20002f14       0x28 CMakeFiles/okhi.dir/C_/Users/regue/.pico-sdk/sdk/2.3.0/src/rp2_common/hardware_clocks/clocks.c.obj
                0x20002f14                clock_configure_int_divider
 .text.clock_configure_undivided
                0x20002f3c       0x12 CMakeFiles/okhi.dir/C_/Users/regue/.pico-sdk/sdk/2.3.0/src/rp2_common/hardware_clocks/clocks.c.obj
                0x20002f3c                clock_configure_undivided
 *fill*         0x20002f4e        0x2 
 .text.clock_get_hz
                0x20002f50        0xc CMakeFiles/okhi.dir/C_/Users/regue/.pico-sdk/sdk/2.3.0/src/rp2_common/hardware_clocks/clocks.c.obj
                0x20002f50                clock_get_hz
 .text.set_sys_clock_pll
                0x20002f5c       0x68 CMakeFiles/okhi.dir/C_/Users/regue/.pico-sdk/sdk/2.3.0/src/rp2_common/hardware_clocks/clocks.c.obj
                0x20002f5c                set_sys_clock_pll
 .text.check_sys_clock_khz
                0x20002fc4       0xa4 CMakeFiles/okhi.dir/C_/Users/regue/.pico-sdk/sdk/2.3.0/src/rp2_common/hardware_clocks/clocks.c.obj
                0x20002fc4                check_sys_clock_khz
 .text.pll_init
                0x20003068      0x124 CMakeFiles/okhi.dir/C_/Users/regue/.pico-sdk/sdk/2.3.0/src/rp2_common/hardware_pll/pll.c.obj
                0x20003068                pll_init
 .text.watchdog_update
                0x2000318c       0x14 CMakeFiles/okhi.dir/C_/Users/regue/.pico-sdk/sdk/2.3.0/src/rp2_common/hardware_watchdog/watchdog.c.obj
                0x2000318c                watchdog_update
 .text._watchdog_enable
                0x200031a0       0x78 CMakeFiles/okhi.dir/C_/Users/regue/.pico-sdk/sdk/2.3.0/src/rp2_common/hardware_watchdog/watchdog.c.obj
                0x200031a0                _watchdog_enable
 .text.watchdog_enable
                0x20003218       0x18 CMakeFiles/okhi.dir/C_/Users/regue/.pico-sdk/sdk/2.3.0/src/rp2_common/hardware_watchdog/watchdog.c.obj
                0x20003218                watchdog_enable
 .text.watchdog_reboot
                0x20003230       0x48 CMakeFiles/okhi.dir/C_/Users/regue/.pico-sdk/sdk/2.3.0/src/rp2_common/hardware_watchdog/watchdog.c.obj
                0x20003230                watchdog_reboot
 .text.watchdog_caused_reboot
                0x20003278       0x10 CMakeFiles/okhi.dir/C_/Users/regue/.pico-sdk/sdk/2.3.0/src/rp2_common/hardware_watchdog/watchdog.c.obj
                0x20003278                watchdog_caused_reboot
 .text.tick_start
                0x20003288       0x10 CMakeFiles/okhi.dir/C_/Users/regue/.pico-sdk/sdk/2.3.0/src/rp2_common/hardware_ticks/ticks.c.obj
                0x20003288                tick_start
 .text.rom_func_lookup
                0x20003298       0x10 CMakeFiles/okhi.dir/C_/Users/regue/.pico-sdk/sdk/2.3.0/src/rp2_common/pico_bootrom/bootrom.c.obj
                0x20003298                rom_func_lookup
 .text.rom_data_lookup
                0x200032a8       0x10 CMakeFiles/okhi.dir/C_/Users/regue/.pico-sdk/sdk/2.3.0/src/rp2_common/pico_bootrom/bootrom.c.obj
                0x200032a8                rom_data_lookup
 .text.rom_funcs_lookup
                0x200032b8       0x36 CMakeFiles/okhi.dir/C_/Users/regue/.pico-sdk/sdk/2.3.0/src/rp2_common/pico_bootrom/bootrom.c.obj
                0x200032b8                rom_funcs_lookup
 *fill*         0x200032ee        0x2 
 .text.rom_reset_usb_boot
                0x200032f0       0x18 CMakeFiles/okhi.dir/C_/Users/regue/.pico-sdk/sdk/2.3.0/src/rp2_common/pico_bootrom/bootrom.c.obj
                0x200032f0                rom_reset_usb_boot
 .text.xosc_init
                0x20003308       0x2c CMakeFiles/okhi.dir/C_/Users/regue/.pico-sdk/sdk/2.3.0/src/rp2_common/hardware_xosc/xosc.c.obj
                0x20003308                xosc_init
 .text.runtime_run_initializers_from
                0x20003334       0x18 CMakeFiles/okhi.dir/C_/Users/regue/.pico-sdk/sdk/2.3.0/src/rp2_common/pico_runtime/runtime.c.obj
 .text.first_per_core_initializer
                0x2000334c        0x2 CMakeFiles/okhi.dir/C_/Users/regue/.pico-sdk/sdk/2.3.0/src/rp2_common/pico_runtime/runtime.c.obj
 *fill*         0x2000334e        0x2 
 .text.runtime_run_initializers
                0x20003350       0x10 CMakeFiles/okhi.dir/C_/Users/regue/.pico-sdk/sdk/2.3.0/src/rp2_common/pico_runtime/runtime.c.obj
                0x20003350                runtime_run_initializers
 .text.runtime_run_per_core_initializers
                0x20003360       0x10 CMakeFiles/okhi.dir/C_/Users/regue/.pico-sdk/sdk/2.3.0/src/rp2_common/pico_runtime/runtime.c.obj
                0x20003360                runtime_run_per_core_initializers
 .text.runtime_init_early_resets
                0x20003370       0x2c CMakeFiles/okhi.dir/C_/Users/regue/.pico-sdk/sdk/2.3.0/src/rp2_common/pico_runtime_init/runtime_init.c.obj
                0x20003370                runtime_init_early_resets
 .text.runtime_init_usb_power_down
                0x2000339c       0x1c CMakeFiles/okhi.dir/C_/Users/regue/.pico-sdk/sdk/2.3.0/src/rp2_common/pico_runtime_init/runtime_init.c.obj
                0x2000339c                runtime_init_usb_power_down
 .text.runtime_init_post_clock_resets
                0x200033b8       0x20 CMakeFiles/okhi.dir/C_/Users/regue/.pico-sdk/sdk/2.3.0/src/rp2_common/pico_runtime_init/runtime_init.c.obj
                0x200033b8                runtime_init_post_clock_resets
 .text.runtime_init_rp2040_gpio_ie_disable
                0x200033d8       0x14 CMakeFiles/okhi.dir/C_/Users/regue/.pico-sdk/sdk/2.3.0/src/rp2_common/pico_runtime_init/runtime_init.c.obj
                0x200033d8                runtime_init_rp2040_gpio_ie_disable
 .text.runtime_init_spin_locks_reset
                0x200033ec        0x8 CMakeFiles/okhi.dir/C_/Users/regue/.pico-sdk/sdk/2.3.0/src/rp2_common/pico_runtime_init/runtime_init.c.obj
                0x200033ec                runtime_init_spin_locks_reset
 .text.runtime_init_install_ram_vector_table
                0x200033f4       0x48 CMakeFiles/okhi.dir/C_/Users/regue/.pico-sdk/sdk/2.3.0/src/rp2_common/pico_runtime_init/runtime_init.c.obj
                0x200033f4                runtime_init_install_ram_vector_table
 .text.start_all_ticks
                0x2000343c       0x28 CMakeFiles/okhi.dir/C_/Users/regue/.pico-sdk/sdk/2.3.0/src/rp2_common/pico_runtime_init/runtime_init_clocks.c.obj
 .text.runtime_init_clocks
                0x20003464       0xcc CMakeFiles/okhi.dir/C_/Users/regue/.pico-sdk/sdk/2.3.0/src/rp2_common/pico_runtime_init/runtime_init_clocks.c.obj
                0x20003464                runtime_init_clocks
 .text          0x20003530       0x10 CMakeFiles/okhi.dir/C_/Users/regue/.pico-sdk/sdk/2.3.0/src/rp2_common/pico_bit_ops/bit_ops_aeabi.S.obj
 .text.__wrap___aeabi_idiv
                0x20003540       0x50 CMakeFiles/okhi.dir/C_/Users/regue/.pico-sdk/sdk/2.3.0/src/rp2_common/pico_divider/divider_hardware.S.obj
                0x20003540                __wrap___aeabi_idivmod
                0x20003540                divmod_s32s32
                0x20003540                div_s32s32
                0x20003540                __wrap___aeabi_idiv
                0x20003574                divmod_s32s32_savestate
 .text.__wrap___aeabi_uidiv
                0x20003590       0x4c CMakeFiles/okhi.dir/C_/Users/regue/.pico-sdk/sdk/2.3.0/src/rp2_common/pico_divider/divider_hardware.S.obj
                0x20003590                __wrap___aeabi_uidivmod
                0x20003590                div_u32u32
                0x20003590                divmod_u32u32
                0x20003590                __wrap___aeabi_uidiv
                0x200035c0                divmod_u32u32_savestate
 .text.__wrap___aeabi_ldiv
                0x200035dc      0x424 CMakeFiles/okhi.dir/C_/Users/regue/.pico-sdk/sdk/2.3.0/src/rp2_common/pico_divider/divider_hardware.S.obj
                0x200035dc                div_s64s64
                0x200035dc                divmod_s64s64
                0x200035dc                __wrap___aeabi_ldivmod
                0x2000360c                divmod_u64u64
                0x2000360c                div_u64u64
                0x2000360c                __wrap___aeabi_uldivmod
                0x2000361c                divmod_u64u64_savestate
                0x2000363c                divmod_s64s64_unsafe
                0x200036c4                divmod_u64u64_unsafe
 .text.__wrap___aeabi_darithmetic
                0x20003a00       0x80 CMakeFiles/okhi.dir/C_/Users/regue/.pico-sdk/sdk/2.3.0/src/rp2_common/pico_double/double_aeabi_rp2040.S.obj
                0x20003a00                __wrap___aeabi_drsub
                0x20003a06                __wrap___aeabi_dsub
                0x20003a18                __wrap___aeabi_dadd
                0x20003a2a                __wrap___aeabi_ddiv
                0x20003a66                __wrap___aeabi_dmul
 .text.__wrap___aeabi_cdcmple
                0x20003a80       0x6c CMakeFiles/okhi.dir/C_/Users/regue/.pico-sdk/sdk/2.3.0/src/rp2_common/pico_double/double_aeabi_rp2040.S.obj
                0x20003a80                __wrap___aeabi_cdrcmple
                0x20003a90                __wrap___aeabi_cdcmpeq
                0x20003a90                __wrap___aeabi_cdcmple
 .text.__wrap___aeabi_dcmplt
                0x20003aec        0xc CMakeFiles/okhi.dir/C_/Users/regue/.pico-sdk/sdk/2.3.0/src/rp2_common/pico_double/double_aeabi_rp2040.S.obj
                0x20003aec                __wrap___aeabi_dcmplt
 .text.__wrap___aeabi_dcmple
                0x20003af8       0x10 CMakeFiles/okhi.dir/C_/Users/regue/.pico-sdk/sdk/2.3.0/src/rp2_common/pico_double/double_aeabi_rp2040.S.obj
                0x20003af8                __wrap___aeabi_dcmple
 .text.__wrap___aeabi_dcmpge
                0x20003b08       0x10 CMakeFiles/okhi.dir/C_/Users/regue/.pico-sdk/sdk/2.3.0/src/rp2_common/pico_double/double_aeabi_rp2040.S.obj
                0x20003b08                __wrap___aeabi_dcmpge
 .text.__wrap___aeabi_dcmpgt
                0x20003b18        0xa CMakeFiles/okhi.dir/C_/Users/regue/.pico-sdk/sdk/2.3.0/src/rp2_common/pico_double/double_aeabi_rp2040.S.obj
                0x20003b18                __wrap___aeabi_dcmpgt
 .text.__wrap___aeabi_dcmpun
                0x20003b22       0x18 CMakeFiles/okhi.dir/C_/Users/regue/.pico-sdk/sdk/2.3.0/src/rp2_common/pico_double/double_aeabi_rp2040.S.obj
                0x20003b22                __wrap___aeabi_dcmpun
 *fill*         0x20003b3a        0x2 
 .text.__wrap___aeabi_i2d
                0x20003b3c       0x38 CMakeFiles/okhi.dir/C_/Users/regue/.pico-sdk/sdk/2.3.0/src/rp2_common/pico_double/double_aeabi_rp2040.S.obj
                0x20003b3c                uint2double
                0x20003b3c                __wrap___aeabi_ui2d
                0x20003b44                int2double
                0x20003b44                __wrap___aeabi_i2d
 .text.__wrap___aeabi_d2iz
                0x20003b74       0x48 CMakeFiles/okhi.dir/C_/Users/regue/.pico-sdk/sdk/2.3.0/src/rp2_common/pico_double/double_aeabi_rp2040.S.obj
                0x20003b74                double2int_z
                0x20003b74                __wrap___aeabi_d2iz
 .text.__wrap___aeabi_d2uiz
                0x20003bbc       0x18 CMakeFiles/okhi.dir/C_/Users/regue/.pico-sdk/sdk/2.3.0/src/rp2_common/pico_double/double_aeabi_rp2040.S.obj
                0x20003bbc                double2uint
                0x20003bbc                __wrap___aeabi_d2uiz
                0x20003bbc                double2uint_z
 .text.__aeabi_double_init
                0x20003bd4       0xcc CMakeFiles/okhi.dir/C_/Users/regue/.pico-sdk/sdk/2.3.0/src/rp2_common/pico_double/double_init_rom_rp2040.c.obj
                0x20003bd4                __aeabi_double_init
 .text.double_table_shim_on_use_helper
                0x20003ca0       0x34 CMakeFiles/okhi.dir/C_/Users/regue/.pico-sdk/sdk/2.3.0/src/rp2_common/pico_double/double_v1_rom_shim_rp2040.S.obj
                0x20003ca0                double_table_shim_on_use_helper
 .text.__wrap___aeabi_dsub
                0x20003cd4       0x10 CMakeFiles/okhi.dir/C_/Users/regue/.pico-sdk/sdk/2.3.0/src/rp2_common/pico_double/double_v1_rom_shim_rp2040.S.obj
                0x20003cd4                drsub_shim
                0x20003cda                dsub_shim
 .text.dadd_shim
                0x20003ce4      0x15c CMakeFiles/okhi.dir/C_/Users/regue/.pico-sdk/sdk/2.3.0/src/rp2_common/pico_double/double_v1_rom_shim_rp2040.S.obj
                0x20003ce4                dadd_shim
 .text.dmul_shim
                0x20003e40      0x15c CMakeFiles/okhi.dir/C_/Users/regue/.pico-sdk/sdk/2.3.0/src/rp2_common/pico_double/double_v1_rom_shim_rp2040.S.obj
                0x20003e40                dmul_shim
 .text.ddiv_shim
                0x20003f9c      0x1b0 CMakeFiles/okhi.dir/C_/Users/regue/.pico-sdk/sdk/2.3.0/src/rp2_common/pico_double/double_v1_rom_shim_rp2040.S.obj
                0x20003f9c                ddiv_shim
 .text.double2uint_shim
                0x2000414c        0xe CMakeFiles/okhi.dir/C_/Users/regue/.pico-sdk/sdk/2.3.0/src/rp2_common/pico_double/double_v1_rom_shim_rp2040.S.obj
                0x2000414c                double2uint_shim
                0x2000414e                double2ufix_shim
 *fill*         0x2000415a        0x2 
 .text.double2uint64_shim
                0x2000415c       0x70 CMakeFiles/okhi.dir/C_/Users/regue/.pico-sdk/sdk/2.3.0/src/rp2_common/pico_double/double_v1_rom_shim_rp2040.S.obj
                0x2000415c                double2uint64_shim
                0x2000415e                double2ufix64_shim
                0x2000417e                d2fix_a
 .text.dunpacks
                0x200041cc       0x3c CMakeFiles/okhi.dir/C_/Users/regue/.pico-sdk/sdk/2.3.0/src/rp2_common/pico_double/double_v1_rom_shim_rp2040.S.obj
                0x200041cc                dunpacks
 .text.__aeabi_lmul
                0x20004208       0x32 CMakeFiles/okhi.dir/C_/Users/regue/.pico-sdk/sdk/2.3.0/src/rp2_common/pico_int64_ops/pico_int64_ops_aeabi.S.obj
                0x20004208                __wrap___aeabi_lmul
 *fill*         0x2000423a        0x2 
 .text.__wrap___aeabi_farithmetic
                0x2000423c       0x58 CMakeFiles/okhi.dir/C_/Users/regue/.pico-sdk/sdk/2.3.0/src/rp2_common/pico_float/float_aeabi_rp2040.S.obj
                0x2000423c                __wrap___aeabi_frsub
                0x20004242                __wrap___aeabi_fsub
                0x2000424c                __wrap___aeabi_fadd
                0x20004256                __wrap___aeabi_fdiv
                0x20004282                __wrap___aeabi_fmul
 .text.__wrap___aeabi_ui2f
                0x20004294        0xa CMakeFiles/okhi.dir/C_/Users/regue/.pico-sdk/sdk/2.3.0/src/rp2_common/pico_float/float_aeabi_rp2040.S.obj
                0x20004294                __wrap___aeabi_ui2f
                0x20004294                uint2float
 *fill*         0x2000429e        0x2 
 .text.__wrap___aeabi_i2f
                0x200042a0       0x44 CMakeFiles/okhi.dir/C_/Users/regue/.pico-sdk/sdk/2.3.0/src/rp2_common/pico_float/float_aeabi_rp2040.S.obj
                0x200042a0                __wrap___aeabi_i2f
                0x200042a0                int2float
 .text.__wrap___aeabi_f2uiz
                0x200042e4       0x10 CMakeFiles/okhi.dir/C_/Users/regue/.pico-sdk/sdk/2.3.0/src/rp2_common/pico_float/float_aeabi_rp2040.S.obj
                0x200042e4                float2uint_z
                0x200042e4                __wrap___aeabi_f2uiz
                0x200042e4                float2uint
 .text.__wrap___aeabi_f2d
                0x200042f4       0x14 CMakeFiles/okhi.dir/C_/Users/regue/.pico-sdk/sdk/2.3.0/src/rp2_common/pico_float/float_aeabi_rp2040.S.obj
                0x200042f4                __wrap___aeabi_f2d
 .text.__aeabi_float_init
                0x20004308       0xfc CMakeFiles/okhi.dir/C_/Users/regue/.pico-sdk/sdk/2.3.0/src/rp2_common/pico_float/float_init_rom_rp2040.c.obj
                0x20004308                __aeabi_float_init
 .text.float_table_shim_on_use_helper
                0x20004404       0x34 CMakeFiles/okhi.dir/C_/Users/regue/.pico-sdk/sdk/2.3.0/src/rp2_common/pico_float/float_v1_rom_shim_rp2040.S.obj
                0x20004404                float_table_shim_on_use_helper
 .text.float2double_shim
                0x20004438       0x30 CMakeFiles/okhi.dir/C_/Users/regue/.pico-sdk/sdk/2.3.0/src/rp2_common/pico_float/float_v1_rom_shim_rp2040.S.obj
                0x20004438                float2double_shim
 .text          0x20004468       0x10 CMakeFiles/okhi.dir/C_/Users/regue/.pico-sdk/sdk/2.3.0/src/rp2_common/pico_mem_ops/mem_ops_aeabi.S.obj
                0x20004468                __aeabi_mem_init
 .text.memset   0x20004478        0xc CMakeFiles/okhi.dir/C_/Users/regue/.pico-sdk/sdk/2.3.0/src/rp2_common/pico_mem_ops/mem_ops_aeabi.S.obj
                0x20004478                __wrap_memset
 .text.memcpy   0x20004484        0xc CMakeFiles/okhi.dir/C_/Users/regue/.pico-sdk/sdk/2.3.0/src/rp2_common/pico_mem_ops/mem_ops_aeabi.S.obj
                0x20004484                __wrap_memcpy
                0x20004484                __wrap___aeabi_memcpy
 .text._out_buffer
                0x20004490        0x8 CMakeFiles/okhi.dir/C_/Users/regue/.pico-sdk/sdk/2.3.0/src/rp2_common/pico_printf/printf.c.obj
 .text._out_null
                0x20004498        0x2 CMakeFiles/okhi.dir/C_/Users/regue/.pico-sdk/sdk/2.3.0/src/rp2_common/pico_printf/printf.c.obj
 .text._out_fct
                0x2000449a        0xe CMakeFiles/okhi.dir/C_/Users/regue/.pico-sdk/sdk/2.3.0/src/rp2_common/pico_printf/printf.c.obj
 .text._atoi    0x200044a8       0x24 CMakeFiles/okhi.dir/C_/Users/regue/.pico-sdk/sdk/2.3.0/src/rp2_common/pico_printf/printf.c.obj
 .text._out_rev
                0x200044cc       0xba CMakeFiles/okhi.dir/C_/Users/regue/.pico-sdk/sdk/2.3.0/src/rp2_common/pico_printf/printf.c.obj
 .text._ntoa_format
                0x20004586      0x116 CMakeFiles/okhi.dir/C_/Users/regue/.pico-sdk/sdk/2.3.0/src/rp2_common/pico_printf/printf.c.obj
 .text._ntoa_long
                0x2000469c       0xb8 CMakeFiles/okhi.dir/C_/Users/regue/.pico-sdk/sdk/2.3.0/src/rp2_common/pico_printf/printf.c.obj
 .text._ntoa_long_long
                0x20004754       0xf8 CMakeFiles/okhi.dir/C_/Users/regue/.pico-sdk/sdk/2.3.0/src/rp2_common/pico_printf/printf.c.obj
 .text._etoa    0x2000484c      0x448 CMakeFiles/okhi.dir/C_/Users/regue/.pico-sdk/sdk/2.3.0/src/rp2_common/pico_printf/printf.c.obj
 .text._ftoa    0x20004c94      0x340 CMakeFiles/okhi.dir/C_/Users/regue/.pico-sdk/sdk/2.3.0/src/rp2_common/pico_printf/printf.c.obj
 .text._vsnprintf
                0x20004fd4      0x684 CMakeFiles/okhi.dir/C_/Users/regue/.pico-sdk/sdk/2.3.0/src/rp2_common/pico_printf/printf.c.obj
 .text.__wrap_sprintf
                0x20005658       0x2c CMakeFiles/okhi.dir/C_/Users/regue/.pico-sdk/sdk/2.3.0/src/rp2_common/pico_printf/printf.c.obj
                0x20005658                __wrap_sprintf
 .text.vfctprintf
                0x20005684       0x28 CMakeFiles/okhi.dir/C_/Users/regue/.pico-sdk/sdk/2.3.0/src/rp2_common/pico_printf/printf.c.obj
                0x20005684                vfctprintf
 .text._exit    0x200056ac        0x4 CMakeFiles/okhi.dir/C_/Users/regue/.pico-sdk/sdk/2.3.0/src/rp2_common/pico_clib_interface/newlib_interface.c.obj
                0x200056ac                _exit
 .text._fini    0x200056b0        0x2 CMakeFiles/okhi.dir/C_/Users/regue/.pico-sdk/sdk/2.3.0/src/rp2_common/pico_clib_interface/newlib_interface.c.obj
                0x200056b0                _fini
 *fill*         0x200056b2        0x2 
 .text._sbrk    0x200056b4       0x38 CMakeFiles/okhi.dir/C_/Users/regue/.pico-sdk/sdk/2.3.0/src/rp2_common/pico_clib_interface/newlib_interface.c.obj
                0x200056b4                _sbrk
 .text._read    0x200056ec       0x20 CMakeFiles/okhi.dir/C_/Users/regue/.pico-sdk/sdk/2.3.0/src/rp2_common/pico_clib_interface/newlib_interface.c.obj
                0x200056ec                _read
 .text._write   0x2000570c       0x22 CMakeFiles/okhi.dir/C_/Users/regue/.pico-sdk/sdk/2.3.0/src/rp2_common/pico_clib_interface/newlib_interface.c.obj
                0x2000570c                _write
 .text._close   0x2000572e        0x6 CMakeFiles/okhi.dir/C_/Users/regue/.pico-sdk/sdk/2.3.0/src/rp2_common/pico_clib_interface/newlib_interface.c.obj
                0x2000572e                _close
 .text._lseek   0x20005734        0x6 CMakeFiles/okhi.dir/C_/Users/regue/.pico-sdk/sdk/2.3.0/src/rp2_common/pico_clib_interface/newlib_interface.c.obj
                0x20005734                _lseek
 .text.exit     0x2000573a        0x6 CMakeFiles/okhi.dir/C_/Users/regue/.pico-sdk/sdk/2.3.0/src/rp2_common/pico_clib_interface/newlib_interface.c.obj
                0x2000573a                exit
 .text.__assert_func
                0x20005740       0x38 CMakeFiles/okhi.dir/C_/Users/regue/.pico-sdk/sdk/2.3.0/src/rp2_common/pico_clib_interface/newlib_interface.c.obj
                0x20005740                __assert_func
 .text.runtime_init
                0x20005778       0x28 CMakeFiles/okhi.dir/C_/Users/regue/.pico-sdk/sdk/2.3.0/src/rp2_common/pico_clib_interface/newlib_interface.c.obj
                0x20005778                runtime_init
 .text.stdio_out_chars_no_crlf
                0x200057a0        0xe CMakeFiles/okhi.dir/C_/Users/regue/.pico-sdk/sdk/2.3.0/src/rp2_common/pico_stdio/stdio.c.obj
 *fill*         0x200057ae        0x2 
 .text.stdio_out_chars_crlf
                0x200057b0       0x7c CMakeFiles/okhi.dir/C_/Users/regue/.pico-sdk/sdk/2.3.0/src/rp2_common/pico_stdio/stdio.c.obj
 .text.stdio_stack_buffer_flush
                0x2000582c       0x44 CMakeFiles/okhi.dir/C_/Users/regue/.pico-sdk/sdk/2.3.0/src/rp2_common/pico_stdio/stdio.c.obj
 .text.stdio_buffered_printer
                0x20005870       0x1a CMakeFiles/okhi.dir/C_/Users/regue/.pico-sdk/sdk/2.3.0/src/rp2_common/pico_stdio/stdio.c.obj
 *fill*         0x2000588a        0x2 
 .text.stdout_serialize_begin
                0x2000588c       0x30 CMakeFiles/okhi.dir/C_/Users/regue/.pico-sdk/sdk/2.3.0/src/rp2_common/pico_stdio/stdio.c.obj
                0x2000588c                stdout_serialize_begin
 .text.stdout_serialize_end
                0x200058bc       0x10 CMakeFiles/okhi.dir/C_/Users/regue/.pico-sdk/sdk/2.3.0/src/rp2_common/pico_stdio/stdio.c.obj
                0x200058bc                stdout_serialize_end
 .text.stdio_put_string
                0x200058cc       0x94 CMakeFiles/okhi.dir/C_/Users/regue/.pico-sdk/sdk/2.3.0/src/rp2_common/pico_stdio/stdio.c.obj
                0x200058cc                stdio_put_string
 .text.stdio_get_until
                0x20005960       0x70 CMakeFiles/okhi.dir/C_/Users/regue/.pico-sdk/sdk/2.3.0/src/rp2_common/pico_stdio/stdio.c.obj
                0x20005960                stdio_get_until
 .text.stdio_set_driver_enabled
                0x200059d0       0x30 CMakeFiles/okhi.dir/C_/Users/regue/.pico-sdk/sdk/2.3.0/src/rp2_common/pico_stdio/stdio.c.obj
                0x200059d0                stdio_set_driver_enabled
 .text.stdio_flush
                0x20005a00       0x20 CMakeFiles/okhi.dir/C_/Users/regue/.pico-sdk/sdk/2.3.0/src/rp2_common/pico_stdio/stdio.c.obj
                0x20005a00                stdio_flush
 .text.stdio_init_all
                0x20005a20        0xa CMakeFiles/okhi.dir/C_/Users/regue/.pico-sdk/sdk/2.3.0/src/rp2_common/pico_stdio/stdio.c.obj
                0x20005a20                stdio_init_all
 .text.__wrap_puts
                0x20005a2a       0x1e CMakeFiles/okhi.dir/C_/Users/regue/.pico-sdk/sdk/2.3.0/src/rp2_common/pico_stdio/stdio.c.obj
                0x20005a2a                stdio_puts
                0x20005a2a                __wrap_puts
 .text.__wrap_vprintf
                0x20005a48       0x40 CMakeFiles/okhi.dir/C_/Users/regue/.pico-sdk/sdk/2.3.0/src/rp2_common/pico_stdio/stdio.c.obj
                0x20005a48                stdio_vprintf
                0x20005a48                __wrap_vprintf
 .text.__wrap_printf
                0x20005a88       0x18 CMakeFiles/okhi.dir/C_/Users/regue/.pico-sdk/sdk/2.3.0/src/rp2_common/pico_stdio/stdio.c.obj
                0x20005a88                __wrap_printf
                0x20005a88                stdio_printf
 .text.uart_putc
                0x20005aa0       0x60 CMakeFiles/okhi.dir/C_/Users/regue/.pico-sdk/sdk/2.3.0/src/rp2_common/pico_stdio_uart/stdio_uart.c.obj
 .text.uart_getc
                0x20005b00       0x24 CMakeFiles/okhi.dir/C_/Users/regue/.pico-sdk/sdk/2.3.0/src/rp2_common/pico_stdio_uart/stdio_uart.c.obj
 .text.stdio_uart_out_chars
                0x20005b24       0x20 CMakeFiles/okhi.dir/C_/Users/regue/.pico-sdk/sdk/2.3.0/src/rp2_common/pico_stdio_uart/stdio_uart.c.obj
 .text.stdio_uart_in_chars
                0x20005b44       0x5c CMakeFiles/okhi.dir/C_/Users/regue/.pico-sdk/sdk/2.3.0/src/rp2_common/pico_stdio_uart/stdio_uart.c.obj
                0x20005b44                stdio_uart_in_chars
 .text.on_uart_rx
                0x20005ba0       0x28 CMakeFiles/okhi.dir/C_/Users/regue/.pico-sdk/sdk/2.3.0/src/rp2_common/pico_stdio_uart/stdio_uart.c.obj
 .text.stdio_uart_out_flush
                0x20005bc8       0x10 CMakeFiles/okhi.dir/C_/Users/regue/.pico-sdk/sdk/2.3.0/src/rp2_common/pico_stdio_uart/stdio_uart.c.obj
 .text.stdio_uart_set_chars_available_callback
                0x20005bd8       0x94 CMakeFiles/okhi.dir/C_/Users/regue/.pico-sdk/sdk/2.3.0/src/rp2_common/pico_stdio_uart/stdio_uart.c.obj
 .text.stdio_uart_init_full
                0x20005c6c       0x44 CMakeFiles/okhi.dir/C_/Users/regue/.pico-sdk/sdk/2.3.0/src/rp2_common/pico_stdio_uart/stdio_uart.c.obj
                0x20005c6c                stdio_uart_init_full
 .text.stdio_uart_init
                0x20005cb0       0x30 CMakeFiles/okhi.dir/C_/Users/regue/.pico-sdk/sdk/2.3.0/src/rp2_common/pico_stdio_uart/stdio_uart.c.obj
                0x20005cb0                stdio_uart_init
 .text.runtime_init_per_core_tls_setup
                0x20005ce0        0xc CMakeFiles/okhi.dir/C_/Users/regue/.pico-sdk/sdk/2.3.0/src/rp2_common/pico_thread_local/thread_local.c.obj
                0x20005ce0                runtime_init_per_core_tls_setup
 .text.core1_trampoline
                0x20005cec        0x2 CMakeFiles/okhi.dir/C_/Users/regue/.pico-sdk/sdk/2.3.0/src/rp2_common/pico_multicore/multicore.c.obj
 .text.core1_wrapper
                0x20005cee        0xc CMakeFiles/okhi.dir/C_/Users/regue/.pico-sdk/sdk/2.3.0/src/rp2_common/pico_multicore/multicore.c.obj
                0x20005cee                core1_wrapper
 .text.multicore_fifo_push_blocking
                0x20005cfa       0x14 CMakeFiles/okhi.dir/C_/Users/regue/.pico-sdk/sdk/2.3.0/src/rp2_common/pico_multicore/multicore.c.obj
                0x20005cfa                multicore_fifo_push_blocking
 .text.multicore_fifo_pop_blocking
                0x20005d0e       0x16 CMakeFiles/okhi.dir/C_/Users/regue/.pico-sdk/sdk/2.3.0/src/rp2_common/pico_multicore/multicore.c.obj
                0x20005d0e                multicore_fifo_pop_blocking
 .text.multicore_reset_core1
                0x20005d24       0x6c CMakeFiles/okhi.dir/C_/Users/regue/.pico-sdk/sdk/2.3.0/src/rp2_common/pico_multicore/multicore.c.obj
                0x20005d24                multicore_reset_core1
 .text.multicore_launch_core1_raw
                0x20005d90       0x78 CMakeFiles/okhi.dir/C_/Users/regue/.pico-sdk/sdk/2.3.0/src/rp2_common/pico_multicore/multicore.c.obj
                0x20005d90                multicore_launch_core1_raw
 .text.multicore_launch_core1_with_stack
                0x20005e08       0x5c CMakeFiles/okhi.dir/C_/Users/regue/.pico-sdk/sdk/2.3.0/src/rp2_common/pico_multicore/multicore.c.obj
                0x20005e08                multicore_launch_core1_with_stack
 .text.multicore_launch_core1
                0x20005e64       0x24 CMakeFiles/okhi.dir/C_/Users/regue/.pico-sdk/sdk/2.3.0/src/rp2_common/pico_multicore/multicore.c.obj
                0x20005e64                multicore_launch_core1
 .text.pio_get_default_sm_config
                0x20005e88       0x28 CMakeFiles/okhi.dir/C_/Users/regue/.pico-sdk/sdk/2.3.0/src/rp2_common/hardware_pio/pio.c.obj
 .text.is_program_gpio_compatible
                0x20005eb0        0x4 CMakeFiles/okhi.dir/C_/Users/regue/.pico-sdk/sdk/2.3.0/src/rp2_common/hardware_pio/pio.c.obj
 .text.add_program_at_offset_check
                0x20005eb4       0x64 CMakeFiles/okhi.dir/C_/Users/regue/.pico-sdk/sdk/2.3.0/src/rp2_common/hardware_pio/pio.c.obj
 .text.add_program_at_offset
                0x20005f18       0x60 CMakeFiles/okhi.dir/C_/Users/regue/.pico-sdk/sdk/2.3.0/src/rp2_common/hardware_pio/pio.c.obj
 .text.find_offset_for_program
                0x20005f78       0x80 CMakeFiles/okhi.dir/C_/Users/regue/.pico-sdk/sdk/2.3.0/src/rp2_common/hardware_pio/pio.c.obj
 .text.pio_sm_unclaim
                0x20005ff8       0x20 CMakeFiles/okhi.dir/C_/Users/regue/.pico-sdk/sdk/2.3.0/src/rp2_common/hardware_pio/pio.c.obj
                0x20005ff8                pio_sm_unclaim
 .text.pio_claim_unused_sm
                0x20006018       0x38 CMakeFiles/okhi.dir/C_/Users/regue/.pico-sdk/sdk/2.3.0/src/rp2_common/hardware_pio/pio.c.obj
                0x20006018                pio_claim_unused_sm
 .text.pio_sm_is_claimed
                0x20006050       0x20 CMakeFiles/okhi.dir/C_/Users/regue/.pico-sdk/sdk/2.3.0/src/rp2_common/hardware_pio/pio.c.obj
                0x20006050                pio_sm_is_claimed
 .text.pio_add_program
                0x20006070       0x30 CMakeFiles/okhi.dir/C_/Users/regue/.pico-sdk/sdk/2.3.0/src/rp2_common/hardware_pio/pio.c.obj
                0x20006070                pio_add_program
 .text.pio_clear_instruction_memory
                0x200060a0       0x3c CMakeFiles/okhi.dir/C_/Users/regue/.pico-sdk/sdk/2.3.0/src/rp2_common/hardware_pio/pio.c.obj
                0x200060a0                pio_clear_instruction_memory
 .text.pio_sm_set_consecutive_pindirs
                0x200060dc       0xbc CMakeFiles/okhi.dir/C_/Users/regue/.pico-sdk/sdk/2.3.0/src/rp2_common/hardware_pio/pio.c.obj
                0x200060dc                pio_sm_set_consecutive_pindirs
 .text.pio_sm_init
                0x20006198       0xb4 CMakeFiles/okhi.dir/C_/Users/regue/.pico-sdk/sdk/2.3.0/src/rp2_common/hardware_pio/pio.c.obj
                0x20006198                pio_sm_init
 .text.spi_unreset
                0x2000624c       0x2c CMakeFiles/okhi.dir/C_/Users/regue/.pico-sdk/sdk/2.3.0/src/rp2_common/hardware_spi/spi.c.obj
 .text.spi_set_baudrate
                0x20006278       0xb8 CMakeFiles/okhi.dir/C_/Users/regue/.pico-sdk/sdk/2.3.0/src/rp2_common/hardware_spi/spi.c.obj
                0x20006278                spi_set_baudrate
 .text.spi_init
                0x20006330       0x74 CMakeFiles/okhi.dir/C_/Users/regue/.pico-sdk/sdk/2.3.0/src/rp2_common/hardware_spi/spi.c.obj
                0x20006330                spi_init
 .text.adc_init
                0x200063a4       0x34 CMakeFiles/okhi.dir/C_/Users/regue/.pico-sdk/sdk/2.3.0/src/rp2_common/hardware_adc/adc.c.obj
                0x200063a4                adc_init
 .text          0x200063d8        0x4 C:/Users/regue/.pico-sdk/toolchain/15_2_Rel1/bin/../lib/gcc/arm-none-eabi/15.2.1/thumb/v6-m/nofp\libgcc.a(_dvmd_tls.o)
                0x200063d8                __aeabi_idiv0
                0x200063d8                __aeabi_ldiv0
 .text.__malloc_lock
                0x200063dc       0x10 C:/Users/regue/.pico-sdk/toolchain/15_2_Rel1/bin/../lib/gcc/arm-none-eabi/15.2.1/../../../../arm-none-eabi/lib/thumb/v6-m/nofp\libg.a(libc_a-mlock.o)
                0x200063dc                __malloc_lock
 .text.__malloc_unlock
                0x200063ec       0x10 C:/Users/regue/.pico-sdk/toolchain/15_2_Rel1/bin/../lib/gcc/arm-none-eabi/15.2.1/../../../../arm-none-eabi/lib/thumb/v6-m/nofp\libg.a(libc_a-mlock.o)
                0x200063ec                __malloc_unlock
 .text.__sflush_r
                0x200063fc      0x148 C:/Users/regue/.pico-sdk/toolchain/15_2_Rel1/bin/../lib/gcc/arm-none-eabi/15.2.1/../../../../arm-none-eabi/lib/thumb/v6-m/nofp\libg.a(libc_a-fflush.o)
                0x200063fc                __sflush_r
 .text._fflush_r
                0x20006544       0x68 C:/Users/regue/.pico-sdk/toolchain/15_2_Rel1/bin/../lib/gcc/arm-none-eabi/15.2.1/../../../../arm-none-eabi/lib/thumb/v6-m/nofp\libg.a(libc_a-fflush.o)
                0x20006544                _fflush_r
 .text.fflush   0x200065ac       0x7c C:/Users/regue/.pico-sdk/toolchain/15_2_Rel1/bin/../lib/gcc/arm-none-eabi/15.2.1/../../../../arm-none-eabi/lib/thumb/v6-m/nofp\libg.a(libc_a-fflush.o)
                0x200065ac                fflush
 .text.stdio_exit_handler
                0x20006628       0x1c C:/Users/regue/.pico-sdk/toolchain/15_2_Rel1/bin/../lib/gcc/arm-none-eabi/15.2.1/../../../../arm-none-eabi/lib/thumb/v6-m/nofp\libg.a(libc_a-findfp.o)
 .text.cleanup_stdio
                0x20006644       0x3c C:/Users/regue/.pico-sdk/toolchain/15_2_Rel1/bin/../lib/gcc/arm-none-eabi/15.2.1/../../../../arm-none-eabi/lib/thumb/v6-m/nofp\libg.a(libc_a-findfp.o)
 .text.global_stdio_init.part.0
                0x20006680      0x110 C:/Users/regue/.pico-sdk/toolchain/15_2_Rel1/bin/../lib/gcc/arm-none-eabi/15.2.1/../../../../arm-none-eabi/lib/thumb/v6-m/nofp\libg.a(libc_a-findfp.o)
 .text.__sinit  0x20006790       0x38 C:/Users/regue/.pico-sdk/toolchain/15_2_Rel1/bin/../lib/gcc/arm-none-eabi/15.2.1/../../../../arm-none-eabi/lib/thumb/v6-m/nofp\libg.a(libc_a-findfp.o)
                0x20006790                __sinit
 .text.__sfp_lock_acquire
                0x200067c8       0x10 C:/Users/regue/.pico-sdk/toolchain/15_2_Rel1/bin/../lib/gcc/arm-none-eabi/15.2.1/../../../../arm-none-eabi/lib/thumb/v6-m/nofp\libg.a(libc_a-findfp.o)
                0x200067c8                __sfp_lock_acquire
 .text.__sfp_lock_release
                0x200067d8       0x10 C:/Users/regue/.pico-sdk/toolchain/15_2_Rel1/bin/../lib/gcc/arm-none-eabi/15.2.1/../../../../arm-none-eabi/lib/thumb/v6-m/nofp\libg.a(libc_a-findfp.o)
                0x200067d8                __sfp_lock_release
 .text._fwalk_sglue
                0x200067e8       0x44 C:/Users/regue/.pico-sdk/toolchain/15_2_Rel1/bin/../lib/gcc/arm-none-eabi/15.2.1/../../../../arm-none-eabi/lib/thumb/v6-m/nofp\libg.a(libc_a-fwalk.o)
                0x200067e8                _fwalk_sglue
 .text.__sread  0x2000682c       0x28 C:/Users/regue/.pico-sdk/toolchain/15_2_Rel1/bin/../lib/gcc/arm-none-eabi/15.2.1/../../../../arm-none-eabi/lib/thumb/v6-m/nofp\libg.a(libc_a-stdio.o)
                0x2000682c                __sread
 .text.__swrite
                0x20006854       0x40 C:/Users/regue/.pico-sdk/toolchain/15_2_Rel1/bin/../lib/gcc/arm-none-eabi/15.2.1/../../../../arm-none-eabi/lib/thumb/v6-m/nofp\libg.a(libc_a-stdio.o)
                0x20006854                __swrite
 .text.__sseek  0x20006894       0x2c C:/Users/regue/.pico-sdk/toolchain/15_2_Rel1/bin/../lib/gcc/arm-none-eabi/15.2.1/../../../../arm-none-eabi/lib/thumb/v6-m/nofp\libg.a(libc_a-stdio.o)
                0x20006894                __sseek
 .text.__sclose
                0x200068c0        0xc C:/Users/regue/.pico-sdk/toolchain/15_2_Rel1/bin/../lib/gcc/arm-none-eabi/15.2.1/../../../../arm-none-eabi/lib/thumb/v6-m/nofp\libg.a(libc_a-stdio.o)
                0x200068c0                __sclose
 .text._close_r
                0x200068cc       0x24 C:/Users/regue/.pico-sdk/toolchain/15_2_Rel1/bin/../lib/gcc/arm-none-eabi/15.2.1/../../../../arm-none-eabi/lib/thumb/v6-m/nofp\libg.a(libc_a-closer.o)
                0x200068cc                _close_r
 .text._lseek_r
                0x200068f0       0x28 C:/Users/regue/.pico-sdk/toolchain/15_2_Rel1/bin/../lib/gcc/arm-none-eabi/15.2.1/../../../../arm-none-eabi/lib/thumb/v6-m/nofp\libg.a(libc_a-lseekr.o)
                0x200068f0                _lseek_r
 .text._read_r  0x20006918       0x28 C:/Users/regue/.pico-sdk/toolchain/15_2_Rel1/bin/../lib/gcc/arm-none-eabi/15.2.1/../../../../arm-none-eabi/lib/thumb/v6-m/nofp\libg.a(libc_a-readr.o)
                0x20006918                _read_r
 .text._sbrk_r  0x20006940       0x24 C:/Users/regue/.pico-sdk/toolchain/15_2_Rel1/bin/../lib/gcc/arm-none-eabi/15.2.1/../../../../arm-none-eabi/lib/thumb/v6-m/nofp\libg.a(libc_a-sbrkr.o)
                0x20006940                _sbrk_r
 .text._write_r
                0x20006964       0x28 C:/Users/regue/.pico-sdk/toolchain/15_2_Rel1/bin/../lib/gcc/arm-none-eabi/15.2.1/../../../../arm-none-eabi/lib/thumb/v6-m/nofp\libg.a(libc_a-writer.o)
                0x20006964                _write_r
 .text.__errno  0x2000698c        0xc C:/Users/regue/.pico-sdk/toolchain/15_2_Rel1/bin/../lib/gcc/arm-none-eabi/15.2.1/../../../../arm-none-eabi/lib/thumb/v6-m/nofp\libg.a(libc_a-errno.o)
                0x2000698c                __errno
 .text.__retarget_lock_init_recursive
                0x20006998        0x4 C:/Users/regue/.pico-sdk/toolchain/15_2_Rel1/bin/../lib/gcc/arm-none-eabi/15.2.1/../../../../arm-none-eabi/lib/thumb/v6-m/nofp\libg.a(libc_a-lock.o)
                0x20006998                __retarget_lock_init_recursive
 .text.__retarget_lock_close_recursive
                0x2000699c        0x4 C:/Users/regue/.pico-sdk/toolchain/15_2_Rel1/bin/../lib/gcc/arm-none-eabi/15.2.1/../../../../arm-none-eabi/lib/thumb/v6-m/nofp\libg.a(libc_a-lock.o)
                0x2000699c                __retarget_lock_close_recursive
 .text.__retarget_lock_acquire_recursive
                0x200069a0        0x4 C:/Users/regue/.pico-sdk/toolchain/15_2_Rel1/bin/../lib/gcc/arm-none-eabi/15.2.1/../../../../arm-none-eabi/lib/thumb/v6-m/nofp\libg.a(libc_a-lock.o)
                0x200069a0                __retarget_lock_acquire_recursive
 .text.__retarget_lock_release_recursive
                0x200069a4        0x4 C:/Users/regue/.pico-sdk/toolchain/15_2_Rel1/bin/../lib/gcc/arm-none-eabi/15.2.1/../../../../arm-none-eabi/lib/thumb/v6-m/nofp\libg.a(libc_a-lock.o)
                0x200069a4                __retarget_lock_release_recursive
 .text.sysconf  0x200069a8       0x1c C:/Users/regue/.pico-sdk/toolchain/15_2_Rel1/bin/../lib/gcc/arm-none-eabi/15.2.1/../../../../arm-none-eabi/lib/thumb/v6-m/nofp\libg.a(libc_a-sysconf.o)
                0x200069a8                sysconf
 .text.strlen   0x200069c4       0x60 C:/Users/regue/.pico-sdk/toolchain/15_2_Rel1/bin/../lib/gcc/arm-none-eabi/15.2.1/../../../../arm-none-eabi/lib/thumb/v6-m/nofp\libg.a(libc_a-strlen-stub.o)
                0x200069c4                strlen
 .text._malloc_trim_r
                0x20006a24       0xb0 C:/Users/regue/.pico-sdk/toolchain/15_2_Rel1/bin/../lib/gcc/arm-none-eabi/15.2.1/../../../../arm-none-eabi/lib/thumb/v6-m/nofp\libg.a(libc_a-freer.o)
                0x20006a24                _malloc_trim_r
 .text._free_r  0x20006ad4      0x1d4 C:/Users/regue/.pico-sdk/toolchain/15_2_Rel1/bin/../lib/gcc/arm-none-eabi/15.2.1/../../../../arm-none-eabi/lib/thumb/v6-m/nofp\libg.a(libc_a-freer.o)
                0x20006ad4                _free_r
 .text._fclose_r
                0x20006ca8       0xd4 C:/Users/regue/.pico-sdk/toolchain/15_2_Rel1/bin/../lib/gcc/arm-none-eabi/15.2.1/../../../../arm-none-eabi/lib/thumb/v6-m/nofp\libg.a(libc_a-fclose.o)
                0x20006ca8                _fclose_r
 *(.fini)
 *crtbegin.o(.ctors)
 *crtbegin?.o(.ctors)
 *(EXCLUDE_FILE(*crtend.o *crtend?.o) .ctors)
 *(SORT_BY_NAME(.ctors.*))
 *(.ctors)
 *crtbegin.o(.dtors)
 *crtbegin?.o(.dtors)
 *(EXCLUDE_FILE(*crtend.o *crtend?.o) .dtors)
 *(SORT_BY_NAME(.dtors.*))
 *(.dtors)
 *(.eh_frame*)
                0x20006d7c                        . = ALIGN (0x4)
                0x20006d7c                        __ram_text_end__ = .
                0x100002bc                        __ram_text_source__ = LOADADDR (.text)

.glue_7         0x20006d7c        0x0 load address 0x10006f74
 .glue_7        0x20006d7c        0x0 linker stubs

.glue_7t        0x20006d7c        0x0 load address 0x10006f74
 .glue_7t       0x20006d7c        0x0 linker stubs

.vfp11_veneer   0x20006d7c        0x0 load address 0x10006f74
 .vfp11_veneer  0x20006d7c        0x0 linker stubs

.v4_bx          0x20006d7c        0x0 load address 0x10006f74
 .v4_bx         0x20006d7c        0x0 linker stubs

.iplt           0x20006d7c        0x0 load address 0x10006f74
 .iplt          0x20006d7c        0x0 CMakeFiles/okhi.dir/okhi.c.obj
                0x20006d7c                        . = ALIGN (0x4)

.xip_ram        0x15000000        0x0 load address 0x10006f74
                0x15000000                        __xip_ram_start__ = .
                0x15000000                        . = ALIGN (0x4)
 *(.xip_ram*)
                0x15000000                        . = ALIGN (0x4)
                0x15000000                        __xip_ram_end__ = .
                0x10006f74                        __xip_ram_source__ = LOADADDR (.xip_ram)

.data           0x20006d80     0x1d88 load address 0x10006f74
                0x20006d80                        __data_start__ = .
 *(vtable)
 *(.time_critical*)
 .time_critical.mutex_try_enter
                0x20006d80       0x4a CMakeFiles/okhi.dir/C_/Users/regue/.pico-sdk/sdk/2.3.0/src/common/pico_sync/mutex.c.obj
                0x20006d80                mutex_try_enter
 *fill*         0x20006dca        0x2 
 .time_critical.mutex_enter_block_until
                0x20006dcc       0x7c CMakeFiles/okhi.dir/C_/Users/regue/.pico-sdk/sdk/2.3.0/src/common/pico_sync/mutex.c.obj
                0x20006dcc                mutex_enter_block_until
 .time_critical.mutex_try_enter_block_until
                0x20006e48       0x34 CMakeFiles/okhi.dir/C_/Users/regue/.pico-sdk/sdk/2.3.0/src/common/pico_sync/mutex.c.obj
                0x20006e48                mutex_try_enter_block_until
 .time_critical.mutex_exit
                0x20006e7c       0x4c CMakeFiles/okhi.dir/C_/Users/regue/.pico-sdk/sdk/2.3.0/src/common/pico_sync/mutex.c.obj
                0x20006e7c                mutex_exit
 .time_critical.spi_write_blocking
                0x20006ec8       0x3c CMakeFiles/okhi.dir/C_/Users/regue/.pico-sdk/sdk/2.3.0/src/rp2_common/hardware_spi/spi.c.obj
                0x20006ec8                spi_write_blocking
                0x20006f04                        . = ALIGN (0x4)
 *(.rodata*)
 .rodata.crc5_usb_tab
                0x20006f04      0x100 CMakeFiles/okhi.dir/okhi.c.obj
 .rodata.crc16_usb_tab
                0x20007004      0x200 CMakeFiles/okhi.dir/okhi.c.obj
 .rodata.tar_pio1_program
                0x20007204        0x8 CMakeFiles/okhi.dir/okhi.c.obj
 .rodata.tar_pio1_program_instructions
                0x2000720c       0x28 CMakeFiles/okhi.dir/okhi.c.obj
 .rodata.tar_lowsp_pio0_program
                0x20007234        0x8 CMakeFiles/okhi.dir/okhi.c.obj
 .rodata.tar_lowsp_pio0_program_instructions
                0x2000723c       0x40 CMakeFiles/okhi.dir/okhi.c.obj
 .rodata        0x2000727c      0x598 CMakeFiles/okhi.dir/okhi.c.obj
 .rodata.gpio_set_irq_enabled.str1.4
                0x20007814      0x944 CMakeFiles/okhi.dir/C_/Users/regue/.pico-sdk/sdk/2.3.0/src/rp2_common/hardware_gpio/gpio.c.obj
                                 0x73 (size before relaxing)
 .rodata.__func__.4
                0x20008158       0x15 CMakeFiles/okhi.dir/C_/Users/regue/.pico-sdk/sdk/2.3.0/src/rp2_common/hardware_gpio/gpio.c.obj
 .rodata.panic.str1.4
                0x2000816d        0x0 CMakeFiles/okhi.dir/C_/Users/regue/.pico-sdk/sdk/2.3.0/src/rp2_common/pico_platform_panic/panic.c.obj
                                 0x11 (size before relaxing)
 .rodata.hw_claim_clear.str1.4
                0x2000816d        0x0 CMakeFiles/okhi.dir/C_/Users/regue/.pico-sdk/sdk/2.3.0/src/common/hardware_claim/claim.c.obj
                                 0x65 (size before relaxing)
 *fill*         0x2000816d        0x3 
 .rodata.__func__.0
                0x20008170        0xf CMakeFiles/okhi.dir/C_/Users/regue/.pico-sdk/sdk/2.3.0/src/common/hardware_claim/claim.c.obj
 .rodata.resolve_j_16.str1.4
                0x2000817f        0x0 CMakeFiles/okhi.dir/C_/Users/regue/.pico-sdk/sdk/2.3.0/src/rp2_common/hardware_irq/irq.c.obj
                                 0x5d (size before relaxing)
 .rodata.make_j_16.str1.4
                0x2000817f        0x0 CMakeFiles/okhi.dir/C_/Users/regue/.pico-sdk/sdk/2.3.0/src/rp2_common/hardware_irq/irq.c.obj
                                 0x30 (size before relaxing)
 .rodata.insert_bl_32.str1.4
                0x2000817f        0x0 CMakeFiles/okhi.dir/C_/Users/regue/.pico-sdk/sdk/2.3.0/src/rp2_common/hardware_irq/irq.c.obj
                                 0x10 (size before relaxing)
 .rodata.irq_set_exclusive_handler.str1.4
                0x2000817f        0x0 CMakeFiles/okhi.dir/C_/Users/regue/.pico-sdk/sdk/2.3.0/src/rp2_common/hardware_irq/irq.c.obj
                                 0x36 (size before relaxing)
 .rodata.irq_add_shared_handler.str1.4
                0x2000817f        0x0 CMakeFiles/okhi.dir/C_/Users/regue/.pico-sdk/sdk/2.3.0/src/rp2_common/hardware_irq/irq.c.obj
                                 0xd2 (size before relaxing)
 .rodata.irq_remove_handler.str1.4
                0x2000817f        0x0 CMakeFiles/okhi.dir/C_/Users/regue/.pico-sdk/sdk/2.3.0/src/rp2_common/hardware_irq/irq.c.obj
                                 0x3a (size before relaxing)
 .rodata.irq_add_tail_to_free_list.str1.4
                0x2000817f        0x0 CMakeFiles/okhi.dir/C_/Users/regue/.pico-sdk/sdk/2.3.0/src/rp2_common/hardware_irq/irq.c.obj
                                 0x3a (size before relaxing)
 *fill*         0x2000817f        0x1 
 .rodata.__func__.0
                0x20008180       0x1a CMakeFiles/okhi.dir/C_/Users/regue/.pico-sdk/sdk/2.3.0/src/rp2_common/hardware_irq/irq.c.obj
 *fill*         0x2000819a        0x2 
 .rodata.__func__.1
                0x2000819c        0xd CMakeFiles/okhi.dir/C_/Users/regue/.pico-sdk/sdk/2.3.0/src/rp2_common/hardware_irq/irq.c.obj
 *fill*         0x200081a9        0x3 
 .rodata.__func__.2
                0x200081ac       0x13 CMakeFiles/okhi.dir/C_/Users/regue/.pico-sdk/sdk/2.3.0/src/rp2_common/hardware_irq/irq.c.obj
 *fill*         0x200081bf        0x1 
 .rodata.__func__.3
                0x200081c0        0xa CMakeFiles/okhi.dir/C_/Users/regue/.pico-sdk/sdk/2.3.0/src/rp2_common/hardware_irq/irq.c.obj
 *fill*         0x200081ca        0x2 
 .rodata.__func__.4
                0x200081cc        0xd CMakeFiles/okhi.dir/C_/Users/regue/.pico-sdk/sdk/2.3.0/src/rp2_common/hardware_irq/irq.c.obj
 *fill*         0x200081d9        0x3 
 .rodata.__func__.5
                0x200081dc       0x17 CMakeFiles/okhi.dir/C_/Users/regue/.pico-sdk/sdk/2.3.0/src/rp2_common/hardware_irq/irq.c.obj
 *fill*         0x200081f3        0x1 
 .rodata.__func__.6
                0x200081f4       0x1a CMakeFiles/okhi.dir/C_/Users/regue/.pico-sdk/sdk/2.3.0/src/rp2_common/hardware_irq/irq.c.obj
 .rodata.runtime_init_mutex.str1.4
                0x2000820e        0x0 CMakeFiles/okhi.dir/C_/Users/regue/.pico-sdk/sdk/2.3.0/src/common/pico_sync/mutex.c.obj
                                 0x60 (size before relaxing)
 .rodata.str1.4
                0x2000820e        0x0 CMakeFiles/okhi.dir/C_/Users/regue/.pico-sdk/sdk/2.3.0/src/common/pico_sync/mutex.c.obj
                                 0x51 (size before relaxing)
 *fill*         0x2000820e        0x2 
 .rodata.__func__.1
                0x20008210        0xb CMakeFiles/okhi.dir/C_/Users/regue/.pico-sdk/sdk/2.3.0/src/common/pico_sync/mutex.c.obj
 *fill*         0x2000821b        0x1 
 .rodata.__func__.3
                0x2000821c       0x18 CMakeFiles/okhi.dir/C_/Users/regue/.pico-sdk/sdk/2.3.0/src/common/pico_sync/mutex.c.obj
 .rodata.__func__.6
                0x20008234       0x13 CMakeFiles/okhi.dir/C_/Users/regue/.pico-sdk/sdk/2.3.0/src/common/pico_sync/mutex.c.obj
 .rodata.alarm_pool_irq_handler.str1.4
                0x20008247        0x0 CMakeFiles/okhi.dir/C_/Users/regue/.pico-sdk/sdk/2.3.0/src/common/pico_time/time.c.obj
                                 0x6b (size before relaxing)
 .rodata.alarm_pool_get_default.str1.4
                0x20008247        0x0 CMakeFiles/okhi.dir/C_/Users/regue/.pico-sdk/sdk/2.3.0/src/common/pico_time/time.c.obj
                                 0x21 (size before relaxing)
 .rodata.sleep_until.str1.4
                0x20008247        0x0 CMakeFiles/okhi.dir/C_/Users/regue/.pico-sdk/sdk/2.3.0/src/common/pico_time/time.c.obj
                                 0x4d (size before relaxing)
 *fill*         0x20008247        0x1 
 .rodata.__func__.2
                0x20008248       0x17 CMakeFiles/okhi.dir/C_/Users/regue/.pico-sdk/sdk/2.3.0/src/common/pico_time/time.c.obj
 *fill*         0x2000825f        0x1 
 .rodata.__func__.3
                0x20008260       0x17 CMakeFiles/okhi.dir/C_/Users/regue/.pico-sdk/sdk/2.3.0/src/common/pico_time/time.c.obj
 *fill*         0x20008277        0x1 
 .rodata.at_the_end_of_time
                0x20008278        0x8 CMakeFiles/okhi.dir/C_/Users/regue/.pico-sdk/sdk/2.3.0/src/common/pico_time/time.c.obj
                0x20008278                at_the_end_of_time
 .rodata.timer_hardware_alarm_claim.str1.4
                0x20008280        0x0 CMakeFiles/okhi.dir/C_/Users/regue/.pico-sdk/sdk/2.3.0/src/rp2_common/hardware_timer/timer.c.obj
                                 0x22 (size before relaxing)
 .rodata.pll_init.str1.4
                0x20008280        0x0 CMakeFiles/okhi.dir/C_/Users/regue/.pico-sdk/sdk/2.3.0/src/rp2_common/hardware_pll/pll.c.obj
                                0x11c (size before relaxing)
 .rodata.__func__.0
                0x20008280        0x9 CMakeFiles/okhi.dir/C_/Users/regue/.pico-sdk/sdk/2.3.0/src/rp2_common/hardware_pll/pll.c.obj
 .rodata.__aeabi_double_init.str1.4
                0x20008289        0x0 CMakeFiles/okhi.dir/C_/Users/regue/.pico-sdk/sdk/2.3.0/src/rp2_common/pico_double/double_init_rom_rp2040.c.obj
                                 0x9b (size before relaxing)
 *fill*         0x20008289        0x3 
 .rodata.__func__.0
                0x2000828c       0x14 CMakeFiles/okhi.dir/C_/Users/regue/.pico-sdk/sdk/2.3.0/src/rp2_common/pico_double/double_init_rom_rp2040.c.obj
 .rodata.__aeabi_float_init.str1.4
                0x200082a0        0x0 CMakeFiles/okhi.dir/C_/Users/regue/.pico-sdk/sdk/2.3.0/src/rp2_common/pico_float/float_init_rom_rp2040.c.obj
                                 0x8d (size before relaxing)
 .rodata.__func__.0
                0x200082a0       0x13 CMakeFiles/okhi.dir/C_/Users/regue/.pico-sdk/sdk/2.3.0/src/rp2_common/pico_float/float_init_rom_rp2040.c.obj
 .rodata.str1.4
                0x200082b3        0x0 CMakeFiles/okhi.dir/C_/Users/regue/.pico-sdk/sdk/2.3.0/src/rp2_common/pico_standard_binary_info/standard_binary_info.c.obj
                                 0x7c (size before relaxing)
 *fill*         0x200082b3        0x1 
 .rodata.__bi_94
                0x200082b4        0xc CMakeFiles/okhi.dir/C_/Users/regue/.pico-sdk/sdk/2.3.0/src/rp2_common/pico_standard_binary_info/standard_binary_info.c.obj
 .rodata.__bi_84
                0x200082c0        0xc CMakeFiles/okhi.dir/C_/Users/regue/.pico-sdk/sdk/2.3.0/src/rp2_common/pico_standard_binary_info/standard_binary_info.c.obj
 .rodata.__bi_78
                0x200082cc        0xc CMakeFiles/okhi.dir/C_/Users/regue/.pico-sdk/sdk/2.3.0/src/rp2_common/pico_standard_binary_info/standard_binary_info.c.obj
 .rodata.__bi_72
                0x200082d8        0xc CMakeFiles/okhi.dir/C_/Users/regue/.pico-sdk/sdk/2.3.0/src/rp2_common/pico_standard_binary_info/standard_binary_info.c.obj
 .rodata.__bi_54
                0x200082e4        0xc CMakeFiles/okhi.dir/C_/Users/regue/.pico-sdk/sdk/2.3.0/src/rp2_common/pico_standard_binary_info/standard_binary_info.c.obj
 .rodata.__bi_48
                0x200082f0        0xc CMakeFiles/okhi.dir/C_/Users/regue/.pico-sdk/sdk/2.3.0/src/rp2_common/pico_standard_binary_info/standard_binary_info.c.obj
 .rodata.__bi_42
                0x200082fc        0xc CMakeFiles/okhi.dir/C_/Users/regue/.pico-sdk/sdk/2.3.0/src/rp2_common/pico_standard_binary_info/standard_binary_info.c.obj
 .rodata.__bi_34
                0x20008308        0xc CMakeFiles/okhi.dir/C_/Users/regue/.pico-sdk/sdk/2.3.0/src/rp2_common/pico_standard_binary_info/standard_binary_info.c.obj
 .rodata.__bi_26
                0x20008314        0xc CMakeFiles/okhi.dir/C_/Users/regue/.pico-sdk/sdk/2.3.0/src/rp2_common/pico_standard_binary_info/standard_binary_info.c.obj
 .rodata._ftoa.str1.4
                0x20008320        0x0 CMakeFiles/okhi.dir/C_/Users/regue/.pico-sdk/sdk/2.3.0/src/rp2_common/pico_printf/printf.c.obj
                                 0x15 (size before relaxing)
 .rodata.pow10.0
                0x20008320       0x50 CMakeFiles/okhi.dir/C_/Users/regue/.pico-sdk/sdk/2.3.0/src/rp2_common/pico_printf/printf.c.obj
 .rodata.__assert_func.str1.4
                0x20008370        0x0 CMakeFiles/okhi.dir/C_/Users/regue/.pico-sdk/sdk/2.3.0/src/rp2_common/pico_clib_interface/newlib_interface.c.obj
                                 0x43 (size before relaxing)
 .rodata.crlf_str.0
                0x20008370        0x2 CMakeFiles/okhi.dir/C_/Users/regue/.pico-sdk/sdk/2.3.0/src/rp2_common/pico_stdio/stdio.c.obj
 .rodata.str1.4
                0x20008372        0x0 CMakeFiles/okhi.dir/C_/Users/regue/.pico-sdk/sdk/2.3.0/src/rp2_common/pico_stdio_uart/stdio_uart.c.obj
                                 0x2c (size before relaxing)
 *fill*         0x20008372        0x2 
 .rodata.__bi_45.4
                0x20008374        0xc CMakeFiles/okhi.dir/C_/Users/regue/.pico-sdk/sdk/2.3.0/src/rp2_common/pico_stdio_uart/stdio_uart.c.obj
 .rodata.__bi_49.5
                0x20008380        0x8 CMakeFiles/okhi.dir/C_/Users/regue/.pico-sdk/sdk/2.3.0/src/rp2_common/pico_stdio_uart/stdio_uart.c.obj
 .rodata.__bi_50.6
                0x20008388        0x8 CMakeFiles/okhi.dir/C_/Users/regue/.pico-sdk/sdk/2.3.0/src/rp2_common/pico_stdio_uart/stdio_uart.c.obj
 .rodata.multicore_lockout_end_block_until.str1.4
                0x20008390        0x0 CMakeFiles/okhi.dir/C_/Users/regue/.pico-sdk/sdk/2.3.0/src/rp2_common/pico_multicore/multicore.c.obj
                                 0x75 (size before relaxing)
 .rodata.multicore_reset_core1.str1.4
                0x20008390        0x0 CMakeFiles/okhi.dir/C_/Users/regue/.pico-sdk/sdk/2.3.0/src/rp2_common/pico_multicore/multicore.c.obj
                                  0xb (size before relaxing)
 .rodata.multicore_launch_core1_with_stack.str1.4
                0x20008390        0x0 CMakeFiles/okhi.dir/C_/Users/regue/.pico-sdk/sdk/2.3.0/src/rp2_common/pico_multicore/multicore.c.obj
                                 0x19 (size before relaxing)
 .rodata.__func__.1
                0x20008390       0x22 CMakeFiles/okhi.dir/C_/Users/regue/.pico-sdk/sdk/2.3.0/src/rp2_common/pico_multicore/multicore.c.obj
 *fill*         0x200083b2        0x2 
 .rodata.__func__.2
                0x200083b4       0x16 CMakeFiles/okhi.dir/C_/Users/regue/.pico-sdk/sdk/2.3.0/src/rp2_common/pico_multicore/multicore.c.obj
 .rodata.find_offset_for_program.str1.4
                0x200083ca        0x0 CMakeFiles/okhi.dir/C_/Users/regue/.pico-sdk/sdk/2.3.0/src/rp2_common/hardware_pio/pio.c.obj
                                 0x71 (size before relaxing)
 .rodata.pio_claim_unused_sm.str1.4
                0x200083ca        0x0 CMakeFiles/okhi.dir/C_/Users/regue/.pico-sdk/sdk/2.3.0/src/rp2_common/hardware_pio/pio.c.obj
                                 0x24 (size before relaxing)
 *fill*         0x200083ca        0x2 
 .rodata.__func__.1
                0x200083cc       0x18 CMakeFiles/okhi.dir/C_/Users/regue/.pico-sdk/sdk/2.3.0/src/rp2_common/hardware_pio/pio.c.obj
 *(.srodata*)
                0x200083e4                        . = ALIGN (0x4)
 *(.data*)
 .data.g_display_time
                0x200083e4        0x4 CMakeFiles/okhi.dir/okhi.c.obj
 .data.hwver    0x200083e8        0x1 CMakeFiles/okhi.dir/okhi.c.obj
 *fill*         0x200083e9        0x3 
 .data.hwver_name
                0x200083ec        0x4 CMakeFiles/okhi.dir/okhi.c.obj
 .data.striped_spin_lock_num
                0x200083f0        0x1 CMakeFiles/okhi.dir/C_/Users/regue/.pico-sdk/sdk/2.3.0/src/rp2_common/hardware_sync/sync.c.obj
 *fill*         0x200083f1        0x3 
 .data          0x200083f4       0x48 CMakeFiles/okhi.dir/C_/Users/regue/.pico-sdk/sdk/2.3.0/src/rp2_common/hardware_irq/irq_handler_chain.S.obj
                0x200083f4                irq_handler_chain_slots
                0x20008424                irq_handler_chain_first_slot
                0x2000842e                irq_handler_chain_remove_tail
 *fill*         0x2000843c        0x4 
 .data.last_added.0
                0x20008440        0x8 CMakeFiles/okhi.dir/C_/Users/regue/.pico-sdk/sdk/2.3.0/src/common/pico_time/time.c.obj
 .data.default_alarm_pool
                0x20008448       0x18 CMakeFiles/okhi.dir/C_/Users/regue/.pico-sdk/sdk/2.3.0/src/common/pico_time/time.c.obj
 .data.aeabi_bits_funcs
                0x20008460       0x10 CMakeFiles/okhi.dir/C_/Users/regue/.pico-sdk/sdk/2.3.0/src/rp2_common/pico_bit_ops/bit_ops_aeabi.S.obj
                0x20008460                aeabi_bits_funcs
                0x20008470                aeabi_bits_funcs_end
 .data.aeabi_mem_funcs
                0x20008470       0x10 CMakeFiles/okhi.dir/C_/Users/regue/.pico-sdk/sdk/2.3.0/src/rp2_common/pico_mem_ops/mem_ops_aeabi.S.obj
                0x20008470                aeabi_mem_funcs