Archive member included to satisfy reference by file (symbol)

esp-idf/esp_bootloader_format/libesp_bootloader_format.a(esp_bootloader_desc.c.obj)
                              (esp_bootloader_desc)
esp-idf/bootloader_support/libbootloader_support.a(bootloader_panic.c.obj)
                              (__assert_func)
esp-idf/main/libmain.a(bootloader_start.c.obj)
                              (call_start_cpu0)
esp-idf/riscv/libriscv.a(rv_utils.c.obj)
                              esp-idf/bootloader_support/libbootloader_support.a(bootloader_panic.c.obj) (rv_utils_dbgr_is_attached)
esp-idf/bootloader_support/libbootloader_support.a(bootloader_utility.c.obj)
                              esp-idf/main/libmain.a(bootloader_start.c.obj) (bootloader_utility_load_partition_table)
esp-idf/bootloader_support/libbootloader_support.a(flash_partitions.c.obj)
                              esp-idf/bootloader_support/libbootloader_support.a(bootloader_utility.c.obj) (esp_partition_table_verify)
esp-idf/bootloader_support/libbootloader_support.a(esp_image_format.c.obj)
                              esp-idf/bootloader_support/libbootloader_support.a(bootloader_utility.c.obj) (bootloader_load_image)
esp-idf/bootloader_support/libbootloader_support.a(bootloader_sha.c.obj)
                              esp-idf/bootloader_support/libbootloader_support.a(bootloader_utility.c.obj) (bootloader_sha256_start)
esp-idf/bootloader_support/libbootloader_support.a(bootloader_console_loader.c.obj)
                              esp-idf/bootloader_support/libbootloader_support.a(bootloader_utility.c.obj) (bootloader_console_deinit)
esp-idf/bootloader_support/libbootloader_support.a(bootloader_soc.c.obj)
                              esp-idf/bootloader_support/libbootloader_support.a(bootloader_utility.c.obj) (bootloader_ana_clock_glitch_reset_config)
esp-idf/bootloader_support/libbootloader_support.a(bootloader_esp32c2.c.obj)
                              esp-idf/main/libmain.a(bootloader_start.c.obj) (bootloader_init)
esp-idf/bootloader_support/libbootloader_support.a(bootloader_common_loader.c.obj)
                              esp-idf/bootloader_support/libbootloader_support.a(bootloader_utility.c.obj) (bootloader_common_ota_select_crc)
esp-idf/bootloader_support/libbootloader_support.a(bootloader_clock_init.c.obj)
                              esp-idf/bootloader_support/libbootloader_support.a(bootloader_esp32c2.c.obj) (bootloader_clock_configure)
esp-idf/bootloader_support/libbootloader_support.a(bootloader_mem.c.obj)
                              esp-idf/bootloader_support/libbootloader_support.a(bootloader_esp32c2.c.obj) (bootloader_init_mem)
esp-idf/bootloader_support/libbootloader_support.a(bootloader_random.c.obj)
                              esp-idf/bootloader_support/libbootloader_support.a(esp_image_format.c.obj) (bootloader_fill_random)
esp-idf/bootloader_support/libbootloader_support.a(flash_encrypt.c.obj)
                              esp-idf/bootloader_support/libbootloader_support.a(bootloader_utility.c.obj) (esp_flash_encryption_enabled)
esp-idf/bootloader_support/libbootloader_support.a(bootloader_random_esp32c2.c.obj)
                              esp-idf/bootloader_support/libbootloader_support.a(bootloader_utility.c.obj) (bootloader_random_disable)
esp-idf/bootloader_support/libbootloader_support.a(bootloader_flash.c.obj)
                              esp-idf/bootloader_support/libbootloader_support.a(bootloader_utility.c.obj) (bootloader_mmap_get_free_pages)
esp-idf/bootloader_support/libbootloader_support.a(bootloader_flash_config_esp32c2.c.obj)
                              esp-idf/bootloader_support/libbootloader_support.a(bootloader_esp32c2.c.obj) (bootloader_flash_update_id)
esp-idf/bootloader_support/libbootloader_support.a(bootloader_init.c.obj)
                              esp-idf/bootloader_support/libbootloader_support.a(bootloader_esp32c2.c.obj) (bootloader_clear_bss_section)
esp-idf/bootloader_support/libbootloader_support.a(bootloader_console.c.obj)
                              esp-idf/bootloader_support/libbootloader_support.a(bootloader_esp32c2.c.obj) (bootloader_console_init)
esp-idf/efuse/libefuse.a(esp_efuse_table.c.obj)
                              esp-idf/bootloader_support/libbootloader_support.a(flash_encrypt.c.obj) (ESP_EFUSE_DIS_DIRECT_BOOT)
esp-idf/efuse/libefuse.a(esp_efuse_fields.c.obj)
                              esp-idf/bootloader_support/libbootloader_support.a(flash_encrypt.c.obj) (esp_efuse_enable_rom_secure_download_mode)
esp-idf/efuse/libefuse.a(esp_efuse_api.c.obj)
                              esp-idf/bootloader_support/libbootloader_support.a(flash_encrypt.c.obj) (esp_efuse_read_field_blob)
esp-idf/efuse/libefuse.a(esp_efuse_utility.c.obj)
                              esp-idf/efuse/libefuse.a(esp_efuse_api.c.obj) (esp_efuse_utility_process)
esp-idf/efuse/libefuse.a(esp_efuse_api_key.c.obj)
[...]
Memory Configuration

Name             Origin             Length             Attributes
iram_seg         0x403ac370         0x00002800         xrw
iram_loader_seg  0x403aeb70         0x00007000         xrw
dram_seg         0x3fcd5b70         0x00005000         rw
*default*        0x00000000         0xffffffff

Linker script and memory map

                0x00000000                        IDF_TARGET_ESP32C2 = 0x0
LOAD CMakeFiles/bootloader.elf.dir/project_elf_src_esp32c2.c.obj
LOAD esp-idf/hal/libhal.a
LOAD esp-idf/riscv/libriscv.a
LOAD esp-idf/soc/libsoc.a
LOAD esp-idf/micro-ecc/libmicro-ecc.a
LOAD esp-idf/spi_flash/libspi_flash.a
LOAD esp-idf/esp_bootloader_format/libesp_bootloader_format.a
LOAD esp-idf/bootloader_support/libbootloader_support.a
LOAD esp-idf/efuse/libefuse.a
LOAD esp-idf/esp_system/libesp_system.a
LOAD esp-idf/esp_hw_support/libesp_hw_support.a
LOAD esp-idf/esp_common/libesp_common.a
LOAD esp-idf/esp_rom/libesp_rom.a
LOAD esp-idf/log/liblog.a
LOAD esp-idf/main/libmain.a
LOAD esp-idf/hal/libhal.a
LOAD esp-idf/riscv/libriscv.a
LOAD esp-idf/soc/libsoc.a
LOAD esp-idf/micro-ecc/libmicro-ecc.a
LOAD esp-idf/spi_flash/libspi_flash.a
LOAD esp-idf/esp_bootloader_format/libesp_bootloader_format.a
LOAD esp-idf/bootloader_support/libbootloader_support.a
LOAD esp-idf/efuse/libefuse.a
LOAD esp-idf/esp_system/libesp_system.a
LOAD esp-idf/esp_hw_support/libesp_hw_support.a
LOAD esp-idf/esp_common/libesp_common.a
LOAD esp-idf/esp_rom/libesp_rom.a
LOAD esp-idf/log/liblog.a
LOAD esp-idf/hal/libhal.a
LOAD esp-idf/riscv/libriscv.a
LOAD esp-idf/soc/libsoc.a
LOAD esp-idf/micro-ecc/libmicro-ecc.a
LOAD esp-idf/spi_flash/libspi_flash.a
LOAD esp-idf/esp_bootloader_format/libesp_bootloader_format.a
LOAD esp-idf/bootloader_support/libbootloader_support.a
LOAD esp-idf/efuse/libefuse.a
LOAD esp-idf/esp_system/libesp_system.a
LOAD esp-idf/esp_hw_support/libesp_hw_support.a
LOAD esp-idf/esp_common/libesp_common.a
LOAD esp-idf/esp_rom/libesp_rom.a
LOAD esp-idf/log/liblog.a
LOAD esp-idf/hal/libhal.a
LOAD esp-idf/riscv/libriscv.a
LOAD esp-idf/soc/libsoc.a
LOAD esp-idf/micro-ecc/libmicro-ecc.a
LOAD esp-idf/spi_flash/libspi_flash.a
LOAD esp-idf/esp_bootloader_format/libesp_bootloader_format.a
LOAD esp-idf/bootloader_support/libbootloader_support.a
LOAD esp-idf/efuse/libefuse.a
LOAD esp-idf/esp_system/libesp_system.a
LOAD esp-idf/esp_hw_support/libesp_hw_support.a
LOAD esp-idf/esp_common/libesp_common.a
LOAD esp-idf/esp_rom/libesp_rom.a
LOAD esp-idf/log/liblog.a
LOAD esp-idf/hal/libhal.a
LOAD esp-idf/riscv/libriscv.a
LOAD esp-idf/soc/libsoc.a
LOAD esp-idf/micro-ecc/libmicro-ecc.a
LOAD esp-idf/spi_flash/libspi_flash.a
LOAD esp-idf/esp_bootloader_format/libesp_bootloader_format.a
LOAD esp-idf/bootloader_support/libbootloader_support.a
LOAD esp-idf/efuse/libefuse.a
LOAD esp-idf/esp_system/libesp_system.a
LOAD esp-idf/esp_hw_support/libesp_hw_support.a
LOAD esp-idf/esp_common/libesp_common.a
LOAD esp-idf/esp_rom/libesp_rom.a
LOAD esp-idf/log/liblog.a
LOAD C:/Users/regue/.espressif/tools/riscv32-esp-elf/esp-14.2.0_20241119/riscv32-esp-elf/bin/../lib/gcc/riscv32-esp-elf/14.2.0/rv32imc_zicsr_zifencei/ilp32/no-rtti\libgcc.a
LOAD C:/Users/regue/.espressif/tools/riscv32-esp-elf/esp-14.2.0_20241119/riscv32-esp-elf/bin/../lib/gcc/riscv32-esp-elf/14.2.0/../../../../riscv32-esp-elf/lib/rv32imc_zicsr_zifencei/ilp32/no-rtti\libc.a
LOAD C:/Users/regue/.espressif/tools/riscv32-esp-elf/esp-14.2.0_20241119/riscv32-esp-elf/bin/../lib/gcc/riscv32-esp-elf/14.2.0/../../../../riscv32-esp-elf/lib/rv32imc_zicsr_zifencei/ilp32/no-rtti\libnosys.a
LOAD C:/Users/regue/.espressif/tools/riscv32-esp-elf/esp-14.2.0_20241119/riscv32-esp-elf/bin/../lib/gcc/riscv32-esp-elf/14.2.0/../../../../riscv32-esp-elf/lib/rv32imc_zicsr_zifencei/ilp32/no-rtti\libc.a
LOAD C:/Users/regue/.espressif/tools/riscv32-esp-elf/esp-14.2.0_20241119/riscv32-esp-elf/bin/../lib/gcc/riscv32-esp-elf/14.2.0/rv32imc_zicsr_zifencei/ilp32/no-rtti\libgcc.a
                0x40000018                        rtc_get_reset_reason = 0x40000018
                0x4000001c                        analog_super_wdt_reset_happened = 0x4000001c
                0x40000020                        rtc_get_wakeup_cause = 0x40000020
                0x40000024                        rtc_select_apb_bridge = 0x40000024
                0x40000028                        rtc_unhold_all_pads = 0x40000028
                0x4000002c                        ets_is_print_boot = 0x4000002c
                0x40000030                        ets_vprintf = 0x40000030
                0x40000034                        ets_printf = 0x40000034
                0x40000038                        ets_install_putc1 = 0x40000038
                0x4000003c                        ets_install_uart_printf = 0x4000003c
                0x40000040                        ets_install_putc2 = 0x40000040
                0x40000044                        ets_delay_us = 0x40000044
                0x40000048                        ets_get_stack_info = 0x40000048
                0x4000004c                        ets_install_lock = 0x4000004c
                0x40000050                        UartRxString = 0x40000050
                0x40000054                        UartGetCmdLn = 0x40000054
                0x40000058                        uart_tx_one_char = 0x40000058
                0x4000005c                        uart_tx_one_char2 = 0x4000005c
                0x40000060                        uart_rx_one_char = 0x40000060
                0x40000064                        uart_rx_one_char_block = 0x40000064
                0x40000068                        uart_rx_readbuff = 0x40000068
                0x4000006c                        uartAttach = 0x4000006c
                0x40000070                        uart_tx_flush = 0x40000070
                0x40000074                        uart_tx_wait_idle = 0x40000074
                0x40000078                        uart_div_modify = 0x40000078
                0x4000007c                        ets_write_char_uart = 0x4000007c
                0x40000080                        uart_tx_switch = 0x40000080
                0x40000084                        multofup = 0x40000084
                0x40000088                        software_reset = 0x40000088
                0x4000008c                        software_reset_cpu = 0x4000008c
                0x40000090                        assist_debug_clock_enable = 0x40000090
                0x40000094                        assist_debug_record_enable = 0x40000094
                0x40000098                        clear_super_wdt_reset_flag = 0x40000098
                0x4000009c                        disable_default_watchdog = 0x4000009c
                0x400000a0                        send_packet = 0x400000a0
                0x400000a4                        recv_packet = 0x400000a4
                0x400000a8                        GetUartDevice = 0x400000a8
                0x400000ac                        UartDwnLdProc = 0x400000ac
                0x400000b0                        GetSecurityInfoProc = 0x400000b0
                0x400000b4                        Uart_Init = 0x400000b4
                0x400000b8                        ets_set_user_start = 0x400000b8
                0x3ff4fffc                        ets_rom_layout_p = 0x3ff4fffc
                0x3fcdfffc                        ets_ops_table_ptr = 0x3fcdfffc
                0x400000bc                        mz_adler32 = 0x400000bc
                0x400000c0                        mz_free = 0x400000c0
                0x400000c4                        tdefl_compress = 0x400000c4
                0x400000c8                        tdefl_compress_buffer = 0x400000c8
                0x400000cc                        tdefl_compress_mem_to_heap = 0x400000cc
                0x400000d0                        tdefl_compress_mem_to_mem = 0x400000d0
                0x400000d4                        tdefl_compress_mem_to_output = 0x400000d4
                0x400000d8                        tdefl_get_adler32 = 0x400000d8
                0x400000dc                        tdefl_get_prev_return_status = 0x400000dc
                0x400000e0                        tdefl_init = 0x400000e0
                0x400000e4                        tdefl_write_image_to_png_file_in_memory = 0x400000e4
                0x400000e8                        tdefl_write_image_to_png_file_in_memory_ex = 0x400000e8
                0x400000ec                        tinfl_decompress = 0x400000ec
                0x400000f0                        tinfl_decompress_mem_to_callback = 0x400000f0
                0x400000f4                        tinfl_decompress_mem_to_heap = 0x400000f4
                0x400000f8                        tinfl_decompress_mem_to_mem = 0x400000f8
                0x400000fc                        PROVIDE (esp_rom_spiflash_wait_idle = 0x400000fc)
                0x40000100                        PROVIDE (esp_rom_spiflash_write_encrypted = 0x40000100)
                [!provide]                        PROVIDE (esp_rom_spiflash_write_encrypted_dest = 0x40000104)
                [!provide]                        PROVIDE (esp_rom_spiflash_write_encrypted_enable = 0x40000108)
                [!provide]                        PROVIDE (esp_rom_spiflash_write_encrypted_disable = 0x4000010c)
                [!provide]                        PROVIDE (esp_rom_spiflash_erase_chip = 0x40000110)
                [!provide]                        PROVIDE (_esp_rom_spiflash_erase_sector = 0x40000114)
                [!provide]                        PROVIDE (_esp_rom_spiflash_erase_block = 0x40000118)
                [!provide]                        PROVIDE (_esp_rom_spiflash_write = 0x4000011c)
                [!provide]                        PROVIDE (_esp_rom_spiflash_read = 0x40000120)
                [!provide]                        PROVIDE (_esp_rom_spiflash_unlock = 0x40000124)
                [!provide]                        PROVIDE (_SPIEraseArea = 0x40000128)
                [!provide]                        PROVIDE (_SPI_write_enable = 0x4000012c)
                0x40000130                        PROVIDE (esp_rom_spiflash_erase_sector = 0x40000130)
                0x40000134                        PROVIDE (esp_rom_spiflash_erase_block = 0x40000134)
                0x40000138                        PROVIDE (esp_rom_spiflash_write = 0x40000138)
                0x4000013c                        PROVIDE (esp_rom_spiflash_read = 0x4000013c)
                [!provide]                        PROVIDE (esp_rom_spiflash_unlock = 0x40000140)
                [!provide]                        PROVIDE (SPIEraseArea = 0x40000144)
                [!provide]                        PROVIDE (SPI_write_enable = 0x40000148)
                0x4000014c                        PROVIDE (esp_rom_spiflash_config_param = 0x4000014c)
                [!provide]                        PROVIDE (esp_rom_spiflash_read_user_cmd = 0x40000150)
                [!provide]                        PROVIDE (esp_rom_spiflash_select_qio_pins = 0x40000154)
                [!provide]                        PROVIDE (esp_rom_spi_flash_auto_sus_res = 0x40000158)
                [!provide]                        PROVIDE (esp_rom_spi_flash_send_resume = 0x4000015c)
                [!provide]                        PROVIDE (esp_rom_spi_flash_update_id = 0x40000160)
                0x40000164                        PROVIDE (esp_rom_spiflash_config_clk = 0x40000164)
                [!provide]                        PROVIDE (esp_rom_spiflash_config_readmode = 0x40000168)
                [!provide]                        PROVIDE (esp_rom_spiflash_read_status = 0x4000016c)
                [!provide]                        PROVIDE (esp_rom_spiflash_read_statushigh = 0x40000170)
                [!provide]                        PROVIDE (esp_rom_spiflash_write_status = 0x40000174)
                [!provide]                        PROVIDE (spi_flash_attach = 0x40000178)
                [!provide]                        PROVIDE (spi_flash_get_chip_size = 0x4000017c)
                [!provide]                        PROVIDE (spi_flash_guard_set = 0x40000180)
                [!provide]                        PROVIDE (spi_flash_guard_get = 0x40000184)
                [!provide]                        PROVIDE (spi_flash_read_encrypted = 0x40000188)
                [!provide]                        PROVIDE (spi_flash_mmap_os_func_set = 0x4000018c)
                [!provide]                        PROVIDE (spi_flash_mmap_page_num_init = 0x40000190)
                [!provide]                        PROVIDE (spi_flash_mmap = 0x40000194)
                [!provide]                        PROVIDE (spi_flash_mmap_pages = 0x40000198)
                [!provide]                        PROVIDE (spi_flash_munmap = 0x4000019c)
                [!provide]                        PROVIDE (spi_flash_mmap_dump = 0x400001a0)
                [!provide]                        PROVIDE (spi_flash_check_and_flush_cache = 0x400001a4)
                [!provide]                        PROVIDE (spi_flash_mmap_get_free_pages = 0x400001a8)
                [!provide]                        PROVIDE (spi_flash_cache2phys = 0x400001ac)
                [!provide]                        PROVIDE (spi_flash_phys2cache = 0x400001b0)
                [!provide]                        PROVIDE (spi_flash_disable_cache = 0x400001b4)
                [!provide]                        PROVIDE (spi_flash_restore_cache = 0x400001b8)
                [!provide]                        PROVIDE (spi_flash_cache_enabled = 0x400001bc)
                [!provide]                        PROVIDE (spi_flash_enable_cache = 0x400001c0)
                [!provide]                        PROVIDE (spi_cache_mode_switch = 0x400001c4)
                [!provide]                        PROVIDE (spi_common_set_dummy_output = 0x400001c8)
                [!provide]                        PROVIDE (spi_common_set_flash_cs_timing = 0x400001cc)
                [!provide]                        PROVIDE (esp_rom_spi_set_address_bit_len = 0x400001d0)
                [!provide]                        PROVIDE (esp_enable_cache_flash_wrap = 0x400001d4)
                [!provide]                        PROVIDE (SPILock = 0x400001d8)
                [!provide]                        PROVIDE (SPIMasterReadModeCnfig = 0x400001dc)
                [!provide]                        PROVIDE (SPI_Common_Command = 0x400001e0)
                [!provide]                        PROVIDE (SPI_WakeUp = 0x400001e4)
                [!provide]                        PROVIDE (SPI_block_erase = 0x400001e8)
                [!provide]                        PROVIDE (SPI_chip_erase = 0x400001ec)
                [!provide]                        PROVIDE (SPI_init = 0x400001f0)
                [!provide]                        PROVIDE (SPI_page_program = 0x400001f4)
                [!provide]                        PROVIDE (SPI_read_data = 0x400001f8)
                [!provide]                        PROVIDE (SPI_sector_erase = 0x400001fc)
                [!provide]                        PROVIDE (SelectSpiFunction = 0x40000200)
                [!provide]                        PROVIDE (SetSpiDrvs = 0x40000204)
                [!provide]                        PROVIDE (Wait_SPI_Idle = 0x40000208)
                [!provide]                        PROVIDE (spi_dummy_len_fix = 0x4000020c)
                [!provide]                        PROVIDE (Disable_QMode = 0x40000210)
                [!provide]                        PROVIDE (Enable_QMode = 0x40000214)
                [!provide]                        PROVIDE (rom_spiflash_legacy_funcs = 0x3fcdfff4)
                0x3fcdfff0                        PROVIDE (rom_spiflash_legacy_data = 0x3fcdfff0)
                [!provide]                        PROVIDE (g_flash_guard_ops = 0x3fcdfff8)
                [!provide]                        PROVIDE (spi_flash_hal_poll_cmd_done = 0x40000218)
                [!provide]                        PROVIDE (spi_flash_hal_device_config = 0x4000021c)
                [!provide]                        PROVIDE (spi_flash_hal_configure_host_io_mode = 0x40000220)
                [!provide]                        PROVIDE (spi_flash_hal_common_command = 0x40000224)
                [!provide]                        PROVIDE (spi_flash_hal_read = 0x40000228)
                [!provide]                        PROVIDE (spi_flash_hal_erase_chip = 0x4000022c)
                [!provide]                        PROVIDE (spi_flash_hal_erase_sector = 0x40000230)
                [!provide]                        PROVIDE (spi_flash_hal_erase_block = 0x40000234)
                [!provide]                        PROVIDE (spi_flash_hal_program_page = 0x40000238)
                [!provide]                        PROVIDE (spi_flash_hal_set_write_protect = 0x4000023c)
                [!provide]                        PROVIDE (spi_flash_hal_host_idle = 0x40000240)
                [!provide]                        PROVIDE (spi_flash_hal_check_status = 0x40000244)
                [!provide]                        PROVIDE (spi_flash_hal_setup_read_suspend = 0x40000248)
                [!provide]                        PROVIDE (spi_flash_hal_setup_auto_suspend_mode = 0x4000024c)
                [!provide]                        PROVIDE (spi_flash_hal_setup_auto_resume_mode = 0x40000250)
                [!provide]                        PROVIDE (spi_flash_hal_disable_auto_suspend_mode = 0x40000254)
                [!provide]                        PROVIDE (spi_flash_hal_disable_auto_resume_mode = 0x40000258)
                [!provide]                        PROVIDE (spi_flash_hal_resume = 0x4000025c)
                [!provide]                        PROVIDE (spi_flash_hal_suspend = 0x40000260)
                [!provide]                        PROVIDE (spi_flash_encryption_hal_enable = 0x40000264)
                [!provide]                        PROVIDE (spi_flash_encryption_hal_disable = 0x40000268)
                [!provide]                        PROVIDE (spi_flash_encryption_hal_prepare = 0x4000026c)
                [!provide]                        PROVIDE (spi_flash_encryption_hal_done = 0x40000270)
                [!provide]                        PROVIDE (spi_flash_encryption_hal_destroy = 0x40000274)
                [!provide]                        PROVIDE (spi_flash_encryption_hal_check = 0x40000278)
                [!provide]                        PROVIDE (spi_flash_chip_generic_probe = 0x40000380)
                [!provide]                        PROVIDE (spi_flash_chip_generic_detect_size = 0x40000384)
                [!provide]                        PROVIDE (spi_flash_chip_generic_write = 0x40000388)
                [!provide]                        PROVIDE (spi_flash_chip_generic_write_encrypted = 0x4000038c)
                [!provide]                        PROVIDE (spi_flash_chip_generic_set_write_protect = 0x40000390)
                [!provide]                        PROVIDE (spi_flash_common_write_status_16b_wrsr = 0x40000394)
                [!provide]                        PROVIDE (spi_flash_chip_generic_reset = 0x40000398)
                [!provide]                        PROVIDE (spi_flash_chip_generic_erase_chip = 0x4000039c)
                [!provide]                        PROVIDE (spi_flash_chip_generic_erase_sector = 0x400003a0)
                [!provide]                        PROVIDE (spi_flash_chip_generic_erase_block = 0x400003a4)
                [!provide]                        PROVIDE (spi_flash_chip_generic_page_program = 0x400003a8)
                [!provide]                        PROVIDE (spi_flash_chip_generic_get_write_protect = 0x400003ac)
                [!provide]                        PROVIDE (spi_flash_common_read_status_16b_rdsr_rdsr2 = 0x400003b0)
                [!provide]                        PROVIDE (spi_flash_chip_generic_read_reg = 0x400003b4)
                [!provide]                        PROVIDE (spi_flash_chip_generic_yield = 0x400003b8)
                [!provide]                        PROVIDE (spi_flash_generic_wait_host_idle = 0x400003bc)
                [!provide]                        PROVIDE (spi_flash_chip_generic_wait_idle = 0x400003c0)
                [!provide]                        PROVIDE (spi_flash_chip_generic_config_host_io_mode = 0x400003c4)
                [!provide]                        PROVIDE (spi_flash_chip_generic_read = 0x400003c8)
                [!provide]                        PROVIDE (spi_flash_common_read_status_8b_rdsr2 = 0x400003cc)
                [!provide]                        PROVIDE (spi_flash_chip_generic_get_io_mode = 0x400003d0)
                [!provide]                        PROVIDE (spi_flash_common_read_status_8b_rdsr = 0x400003d4)
                [!provide]                        PROVIDE (spi_flash_common_write_status_8b_wrsr = 0x400003d8)
                [!provide]                        PROVIDE (spi_flash_common_write_status_8b_wrsr2 = 0x400003dc)
                [!provide]                        PROVIDE (spi_flash_common_set_io_mode = 0x400003e0)
                [!provide]                        PROVIDE (spi_flash_chip_generic_set_io_mode = 0x400003e4)
                [!provide]                        PROVIDE (spi_flash_chip_generic_read_unique_id = 0x400003e8)
                [!provide]                        PROVIDE (spi_flash_chip_generic_get_caps = 0x400003ec)
                [!provide]                        PROVIDE (spi_flash_chip_generic_suspend_cmd_conf = 0x400003f0)
                [!provide]                        PROVIDE (spi_flash_chip_gd_get_io_mode = 0x400003f4)
                [!provide]                        PROVIDE (spi_flash_chip_gd_probe = 0x400003f8)
                [!provide]                        PROVIDE (spi_flash_chip_gd_set_io_mode = 0x400003fc)
                [!provide]                        PROVIDE (spi_flash_chip_generic_config_data = 0x3fcdffe8)
                [!provide]                        PROVIDE (spi_flash_encryption = 0x3fcdffe4)
                [!provide]                        PROVIDE (memspi_host_read_id_hs = 0x40000400)
                [!provide]                        PROVIDE (memspi_host_read_status_hs = 0x40000404)
                [!provide]                        PROVIDE (memspi_host_flush_cache = 0x40000408)
                [!provide]                        PROVIDE (memspi_host_erase_chip = 0x4000040c)
                [!provide]                        PROVIDE (memspi_host_erase_sector = 0x40000410)
                [!provide]                        PROVIDE (memspi_host_erase_block = 0x40000414)
                [!provide]                        PROVIDE (memspi_host_program_page = 0x40000418)
                [!provide]                        PROVIDE (memspi_host_read = 0x4000041c)
                [!provide]                        PROVIDE (memspi_host_set_write_protect = 0x40000420)
                [!provide]                        PROVIDE (memspi_host_set_max_read_len = 0x40000424)
                [!provide]                        PROVIDE (memspi_host_read_data_slicer = 0x40000428)
                [!provide]                        PROVIDE (memspi_host_write_data_slicer = 0x4000042c)
                [!provide]                        PROVIDE (esp_flash_chip_driver_initialized = 0x40000430)
                [!provide]                        PROVIDE (esp_flash_read_id = 0x40000434)
                [!provide]                        PROVIDE (esp_flash_get_size = 0x40000438)
                [!provide]                        PROVIDE (esp_flash_erase_chip = 0x4000043c)
                [!provide]                        PROVIDE (esp_flash_erase_region = 0x40000440)
                [!provide]                        PROVIDE (esp_flash_get_chip_write_protect = 0x40000444)
                [!provide]                        PROVIDE (esp_flash_set_chip_write_protect = 0x40000448)
                [!provide]                        PROVIDE (esp_flash_get_protectable_regions = 0x4000044c)
                [!provide]                        PROVIDE (esp_flash_get_protected_region = 0x40000450)
                [!provide]                        PROVIDE (esp_flash_set_protected_region = 0x40000454)
                [!provide]                        PROVIDE (esp_flash_read = 0x40000458)
                [!provide]                        PROVIDE (esp_flash_write = 0x4000045c)
                [!provide]                        PROVIDE (esp_flash_write_encrypted = 0x40000460)
                [!provide]                        PROVIDE (esp_flash_read_encrypted = 0x40000464)
                [!provide]                        PROVIDE (esp_flash_get_io_mode = 0x40000468)
                [!provide]                        PROVIDE (esp_flash_set_io_mode = 0x4000046c)
                [!provide]                        PROVIDE (spi_flash_boot_attach = 0x40000470)
                [!provide]                        PROVIDE (esp_flash_read_chip_id = 0x40000474)
                [!provide]                        PROVIDE (detect_spi_flash_chip = 0x40000478)
                [!provide]                        PROVIDE (esp_rom_spiflash_write_disable = 0x4000047c)
                [!provide]                        PROVIDE (esp_flash_suspend_cmd_init = 0x40000480)
                [!provide]                        PROVIDE (esp_flash_default_chip = 0x3fcdffe0)
                [!provide]                        PROVIDE (esp_flash_api_funcs = 0x3fcdffdc)
                0x400006e0                        PROVIDE (Cache_Get_ICache_Line_Size = 0x400006e0)
                [!provide]                        PROVIDE (Cache_Get_Mode = 0x400006e4)
                [!provide]                        PROVIDE (Cache_Address_Through_IBus = 0x400006e8)
                [!provide]                        PROVIDE (Cache_Address_Through_DBus = 0x400006ec)
                [!provide]                        PROVIDE (Cache_Set_Default_Mode = 0x400006f0)
                [!provide]                        PROVIDE (Cache_Enable_Defalut_ICache_Mode = 0x400006f4)
                0x400006f8                        PROVIDE (ROM_Boot_Cache_Init = 0x400006f8)
                [!provide]                        PROVIDE (MMU_Set_Page_Mode = 0x400006fc)
                [!provide]                        PROVIDE (MMU_Get_Page_Mode = 0x40000700)
                [!provide]                        PROVIDE (Cache_Invalidate_ICache_Items = 0x40000704)
                [!provide]                        PROVIDE (Cache_Op_Addr = 0x40000708)
                0x4000070c                        PROVIDE (Cache_Invalidate_Addr = 0x4000070c)
                [!provide]                        PROVIDE (Cache_Invalidate_ICache_All = 0x40000710)
                [!provide]                        PROVIDE (Cache_Mask_All = 0x40000714)
                [!provide]                        PROVIDE (Cache_UnMask_Dram0 = 0x40000718)
                0x4000071c                        PROVIDE (Cache_Disable_ICache = 0x4000071c)
                0x40000720                        PROVIDE (Cache_Enable_ICache = 0x40000720)
                0x40000724                        PROVIDE (Cache_Suspend_ICache = 0x40000724)
                0x40000728                        PROVIDE (Cache_Resume_ICache = 0x40000728)
                0x4000072c                        PROVIDE (Cache_Freeze_ICache_Enable = 0x4000072c)
                0x40000730                        PROVIDE (Cache_Freeze_ICache_Disable = 0x40000730)
                [!provide]                        PROVIDE (Cache_Set_IDROM_MMU_Size = 0x40000734)
                [!provide]                        PROVIDE (Cache_Get_IROM_MMU_End = 0x40000738)
                [!provide]                        PROVIDE (Cache_Get_DROM_MMU_End = 0x4000073c)
                [!provide]                        PROVIDE (Cache_Owner_Init = 0x40000740)
                [!provide]                        PROVIDE (Cache_Occupy_ICache_MEMORY = 0x40000744)
                [!provide]                        PROVIDE (Cache_MMU_Init = 0x40000748)
                [!provide]                        PROVIDE (Cache_Ibus_MMU_Set = 0x4000074c)
                [!provide]                        PROVIDE (Cache_Dbus_MMU_Set = 0x40000750)
                [!provide]                        PROVIDE (Cache_Count_Flash_Pages = 0x40000754)
                [!provide]                        PROVIDE (Cache_Travel_Tag_Memory = 0x40000758)
                [!provide]                        PROVIDE (Cache_Get_Virtual_Addr = 0x4000075c)
                [!provide]                        PROVIDE (Cache_Get_Memory_BaseAddr = 0x40000760)
                [!provide]                        PROVIDE (Cache_Get_Memory_Addr = 0x40000764)
                [!provide]                        PROVIDE (Cache_Get_Memory_value = 0x40000768)
                [!provide]                        PROVIDE (rom_cache_op_cb = 0x3fcdffd0)
                [!provide]                        PROVIDE (rom_cache_internal_table_ptr = 0x3fcdffcc)
                0x4000076c                        ets_get_apb_freq = 0x4000076c
                0x40000770                        ets_get_cpu_frequency = 0x40000770
                0x40000774                        ets_update_cpu_frequency = 0x40000774
                0x40000778                        ets_get_printf_channel = 0x40000778
                0x4000077c                        ets_get_xtal_div = 0x4000077c
                0x40000780                        ets_set_xtal_div = 0x40000780
                0x40000784                        ets_get_xtal_freq = 0x40000784
                0x40000788                        gpio_input_get = 0x40000788
                0x4000078c                        gpio_matrix_in = 0x4000078c
                0x40000790                        gpio_matrix_out = 0x40000790
                0x4000079c                        gpio_output_set = 0x4000079c
                0x400007a0                        gpio_pad_hold = 0x400007a0
                0x400007a4                        gpio_pad_input_disable = 0x400007a4
                0x400007a8                        gpio_pad_input_enable = 0x400007a8
                0x400007ac                        gpio_pad_pulldown = 0x400007ac
                0x400007b0                        gpio_pad_pullup = 0x400007b0
                0x400007b4                        gpio_pad_select_gpio = 0x400007b4
                0x400007b8                        gpio_pad_set_drv = 0x400007b8
                0x400007bc                        gpio_pad_unhold = 0x400007bc
                0x400007c0                        gpio_pin_wakeup_disable = 0x400007c0
                0x400007c4                        gpio_pin_wakeup_enable = 0x400007c4
                0x400007c8                        gpio_bypass_matrix_in = 0x400007c8
                0x400007cc                        esprv_intc_int_set_priority = 0x400007cc
                0x400007d0                        esprv_intc_int_set_threshold = 0x400007d0
                0x400007d4                        esprv_intc_int_enable = 0x400007d4
                0x400007d8                        esprv_intc_int_disable = 0x400007d8
                0x400007dc                        esprv_intc_int_set_type = 0x400007dc
                [!provide]                        PROVIDE (intr_handler_set = 0x400007e0)
                0x400007e4                        intr_matrix_set = 0x400007e4
                0x400007e8                        ets_intr_lock = 0x400007e8
                0x400007ec                        ets_intr_unlock = 0x400007ec
                0x400007f0                        ets_isr_attach = 0x400007f0
                0x400007f4                        ets_isr_mask = 0x400007f4
                0x400007f8                        ets_isr_unmask = 0x400007f8
                0x400007fc                        crc32_le = 0x400007fc
                0x40000800                        crc16_le = 0x40000800
                0x40000804                        crc8_le = 0x40000804
                0x40000808                        crc32_be = 0x40000808
                0x4000080c                        crc16_be = 0x4000080c
                0x40000810                        crc8_be = 0x40000810
                0x40000814                        esp_crc8 = 0x40000814
                0x40000818                        ets_sha_enable = 0x40000818
                0x4000081c                        ets_sha_disable = 0x4000081c
                0x40000820                        ets_sha_get_state = 0x40000820
                0x40000824                        ets_sha_init = 0x40000824
                0x40000828                        ets_sha_process = 0x40000828
                0x4000082c                        ets_sha_starts = 0x4000082c
                0x40000830                        ets_sha_update = 0x40000830
                0x40000834                        ets_sha_finish = 0x40000834
                0x40000838                        ets_sha_clone = 0x40000838
                0x3ff4fff8                        crc32_le_table_ptr = 0x3ff4fff8
                0x3ff4fff4                        crc16_le_table_ptr = 0x3ff4fff4
                0x3ff4fff0                        crc8_le_table_ptr = 0x3ff4fff0
                0x3ff4ffec                        crc32_be_table_ptr = 0x3ff4ffec
                0x3ff4ffe8                        crc16_be_table_ptr = 0x3ff4ffe8
                0x3ff4ffe4                        crc8_be_table_ptr = 0x3ff4ffe4
                0x4000083c                        ets_efuse_read = 0x4000083c
                0x40000840                        ets_efuse_program = 0x40000840
                0x40000844                        ets_efuse_clear_program_registers = 0x40000844
                0x40000848                        ets_efuse_write_key = 0x40000848
                0x4000084c                        ets_efuse_get_read_register_address = 0x4000084c
                0x40000850                        ets_efuse_get_key_purpose = 0x40000850
                0x40000854                        ets_efuse_key_block_unused = 0x40000854
                0x40000858                        ets_efuse_find_unused_key_block = 0x40000858
                0x4000085c                        ets_efuse_rs_calculate = 0x4000085c
                0x40000860                        ets_efuse_count_unused_key_blocks = 0x40000860
                0x40000864                        ets_efuse_secure_boot_enabled = 0x40000864
                0x40000868                        ets_efuse_secure_boot_aggressive_revoke_enabled = 0x40000868
                0x4000086c                        ets_efuse_cache_encryption_enabled = 0x4000086c
                0x40000870                        ets_efuse_download_modes_disabled = 0x40000870
                0x40000874                        ets_efuse_find_purpose = 0x40000874
                0x40000878                        ets_efuse_force_send_resume = 0x40000878
                0x4000087c                        ets_efuse_get_flash_delay_us = 0x4000087c
                0x40000880                        ets_efuse_get_mac = 0x40000880
                0x40000884                        ets_efuse_get_uart_print_control = 0x40000884
                0x40000888                        ets_efuse_direct_boot_mode_disabled = 0x40000888
                0x4000088c                        ets_efuse_security_download_modes_enabled = 0x4000088c
                0x40000890                        ets_efuse_set_timing = 0x40000890
                0x40000894                        ets_efuse_jtag_disabled = 0x40000894
                0x40000898                        ets_ecdsa_verify = 0x40000898
                0x4000089c                        ets_secure_boot_verify_bootloader_with_keys = 0x4000089c
                0x400008a0                        ets_secure_boot_verify_signature = 0x400008a0
                0x400008a4                        ets_secure_boot_read_key_digests = 0x400008a4
                0x3fcdffc9                        g_uart_print = 0x3fcdffc9
                0x3fcdffc8                        g_usb_print = 0x3fcdffc8
                0x40001ad4                        esp_pp_rom_version_get = 0x40001ad4
                0x40001ad8                        RC_GetBlockAckTime = 0x40001ad8
                0x40001adc                        ebuf_list_remove = 0x40001adc
                0x40001aec                        GetAccess = 0x40001aec
                0x40001af0                        hal_mac_is_low_rate_enabled = 0x40001af0
                0x40001af4                        hal_mac_tx_get_blockack = 0x40001af4
                0x40001afc                        ic_get_trc = 0x40001afc
                0x40001b08                        ic_interface_enabled = 0x40001b08
                0x40001b0c                        is_lmac_idle = 0x40001b0c
                0x40001b14                        lmacDiscardAgedMSDU = 0x40001b14
                0x40001b20                        lmacIsIdle = 0x40001b20
                0x40001b24                        lmacIsLongFrame = 0x40001b24
                0x40001b2c                        lmacPostTxComplete = 0x40001b2c
                0x40001b30                        lmacProcessAllTxTimeout = 0x40001b30
                0x40001b34                        lmacProcessCollisions = 0x40001b34
                0x40001b38                        lmacProcessRxSucData = 0x40001b38
                0x40001b3c                        lmacReachLongLimit = 0x40001b3c
                0x40001b40                        lmacReachShortLimit = 0x40001b40
                0x40001b44                        lmacRecycleMPDU = 0x40001b44
                0x40001b48                        lmacRxDone = 0x40001b48
                0x40001b50                        lmacTxDone = 0x40001b50
                0x40001b58                        mac_tx_set_duration = 0x40001b58
                0x40001b5c                        mac_tx_set_htsig = 0x40001b5c
                0x40001b60                        mac_tx_set_plcp0 = 0x40001b60
                0x40001b64                        mac_tx_set_plcp1 = 0x40001b64
                0x40001b68                        mac_tx_set_plcp2 = 0x40001b68
                0x40001b70                        pm_disable_dream_timer = 0x40001b70
                0x40001b74                        pm_disable_sleep_delay_timer = 0x40001b74
                0x40001b7c                        pm_mac_wakeup = 0x40001b7c
                0x40001b80                        pm_mac_sleep = 0x40001b80
                0x40001b84                        pm_enable_active_timer = 0x40001b84
                0x40001b88                        pm_enable_sleep_delay_timer = 0x40001b88
                0x40001b8c                        pm_local_tsf_process = 0x40001b8c
                0x40001b90                        //pm_set_beacon_filter = 0x40001b90
                0x40001b98                        pm_is_waked = 0x40001b98
                0x40001ba4                        pm_on_data_rx = 0x40001ba4
                0x40001ba8                        pm_on_tbtt = 0x40001ba8
                0x40001bc0                        pm_sleep_for = 0x40001bc0
                0x40001bc8                        ppAMPDU2Normal = 0x40001bc8
                0x40001bd0                        ppCalFrameTimes = 0x40001bd0
                0x40001bd4                        ppCalSubFrameLength = 0x40001bd4
                0x40001bdc                        ppCheckTxAMPDUlength = 0x40001bdc
                0x40001be0                        ppDequeueRxq_Locked = 0x40001be0
                0x40001be4                        ppDequeueTxQ = 0x40001be4
                0x40001be8                        ppEmptyDelimiterLength = 0x40001be8
                0x40001bec                        ppEnqueueRxq = 0x40001bec
                0x40001bf0                        ppEnqueueTxDone = 0x40001bf0
                0x40001bf4                        ppGetTxQFirstAvail_Locked = 0x40001bf4
                0x40001bf8                        ppGetTxframe = 0x40001bf8
                0x40001c00                        ppProcTxSecFrame = 0x40001c00
                0x40001c04                        ppProcessRxPktHdr = 0x40001c04
                0x40001c0c                        ppRecordBarRRC = 0x40001c0c
                0x40001c10                        lmacRequestTxopQueue = 0x40001c10
                0x40001c14                        lmacReleaseTxopQueue = 0x40001c14
                0x40001c18                        ppRecycleAmpdu = 0x40001c18
                0x40001c1c                        ppRecycleRxPkt = 0x40001c1c
                0x40001c20                        ppResortTxAMPDU = 0x40001c20
                0x40001c24                        ppResumeTxAMPDU = 0x40001c24
                0x40001c34                        ppSearchTxQueue = 0x40001c34
                0x40001c38                        ppSearchTxframe = 0x40001c38
                0x40001c3c                        ppSelectNextQueue = 0x40001c3c
                0x40001c40                        ppSubFromAMPDU = 0x40001c40
                0x40001c44                        ppTask = 0x40001c44
                0x40001c48                        ppTxPkt = 0x40001c48
                0x40001c4c                        ppTxProtoProc = 0x40001c4c
                0x40001c50                        ppTxqUpdateBitmap = 0x40001c50
                0x40001c58                        pp_hdrsize = 0x40001c58
                0x40001c5c                        pp_post = 0x40001c5c
                0x40001c60                        pp_process_hmac_waiting_txq = 0x40001c60
                0x40001c64                        rcGetAmpduSched = 0x40001c64
                0x40001c68                        rcUpdateRxDone = 0x40001c68
                0x40001c6c                        rc_get_trc = 0x40001c6c
                0x40001c70                        rc_get_trc_by_index = 0x40001c70
                0x40001c74                        rcAmpduLowerRate = 0x40001c74
                0x40001c78                        rcampduuprate = 0x40001c78
                0x40001c7c                        rcClearCurAMPDUSched = 0x40001c7c
                0x40001c80                        rcClearCurSched = 0x40001c80
                0x40001c84                        rcClearCurStat = 0x40001c84
                0x40001c8c                        rcLowerSched = 0x40001c8c
                0x40001c90                        rcSetTxAmpduLimit = 0x40001c90
                0x40001c98                        rcUpdateAckSnr = 0x40001c98
                0x40001ca8                        rcUpSched = 0x40001ca8
                0x40001cac                        rssi_margin = 0x40001cac
                0x40001cb0                        rx11NRate2AMPDULimit = 0x40001cb0
                0x40001cb4                        TRC_AMPDU_PER_DOWN_THRESHOLD = 0x40001cb4
                0x40001cb8                        TRC_AMPDU_PER_UP_THRESHOLD = 0x40001cb8
                0x40001cbc                        trc_calc_duration = 0x40001cbc
                0x40001cc0                        trc_isTxAmpduOperational = 0x40001cc0
                0x40001cc4                        trc_onAmpduOp = 0x40001cc4
                0x40001cc8                        TRC_PER_IS_GOOD = 0x40001cc8
                0x40001ccc                        trc_SetTxAmpduState = 0x40001ccc
                0x40001cd0                        trc_tid_isTxAmpduOperational = 0x40001cd0
                0x40001cd4                        trcAmpduSetState = 0x40001cd4
                0x40001cd8                        wDevCheckBlockError = 0x40001cd8
                0x40001ce0                        wDev_DiscardFrame = 0x40001ce0
                0x40001ce4                        wDev_GetNoiseFloor = 0x40001ce4
                0x40001ce8                        wDev_IndicateAmpdu = 0x40001ce8
                0x40001cf0                        wdev_mac_reg_load = 0x40001cf0
                0x40001cf4                        wdev_mac_reg_store = 0x40001cf4
                0x40001cf8                        wdev_mac_special_reg_load = 0x40001cf8
                0x40001cfc                        wdev_mac_special_reg_store = 0x40001cfc
                0x40001d00                        wdev_mac_wakeup = 0x40001d00
                0x40001d04                        wdev_mac_sleep = 0x40001d04
                0x40001d10                        wdevProcessRxSucDataAll = 0x40001d10
                0x40001d14                        wdev_csi_len_align = 0x40001d14
                0x40001d18                        ppDequeueTxDone_Locked = 0x40001d18
                0x40001d24                        config_is_cache_tx_buf_enabled = 0x40001d24
                0x40001d28                        //ppMapWaitTxq = 0x40001d28
                0x40001d2c                        ppProcessWaitingQueue = 0x40001d2c
                0x40001d30                        ppDisableQueue = 0x40001d30
                0x40001d34                        pm_allow_tx = 0x40001d34
                0x40001d38                        wdev_is_data_in_rxlist = 0x40001d38
                0x40001d3c                        ppProcTxCallback = 0x40001d3c
                0x40001d40                        pm_is_open = 0x40001d40
                0x40001d44                        pm_wake_up = 0x40001d44
                0x40001d48                        pm_wake_done = 0x40001d48
                0x40001d4c                        pm_disable_disconnected_sleep_delay_timer = 0x40001d4c
                0x40001d50                        pm_enable_disconnected_sleep_delay_timer = 0x40001d50
                0x40001d54                        hal_mac_get_txq_state = 0x40001d54
                0x40001d58                        hal_mac_clr_txq_state = 0x40001d58
                0x40001d5c                        hal_mac_tx_set_cca = 0x40001d5c
                0x40001d60                        hal_mac_set_txq_invalid = 0x40001d60
                0x40001d64                        hal_mac_txq_disable = 0x40001d64
                0x40001d68                        hal_mac_is_txq_enabled = 0x40001d68
                0x40001d6c                        hal_mac_get_txq_pmd = 0x40001d6c
                0x40001d80                        lmacProcessCollision = 0x40001d80
                0x40001d84                        lmacProcessTxRtsError = 0x40001d84
                0x40001d88                        lmacProcessCtsTimeout = 0x40001d88
                0x40001d90                        lmacProcessAckTimeout = 0x40001d90
                0x40001d94                        lmacProcessTxError = 0x40001d94
                0x40001d98                        lmacProcessTxseckiderr = 0x40001d98
                0x40001d9c                        rcReachRetryLimit = 0x40001d9c
                0x40001da0                        lmacProcessShortRetryFail = 0x40001da0
                0x40001da4                        lmacEndRetryAMPDUFail = 0x40001da4
                0x40001da8                        ppFillAMPDUBar = 0x40001da8
                0x40001dac                        rcGetRate = 0x40001dac
                0x40001db0                        ppReSendBar = 0x40001db0
                0x40001db4                        lmacProcessLongRetryFail = 0x40001db4
                0x40001db8                        lmacRetryTxFrame = 0x40001db8
                0x40001dbc                        lmacProcessCollisions_task = 0x40001dbc
                0x40001dc4                        lmacInitAc = 0x40001dc4
                0x40001dcc                        mac_tx_set_txop_q = 0x40001dcc
                0x40001dd4                        hal_mac_rx_set_policy = 0x40001dd4
                0x40001dd8                        hal_mac_set_bssid = 0x40001dd8
                0x40001ddc                        mac_rx_policy_init = 0x40001ddc
                0x40001de4                        mac_rxbuf_init = 0x40001de4
                0x40001de8                        mac_last_rxbuf_init = 0x40001de8
                0x40001dec                        hal_attenna_init = 0x40001dec
                0x40001df0                        hal_timer_update_by_rtc = 0x40001df0
                0x40001df4                        hal_coex_pti_init = 0x40001df4
                0x40001dfc                        ppDirectRecycleAmpdu = 0x40001dfc
                0x40001e00                        esp_wifi_internal_set_rts = 0x40001e00
                0x40001e04                        esp_wifi_internal_get_rts = 0x40001e04
                0x40001e10                        hal_agreement_add_rx_ba = 0x40001e10
                0x40001e14                        hal_agreement_del_rx_ba = 0x40001e14
                0x40001e1c                        hal_crypto_get_key_entry = 0x40001e1c
                0x40001e20                        hal_crypto_clr_key_entry = 0x40001e20
                0x40001e24                        config_get_wifi_task_stack_size = 0x40001e24
                0x40001e28                        pp_create_task = 0x40001e28
                0x40001e2c                        hal_set_sta_tsf_wakeup = 0x40001e2c
                0x40001e30                        hal_set_rx_beacon_pti = 0x40001e30
                0x40001e3c                        hal_disable_sta_tbtt = 0x40001e3c
                0x40001e40                        ppCalTxopDur = 0x40001e40
                0x40001e44                        wDev_IndicateCtrlFrame = 0x40001e44
                0x40001e48                        hal_enable_sta_tbtt = 0x40001e48
                0x40001e58                        wDev_Rxbuf_Init = 0x40001e58
                0x40001e5c                        wDev_Rxbuf_Deinit = 0x40001e5c
                0x40001e60                        ppCalTkipMic = 0x40001e60
                0x40001e64                        wDev_SnifferRxData = 0x40001e64
                0x40001e68                        hal_crypto_enable = 0x40001e68
                0x40001e6c                        hal_crypto_disable = 0x40001e6c
                0x40001e70                        wDev_Insert_KeyEntry = 0x40001e70
                0x40001e74                        wDev_remove_KeyEntry = 0x40001e74
                0x40001e78                        rc_enable_trc = 0x40001e78
                0x40001e7c                        rc_set_per_conn_fix_rate = 0x40001e7c
                0x40001e80                        wdev_csi_rx_process = 0x40001e80
                0x40001e84                        wDev_SnifferRxAmpdu = 0x40001e84
                0x40001e88                        hal_mac_tsf_reset = 0x40001e88
                0x40001e8c                        dbg_lmac_statis_dump = 0x40001e8c
                0x40001e90                        dbg_lmac_rxtx_statis_dump = 0x40001e90
                0x40001e94                        dbg_lmac_hw_statis_dump = 0x40001e94
                0x40001e98                        dbg_lmac_diag_statis_dump = 0x40001e98
                0x40001e9c                        dbg_lmac_ps_statis_dump = 0x40001e9c
                0x40001ea4                        rcUpdateAMPDUParam = 0x40001ea4
                0x40001ea8                        rcUpdatePhyMode = 0x40001ea8
                0x40001eac                        rcGetHighestRateIdx = 0x40001eac
                0x40001eb0                        //pm_tx_null_data_done_process = 0x40001eb0
                0x40001eb4                        //pm_tx_data_process = 0x40001eb4
                0x40001ec0                        ppInitTxq = 0x40001ec0
                0x40001ec4                        pp_attach = 0x40001ec4
                0x40001ec8                        pp_deattach = 0x40001ec8
                0x40001ecc                        //pm_on_probe_resp_rx = 0x40001ecc
                0x40001ed0                        hal_set_sta_tsf = 0x40001ed0
                0x40001ed4                        ic_update_sta_tsf = 0x40001ed4
                0x40001ed8                        ic_tx_pkt = 0x40001ed8
                0x40001edc                        //pm_send_probe_stop = 0x40001edc
                0x40001ee0                        pm_send_probe_start = 0x40001ee0
                0x40001ee4                        pm_on_coex_schm_process_restart = 0x40001ee4
                0x40001ee8                        hal_mac_set_rxq_policy = 0x40001ee8
                0x40001eec                        hal_sniffer_enable = 0x40001eec
                0x40001ef0                        hal_sniffer_disable = 0x40001ef0
                0x40001ef8                        hal_sniffer_rx_clr_statistics = 0x40001ef8
                0x40001f00                        tsf_hal_set_tsf_enable = 0x40001f00
                0x40001f04                        tsf_hal_set_tsf_disable = 0x40001f04
                0x40001f08                        tsf_hal_is_tsf_enabled = 0x40001f08
                0x40001f0c                        tsf_hal_set_modem_wakeup_early_time = 0x40001f0c
                0x40001f10                        tsf_hal_get_counter_value = 0x40001f10
                0x40001f14                        tsf_hal_set_counter_value = 0x40001f14
                0x40001f18                        tsf_hal_get_time = 0x40001f18
                0x40001f1c                        tsf_hal_set_time = 0x40001f1c
                0x40001f20                        tsf_hal_set_tbtt_enable = 0x40001f20
                0x40001f24                        tsf_hal_set_tbtt_disable = 0x40001f24
                0x40001f28                        tsf_hal_set_tbtt_intr_enable = 0x40001f28
                0x40001f2c                        tsf_hal_set_tbtt_intr_disable = 0x40001f2c
                0x40001f30                        tsf_hal_set_tbtt_soc_wakeup_enable = 0x40001f30
                0x40001f34                        tsf_hal_set_tbtt_soc_wakeup_disable = 0x40001f34
                0x40001f3c                        tsf_hal_set_tbtt_early_time = 0x40001f3c
                0x40001f40                        tsf_hal_set_tbtt_interval = 0x40001f40
                0x40001f44                        tsf_hal_get_tbtt_interval = 0x40001f44
                0x40001f48                        tsf_hal_set_timer_enable = 0x40001f48
                0x40001f4c                        tsf_hal_set_timer_disable = 0x40001f4c
                0x40001f50                        tsf_hal_set_timer_target = 0x40001f50
                0x40001f54                        tsf_hal_get_timer_target = 0x40001f54
                0x40001f58                        tsf_hal_set_timer_intr_enable = 0x40001f58
                0x40001f5c                        tsf_hal_set_timer_intr_disable = 0x40001f5c
                0x40001f60                        tsf_hal_set_timer_soc_wakeup_enable = 0x40001f60
                0x40001f64                        tsf_hal_set_timer_soc_wakeup_disable = 0x40001f64
                0x40001f68                        pm_disconnected_wake = 0x40001f68
                0x40001f6c                        pm_get_connectionless_status = 0x40001f6c
                0x40001f70                        pm_update_by_connectionless_status = 0x40001f70
                0x40001f74                        pm_connectionless_wake_interval_timeout_process = 0x40001f74
                0x40001f78                        pm_connectionless_wake_window_timeout_process = 0x40001f78
                0x3ff4fbbc                        our_instances_ptr = 0x3ff4fbbc
                0x3fcdfdec                        pTxRx = 0x3fcdfdec
                0x3fcdfde8                        lmacConfMib_ptr = 0x3fcdfde8
                0x3fcdfde4                        our_wait_eb = 0x3fcdfde4
                0x3fcdfde0                        our_tx_eb = 0x3fcdfde0
                0x3fcdfddc                        pp_wdev_funcs = 0x3fcdfddc
                0x3fcdfdd8                        g_osi_funcs_p = 0x3fcdfdd8
                0x3fcdfdd4                        wDevCtrl_ptr = 0x3fcdfdd4
                0x3ff4fbb8                        g_wdev_last_desc_reset_ptr = 0x3ff4fbb8
                0x3fcdfdd0                        wDevMacSleep_ptr = 0x3fcdfdd0
                0x3fcdfdcc                        g_lmac_cnt_ptr = 0x3fcdfdcc
                0x3ff4fbb4                        our_controls_ptr = 0x3ff4fbb4
                0x3fcdfdc8                        pp_sig_cnt_ptr = 0x3fcdfdc8
                0x3fcdfdc4                        g_eb_list_desc_ptr = 0x3fcdfdc4
                0x3fcdfdc0                        s_fragment_ptr = 0x3fcdfdc0
                0x3fcdfdbc                        if_ctrl_ptr = 0x3fcdfdbc
                0x3fcdfdb8                        g_intr_lock_mux = 0x3fcdfdb8
                0x3fcdfdb4                        g_wifi_global_lock = 0x3fcdfdb4
                0x3fcdfdb0                        s_wifi_queue = 0x3fcdfdb0
                0x3fcdfdac                        pp_task_hdl = 0x3fcdfdac
                0x3fcdfda8                        s_pp_task_create_sem = 0x3fcdfda8
                0x3fcdfda4                        s_pp_task_del_sem = 0x3fcdfda4
                0x3fcdfda0                        g_wifi_menuconfig_ptr = 0x3fcdfda0
                0x3fcdfd9c                        xphyQueue = 0x3fcdfd9c
                0x3fcdfd98                        ap_no_lr_ptr = 0x3fcdfd98
                0x3fcdfd94                        rc11BSchedTbl_ptr = 0x3fcdfd94
                0x3fcdfd90                        rc11NSchedTbl_ptr = 0x3fcdfd90
                0x3fcdfd8c                        rcLoRaSchedTbl_ptr = 0x3fcdfd8c
                0x3fcdfd88                        BasicOFDMSched_ptr = 0x3fcdfd88
                0x3fcdfd84                        trc_ctl_ptr = 0x3fcdfd84
                0x3fcdfd80                        g_pm_cnt_ptr = 0x3fcdfd80
                0x3fcdfd7c                        g_pm_ptr = 0x3fcdfd7c
                0x3fcdfd78                        g_pm_cfg_ptr = 0x3fcdfd78
                0x3fcdfd74                        g_esp_mesh_quick_funcs_ptr = 0x3fcdfd74
                0x3fcdfd70                        g_txop_queue_status_ptr = 0x3fcdfd70
                0x3fcdfd6c                        g_mac_sleep_en_ptr = 0x3fcdfd6c
                0x3fcdfd68                        g_mesh_is_root_ptr = 0x3fcdfd68
                0x3fcdfd64                        g_mesh_topology_ptr = 0x3fcdfd64
                0x3fcdfd60                        g_mesh_init_ps_type_ptr = 0x3fcdfd60
                0x3fcdfd5c                        g_mesh_is_started_ptr = 0x3fcdfd5c
                0x3fcdfd58                        g_config_func = 0x3fcdfd58
                0x3fcdfd54                        g_net80211_tx_func = 0x3fcdfd54
                0x3fcdfd50                        g_timer_func = 0x3fcdfd50
                0x3fcdfd4c                        s_michael_mic_failure_cb = 0x3fcdfd4c
                0x3fcdfd48                        wifi_sta_rx_probe_req = 0x3fcdfd48
                0x3fcdfd44                        g_tx_done_cb_func = 0x3fcdfd44
                0x3fcdfd28                        g_per_conn_trc = 0x3fcdfd28
                0x3fcdfd24                        s_encap_amsdu_func = 0x3fcdfd24
                0x3fcdfc84                        bars = 0x3fcdfc84
                0x3fcdfbf4                        eb_txdesc_space = 0x3fcdfbf4
                0x3fcdfb54                        eb_space = 0x3fcdfb54
                0x3fcdfb50                        g_pd_mac_in_light_sleep = 0x3fcdfb50
                0x3fcdfb4c                        s_fix_rate_mask = 0x3fcdfb4c
                0x3fcdfb44                        s_fix_rate = 0x3fcdfb44
                0x3fcdfb40                        g_wdev_csi_rx = 0x3fcdfb40
                0x3fcdfb3c                        g_wdev_csi_rx_ctx = 0x3fcdfb3c
                0x3fcdfb38                        BcnSendTick = 0x3fcdfb38
                0x3fcdfb34                        g_pp_timer_info_ptr = 0x3fcdfb34
                0x3fcdfb30                        rcP2P11NSchedTbl_ptr = 0x3fcdfb30
                0x3fcdfb2c                        rcP2P11GSchedTbl_ptr = 0x3fcdfb2c
                0x3fcdfb28                        rc11GSchedTbl_ptr = 0x3fcdfb28
                0x40001f7c                        esp_net80211_rom_version_get = 0x40001f7c
                0x40001f80                        ampdu_dispatch = 0x40001f80
                0x40001f84                        ampdu_dispatch_all = 0x40001f84
                0x40001f88                        ampdu_dispatch_as_many_as_possible = 0x40001f88
                0x40001f8c                        ampdu_dispatch_movement = 0x40001f8c
                0x40001f90                        ampdu_dispatch_upto = 0x40001f90
                0x40001f94                        chm_is_at_home_channel = 0x40001f94
                0x40001f98                        cnx_node_is_existing = 0x40001f98
                0x40001f9c                        cnx_node_search = 0x40001f9c
                0x40001fa0                        ic_ebuf_recycle_rx = 0x40001fa0
                0x40001fa4                        ic_ebuf_recycle_tx = 0x40001fa4
                0x40001fa8                        ic_reset_rx_ba = 0x40001fa8
                0x40001fac                        ieee80211_align_eb = 0x40001fac
                0x40001fb4                        ieee80211_ampdu_start_age_timer = 0x40001fb4
                0x40001fbc                        ieee80211_is_tx_allowed = 0x40001fbc
                0x40001fc0                        ieee80211_output_pending_eb = 0x40001fc0
                0x40001fc8                        ieee80211_set_tx_desc = 0x40001fc8
                0x40001fd0                        wifi_get_macaddr = 0x40001fd0
                0x40001fd4                        wifi_rf_phy_disable = 0x40001fd4
                0x40001fd8                        wifi_rf_phy_enable = 0x40001fd8
                0x40001fdc                        ic_ebuf_alloc = 0x40001fdc
                0x40001fe4                        ieee80211_copy_eb_header = 0x40001fe4
                0x40001fe8                        ieee80211_recycle_cache_eb = 0x40001fe8
                0x40001fec                        ieee80211_search_node = 0x40001fec
                0x40001ff0                        roundup2 = 0x40001ff0
                0x40001ff4                        ieee80211_crypto_encap = 0x40001ff4
                0x40001ffc                        ieee80211_decap = 0x40001ffc
                0x40002000                        ieee80211_set_tx_pti = 0x40002000
                0x40002004                        wifi_is_started = 0x40002004
                0x40002008                        ieee80211_gettid = 0x40002008
                0x40002014                        ccmp_encap = 0x40002014
                0x40002018                        ccmp_decap = 0x40002018
                0x4000201c                        tkip_encap = 0x4000201c
                0x40002020                        tkip_decap = 0x40002020
                0x40002024                        wep_encap = 0x40002024
                0x40002028                        wep_decap = 0x40002028
                0x4000202c                        dbg_hmac_rxtx_statis_dump = 0x4000202c
                0x40002030                        dbg_hmac_statis_dump = 0x40002030
                0x4000204c                        ieee80211_vnd_ie_size = 0x4000204c
                0x40002050                        ieee80211_add_ssid = 0x40002050
                0x40002054                        ieee80211_add_rates = 0x40002054
                0x4000205c                        ieee80211_is_ht_cipher = 0x4000205c
                0x40002068                        ieee80211_setup_lr_rates = 0x40002068
                0x4000206c                        ieee80211_ht_node_init = 0x4000206c
                0x40002074                        ieee80211_setup_rates = 0x40002074
                0x40002078                        ieee80211_is_lr_only = 0x40002078
                0x4000207c                        ieee80211_setup_phy_mode = 0x4000207c
                0x40002080                        ieee80211_sta_is_connected = 0x40002080
                0x40002084                        current_task_is_wifi_task = 0x40002084
                0x40002088                        wifi_get_init_state = 0x40002088
                0x40002098                        ieee80211_send_setup = 0x40002098
                0x4000209c                        //ieee80211_send_probereq = 0x4000209c
                0x400020a4                        sta_auth_shared = 0x400020a4
                0x400020b0                        ieee80211_alloc_challenge = 0x400020b0
                0x400020b4                        cnx_assoc_timeout = 0x400020b4
                0x400020b8                        ieee80211_vnd_ie_set = 0x400020b8
                0x400020bc                        ieee80211_vnd_lora_ie_set = 0x400020bc
                0x400020c0                        ieee80211_add_wme_param = 0x400020c0
                0x400020c8                        ieee80211_add_csa = 0x400020c8
                0x400020d0                        ieee80211_regdomain_get_country = 0x400020d0
                0x400020d4                        ieee80211_add_countryie = 0x400020d4
                0x400020dc                        ieee80211_amsdu_adjust_head = 0x400020dc
                0x400020e0                        ieee80211_amsdu_adjust_last_length = 0x400020e0
                0x400020e4                        ieee80211_amsdu_send_check = 0x400020e4
                0x400020e8                        ieee80211_amsdu_encap_check = 0x400020e8
                0x400020ec                        ieee80211_amsdu_length_check = 0x400020ec
                0x400020f0                        ieee80211_encap_amsdu = 0x400020f0
                0x400020f4                        ieee80211_output_raw_process = 0x400020f4
                0x400020fc                        ieee80211_raw_frame_sanity_check = 0x400020fc
                0x40002100                        //ieee80211_crypto_aes_128_cmac_encrypt = 0x40002100
                0x40002108                        ieee80211_alloc_tx_buf = 0x40002108
                0x4000211c                        ieee80211_encap_null_data = 0x4000211c
                0x40002124                        ieee80211_alloc_deauth = 0x40002124
                0x40002128                        ieee80211_send_proberesp = 0x40002128
                0x40002130                        ieee80211_getcapinfo = 0x40002130
                0x4000214c                        ieee80211_set_max_rate = 0x4000214c
                0x40002150                        ic_set_sta = 0x40002150
                0x40002158                        //ieee80211_parse_wpa = 0x40002158
                0x40002160                        ieee80211_add_assoc_req_ies = 0x40002160
                0x40002164                        ieee80211_add_probe_req_ies = 0x40002164
                0x3fcdfb24                        net80211_funcs = 0x3fcdfb24
                0x3fcdfb20                        g_scan = 0x3fcdfb20
                0x3fcdfb1c                        g_chm = 0x3fcdfb1c
                0x3fcdfb18                        g_ic_ptr = 0x3fcdfb18
                0x3fcdfaf4                        g_hmac_cnt_ptr = 0x3fcdfaf4
                0x3fcdfb14                        g_tx_cacheq_ptr = 0x3fcdfb14
                0x3fcdfb10                        s_netstack_free = 0x3fcdfb10
                0x3fcdfb0c                        mesh_rxcb = 0x3fcdfb0c
                0x3fcdfb08                        sta_rxcb = 0x3fcdfb08
                0x3fcdfb04                        ccmp_ptr = 0x3fcdfb04
                0x3fcdfb00                        s_wifi_nvs_ptr = 0x3fcdfb00
                0x3fcdfafc                        tkip_ptr = 0x3fcdfafc
                0x3fcdfaf8                        wep_ptr = 0x3fcdfaf8
                0x3fcdfaf4                        g_hmac_cnt_ptr = 0x3fcdfaf4
                0x3fcdfaf0                        g_misc_nvs = 0x3fcdfaf0
                0x3fcdfac0                        s_wifi_init_state = 0x3fcdfac0
                0x3fcdfaec                        s_wifi_task_hdl = 0x3fcdfaec
                0x3fcdfae8                        in_rssi_adjust = 0x3fcdfae8
                0x3fcdfae0                        rssi_saved = 0x3fcdfae0
                0x3fcdfadc                        rssi_index = 0x3fcdfadc
                0x3fcdfad4                        g_sta_connected_flag = 0x3fcdfad4
                0x3fcdfad0                        wpa_crypto_funcs_ptr = 0x3fcdfad0
                0x3fcdfacc                        s_netstack_ref = 0x3fcdfacc
                0x3fcdfac8                        sta_csa_timer_ptr = 0x3fcdfac8
                0x40002168                        esp_coex_rom_version_get = 0x40002168
                0x4000216c                        coex_bt_release = 0x4000216c
                0x40002170                        coex_bt_request = 0x40002170
                0x40002174                        coex_core_ble_conn_dyn_prio_get = 0x40002174
                0x4000217c                        coex_core_pti_get = 0x4000217c
                0x40002180                        coex_core_release = 0x40002180
                0x40002184                        coex_core_request = 0x40002184
                0x40002188                        coex_core_status_get = 0x40002188
                0x40002190                        coex_event_duration_get = 0x40002190
                0x40002194                        coex_hw_timer_disable = 0x40002194
                0x40002198                        coex_hw_timer_enable = 0x40002198
                0x4000219c                        coex_hw_timer_set = 0x4000219c
                0x400021a0                        coex_schm_interval_set = 0x400021a0
                0x400021a4                        coex_schm_lock = 0x400021a4
                0x400021a8                        coex_schm_unlock = 0x400021a8
                0x400021b0                        coex_wifi_release = 0x400021b0
                0x400021b4                        esp_coex_ble_conn_dynamic_prio_get = 0x400021b4
                0x3fcdfabc                        coex_env_ptr = 0x3fcdfabc
                0x3fcdfab8                        coex_pti_tab_ptr = 0x3fcdfab8
                0x3fcdfab4                        coex_schm_env_ptr = 0x3fcdfab4
                0x3fcdfab0                        coexist_funcs = 0x3fcdfab0
                0x3fcdfaac                        g_coa_funcs_p = 0x3fcdfaac
                0x3fcdfaa8                        g_coex_param_ptr = 0x3fcdfaa8
                0x400021bc                        phy_param_addr = 0x400021bc
                0x400021c0                        phy_get_romfuncs = 0x400021c0
                0x400021c4                        chip729_phyrom_version = 0x400021c4
                0x400021c8                        chip729_phyrom_version_num = 0x400021c8
                0x400021cc                        rom_get_rc_dout = 0x400021cc
                0x400021d0                        rc_cal = 0x400021d0
                0x400021d4                        phy_analog_delay_cal = 0x400021d4
                0x400021d8                        phy_rx_rifs_en = 0x400021d8
                0x400021dc                        phy_current_level_set = 0x400021dc
                0x400021e0                        phy_bbpll_en_usb = 0x400021e0
                0x400021e4                        phy_bt_power_track = 0x400021e4
                0x400021ec                        bb_wdt_rst_enable = 0x400021ec
                0x400021f0                        bb_wdt_int_enable = 0x400021f0
                0x400021f4                        bb_wdt_timeout_clear = 0x400021f4
                0x400021f8                        bb_wdt_get_status = 0x400021f8
                0x400021fc                        rom_enter_critical_phy = 0x400021fc
                0x40002200                        rom_exit_critical_phy = 0x40002200
                0x40002204                        rom_bb_bss_cbw40 = 0x40002204
                0x40002208                        rom_set_chan_reg = 0x40002208
                0x4000220c                        abs_temp = 0x4000220c
                0x40002210                        set_chan_cal_interp = 0x40002210
                0x40002214                        loopback_mode_en = 0x40002214
                0x40002218                        get_data_sat = 0x40002218
                0x4000221c                        phy_byte_to_word = 0x4000221c
                0x40002220                        phy_get_rx_freq = 0x40002220
                0x40002224                        i2c_master_reset = 0x40002224
                0x40002228                        chan14_mic_enable = 0x40002228
                0x4000222c                        chan14_mic_cfg = 0x4000222c
                0x40002230                        set_adc_rand = 0x40002230
                0x40002234                        phy_set_most_tpw = 0x40002234
                0x40002238                        phy_get_most_tpw = 0x40002238
                0x4000223c                        esp_tx_state_out = 0x4000223c
                0x40002240                        phy_get_adc_rand = 0x40002240
                0x40002244                        phy_internal_delay = 0x40002244
                0x40002248                        phy_ftm_comp = 0x40002248
                0x4000224c                        phy_11p_set = 0x4000224c
                0x40002250                        phy_freq_mem_backup = 0x40002250
                0x40002254                        ant_dft_cfg = 0x40002254
                0x40002258                        ant_wifitx_cfg = 0x40002258
                0x4000225c                        ant_wifirx_cfg = 0x4000225c
                0x40002260                        ant_bttx_cfg = 0x40002260
                0x40002264                        ant_btrx_cfg = 0x40002264
                0x40002268                        phy_chan_dump_cfg = 0x40002268
                0x4000226c                        phy_enable_low_rate = 0x4000226c
                0x40002270                        phy_disable_low_rate = 0x40002270
                0x40002274                        phy_dig_reg_backup = 0x40002274
                0x40002278                        phy_chan_filt_set = 0x40002278
                0x4000227c                        phy_rx11blr_cfg = 0x4000227c
                0x40002280                        set_cca = 0x40002280
                0x40002284                        set_rx_sense = 0x40002284
                0x40002288                        rx_gain_force = 0x40002288
                0x4000228c                        rom_phy_en_hw_set_freq = 0x4000228c
                0x40002290                        rom_phy_dis_hw_set_freq = 0x40002290
                0x40002294                        wr_rf_freq_mem = 0x40002294
                0x40002298                        freq_i2c_write_set = 0x40002298
                0x4000229c                        write_pll_cap_mem = 0x4000229c
                0x400022a0                        pll_dac_mem_update = 0x400022a0
                0x400022a4                        pll_cap_mem_update = 0x400022a4
                0x400022a8                        get_rf_freq_cap = 0x400022a8
                0x400022ac                        get_rf_freq_init = 0x400022ac
                0x400022b0                        freq_get_i2c_data = 0x400022b0
                0x400022b4                        freq_i2c_data_write = 0x400022b4
                0x400022b8                        set_chan_freq_hw_init = 0x400022b8
                0x400022bc                        set_chan_freq_sw_start = 0x400022bc
                0x400022c0                        rom_get_i2c_read_mask = 0x400022c0
                0x400022c4                        rom_get_i2c_mst0_mask = 0x400022c4
                0x400022c8                        rom_get_i2c_hostid = 0x400022c8
                0x400022cc                        rom_chip_i2c_readReg_org = 0x400022cc
                0x400022d0                        rom_chip_i2c_readReg = 0x400022d0
                0x400022d4                        rom_i2c_paral_set_mst0 = 0x400022d4
                0x400022d8                        rom_i2c_paral_set_read = 0x400022d8
                0x400022dc                        rom_i2c_paral_read = 0x400022dc
                0x400022e0                        rom_i2c_paral_write = 0x400022e0
                0x400022e4                        rom_i2c_paral_write_num = 0x400022e4
                0x400022e8                        rom_i2c_paral_write_mask = 0x400022e8
                0x400022ec                        rom_i2c_readReg = 0x400022ec
                0x400022f0                        rom_chip_i2c_writeReg = 0x400022f0
                0x400022f4                        rom_i2c_writeReg = 0x400022f4
                0x400022f8                        rom_i2c_readReg_Mask = 0x400022f8
                0x400022fc                        rom_i2c_writeReg_Mask = 0x400022fc
                0x40002300                        rom_set_txcap_reg = 0x40002300
                0x40002304                        i2c_sar2_init_code = 0x40002304
                0x40002308                        phy_i2c_init1 = 0x40002308
                0x4000230c                        phy_i2c_init2 = 0x4000230c
                0x40002310                        phy_get_i2c_data = 0x40002310
                0x40002314                        bias_reg_set = 0x40002314
                0x40002318                        i2c_rc_cal_set = 0x40002318
                0x4000231c                        i2c_bbpll_set = 0x4000231c
                0x40002320                        rom_phy_xpd_rf = 0x40002320
                0x40002324                        phy_wakeup_init_rom = 0x40002324
                0x40002328                        register_chipv7_phy_init_param = 0x40002328
                0x4000232c                        phy_reg_init = 0x4000232c
                0x40002330                        phy_close_rf_rom = 0x40002330
                0x40002334                        rom_pbus_force_mode = 0x40002334
                0x40002338                        rom_pbus_rd_addr = 0x40002338
                0x4000233c                        rom_pbus_rd_shift = 0x4000233c
                0x40002340                        rom_pbus_force_test = 0x40002340
                0x40002344                        rom_pbus_rd = 0x40002344
                0x40002348                        rom_pbus_debugmode = 0x40002348
                0x4000234c                        rom_pbus_workmode = 0x4000234c
                0x40002350                        rom_pbus_set_rxgain = 0x40002350
                0x40002354                        rom_pbus_xpd_rx_off = 0x40002354
                0x40002358                        rom_pbus_xpd_rx_on = 0x40002358
                0x4000235c                        rom_pbus_xpd_tx_off = 0x4000235c
                0x40002360                        rom_pbus_xpd_tx_on = 0x40002360
                0x40002364                        rom_pbus_set_dco = 0x40002364
                0x40002368                        rom_set_loopback_gain = 0x40002368
                0x4000236c                        rom_txcal_debuge_mode = 0x4000236c
                0x40002370                        rom_txcal_work_mode = 0x40002370
                0x40002374                        set_pbus_mem = 0x40002374
                0x40002378                        rom_pwdet_sar2_init = 0x40002378
                0x4000237c                        rom_en_pwdet = 0x4000237c
                0x40002380                        rom_get_sar_sig_ref = 0x40002380
                0x40002384                        rom_pwdet_tone_start = 0x40002384
                0x40002388                        rom_get_tone_sar_dout = 0x40002388
                0x4000238c                        rom_get_fm_sar_dout = 0x4000238c
                0x40002390                        rom_txtone_linear_pwr = 0x40002390
                0x40002394                        rom_get_power_db = 0x40002394
                0x40002398                        rom_meas_tone_pwr_db = 0x40002398
                0x4000239c                        rom_pkdet_vol_start = 0x4000239c
                0x400023a0                        rom_read_sar_dout = 0x400023a0
                0x400023a4                        rom_read_sar2_code = 0x400023a4
                0x400023a8                        rom_get_sar2_vol = 0x400023a8
                0x400023ac                        rom_get_pll_vol = 0x400023ac
                0x400023b0                        rom_tx_pwctrl_bg_init = 0x400023b0
                0x400023b4                        rom_phy_pwdet_always_en = 0x400023b4
                0x400023b8                        rom_phy_pwdet_onetime_en = 0x400023b8
                0x400023bc                        linear_to_db = 0x400023bc
                0x400023c0                        rom_disable_agc = 0x400023c0
                0x400023c4                        rom_enable_agc = 0x400023c4
                0x400023c8                        rom_disable_wifi_agc = 0x400023c8
                0x400023cc                        rom_enable_wifi_agc = 0x400023cc
                0x400023d0                        rom_write_gain_mem = 0x400023d0
                0x400023d4                        rom_bb_bss_cbw40_dig = 0x400023d4
                0x400023d8                        rom_cbw2040_cfg = 0x400023d8
                0x400023dc                        rom_mac_tx_chan_offset = 0x400023dc
                0x400023e0                        rom_tx_paon_set = 0x400023e0
                0x400023e4                        rom_i2cmst_reg_init = 0x400023e4
                0x400023e8                        rom_bt_gain_offset = 0x400023e8
                0x400023ec                        rom_fe_reg_init = 0x400023ec
                0x400023f0                        rom_mac_enable_bb = 0x400023f0
                0x400023f4                        rom_bb_wdg_cfg = 0x400023f4
                0x400023f8                        rom_fe_txrx_reset = 0x400023f8
                0x400023fc                        rom_set_rx_comp = 0x400023fc
                0x40002400                        rom_write_chan_freq = 0x40002400
                0x40002404                        rom_agc_reg_init = 0x40002404
                0x40002408                        rom_bb_reg_init = 0x40002408
                0x4000240c                        rom_write_txrate_power_offset = 0x4000240c
                0x40002410                        rom_open_i2c_xpd = 0x40002410
                0x40002414                        rom_txiq_set_reg = 0x40002414
                0x40002418                        rom_rxiq_set_reg = 0x40002418
                0x4000241c                        rom_phy_bbpll_cal = 0x4000241c
                0x40002420                        phy_disable_cca = 0x40002420
                0x40002424                        phy_enable_cca = 0x40002424
                0x40002428                        force_txon = 0x40002428
                0x4000242c                        set_txclk_en = 0x4000242c
                0x40002430                        set_rxclk_en = 0x40002430
                0x40002434                        start_tx_tone_step = 0x40002434
                0x40002438                        stop_tx_tone = 0x40002438
                0x4000243c                        bb_wdg_test_en = 0x4000243c
                0x40002440                        noise_floor_auto_set = 0x40002440
                0x40002444                        read_hw_noisefloor = 0x40002444
                0x40002448                        iq_corr_enable = 0x40002448
                0x4000244c                        bt_tx_dig_gain = 0x4000244c
                0x40002450                        wifi_tx_dig_reg = 0x40002450
                0x40002454                        wifi_agc_sat_gain = 0x40002454
                0x40002458                        phy_ant_init = 0x40002458
                0x4000245c                        phy_set_bbfreq_init = 0x4000245c
                0x40002460                        wifi_fbw_sel = 0x40002460
                0x40002464                        phy_rx_sense_set = 0x40002464
                0x40002468                        tx_state_set = 0x40002468
                0x4000246c                        phy_close_pa = 0x4000246c
                0x40002470                        bt_filter_reg = 0x40002470
                0x40002474                        phy_freq_correct = 0x40002474
                0x40002478                        set_pbus_reg = 0x40002478
                0x4000247c                        wifi_rifs_mode_en = 0x4000247c
                0x40002480                        rfagc_disable = 0x40002480
                0x40002484                        rom_restart_cal = 0x40002484
                0x40002488                        rom_write_rfpll_sdm = 0x40002488
                0x4000248c                        rom_wait_rfpll_cal_end = 0x4000248c
                0x40002490                        rom_rfpll_set_freq = 0x40002490
                0x40002494                        rom_rfpll_cap_init_cal = 0x40002494
                0x40002498                        rom_set_rfpll_freq = 0x40002498
                0x4000249c                        rom_write_pll_cap = 0x4000249c
                0x400024a0                        rom_read_pll_cap = 0x400024a0
                0x400024a4                        mhz2ieee = 0x400024a4
                0x400024a8                        chan_to_freq = 0x400024a8
                0x400024ac                        set_rf_freq_offset = 0x400024ac
                0x400024b0                        set_channel_rfpll_freq = 0x400024b0
                0x400024b4                        rfpll_cap_correct = 0x400024b4
                0x400024b8                        phy_set_freq = 0x400024b8
                0x400024bc                        correct_rfpll_offset = 0x400024bc
                0x400024c0                        pll_vol_cal = 0x400024c0
                0x400024c4                        chip_v7_set_chan_misc = 0x400024c4
                0x400024c8                        chip_v7_set_chan = 0x400024c8
                0x400024cc                        chip_v7_set_chan_offset = 0x400024cc
                0x400024d0                        chip_v7_set_chan_ana = 0x400024d0
                0x400024d4                        set_chanfreq = 0x400024d4
                0x400024d8                        rom_rxiq_cover_mg_mp = 0x400024d8
                0x400024dc                        rom_rfcal_rxiq = 0x400024dc
                0x400024e0                        rom_get_rfcal_rxiq_data = 0x400024e0
                0x400024e4                        rom_pbus_rx_dco_cal = 0x400024e4
                0x400024e8                        rom_rxdc_est_min = 0x400024e8
                0x400024ec                        rom_pbus_rx_dco_cal_1step = 0x400024ec
                0x400024f0                        rom_set_lb_txiq = 0x400024f0
                0x400024f4                        rom_set_rx_gain_cal_iq = 0x400024f4
                0x400024f8                        rom_set_rx_gain_cal_dc = 0x400024f8
                0x400024fc                        iq_est_enable = 0x400024fc
                0x40002500                        iq_est_disable = 0x40002500
                0x40002504                        dc_iq_est = 0x40002504
                0x40002508                        set_cal_rxdc = 0x40002508
                0x4000250c                        rxiq_get_mis = 0x4000250c
                0x40002510                        spur_reg_write_one_tone = 0x40002510
                0x40002514                        spur_cal = 0x40002514
                0x40002518                        spur_coef_cfg = 0x40002518
                0x4000251c                        gen_rx_gain_table = 0x4000251c
                0x40002520                        wr_rx_gain_mem = 0x40002520
                0x40002524                        set_rx_gain_param = 0x40002524
                0x40002528                        set_rx_gain_table = 0x40002528
                0x4000252c                        rom_tester_wifi_cali = 0x4000252c
                0x40002530                        esp_recover_efuse_data = 0x40002530
                0x40002538                        rfpll_cap_track = 0x40002538
                0x4000253c                        phy_param_track = 0x4000253c
                0x40002540                        txpwr_correct = 0x40002540
                0x40002544                        txpwr_cal_track = 0x40002544
                0x4000254c                        bt_track_tx_power = 0x4000254c
                0x40002550                        wifi_track_tx_power = 0x40002550
                0x40002554                        rom_code_to_temp = 0x40002554
                0x40002558                        rom_tsens_index_to_dac = 0x40002558
                0x4000255c                        rom_tsens_index_to_offset = 0x4000255c
                0x40002560                        rom_tsens_dac_cal = 0x40002560
                0x40002564                        rom_tsens_code_read = 0x40002564
                0x40002568                        rom_tsens_temp_read = 0x40002568
                0x4000256c                        rom_temp_to_power = 0x4000256c
                0x40002570                        tsens_read_init = 0x40002570
                0x40002574                        get_temp_init = 0x40002574
                0x40002578                        rom_txiq_cover = 0x40002578
                0x4000257c                        rom_rfcal_txiq = 0x4000257c
                0x40002580                        rom_get_power_atten = 0x40002580
                0x40002584                        rom_tx_pwctrl_init_cal = 0x40002584
                0x40002588                        bt_txdc_cal = 0x40002588
                0x4000258c                        bt_txiq_cal = 0x4000258c
                0x40002590                        txiq_cal_init = 0x40002590
                0x40002594                        txdc_cal_init = 0x40002594
                0x40002598                        txdc_cal_v70 = 0x40002598
                0x4000259c                        txiq_get_mis_pwr = 0x4000259c
                0x400025a0                        pwdet_ref_code = 0x400025a0
                0x400025a4                        pwdet_code_cal = 0x400025a4
                0x400025a8                        rfcal_txcap = 0x400025a8
                0x400025ac                        tx_cap_init = 0x400025ac
                0x400025b0                        rfcal_pwrctrl = 0x400025b0
                0x400025b4                        tx_pwctrl_init = 0x400025b4
                0x400025b8                        bt_tx_pwctrl_init = 0x400025b8
                0x400025bc                        bt_txpwr_freq = 0x400025bc
                0x400025c0                        rom_txbbgain_to_index = 0x400025c0
                0x400025c4                        rom_index_to_txbbgain = 0x400025c4
                0x400025c8                        rom_bt_index_to_bb = 0x400025c8
                0x400025cc                        rom_bt_bb_to_index = 0x400025cc
                0x400025d0                        rom_bt_get_tx_gain = 0x400025d0
                0x400025d4                        rom_get_tx_gain_value = 0x400025d4
                0x400025d8                        rom_wifi_get_tx_gain = 0x400025d8
                0x400025dc                        rom_set_tx_gain_mem = 0x400025dc
                0x400025e0                        rom_get_rate_fcc_index = 0x400025e0
                0x400025e4                        rom_get_chan_target_power = 0x400025e4
                0x400025e8                        rom_wifi_tx_dig_gain = 0x400025e8
                0x400025ec                        rom_wifi_set_tx_gain = 0x400025ec
                0x400025f0                        rom_bt_set_tx_gain = 0x400025f0
                0x400025f4                        wifi_11g_rate_chg = 0x400025f4
                0x400025f8                        bt_chan_pwr_interp = 0x400025f8
                0x400025fc                        bt_tx_gain_init = 0x400025fc
                0x3fcdfaa4                        phy_param_rom = 0x3fcdfaa4
                0x40002600                        bt_agc_gain_offset = 0x40002600
                0x40002604                        bt_agc_gain_max = 0x40002604
                0x40002608                        bt_set_rx_comp = 0x40002608
                0x4000260c                        bt_agc_gain_set = 0x4000260c
                0x40002610                        bt_agc_rssi_thresh = 0x40002610
                0x40002614                        bt_agc_target_set = 0x40002614
                0x40002618                        bt_agc_restart_set = 0x40002618
                0x4000261c                        bt_agc_recorrect_set = 0x4000261c
                0x40002620                        bt_agc_detect_set = 0x40002620
                0x40002624                        bt_bb_rx_correlator_set = 0x40002624
                0x40002628                        bt_bb_rx_dpo_set = 0x40002628
                0x4000262c                        bt_bb_rx_filter_sel = 0x4000262c
                0x40002630                        bt_bb_rx_set1 = 0x40002630
                0x40002634                        bt_bb_v2_rx_set = 0x40002634
                0x40002638                        bt_bb_v2_tx_set = 0x40002638
                0x4000263c                        bt_bb_tx_cca_set = 0x4000263c
                0x40002640                        bt_bb_tx_cca_period = 0x40002640
                0x40002644                        bt_bb_tx_cca_fifo_reset = 0x40002644
                0x40002648                        bt_bb_tx_cca_fifo_empty = 0x40002648
                0x4000264c                        bt_bb_tx_cca_fifo_full = 0x4000264c
                0x40002650                        bt_bb_tx_cca_fifo_count = 0x40002650
                0x40002654                        bt_bb_tx_cca_fifo_read = 0x40002654
                0x40002658                        coex_pti_v2 = 0x40002658
                0x4000265c                        bt_bb_set_le_tx_on_delay = 0x4000265c
                0x40002660                        bt_bb_set_corr_thresh_le = 0x40002660