Archive member included to satisfy reference by file (symbol)

/usr/lib/gcc/arm-none-eabi/13.2.1/thumb/v6-m/nofp/libgcc.a(_dvmd_tls.o)
                              CMakeFiles/uart_bridge.dir/pico-sdk/src/rp2_common/pico_divider/divider.S.obj (__aeabi_idiv0)
/usr/lib/gcc/arm-none-eabi/13.2.1/../../../arm-none-eabi/lib/thumb/v6-m/nofp/libc.a(libc_a-memmove.o)
                              CMakeFiles/uart_bridge.dir/uart-bridge.c.obj (memmove)
/usr/lib/gcc/arm-none-eabi/13.2.1/../../../arm-none-eabi/lib/thumb/v6-m/nofp/libc.a(libc_a-calloc.o)
                              CMakeFiles/uart_bridge.dir/pico-sdk/src/rp2_common/pico_malloc/pico_malloc.c.obj (calloc)
/usr/lib/gcc/arm-none-eabi/13.2.1/../../../arm-none-eabi/lib/thumb/v6-m/nofp/libc.a(libc_a-impure.o)
                              /usr/lib/gcc/arm-none-eabi/13.2.1/../../../arm-none-eabi/lib/thumb/v6-m/nofp/libc.a(libc_a-calloc.o) (_impure_ptr)
/usr/lib/gcc/arm-none-eabi/13.2.1/../../../arm-none-eabi/lib/thumb/v6-m/nofp/libc.a(libc_a-callocr.o)
                              /usr/lib/gcc/arm-none-eabi/13.2.1/../../../arm-none-eabi/lib/thumb/v6-m/nofp/libc.a(libc_a-calloc.o) (_calloc_r)
/usr/lib/gcc/arm-none-eabi/13.2.1/../../../arm-none-eabi/lib/thumb/v6-m/nofp/libc.a(libc_a-realloc.o)
                              CMakeFiles/uart_bridge.dir/pico-sdk/src/rp2_common/pico_malloc/pico_malloc.c.obj (realloc)
/usr/lib/gcc/arm-none-eabi/13.2.1/../../../arm-none-eabi/lib/thumb/v6-m/nofp/libc.a(libc_a-mallocr.o)
                              /usr/lib/gcc/arm-none-eabi/13.2.1/../../../arm-none-eabi/lib/thumb/v6-m/nofp/libc.a(libc_a-callocr.o) (_malloc_r)
/usr/lib/gcc/arm-none-eabi/13.2.1/../../../arm-none-eabi/lib/thumb/v6-m/nofp/libc.a(libc_a-freer.o)
                              /usr/lib/gcc/arm-none-eabi/13.2.1/../../../arm-none-eabi/lib/thumb/v6-m/nofp/libc.a(libc_a-mallocr.o) (_free_r)
/usr/lib/gcc/arm-none-eabi/13.2.1/../../../arm-none-eabi/lib/thumb/v6-m/nofp/libc.a(libc_a-malloc.o)
                              CMakeFiles/uart_bridge.dir/pico-sdk/src/rp2_common/pico_malloc/pico_malloc.c.obj (malloc)
/usr/lib/gcc/arm-none-eabi/13.2.1/../../../arm-none-eabi/lib/thumb/v6-m/nofp/libc.a(libc_a-sysconf.o)
                              /usr/lib/gcc/arm-none-eabi/13.2.1/../../../arm-none-eabi/lib/thumb/v6-m/nofp/libc.a(libc_a-mallocr.o) (sysconf)
/usr/lib/gcc/arm-none-eabi/13.2.1/../../../arm-none-eabi/lib/thumb/v6-m/nofp/libc.a(libc_a-init.o)
                              /usr/lib/gcc/arm-none-eabi/13.2.1/../../../arm-none-eabi/lib/thumb/v6-m/nofp/crt0.o (__libc_init_array)
/usr/lib/gcc/arm-none-eabi/13.2.1/../../../arm-none-eabi/lib/thumb/v6-m/nofp/libc.a(libc_a-reallocr.o)
                              /usr/lib/gcc/arm-none-eabi/13.2.1/../../../arm-none-eabi/lib/thumb/v6-m/nofp/libc.a(libc_a-realloc.o) (_realloc_r)
/usr/lib/gcc/arm-none-eabi/13.2.1/../../../arm-none-eabi/lib/thumb/v6-m/nofp/libc.a(libc_a-mlock.o)
                              /usr/lib/gcc/arm-none-eabi/13.2.1/../../../arm-none-eabi/lib/thumb/v6-m/nofp/libc.a(libc_a-mallocr.o) (__malloc_lock)
/usr/lib/gcc/arm-none-eabi/13.2.1/../../../arm-none-eabi/lib/thumb/v6-m/nofp/libc.a(libc_a-findfp.o)
                              /usr/lib/gcc/arm-none-eabi/13.2.1/../../../arm-none-eabi/lib/thumb/v6-m/nofp/libc.a(libc_a-impure.o) (__sf)
/usr/lib/gcc/arm-none-eabi/13.2.1/../../../arm-none-eabi/lib/thumb/v6-m/nofp/libc.a(libc_a-atexit.o)
                              /usr/lib/gcc/arm-none-eabi/13.2.1/../../../arm-none-eabi/lib/thumb/v6-m/nofp/crt0.o (atexit)
/usr/lib/gcc/arm-none-eabi/13.2.1/../../../arm-none-eabi/lib/thumb/v6-m/nofp/libc.a(libc_a-strlen-stub.o)
                              CMakeFiles/uart_bridge.dir/pico-sdk/src/rp2_common/pico_stdio/stdio.c.obj (strlen)
/usr/lib/gcc/arm-none-eabi/13.2.1/../../../arm-none-eabi/lib/thumb/v6-m/nofp/libc.a(libc_a-sbrkr.o)
                              /usr/lib/gcc/arm-none-eabi/13.2.1/../../../arm-none-eabi/lib/thumb/v6-m/nofp/libc.a(libc_a-mallocr.o) (_sbrk_r)
/usr/lib/gcc/arm-none-eabi/13.2.1/../../../arm-none-eabi/lib/thumb/v6-m/nofp/libc.a(libc_a-fini.o)
                              /usr/lib/gcc/arm-none-eabi/13.2.1/../../../arm-none-eabi/lib/thumb/v6-m/nofp/crt0.o (__libc_fini_array)
/usr/lib/gcc/arm-none-eabi/13.2.1/../../../arm-none-eabi/lib/thumb/v6-m/nofp/libc.a(libc_a-fwalk.o)
                              /usr/lib/gcc/arm-none-eabi/13.2.1/../../../arm-none-eabi/lib/thumb/v6-m/nofp/libc.a(libc_a-findfp.o) (_fwalk_sglue)
/usr/lib/gcc/arm-none-eabi/13.2.1/../../../arm-none-eabi/lib/thumb/v6-m/nofp/libc.a(libc_a-errno.o)
                              /usr/lib/gcc/arm-none-eabi/13.2.1/../../../arm-none-eabi/lib/thumb/v6-m/nofp/libc.a(libc_a-callocr.o) (__errno)
/usr/lib/gcc/arm-none-eabi/13.2.1/../../../arm-none-eabi/lib/thumb/v6-m/nofp/libc.a(libc_a-fclose.o)
                              /usr/lib/gcc/arm-none-eabi/13.2.1/../../../arm-none-eabi/lib/thumb/v6-m/nofp/libc.a(libc_a-findfp.o) (_fclose_r)
[...]
Memory Configuration

Name             Origin             Length             Attributes
FLASH            0x10000000         0x00200000         xr
RAM              0x20000000         0x00040000         xrw
SCRATCH_X        0x20040000         0x00001000         xrw
SCRATCH_Y        0x20041000         0x00001000         xrw
*default*        0x00000000         0xffffffff

Linker script and memory map

LOAD /usr/lib/gcc/arm-none-eabi/13.2.1/thumb/v6-m/nofp/crti.o
LOAD /usr/lib/gcc/arm-none-eabi/13.2.1/thumb/v6-m/nofp/crtbegin.o
LOAD /usr/lib/gcc/arm-none-eabi/13.2.1/../../../arm-none-eabi/lib/thumb/v6-m/nofp/crt0.o

.flash_begin    0x10000000        0x0
                0x10000000                        __flash_binary_start = .

.boot2          0x10000000      0x100
                0x10000000                        __boot2_start__ = .
 *(.boot2)
 .boot2         0x10000000      0x100 /tmp/ccQkFooB.o
                0x10000100                        __boot2_end__ = .
                0x00000001                        ASSERT (((__boot2_end__ - __boot2_start__) == 0x100), ERROR: Pico second stage bootloader must be 256 bytes in size)

.flashtext      0x10000100      0x1d8
                0x10000100                        __logical_binary_start = .
 *(.vectors)
 .vectors       0x10000100       0xd4 CMakeFiles/uart_bridge.dir/pico-sdk/src/rp2_common/pico_standard_link/crt0.S.obj
                0x10000100                __vectors
                0x10000100                __VECTOR_TABLE
                0x100001c0                isr_invalid
                0x100001c0                __default_isrs_start
                0x100001c2                isr_nmi
                0x100001c4                isr_hardfault
                0x100001c6                isr_svcall
                0x100001c8                isr_pendsv
                0x100001ca                isr_systick
                0x100001cc                isr_irq30
                0x100001cc                __unhandled_user_irq
                0x100001cc                isr_irq13
                0x100001cc                isr_irq27
                0x100001cc                isr_irq31
                0x100001cc                isr_irq5
                0x100001cc                isr_irq11
                0x100001cc                isr_irq23
                0x100001cc                isr_irq18
                0x100001cc                isr_irq28
                0x100001cc                isr_irq19
                0x100001cc                isr_irq0
                0x100001cc                isr_irq6
                0x100001cc                isr_irq22
                0x100001cc                isr_irq17
                0x100001cc                isr_irq14
                0x100001cc                isr_irq2
                0x100001cc                isr_irq10
                0x100001cc                isr_irq8
                0x100001cc                isr_irq24
                0x100001cc                isr_irq1
                0x100001cc                isr_irq7
                0x100001cc                isr_irq21
                0x100001cc                isr_irq20
                0x100001cc                isr_irq15
                0x100001cc                isr_irq25
                0x100001cc                isr_irq4
                0x100001cc                isr_irq16
                0x100001cc                isr_irq29
                0x100001cc                isr_irq26
                0x100001cc                __default_isrs_end
                0x100001cc                isr_irq3
                0x100001cc                isr_irq12
                0x100001cc                isr_irq9
                0x100001d2                unhandled_user_irq_num_in_r0
 *(.binary_info_header)
 .binary_info_header
                0x100001d4       0x14 CMakeFiles/uart_bridge.dir/pico-sdk/src/rp2_common/pico_standard_link/crt0.S.obj
                0x100001e8                        __binary_info_header_end = .
 *(.reset)
 .reset         0x100001e8       0xac CMakeFiles/uart_bridge.dir/pico-sdk/src/rp2_common/pico_standard_link/crt0.S.obj
                0x100001e8                _entry_point
 *fill*         0x10000294        0x4 
 .reset.__stub  0x10000298       0x10 linker stubs
 .reset         0x100002a8       0x30 CMakeFiles/uart_bridge.dir/pico-sdk/src/rp2_common/pico_standard_link/binary_info.c.obj

.rodata         0x100002d8        0x0
 *(SORT_BY_ALIGNMENT(SORT_BY_NAME(.flashdata*)))
                0x100002d8                        . = ALIGN (0x4)

.ARM.extab
 *(.ARM.extab* .gnu.linkonce.armextab.*)
                0x100002d8                        __exidx_start = .

.ARM.exidx
 *(.ARM.exidx* .gnu.linkonce.armexidx.*)
                0x100002d8                        __exidx_end = .
                0x100002d8                        . = ALIGN (0x4)
                0x100002d8                        __binary_info_start = .

.binary_info    0x100002d8       0x1c
 *(.binary_info.keep.*)
 .binary_info.keep.__bi_ptr81
                0x100002d8        0x4 CMakeFiles/uart_bridge.dir/pico-sdk/src/rp2_common/pico_standard_link/binary_info.c.obj
 .binary_info.keep.__bi_ptr75
                0x100002dc        0x4 CMakeFiles/uart_bridge.dir/pico-sdk/src/rp2_common/pico_standard_link/binary_info.c.obj
 .binary_info.keep.__bi_ptr50
                0x100002e0        0x4 CMakeFiles/uart_bridge.dir/pico-sdk/src/rp2_common/pico_standard_link/binary_info.c.obj
 .binary_info.keep.__bi_ptr44
                0x100002e4        0x4 CMakeFiles/uart_bridge.dir/pico-sdk/src/rp2_common/pico_standard_link/binary_info.c.obj
 .binary_info.keep.__bi_ptr38
                0x100002e8        0x4 CMakeFiles/uart_bridge.dir/pico-sdk/src/rp2_common/pico_standard_link/binary_info.c.obj
 .binary_info.keep.__bi_ptr30
                0x100002ec        0x4 CMakeFiles/uart_bridge.dir/pico-sdk/src/rp2_common/pico_standard_link/binary_info.c.obj
 .binary_info.keep.__bi_ptr22
                0x100002f0        0x4 CMakeFiles/uart_bridge.dir/pico-sdk/src/rp2_common/pico_standard_link/binary_info.c.obj
 *(.binary_info.*)
                0x100002f4                        __binary_info_end = .
                0x100002f4                        . = ALIGN (0x4)

.ram_vector_table
                0x20000000       0xc0
 *(.ram_vector_table)
 .ram_vector_table
                0x20000000       0xc0 CMakeFiles/uart_bridge.dir/pico-sdk/src/rp2_common/pico_runtime/runtime.c.obj
                0x20000000                ram_vector_table

.text           0x200000c0     0x6910 load address 0x100002f4
                0x200000c0                        __ram_text_start__ = .
 *(.init)
 .init          0x200000c0        0x4 /usr/lib/gcc/arm-none-eabi/13.2.1/thumb/v6-m/nofp/crti.o
                0x200000c0                _init
 *(.text*)
 .text          0x200000c4       0x98 /usr/lib/gcc/arm-none-eabi/13.2.1/thumb/v6-m/nofp/crtbegin.o
 .text.uart0_irq_fn
                0x2000015c       0x68 CMakeFiles/uart_bridge.dir/uart-bridge.c.obj
                0x2000015c                uart0_irq_fn
 .text.update_uart_cfg.constprop.0
                0x200001c4       0xa8 CMakeFiles/uart_bridge.dir/uart-bridge.c.obj
 .text.usb_write_bytes
                0x2000026c       0x9c CMakeFiles/uart_bridge.dir/uart-bridge.c.obj
                0x2000026c                usb_write_bytes
 .text.core1_entry
                0x20000308       0xb0 CMakeFiles/uart_bridge.dir/uart-bridge.c.obj
                0x20000308                core1_entry
 .text.init_uart_data
                0x200003b8      0x134 CMakeFiles/uart_bridge.dir/uart-bridge.c.obj
                0x200003b8                init_uart_data
 .text.startup.main
                0x200004ec      0x188 CMakeFiles/uart_bridge.dir/uart-bridge.c.obj
                0x200004ec                main
 .text.tud_cdc_line_state_cb
                0x20000674       0x34 CMakeFiles/uart_bridge.dir/uart-bridge.c.obj
                0x20000674                tud_cdc_line_state_cb
 .text.tud_cdc_line_coding_cb
                0x200006a8       0x2c CMakeFiles/uart_bridge.dir/uart-bridge.c.obj
                0x200006a8                tud_cdc_line_coding_cb
 .text.tud_descriptor_device_cb
                0x200006d4        0x8 CMakeFiles/uart_bridge.dir/usb-descriptors.c.obj
                0x200006d4                tud_descriptor_device_cb
 .text.tud_descriptor_configuration_cb
                0x200006dc        0x8 CMakeFiles/uart_bridge.dir/usb-descriptors.c.obj
                0x200006dc                tud_descriptor_configuration_cb
 .text.tud_descriptor_string_cb
                0x200006e4       0x60 CMakeFiles/uart_bridge.dir/usb-descriptors.c.obj
                0x200006e4                tud_descriptor_string_cb
 .text.usbd_serial_init
                0x20000744       0x40 CMakeFiles/uart_bridge.dir/usb-descriptors.c.obj
                0x20000744                usbd_serial_init
 .text.flash_get_unique_id
                0x20000784       0x3c CMakeFiles/uart_bridge.dir/pico-sdk/src/rp2_common/hardware_flash/flash.c.obj
                0x20000784                flash_get_unique_id
 .text.running_on_fpga
                0x200007c0       0x10 CMakeFiles/uart_bridge.dir/pico-sdk/src/rp2_common/pico_platform/platform.c.obj
                0x200007c0                running_on_fpga
 .text.hw_claim_or_assert
                0x200007d0       0x44 CMakeFiles/uart_bridge.dir/pico-sdk/src/rp2_common/hardware_claim/claim.c.obj
                0x200007d0                hw_claim_or_assert
 .text.hw_claim_unused_from_range
                0x20000814       0x9c CMakeFiles/uart_bridge.dir/pico-sdk/src/rp2_common/hardware_claim/claim.c.obj
                0x20000814                hw_claim_unused_from_range
 .text.spin_locks_reset
                0x200008b0       0x1c CMakeFiles/uart_bridge.dir/pico-sdk/src/rp2_common/hardware_sync/sync.c.obj
                0x200008b0                spin_locks_reset
 .text.next_striped_spin_lock_num
                0x200008cc       0x18 CMakeFiles/uart_bridge.dir/pico-sdk/src/rp2_common/hardware_sync/sync.c.obj
                0x200008cc                next_striped_spin_lock_num
 .text.spin_lock_claim_unused
                0x200008e4       0x24 CMakeFiles/uart_bridge.dir/pico-sdk/src/rp2_common/hardware_sync/sync.c.obj
                0x200008e4                spin_lock_claim_unused
 .text.rom_func_lookup
                0x20000908       0x10 CMakeFiles/uart_bridge.dir/pico-sdk/src/rp2_common/pico_bootrom/bootrom.c.obj
                0x20000908                rom_func_lookup
 .text.rom_data_lookup
                0x20000918       0x10 CMakeFiles/uart_bridge.dir/pico-sdk/src/rp2_common/pico_bootrom/bootrom.c.obj
                0x20000918                rom_data_lookup
 .text.rom_funcs_lookup
                0x20000928       0x44 CMakeFiles/uart_bridge.dir/pico-sdk/src/rp2_common/pico_bootrom/bootrom.c.obj
                0x20000928                rom_funcs_lookup
 .text.core1_trampoline
                0x2000096c        0x4 CMakeFiles/uart_bridge.dir/pico-sdk/src/rp2_common/pico_multicore/multicore.c.obj
 .text.core1_wrapper
                0x20000970        0xc CMakeFiles/uart_bridge.dir/pico-sdk/src/rp2_common/pico_multicore/multicore.c.obj
                0x20000970                core1_wrapper
 .text.multicore_launch_core1_raw
                0x2000097c       0x84 CMakeFiles/uart_bridge.dir/pico-sdk/src/rp2_common/pico_multicore/multicore.c.obj
                0x2000097c                multicore_launch_core1_raw
 .text.multicore_launch_core1
                0x20000a00       0x58 CMakeFiles/uart_bridge.dir/pico-sdk/src/rp2_common/pico_multicore/multicore.c.obj
                0x20000a00                multicore_launch_core1
 .text.lock_init
                0x20000a58       0x10 CMakeFiles/uart_bridge.dir/pico-sdk/src/common/pico_sync/lock_core.c.obj
                0x20000a58                lock_init
 .text.mutex_init
                0x20000a68       0x1c CMakeFiles/uart_bridge.dir/pico-sdk/src/common/pico_sync/mutex.c.obj
                0x20000a68                mutex_init
 .text.recursive_mutex_init
                0x20000a84       0x1c CMakeFiles/uart_bridge.dir/pico-sdk/src/common/pico_sync/mutex.c.obj
                0x20000a84                recursive_mutex_init
 .text.critical_section_init
                0x20000aa0       0x1c CMakeFiles/uart_bridge.dir/pico-sdk/src/common/pico_sync/critical_section.c.obj
                0x20000aa0                critical_section_init
 .text.timer_pool_entry_comparator
                0x20000abc       0x34 CMakeFiles/uart_bridge.dir/pico-sdk/src/common/pico_time/time.c.obj
                0x20000abc                timer_pool_entry_comparator
 .text.sleep_until_callback
                0x20000af0       0x30 CMakeFiles/uart_bridge.dir/pico-sdk/src/common/pico_time/time.c.obj
 .text.add_alarm_under_lock.isra.0
                0x20000b20      0x100 CMakeFiles/uart_bridge.dir/pico-sdk/src/common/pico_time/time.c.obj
 .text.alarm_pool_alarm_callback
                0x20000c20      0x1c0 CMakeFiles/uart_bridge.dir/pico-sdk/src/common/pico_time/time.c.obj
 .text.alarm_pool_init_default
                0x20000de0       0x6c CMakeFiles/uart_bridge.dir/pico-sdk/src/common/pico_time/time.c.obj
                0x20000de0                alarm_pool_init_default
 .text.alarm_pool_add_alarm_at
                0x20000e4c      0x17c CMakeFiles/uart_bridge.dir/pico-sdk/src/common/pico_time/time.c.obj
                0x20000e4c                alarm_pool_add_alarm_at
 .text.sleep_until
                0x20000fc8       0xc4 CMakeFiles/uart_bridge.dir/pico-sdk/src/common/pico_time/time.c.obj
                0x20000fc8                sleep_until
 .text.sleep_ms
                0x2000108c       0x38 CMakeFiles/uart_bridge.dir/pico-sdk/src/common/pico_time/time.c.obj
                0x2000108c                sleep_ms
 .text.best_effort_wfe_or_timeout
                0x200010c4       0xcc CMakeFiles/uart_bridge.dir/pico-sdk/src/common/pico_time/time.c.obj
                0x200010c4                best_effort_wfe_or_timeout
 .text.hardware_alarm_irq_handler
                0x20001190       0xbc CMakeFiles/uart_bridge.dir/pico-sdk/src/rp2_common/hardware_timer/timer.c.obj
 .text.hardware_alarm_claim
                0x2000124c       0x18 CMakeFiles/uart_bridge.dir/pico-sdk/src/rp2_common/hardware_timer/timer.c.obj
                0x2000124c                hardware_alarm_claim
 .text.time_us_64
                0x20001264       0x14 CMakeFiles/uart_bridge.dir/pico-sdk/src/rp2_common/hardware_timer/timer.c.obj
                0x20001264                time_us_64
 .text.busy_wait_us
                0x20001278       0x68 CMakeFiles/uart_bridge.dir/pico-sdk/src/rp2_common/hardware_timer/timer.c.obj
                0x20001278                busy_wait_us
 .text.busy_wait_until
                0x200012e0       0x20 CMakeFiles/uart_bridge.dir/pico-sdk/src/rp2_common/hardware_timer/timer.c.obj
                0x200012e0                busy_wait_until
 .text.hardware_alarm_set_callback
                0x20001300       0x8c CMakeFiles/uart_bridge.dir/pico-sdk/src/rp2_common/hardware_timer/timer.c.obj
                0x20001300                hardware_alarm_set_callback
 .text.hardware_alarm_set_target
                0x2000138c       0xd0 CMakeFiles/uart_bridge.dir/pico-sdk/src/rp2_common/hardware_timer/timer.c.obj
                0x2000138c                hardware_alarm_set_target
 .text.hardware_alarm_cancel
                0x2000145c       0x3c CMakeFiles/uart_bridge.dir/pico-sdk/src/rp2_common/hardware_timer/timer.c.obj
                0x2000145c                hardware_alarm_cancel
 .text.irq_set_enabled
                0x20001498       0x24 CMakeFiles/uart_bridge.dir/pico-sdk/src/rp2_common/hardware_irq/irq.c.obj
                0x20001498                irq_set_enabled
 .text.irq_is_enabled
                0x200014bc       0x18 CMakeFiles/uart_bridge.dir/pico-sdk/src/rp2_common/hardware_irq/irq.c.obj
                0x200014bc                irq_is_enabled
 .text.irq_get_vtable_handler
                0x200014d4       0x10 CMakeFiles/uart_bridge.dir/pico-sdk/src/rp2_common/hardware_irq/irq.c.obj
                0x200014d4                irq_get_vtable_handler
 .text.irq_set_exclusive_handler
                0x200014e4       0x54 CMakeFiles/uart_bridge.dir/pico-sdk/src/rp2_common/hardware_irq/irq.c.obj
                0x200014e4                irq_set_exclusive_handler
 .text.irq_add_shared_handler
                0x20001538      0x1f4 CMakeFiles/uart_bridge.dir/pico-sdk/src/rp2_common/hardware_irq/irq.c.obj
                0x20001538                irq_add_shared_handler
 .text.irq_remove_handler
                0x2000172c      0x1c4 CMakeFiles/uart_bridge.dir/pico-sdk/src/rp2_common/hardware_irq/irq.c.obj
                0x2000172c                irq_remove_handler
 .text.irq_add_tail_to_free_list
                0x200018f0       0xb4 CMakeFiles/uart_bridge.dir/pico-sdk/src/rp2_common/hardware_irq/irq.c.obj
                0x200018f0                irq_add_tail_to_free_list
 .text.irq_init_priorities
                0x200019a4       0x24 CMakeFiles/uart_bridge.dir/pico-sdk/src/rp2_common/hardware_irq/irq.c.obj
                0x200019a4                irq_init_priorities
 .text.ph_merge_nodes
                0x200019c8       0x58 CMakeFiles/uart_bridge.dir/pico-sdk/src/common/pico_util/pheap.c.obj
 .text.ph_post_alloc_init
                0x20001a20       0x3c CMakeFiles/uart_bridge.dir/pico-sdk/src/common/pico_util/pheap.c.obj
                0x20001a20                ph_post_alloc_init
 .text.ph_merge_two_pass
                0x20001a5c       0x8c CMakeFiles/uart_bridge.dir/pico-sdk/src/common/pico_util/pheap.c.obj
                0x20001a5c                ph_merge_two_pass
 .text.ph_remove_any_head
                0x20001ae8      0x100 CMakeFiles/uart_bridge.dir/pico-sdk/src/common/pico_util/pheap.c.obj
 .text.ph_remove_head
                0x20001be8      0x104 CMakeFiles/uart_bridge.dir/pico-sdk/src/common/pico_util/pheap.c.obj
                0x20001be8                ph_remove_head
 .text.ph_remove_and_free_node
                0x20001cec       0x78 CMakeFiles/uart_bridge.dir/pico-sdk/src/common/pico_util/pheap.c.obj
                0x20001cec                ph_remove_and_free_node
 .text.gpio_set_function
                0x20001d64       0x30 CMakeFiles/uart_bridge.dir/pico-sdk/src/rp2_common/hardware_gpio/gpio.c.obj
                0x20001d64                gpio_set_function
 .text.gpio_init
                0x20001d94       0x3c CMakeFiles/uart_bridge.dir/pico-sdk/src/rp2_common/hardware_gpio/gpio.c.obj
                0x20001d94                gpio_init
 .text.uart_init
                0x20001dd0      0x18c CMakeFiles/uart_bridge.dir/pico-sdk/src/rp2_common/hardware_uart/uart.c.obj
                0x20001dd0                uart_init
 .text.uart_set_baudrate
                0x20001f5c       0xb8 CMakeFiles/uart_bridge.dir/pico-sdk/src/rp2_common/hardware_uart/uart.c.obj
                0x20001f5c                uart_set_baudrate
 .text.uart_set_format
                0x20002014       0x7c CMakeFiles/uart_bridge.dir/pico-sdk/src/rp2_common/hardware_uart/uart.c.obj
                0x20002014                uart_set_format
 .text.uart_set_fifo_enabled
                0x20002090       0x60 CMakeFiles/uart_bridge.dir/pico-sdk/src/rp2_common/hardware_uart/uart.c.obj
                0x20002090                uart_set_fifo_enabled
 .text.clocks_init
                0x200020f0      0x2c8 CMakeFiles/uart_bridge.dir/pico-sdk/src/rp2_common/hardware_clocks/clocks.c.obj
                0x200020f0                clocks_init
 .text.clock_get_hz
                0x200023b8        0xc CMakeFiles/uart_bridge.dir/pico-sdk/src/rp2_common/hardware_clocks/clocks.c.obj
                0x200023b8                clock_get_hz
 .text.pll_init
                0x200023c4       0xa4 CMakeFiles/uart_bridge.dir/pico-sdk/src/rp2_common/hardware_pll/pll.c.obj
                0x200023c4                pll_init
 .text.watchdog_start_tick
                0x20002468       0x10 CMakeFiles/uart_bridge.dir/pico-sdk/src/rp2_common/hardware_watchdog/watchdog.c.obj
                0x20002468                watchdog_start_tick
 .text.xosc_init
                0x20002478       0x28 CMakeFiles/uart_bridge.dir/pico-sdk/src/rp2_common/hardware_xosc/xosc.c.obj
                0x20002478                xosc_init
 .text.runtime_init
                0x200024a0       0xf0 CMakeFiles/uart_bridge.dir/pico-sdk/src/rp2_common/pico_runtime/runtime.c.obj
                0x200024a0                runtime_init
 .text._exit    0x20002590        0x4 CMakeFiles/uart_bridge.dir/pico-sdk/src/rp2_common/pico_runtime/runtime.c.obj
                0x20002590                _exit
 .text.exit     0x20002594        0x8 CMakeFiles/uart_bridge.dir/pico-sdk/src/rp2_common/pico_runtime/runtime.c.obj
                0x20002594                exit
 .text.panic    0x2000259c       0x30 CMakeFiles/uart_bridge.dir/pico-sdk/src/rp2_common/pico_runtime/runtime.c.obj
                0x2000259c                panic
 .text.hard_assertion_failure
                0x200025cc        0xc CMakeFiles/uart_bridge.dir/pico-sdk/src/rp2_common/pico_runtime/runtime.c.obj
                0x200025cc                hard_assertion_failure
 .text._out_buffer
                0x200025d8        0x8 CMakeFiles/uart_bridge.dir/pico-sdk/src/rp2_common/pico_printf/printf.c.obj
 .text._out_null
                0x200025e0        0x4 CMakeFiles/uart_bridge.dir/pico-sdk/src/rp2_common/pico_printf/printf.c.obj
 .text._out_rev
                0x200025e4       0xac CMakeFiles/uart_bridge.dir/pico-sdk/src/rp2_common/pico_printf/printf.c.obj
 .text._ntoa_format
                0x20002690      0x250 CMakeFiles/uart_bridge.dir/pico-sdk/src/rp2_common/pico_printf/printf.c.obj
 .text._out_char
                0x200028e0       0x10 CMakeFiles/uart_bridge.dir/pico-sdk/src/rp2_common/pico_printf/printf.c.obj
 .text._etoa    0x200028f0      0x464 CMakeFiles/uart_bridge.dir/pico-sdk/src/rp2_common/pico_printf/printf.c.obj
 .text._ftoa    0x20002d54      0x3c0 CMakeFiles/uart_bridge.dir/pico-sdk/src/rp2_common/pico_printf/printf.c.obj
 .text._vsnprintf
                0x20003114      0xbc8 CMakeFiles/uart_bridge.dir/pico-sdk/src/rp2_common/pico_printf/printf.c.obj
 .text.__wrap_snprintf
                0x20003cdc       0x28 CMakeFiles/uart_bridge.dir/pico-sdk/src/rp2_common/pico_printf/printf.c.obj
                0x20003cdc                __wrap_snprintf
 .text.weak_raw_vprintf
                0x20003d04       0x30 CMakeFiles/uart_bridge.dir/pico-sdk/src/rp2_common/pico_printf/printf.c.obj
                0x20003d04                weak_raw_vprintf
 .text          0x20003d34       0x10 CMakeFiles/uart_bridge.dir/pico-sdk/src/rp2_common/pico_bit_ops/bit_ops_aeabi.S.obj
 .text.__wrap___aeabi_idiv
                0x20003d44       0x50 CMakeFiles/uart_bridge.dir/pico-sdk/src/rp2_common/pico_divider/divider.S.obj
                0x20003d44                __wrap___aeabi_idivmod
                0x20003d44                divmod_s32s32
                0x20003d44                div_s32s32
                0x20003d44                __wrap___aeabi_idiv
                0x20003d4c                divmod_s32s32_unsafe
                0x20003d78                divmod_s32s32_savestate
 .text.__wrap___aeabi_uidiv
                0x20003d94       0x4c CMakeFiles/uart_bridge.dir/pico-sdk/src/rp2_common/pico_divider/divider.S.obj
                0x20003d94                __wrap___aeabi_uidiv
                0x20003d94                __wrap___aeabi_uidivmod
                0x20003d94                div_u32u32
                0x20003d94                divmod_u32u32
                0x20003d9c                divmod_u32u32_unsafe
                0x20003dc4                divmod_u32u32_savestate
 .text.__wrap___aeabi_ldiv
                0x20003de0      0x424 CMakeFiles/uart_bridge.dir/pico-sdk/src/rp2_common/pico_divider/divider.S.obj
                0x20003de0                div_s64s64
                0x20003de0                divmod_s64s64
                0x20003de0                __wrap___aeabi_ldivmod
                0x20003e10                div_u64u64
                0x20003e10                divmod_u64u64
                0x20003e10                __wrap___aeabi_uldivmod
                0x20003e20                divmod_u64u64_savestate
                0x20003e40                divmod_s64s64_unsafe
                0x20003ec8                divmod_u64u64_unsafe
 .text.__wrap___aeabi_darithmetic
                0x20004204       0x80 CMakeFiles/uart_bridge.dir/pico-sdk/src/rp2_common/pico_double/double_aeabi.S.obj
                0x20004204                __wrap___aeabi_drsub
                0x2000420a                __wrap___aeabi_dsub
                0x2000421c                __wrap___aeabi_dadd
                0x2000422e                __wrap___aeabi_ddiv
                0x2000426a                __wrap___aeabi_dmul
 .text.__wrap___aeabi_cdcmple
                0x20004284       0x6c CMakeFiles/uart_bridge.dir/pico-sdk/src/rp2_common/pico_double/double_aeabi.S.obj
                0x20004284                __wrap___aeabi_cdrcmple
                0x20004294                __wrap___aeabi_cdcmple
                0x20004294                __wrap___aeabi_cdcmpeq
 .text.__wrap___aeabi_dcmplt
                0x200042f0        0xc CMakeFiles/uart_bridge.dir/pico-sdk/src/rp2_common/pico_double/double_aeabi.S.obj
                0x200042f0                __wrap___aeabi_dcmplt
 .text.__wrap___aeabi_dcmpge
                0x200042fc       0x10 CMakeFiles/uart_bridge.dir/pico-sdk/src/rp2_common/pico_double/double_aeabi.S.obj
                0x200042fc                __wrap___aeabi_dcmpge
 .text.__wrap___aeabi_dcmpgt
                0x2000430c        0xa CMakeFiles/uart_bridge.dir/pico-sdk/src/rp2_common/pico_double/double_aeabi.S.obj
                0x2000430c                __wrap___aeabi_dcmpgt
 .text.__wrap___aeabi_dcmpun
                0x20004316       0x1c CMakeFiles/uart_bridge.dir/pico-sdk/src/rp2_common/pico_double/double_aeabi.S.obj
                0x20004316                __wrap___aeabi_dcmpun
 *fill*         0x20004332        0x2 
 .text.__wrap___aeabi_i2d
                0x20004334       0x38 CMakeFiles/uart_bridge.dir/pico-sdk/src/rp2_common/pico_double/double_aeabi.S.obj
                0x20004334                __wrap___aeabi_ui2d
                0x2000433c                __wrap___aeabi_i2d
 .text.__wrap___aeabi_d2iz
                0x2000436c       0x48 CMakeFiles/uart_bridge.dir/pico-sdk/src/rp2_common/pico_double/double_aeabi.S.obj
                0x2000436c                __wrap___aeabi_d2iz
                0x2000436c                double2int_z
 .text.__wrap___aeabi_d2uiz
                0x200043b4       0x18 CMakeFiles/uart_bridge.dir/pico-sdk/src/rp2_common/pico_double/double_aeabi.S.obj
                0x200043b4                double2uint
                0x200043b4                __wrap___aeabi_d2uiz
 .text.__aeabi_double_init
                0x200043cc       0x98 CMakeFiles/uart_bridge.dir/pico-sdk/src/rp2_common/pico_double/double_init_rom.c.obj
                0x200043cc                __aeabi_double_init
 .text.double_table_shim_on_use_helper
                0x20004464       0x2c CMakeFiles/uart_bridge.dir/pico-sdk/src/rp2_common/pico_double/double_v1_rom_shim.S.obj
                0x20004464                double_table_shim_on_use_helper
 .text.__wrap___aeabi_dsub
                0x20004490       0x10 CMakeFiles/uart_bridge.dir/pico-sdk/src/rp2_common/pico_double/double_v1_rom_shim.S.obj
                0x20004490                drsub_shim
                0x20004496                dsub_shim
 .text.dadd_shim
                0x200044a0      0x15c CMakeFiles/uart_bridge.dir/pico-sdk/src/rp2_common/pico_double/double_v1_rom_shim.S.obj
                0x200044a0                dadd_shim
 .text.dmul_shim
                0x200045fc      0x15c CMakeFiles/uart_bridge.dir/pico-sdk/src/rp2_common/pico_double/double_v1_rom_shim.S.obj
                0x200045fc                dmul_shim
 .text.ddiv_shim
                0x20004758      0x1b0 CMakeFiles/uart_bridge.dir/pico-sdk/src/rp2_common/pico_double/double_v1_rom_shim.S.obj
                0x20004758                ddiv_shim
 .text.double2uint_shim
                0x20004908        0xe CMakeFiles/uart_bridge.dir/pico-sdk/src/rp2_common/pico_double/double_v1_rom_shim.S.obj
                0x20004908                double2uint_shim
                0x2000490a                double2ufix_shim
 *fill*         0x20004916        0x2 
 .text.double2uint64_shim
                0x20004918       0x70 CMakeFiles/uart_bridge.dir/pico-sdk/src/rp2_common/pico_double/double_v1_rom_shim.S.obj
                0x20004918                double2uint64_shim
                0x2000491a                double2ufix64_shim
                0x2000493a                d2fix_a
 .text.dunpacks
                0x20004988       0x3c CMakeFiles/uart_bridge.dir/pico-sdk/src/rp2_common/pico_double/double_v1_rom_shim.S.obj
                0x20004988                dunpacks
 .text.__aeabi_lmul
                0x200049c4       0x32 CMakeFiles/uart_bridge.dir/pico-sdk/src/rp2_common/pico_int64_ops/pico_int64_ops_aeabi.S.obj
                0x200049c4                __wrap___aeabi_lmul
 *fill*         0x200049f6        0x2 
 .text.__aeabi_float_init
                0x200049f8       0x64 CMakeFiles/uart_bridge.dir/pico-sdk/src/rp2_common/pico_float/float_init_rom.c.obj
                0x200049f8                __aeabi_float_init
 .text.float_table_shim_on_use_helper
                0x20004a5c       0x2c CMakeFiles/uart_bridge.dir/pico-sdk/src/rp2_common/pico_float/float_v1_rom_shim.S.obj
                0x20004a5c                float_table_shim_on_use_helper
 .text          0x20004a88       0x10 CMakeFiles/uart_bridge.dir/pico-sdk/src/rp2_common/pico_mem_ops/mem_ops_aeabi.S.obj
                0x20004a88                __aeabi_mem_init
 .text.memset   0x20004a98        0xc CMakeFiles/uart_bridge.dir/pico-sdk/src/rp2_common/pico_mem_ops/mem_ops_aeabi.S.obj
                0x20004a98                __wrap_memset
 .text.memcpy   0x20004aa4        0xc CMakeFiles/uart_bridge.dir/pico-sdk/src/rp2_common/pico_mem_ops/mem_ops_aeabi.S.obj
                0x20004aa4                __wrap___aeabi_memcpy
                0x20004aa4                __wrap_memcpy
 .text.stdio_out_chars_crlf
                0x20004ab0       0x94 CMakeFiles/uart_bridge.dir/pico-sdk/src/rp2_common/pico_stdio/stdio.c.obj
 .text.__wrap_putchar
                0x20004b44       0x98 CMakeFiles/uart_bridge.dir/pico-sdk/src/rp2_common/pico_stdio/stdio.c.obj
                0x20004b44                __wrap_putchar
 .text.__wrap_puts
                0x20004bdc       0xe0 CMakeFiles/uart_bridge.dir/pico-sdk/src/rp2_common/pico_stdio/stdio.c.obj
                0x20004bdc                __wrap_puts
 .text.dcd_int_enable
                0x20004cbc        0xc CMakeFiles/uart_bridge.dir/pico-sdk/lib/tinyusb/src/portable/raspberrypi/rp2040/dcd_rp2040.c.obj
                0x20004cbc                dcd_int_enable
 .text.dcd_set_address
                0x20004cc8       0x14 CMakeFiles/uart_bridge.dir/pico-sdk/lib/tinyusb/src/portable/raspberrypi/rp2040/dcd_rp2040.c.obj
                0x20004cc8                dcd_set_address
 .text.dcd_connect
                0x20004cdc       0x10 CMakeFiles/uart_bridge.dir/pico-sdk/lib/tinyusb/src/portable/raspberrypi/rp2040/dcd_rp2040.c.obj
                0x20004cdc                dcd_connect
 .text.dcd_init
                0x20004cec       0x98 CMakeFiles/uart_bridge.dir/pico-sdk/lib/tinyusb/src/portable/raspberrypi/rp2040/dcd_rp2040.c.obj
                0x20004cec                dcd_init
 .text.dcd_edpt0_status_complete
                0x20004d84       0x1c CMakeFiles/uart_bridge.dir/pico-sdk/lib/tinyusb/src/portable/raspberrypi/rp2040/dcd_rp2040.c.obj
                0x20004d84                dcd_edpt0_status_complete
 .text.dcd_edpt_open
                0x20004da0      0x108 CMakeFiles/uart_bridge.dir/pico-sdk/lib/tinyusb/src/portable/raspberrypi/rp2040/dcd_rp2040.c.obj
                0x20004da0                dcd_edpt_open
 .text.dcd_edpt_close_all
                0x20004ea8        0x8 CMakeFiles/uart_bridge.dir/pico-sdk/lib/tinyusb/src/portable/raspberrypi/rp2040/dcd_rp2040.c.obj
                0x20004ea8                dcd_edpt_close_all
 .text.dcd_edpt_xfer
                0x20004eb0       0x24 CMakeFiles/uart_bridge.dir/pico-sdk/lib/tinyusb/src/portable/raspberrypi/rp2040/dcd_rp2040.c.obj
                0x20004eb0                dcd_edpt_xfer
 .text.dcd_edpt_stall
                0x20004ed4       0x34 CMakeFiles/uart_bridge.dir/pico-sdk/lib/tinyusb/src/portable/raspberrypi/rp2040/dcd_rp2040.c.obj
                0x20004ed4                dcd_edpt_stall
 .text.dcd_edpt_clear_stall
                0x20004f08       0x30 CMakeFiles/uart_bridge.dir/pico-sdk/lib/tinyusb/src/portable/raspberrypi/rp2040/dcd_rp2040.c.obj
                0x20004f08                dcd_edpt_clear_stall
 .text.rp2040_usb_init
                0x20004f38       0x4c CMakeFiles/uart_bridge.dir/pico-sdk/lib/tinyusb/src/portable/raspberrypi/rp2040/rp2040_usb.c.obj
                0x20004f38                rp2040_usb_init
 .text.hw_endpoint_xfer_start
                0x20004f84       0x40 CMakeFiles/uart_bridge.dir/pico-sdk/lib/tinyusb/src/portable/raspberrypi/rp2040/rp2040_usb.c.obj
                0x20004f84                hw_endpoint_xfer_start
 .text.tud_mounted
                0x20004fc4       0x10 CMakeFiles/uart_bridge.dir/pico-sdk/lib/tinyusb/src/device/usbd.c.obj
                0x20004fc4                tud_mounted
 .text.tud_suspended
                0x20004fd4       0x10 CMakeFiles/uart_bridge.dir/pico-sdk/lib/tinyusb/src/device/usbd.c.obj
                0x20004fd4                tud_suspended
 .text.tud_inited
                0x20004fe4       0x14 CMakeFiles/uart_bridge.dir/pico-sdk/lib/tinyusb/src/device/usbd.c.obj
                0x20004fe4                tud_inited
 .text.tud_init
                0x20004ff8       0xdc CMakeFiles/uart_bridge.dir/pico-sdk/lib/tinyusb/src/device/usbd.c.obj
                0x20004ff8                tud_init
 .text.tud_task_ext
                0x200050d4      0x850 CMakeFiles/uart_bridge.dir/pico-sdk/lib/tinyusb/src/device/usbd.c.obj
                0x200050d4                tud_task_ext
 .text.usbd_open_edpt_pair
                0x20005924       0x9c CMakeFiles/uart_bridge.dir/pico-sdk/lib/tinyusb/src/device/usbd.c.obj
                0x20005924                usbd_open_edpt_pair
 .text.usbd_edpt_open
                0x200059c0       0x34 CMakeFiles/uart_bridge.dir/pico-sdk/lib/tinyusb/src/device/usbd.c.obj
                0x200059c0                usbd_edpt_open
 .text.usbd_edpt_claim
                0x200059f4       0x28 CMakeFiles/uart_bridge.dir/pico-sdk/lib/tinyusb/src/device/usbd.c.obj
                0x200059f4                usbd_edpt_claim
 .text.usbd_edpt_release
                0x20005a1c       0x28 CMakeFiles/uart_bridge.dir/pico-sdk/lib/tinyusb/src/device/usbd.c.obj
                0x20005a1c                usbd_edpt_release
 .text.usbd_edpt_xfer
                0x20005a44       0x4c CMakeFiles/uart_bridge.dir/pico-sdk/lib/tinyusb/src/device/usbd.c.obj
                0x20005a44                usbd_edpt_xfer
 .text.tud_control_status
                0x20005a90       0x2c CMakeFiles/uart_bridge.dir/pico-sdk/lib/tinyusb/src/device/usbd_control.c.obj
                0x20005a90                tud_control_status
 .text.tud_control_xfer
                0x20005abc       0xac CMakeFiles/uart_bridge.dir/pico-sdk/lib/tinyusb/src/device/usbd_control.c.obj
                0x20005abc                tud_control_xfer
 .text.usbd_control_reset
                0x20005b68       0x14 CMakeFiles/uart_bridge.dir/pico-sdk/lib/tinyusb/src/device/usbd_control.c.obj
                0x20005b68                usbd_control_reset
 .text.usbd_control_set_complete_callback
                0x20005b7c        0xc CMakeFiles/uart_bridge.dir/pico-sdk/lib/tinyusb/src/device/usbd_control.c.obj
                0x20005b7c                usbd_control_set_complete_callback
 .text.usbd_control_set_request
                0x20005b88       0x1c CMakeFiles/uart_bridge.dir/pico-sdk/lib/tinyusb/src/device/usbd_control.c.obj
                0x20005b88                usbd_control_set_request
 .text.usbd_control_xfer_cb
                0x20005ba4       0xf4 CMakeFiles/uart_bridge.dir/pico-sdk/lib/tinyusb/src/device/usbd_control.c.obj
                0x20005ba4                usbd_control_xfer_cb
 .text.tud_cdc_n_get_line_coding
                0x20005c98       0x20 CMakeFiles/uart_bridge.dir/pico-sdk/lib/tinyusb/src/class/cdc/cdc_device.c.obj
                0x20005c98                tud_cdc_n_get_line_coding
 .text.tud_cdc_n_available
                0x20005cb8       0x18 CMakeFiles/uart_bridge.dir/pico-sdk/lib/tinyusb/src/class/cdc/cdc_device.c.obj
                0x20005cb8                tud_cdc_n_available
 .text.tud_cdc_n_read
                0x20005cd0       0x74 CMakeFiles/uart_bridge.dir/pico-sdk/lib/tinyusb/src/class/cdc/cdc_device.c.obj
                0x20005cd0                tud_cdc_n_read
 .text.tud_cdc_n_write_flush
                0x20005d44       0x7c CMakeFiles/uart_bridge.dir/pico-sdk/lib/tinyusb/src/class/cdc/cdc_device.c.obj
                0x20005d44                tud_cdc_n_write_flush
 .text.tud_cdc_n_write
                0x20005dc0       0x34 CMakeFiles/uart_bridge.dir/pico-sdk/lib/tinyusb/src/class/cdc/cdc_device.c.obj
                0x20005dc0                tud_cdc_n_write
 .text.cdcd_init
                0x20005df4       0x80 CMakeFiles/uart_bridge.dir/pico-sdk/lib/tinyusb/src/class/cdc/cdc_device.c.obj
                0x20005df4                cdcd_init
 .text.cdcd_reset
                0x20005e74       0x2c CMakeFiles/uart_bridge.dir/pico-sdk/lib/tinyusb/src/class/cdc/cdc_device.c.obj
                0x20005e74                cdcd_reset
 .text.cdcd_open
                0x20005ea0       0xe4 CMakeFiles/uart_bridge.dir/pico-sdk/lib/tinyusb/src/class/cdc/cdc_device.c.obj
                0x20005ea0                cdcd_open
 .text.cdcd_control_xfer_cb
                0x20005f84       0xe4 CMakeFiles/uart_bridge.dir/pico-sdk/lib/tinyusb/src/class/cdc/cdc_device.c.obj
                0x20005f84                cdcd_control_xfer_cb
 .text.cdcd_xfer_cb
                0x20006068      0x140 CMakeFiles/uart_bridge.dir/pico-sdk/lib/tinyusb/src/class/cdc/cdc_device.c.obj
                0x20006068                cdcd_xfer_cb
 .text.tusb_init
                0x200061a8        0xc CMakeFiles/uart_bridge.dir/pico-sdk/lib/tinyusb/src/tusb.c.obj
                0x200061a8                tusb_init
 .text.tusb_inited
                0x200061b4        0x8 CMakeFiles/uart_bridge.dir/pico-sdk/lib/tinyusb/src/tusb.c.obj
                0x200061b4                tusb_inited
 .text.tu_edpt_claim
                0x200061bc       0x50 CMakeFiles/uart_bridge.dir/pico-sdk/lib/tinyusb/src/tusb.c.obj
                0x200061bc                tu_edpt_claim
 .text.tu_edpt_release
                0x2000620c       0x38 CMakeFiles/uart_bridge.dir/pico-sdk/lib/tinyusb/src/tusb.c.obj
                0x2000620c                tu_edpt_release
 .text.tu_edpt_validate
                0x20006244       0x7c CMakeFiles/uart_bridge.dir/pico-sdk/lib/tinyusb/src/tusb.c.obj
                0x20006244                tu_edpt_validate
 .text.tu_edpt_bind_driver
                0x200062c0       0x34 CMakeFiles/uart_bridge.dir/pico-sdk/lib/tinyusb/src/tusb.c.obj
                0x200062c0                tu_edpt_bind_driver
 .text.tu_fifo_config
                0x200062f4       0x6c CMakeFiles/uart_bridge.dir/pico-sdk/lib/tinyusb/src/common/tusb_fifo.c.obj
                0x200062f4                tu_fifo_config
 .text.tu_fifo_count
                0x20006360       0x2c CMakeFiles/uart_bridge.dir/pico-sdk/lib/tinyusb/src/common/tusb_fifo.c.obj
                0x20006360                tu_fifo_count
 .text.tu_fifo_empty
                0x2000638c       0x10 CMakeFiles/uart_bridge.dir/pico-sdk/lib/tinyusb/src/common/tusb_fifo.c.obj
                0x2000638c                tu_fifo_empty
 .text.tu_fifo_remaining
                0x2000639c       0x2c CMakeFiles/uart_bridge.dir/pico-sdk/lib/tinyusb/src/common/tusb_fifo.c.obj
                0x2000639c                tu_fifo_remaining
 .text.tu_fifo_read
                0x200063c8       0x9c CMakeFiles/uart_bridge.dir/pico-sdk/lib/tinyusb/src/common/tusb_fifo.c.obj
                0x200063c8                tu_fifo_read
 .text.tu_fifo_read_n
                0x20006464       0xe8 CMakeFiles/uart_bridge.dir/pico-sdk/lib/tinyusb/src/common/tusb_fifo.c.obj
                0x20006464                tu_fifo_read_n
 .text.tu_fifo_write
                0x2000654c       0xa8 CMakeFiles/uart_bridge.dir/pico-sdk/lib/tinyusb/src/common/tusb_fifo.c.obj
                0x2000654c                tu_fifo_write
 .text.tu_fifo_write_n
                0x200065f4      0x178 CMakeFiles/uart_bridge.dir/pico-sdk/lib/tinyusb/src/common/tusb_fifo.c.obj
                0x200065f4                tu_fifo_write_n
 .text.tu_fifo_clear
                0x2000676c       0x40 CMakeFiles/uart_bridge.dir/pico-sdk/lib/tinyusb/src/common/tusb_fifo.c.obj
                0x2000676c                tu_fifo_clear
 .text.tu_fifo_set_overwritable
                0x200067ac       0x48 CMakeFiles/uart_bridge.dir/pico-sdk/lib/tinyusb/src/common/tusb_fifo.c.obj
                0x200067ac                tu_fifo_set_overwritable
 .text          0x200067f4        0x4 /usr/lib/gcc/arm-none-eabi/13.2.1/thumb/v6-m/nofp/libgcc.a(_dvmd_tls.o)
                0x200067f4                __aeabi_ldiv0
                0x200067f4                __aeabi_idiv0
 .text          0x200067f8       0xb0 /usr/lib/gcc/arm-none-eabi/13.2.1/../../../arm-none-eabi/lib/thumb/v6-m/nofp/libc.a(libc_a-memmove.o)
                0x200067f8                memmove
 .text          0x200068a8       0x10 /usr/lib/gcc/arm-none-eabi/13.2.1/../../../arm-none-eabi/lib/thumb/v6-m/nofp/libc.a(libc_a-atexit.o)
                0x200068a8                atexit
 .text          0x200068b8       0x5c /usr/lib/gcc/arm-none-eabi/13.2.1/../../../arm-none-eabi/lib/thumb/v6-m/nofp/libc.a(libc_a-strlen-stub.o)
                0x200068b8                strlen
 .text          0x20006914       0x28 /usr/lib/gcc/arm-none-eabi/13.2.1/../../../arm-none-eabi/lib/thumb/v6-m/nofp/libc.a(libc_a-fini.o)
                0x20006914                __libc_fini_array
 .text          0x2000693c       0x78 /usr/lib/gcc/arm-none-eabi/13.2.1/../../../arm-none-eabi/lib/thumb/v6-m/nofp/libc.a(libc_a-__atexit.o)
                0x2000693c                __register_exitproc
 .text.startup  0x200069b4       0x18 /usr/lib/gcc/arm-none-eabi/13.2.1/../../../arm-none-eabi/lib/thumb/v6-m/nofp/libc.a(libc_a-__call_atexit.o)
 *(.fini)
 .fini          0x200069cc        0x4 /usr/lib/gcc/arm-none-eabi/13.2.1/thumb/v6-m/nofp/crti.o
                0x200069cc                _fini
 *crtbegin.o(.ctors)
 *crtbegin?.o(.ctors)
 *(EXCLUDE_FILE(*crtend.o *crtend?.o) .ctors)
 *(SORT_BY_NAME(.ctors.*))
 *(.ctors)
 *crtbegin.o(.dtors)
 *crtbegin?.o(.dtors)
 *(EXCLUDE_FILE(*crtend.o *crtend?.o) .dtors)
 *(SORT_BY_NAME(.dtors.*))
 *(.dtors)
 *(.eh_frame*)
 .eh_frame      0x200069d0        0x0 /usr/lib/gcc/arm-none-eabi/13.2.1/thumb/v6-m/nofp/crtbegin.o
                0x200069d0                        . = ALIGN (0x4)
                0x200069d0                        __ram_text_end__ = .
                0x100002f4                        __ram_text_source__ = LOADADDR (.text)

.glue_7         0x200069d0        0x0 load address 0x10006c04
 .glue_7        0x200069d0        0x0 linker stubs

.glue_7t        0x200069d0        0x0 load address 0x10006c04
 .glue_7t       0x200069d0        0x0 linker stubs

.vfp11_veneer   0x200069d0        0x0 load address 0x10006c04
 .vfp11_veneer  0x200069d0        0x0 linker stubs

.v4_bx          0x200069d0        0x0 load address 0x10006c04
 .v4_bx         0x200069d0        0x0 linker stubs

.iplt           0x200069d0        0x0 load address 0x10006c04
 .iplt          0x200069d0        0x0 /usr/lib/gcc/arm-none-eabi/13.2.1/thumb/v6-m/nofp/crtbegin.o

.rel.dyn        0x200069d0        0x0 load address 0x10006c04
 .rel.iplt      0x200069d0        0x0 /usr/lib/gcc/arm-none-eabi/13.2.1/thumb/v6-m/nofp/crtbegin.o
                0x200069d0                        . = ALIGN (0x4)

.data           0x200069d0     0x12a0 load address 0x10006c04
                0x200069d0                        __data_start__ = .
 *(vtable)
 *(.time_critical*)
 .time_critical.flash_init_boot2_copyout
                0x200069d0       0x30 CMakeFiles/uart_bridge.dir/pico-sdk/src/rp2_common/hardware_flash/flash.c.obj
 .time_critical.flash_enable_xip_via_boot2
                0x20006a00        0xc CMakeFiles/uart_bridge.dir/pico-sdk/src/rp2_common/hardware_flash/flash.c.obj
 .time_critical.flash_cs_force
                0x20006a0c       0x38 CMakeFiles/uart_bridge.dir/pico-sdk/src/rp2_common/hardware_flash/flash.c.obj
 .time_critical.flash_do_cmd
                0x20006a44       0xc0 CMakeFiles/uart_bridge.dir/pico-sdk/src/rp2_common/hardware_flash/flash.c.obj
                0x20006a44                flash_do_cmd
 .time_critical.mutex_enter_blocking
                0x20006b04       0x48 CMakeFiles/uart_bridge.dir/pico-sdk/src/common/pico_sync/mutex.c.obj
                0x20006b04                mutex_enter_blocking
 .time_critical.mutex_try_enter
                0x20006b4c       0x40 CMakeFiles/uart_bridge.dir/pico-sdk/src/common/pico_sync/mutex.c.obj
                0x20006b4c                mutex_try_enter
 .time_critical.mutex_try_enter_block_until
                0x20006b8c       0x9c CMakeFiles/uart_bridge.dir/pico-sdk/src/common/pico_sync/mutex.c.obj
                0x20006b8c                mutex_try_enter_block_until
 .time_critical.mutex_enter_timeout_ms
                0x20006c28       0x90 CMakeFiles/uart_bridge.dir/pico-sdk/src/common/pico_sync/mutex.c.obj
                0x20006c28                mutex_enter_timeout_ms
 .time_critical.mutex_exit
                0x20006cb8       0x28 CMakeFiles/uart_bridge.dir/pico-sdk/src/common/pico_sync/mutex.c.obj
                0x20006cb8                mutex_exit
 .time_critical.reset_non_control_endpoints
                0x20006ce0       0x68 CMakeFiles/uart_bridge.dir/pico-sdk/lib/tinyusb/src/portable/raspberrypi/rp2040/dcd_rp2040.c.obj
 .time_critical.hw_handle_buff_status
                0x20006d48       0xb0 CMakeFiles/uart_bridge.dir/pico-sdk/lib/tinyusb/src/portable/raspberrypi/rp2040/dcd_rp2040.c.obj
 .time_critical.dcd_rp2040_irq
                0x20006df8      0x510 CMakeFiles/uart_bridge.dir/pico-sdk/lib/tinyusb/src/portable/raspberrypi/rp2040/dcd_rp2040.c.obj
 .time_critical.e15_is_bulkin_ep
                0x20007308       0x28 CMakeFiles/uart_bridge.dir/pico-sdk/lib/tinyusb/src/portable/raspberrypi/rp2040/rp2040_usb.c.obj
 .time_critical.e15_is_critical_frame_period
                0x20007330       0x34 CMakeFiles/uart_bridge.dir/pico-sdk/lib/tinyusb/src/portable/raspberrypi/rp2040/rp2040_usb.c.obj
 .time_critical.prepare_ep_buffer
                0x20007364       0x6c CMakeFiles/uart_bridge.dir/pico-sdk/lib/tinyusb/src/portable/raspberrypi/rp2040/rp2040_usb.c.obj
 .time_critical.sync_ep_buffer
                0x200073d0       0x48 CMakeFiles/uart_bridge.dir/pico-sdk/lib/tinyusb/src/portable/raspberrypi/rp2040/rp2040_usb.c.obj
 .time_critical._hw_endpoint_xfer_sync
                0x20007418       0x28 CMakeFiles/uart_bridge.dir/pico-sdk/lib/tinyusb/src/portable/raspberrypi/rp2040/rp2040_usb.c.obj
 .time_critical.hw_endpoint_reset_transfer
                0x20007440        0xc CMakeFiles/uart_bridge.dir/pico-sdk/lib/tinyusb/src/portable/raspberrypi/rp2040/rp2040_usb.c.obj
                0x20007440                hw_endpoint_reset_transfer
 .time_critical._hw_endpoint_buffer_control_update32
                0x2000744c       0x58 CMakeFiles/uart_bridge.dir/pico-sdk/lib/tinyusb/src/portable/raspberrypi/rp2040/rp2040_usb.c.obj
                0x2000744c                _hw_endpoint_buffer_control_update32
 .time_critical.hw_endpoint_start_next_buffer
                0x200074a4       0x6c CMakeFiles/uart_bridge.dir/pico-sdk/lib/tinyusb/src/portable/raspberrypi/rp2040/rp2040_usb.c.obj
                0x200074a4                hw_endpoint_start_next_buffer
 .time_critical.hw_endpoint_xfer_continue
                0x20007510       0x50 CMakeFiles/uart_bridge.dir/pico-sdk/lib/tinyusb/src/portable/raspberrypi/rp2040/rp2040_usb.c.obj
                0x20007510                hw_endpoint_xfer_continue
 .time_critical.tinyusb
                0x20007560      0x16c CMakeFiles/uart_bridge.dir/pico-sdk/lib/tinyusb/src/device/usbd.c.obj
                0x20007560                dcd_event_handler
                0x200076cc                        . = ALIGN (0x4)
 *(.rodata*)
 .rodata.UART_ID
                0x200076cc       0x10 CMakeFiles/uart_bridge.dir/uart-bridge.c.obj
                0x200076cc                UART_ID
 .rodata.usbd_serial_init.str1.4
                0x200076dc      0x167 CMakeFiles/uart_bridge.dir/usb-descriptors.c.obj
                                 0x21 (size before relaxing)
 .rodata.str1.4
                0x20007843       0x22 CMakeFiles/uart_bridge.dir/usb-descriptors.c.obj
 *fill*         0x20007843        0x1 
 .rodata.usbd_desc_str
                0x20007844       0x14 CMakeFiles/uart_bridge.dir/usb-descriptors.c.obj
 .rodata.usbd_desc_cfg
                0x20007858       0x4b CMakeFiles/uart_bridge.dir/usb-descriptors.c.obj
 *fill*         0x200078a3        0x1 
 .rodata.usbd_desc_device
                0x200078a4       0x12 CMakeFiles/uart_bridge.dir/usb-descriptors.c.obj
 .rodata.spin_lock_claim_unused.str1.4
                0x200078b6       0x1b CMakeFiles/uart_bridge.dir/pico-sdk/src/rp2_common/hardware_sync/sync.c.obj
 .rodata.hardware_alarm_claim.str1.4
                0x200078b6       0x22 CMakeFiles/uart_bridge.dir/pico-sdk/src/rp2_common/hardware_timer/timer.c.obj
 .rodata.panic.str1.4
                0x200078b6       0x12 CMakeFiles/uart_bridge.dir/pico-sdk/src/rp2_common/pico_runtime/runtime.c.obj
 .rodata.hard_assertion_failure.str1.4
                0x200078b6        0xc CMakeFiles/uart_bridge.dir/pico-sdk/src/rp2_common/pico_runtime/runtime.c.obj
 .rodata._ftoa.str1.4
                0x200078b6       0x15 CMakeFiles/uart_bridge.dir/pico-sdk/src/rp2_common/pico_printf/printf.c.obj
 *fill*         0x200078b6        0x2 
 .rodata._vsnprintf
                0x200078b8      0x19c CMakeFiles/uart_bridge.dir/pico-sdk/src/rp2_common/pico_printf/printf.c.obj
 *fill*         0x20007a54        0x4 
 .rodata.pow10.0
                0x20007a58       0x50 CMakeFiles/uart_bridge.dir/pico-sdk/src/rp2_common/pico_printf/printf.c.obj
 .rodata.str1.4
                0x20007aa8       0x40 CMakeFiles/uart_bridge.dir/pico-sdk/src/rp2_common/pico_standard_link/binary_info.c.obj
 .rodata.__bi_81
                0x20007aa8        0xc CMakeFiles/uart_bridge.dir/pico-sdk/src/rp2_common/pico_standard_link/binary_info.c.obj
 .rodata.__bi_75
                0x20007ab4        0xc CMakeFiles/uart_bridge.dir/pico-sdk/src/rp2_common/pico_standard_link/binary_info.c.obj
 .rodata.__bi_44
                0x20007ac0        0xc CMakeFiles/uart_bridge.dir/pico-sdk/src/rp2_common/pico_standard_link/binary_info.c.obj
 .rodata.crlf_str.0
                0x20007acc        0x2 CMakeFiles/uart_bridge.dir/pico-sdk/src/rp2_common/pico_stdio/stdio.c.obj
 .rodata.str1.4
                0x20007ace       0x14 CMakeFiles/uart_bridge.dir/pico-sdk/lib/tinyusb/src/portable/raspberrypi/rp2040/dcd_rp2040.c.obj
 .rodata.str1.4
                0x20007ace       0x53 CMakeFiles/uart_bridge.dir/pico-sdk/lib/tinyusb/src/portable/raspberrypi/rp2040/rp2040_usb.c.obj
 *fill*         0x20007ace        0x2 
 .rodata.tud_task_ext
                0x20007ad0       0x8c CMakeFiles/uart_bridge.dir/pico-sdk/lib/tinyusb/src/device/usbd.c.obj
 .rodata._usbd_driver
                0x20007b5c       0x18 CMakeFiles/uart_bridge.dir/pico-sdk/lib/tinyusb/src/device/usbd.c.obj
                0x20007b74                        . = ALIGN (0x4)
 *(.data*)
 .data.usbd_serial
                0x20007b74       0x11 CMakeFiles/uart_bridge.dir/usb-descriptors.c.obj
 .data.striped_spin_lock_num
                0x20007b85        0x1 CMakeFiles/uart_bridge.dir/pico-sdk/src/rp2_common/hardware_sync/sync.c.obj
 *fill*         0x20007b86        0x2 
 .data.default_alarm_pool
                0x20007b88       0x18 CMakeFiles/uart_bridge.dir/pico-sdk/src/common/pico_time/time.c.obj
 .data.default_alarm_pool_heap
                0x20007ba0       0x10 CMakeFiles/uart_bridge.dir/pico-sdk/src/common/pico_time/time.c.obj
 .data          0x20007bb0       0x48 CMakeFiles/uart_bridge.dir/pico-sdk/src/rp2_common/hardware_irq/irq_handler_chain.S.obj
                0x20007bb0                irq_handler_chain_slots
                0x20007be0                irq_handler_chain_first_slot
                0x20007bea                irq_handler_chain_remove_tail
 *fill*         0x20007bf8        0x8 
 .data.aeabi_bits_funcs
                0x20007c00       0x10 CMakeFiles/uart_bridge.dir/pico-sdk/src/rp2_common/pico_bit_ops/bit_ops_aeabi.S.obj
                0x20007c00                aeabi_bits_funcs
                0x20007c10                aeabi_bits_funcs_end
 .data.aeabi_mem_funcs
                0x20007c10       0x10 CMakeFiles/uart_bridge.dir/pico-sdk/src/rp2_common/pico_mem_ops/mem_ops_aeabi.S.obj
                0x20007c10                aeabi_mem_funcs
                0x20007c20                aeabi_mem_funcs_end
 .data.ep_dir_string
                0x20007c20        0x8 CMakeFiles/uart_bridge.dir/pico-sdk/lib/tinyusb/src/portable/raspberrypi/rp2040/rp2040_usb.c.obj
                0x20007c20                ep_dir_string
 .data._usbd_qdef
                0x20007c28       0x1c CMakeFiles/uart_bridge.dir/pico-sdk/lib/tinyusb/src/device/usbd.c.obj
                0x20007c28                _usbd_qdef
 .data._usbd_rhport
                0x20007c44        0x1 CMakeFiles/uart_bridge.dir/pico-sdk/lib/tinyusb/src/device/usbd.c.obj
                0x20007c48                        . = ALIGN (0x4)
 *fill*         0x20007c45        0x3 
 *(.after_data.*)
                0x20007c48                        . = ALIGN (0x4)
                0x20007c48                        PROVIDE (__mutex_array_start = .)
 *(SORT_BY_NAME(.mutex_array.*))
 *(.mutex_array)
 .mutex_array   0x20007c48        0x8 CMakeFiles/uart_bridge.dir/pico-sdk/src/rp2_common/pico_malloc/pico_malloc.c.obj
 .mutex_array   0x20007c50        0x8 CMakeFiles/uart_bridge.dir/pico-sdk/src/rp2_common/pico_stdio/stdio.c.obj
                0x20007c58                        PROVIDE (__mutex_array_end = .)
                0x20007c58                        . = ALIGN (0x4)
                0x20007c58                        PROVIDE (__preinit_array_start = .)
 *(SORT_BY_NAME(.preinit_array.*))
 .preinit_array.00001
                0x20007c58        0x4 CMakeFiles/uart_bridge.dir/pico-sdk/src/rp2_common/pico_mem_ops/mem_ops_aeabi.S.obj
 .preinit_array.00010
                0x20007c5c        0x4 CMakeFiles/uart_bridge.dir/pico-sdk/src/rp2_common/pico_bit_ops/bit_ops_aeabi.S.obj
 .preinit_array.00020
                0x20007c60        0x4 CMakeFiles/uart_bridge.dir/pico-sdk/src/rp2_common/pico_double/double_aeabi.S.obj
 .preinit_array.00020
                0x20007c64        0x4 CMakeFiles/uart_bridge.dir/pico-sdk/src/rp2_common/pico_float/float_aeabi.S.obj
 *(.preinit_array)
                0x20007c68                        PROVIDE (__preinit_array_end = .)
                0x20007c68                        . = ALIGN (0x4)
                0x20007c68                        PROVIDE (__init_array_start = .)
 *(SORT_BY_NAME(.init_array.*))
 .init_array.00000
                0x20007c68        0x4 /usr/lib/gcc/arm-none-eabi/13.2.1/../../../arm-none-eabi/lib/thumb/v6-m/nofp/libc.a(libc_a-__call_atexit.o)
 *(.init_array)
 .init_array    0x20007c6c        0x4 /usr/lib/gcc/arm-none-eabi/13.2.1/thumb/v6-m/nofp/crtbegin.o
                0x20007c70                        PROVIDE (__init_array_end = .)
                0x20007c70                        . = ALIGN (0x4)
                0x20007c70                        PROVIDE (__fini_array_start = .)
 *(SORT_BY_NAME(.fini_array.*))
 *(.fini_array)
                0x20007c70                        PROVIDE (__fini_array_end = .)
 *(.jcr)
                0x20007c70                        . = ALIGN (0x4)
                0x20007c70                        __data_end__ = .
                0x10006c04                        __etext = LOADADDR (.data)

.tm_clone_table
                0x20007c70        0x0 load address 0x10007ea4
 .tm_clone_table
                0x20007c70        0x0 /usr/lib/gcc/arm-none-eabi/13.2.1/thumb/v6-m/nofp/crtbegin.o
 .tm_clone_table
                0x20007c70        0x0 /usr/lib/gcc/arm-none-eabi/13.2.1/thumb/v6-m/nofp/crtend.o

.igot.plt       0x20007c70        0x0 load address 0x10007ea4
 .igot.plt      0x20007c70        0x0 /usr/lib/gcc/arm-none-eabi/13.2.1/thumb/v6-m/nofp/crtbegin.o

.uninitialized_data
                0x20007c70        0x0 load address 0x10007ea4
                0x20007c70                        . = ALIGN (0x4)
 *(.uninitialized_data*)

.scratch_x      0x20040000        0x0 load address 0x10007ea4
                0x20040000                        __scratch_x_start__ = .
 *(.scratch_x.*)
                0x20040000                        . = ALIGN (0x4)
                0x20040000                        __scratch_x_end__ = .
                0x10007ea4                        __scratch_x_source__ = LOADADDR (.scratch_x)

.scratch_y      0x20041000        0x0 load address 0x10007ea4
                0x20041000                        __scratch_y_start__ = .
 *(.scratch_y.*)
                0x20041000                        . = ALIGN (0x4)
                0x20041000                        __scratch_y_end__ = .
                0x10007ea4                        __scratch_y_source__ = LOADADDR (.scratch_y)

.bss            0x20007c70     0x2910
                0x20007c70                        . = ALIGN (0x4)
                0x20007c70                        __bss_start__ = .
 *(SORT_BY_ALIGNMENT(SORT_BY_NAME(.bss*)))
 .bss.configured_freq
                0x20007c70       0x28 CMakeFiles/uart_bridge.dir/pico-sdk/src/rp2_common/hardware_clocks/clocks.c.obj
 .bss.default_alarm_pool_entries
                0x20007c98      0x100 CMakeFiles/uart_bridge.dir/pico-sdk/src/common/pico_time/time.c.obj
 .bss.sd_table  0x20007d98      0x100 CMakeFiles/uart_bridge.dir/pico-sdk/src/rp2_common/pico_double/double_init_rom.c.obj
                0x20007d98                sd_table
 .bss.sf_table  0x20007e98      0x100 CMakeFiles/uart_bridge.dir/pico-sdk/src/rp2_common/pico_float/float_init_rom.c.obj
                0x20007e98                sf_table
 .bss           0x20007f98       0x1c /usr/lib/gcc/arm-none-eabi/13.2.1/thumb/v6-m/nofp/crtbegin.o
 .bss           0x20007fb4      0x190 /usr/lib/gcc/arm-none-eabi/13.2.1/../../../arm-none-eabi/lib/thumb/v6-m/nofp/libc.a(libc_a-__atexit.o)
                0x20007fb4                __atexit0
 .bss           0x20008144        0x4 /usr/lib/gcc/arm-none-eabi/13.2.1/../../../arm-none-eabi/lib/thumb/v6-m/nofp/libc.a(libc_a-__call_atexit.o)
                0x20008144                __atexit
 .bss.UART_DATA
                0x20008148     0x1430 CMakeFiles/uart_bridge.dir/uart-bridge.c.obj
                0x20008148                UART_DATA
 .bss._app_driver
                0x20009578        0x4 CMakeFiles/uart_bridge.dir/pico-sdk/lib/tinyusb/src/device/usbd.c.obj
 .bss._cdcd_itf
                0x2000957c      0x8c8 CMakeFiles/uart_bridge.dir/pico-sdk/lib/tinyusb/src/class/cdc/cdc_device.c.obj
 .bss._ctrl_xfer
                0x20009e44       0x14 CMakeFiles/uart_bridge.dir/pico-sdk/lib/tinyusb/src/device/usbd_control.c.obj
 .bss._ubsd_mutexdef
                0x20009e58        0x8 CMakeFiles/uart_bridge.dir/pico-sdk/lib/tinyusb/src/device/usbd.c.obj
 .bss._usbd_ctrl_buf
                0x20009e60       0x40 CMakeFiles/uart_bridge.dir/pico-sdk/lib/tinyusb/src/device/usbd_control.c.obj
 .bss._usbd_dev
                0x20009ea0       0x53 CMakeFiles/uart_bridge.dir/pico-sdk/lib/tinyusb/src/device/usbd.c.obj
 *fill*         0x20009ef3        0x1 
 .bss._usbd_mutex
                0x20009ef4        0x4 CMakeFiles/uart_bridge.dir/pico-sdk/lib/tinyusb/src/device/usbd.c.obj
 .bss._usbd_q   0x20009ef8        0x4 CMakeFiles/uart_bridge.dir/pico-sdk/lib/tinyusb/src/device/usbd.c.obj
 .bss._usbd_qdef_buf
                0x20009efc       0xc0 CMakeFiles/uart_bridge.dir/pico-sdk/lib/tinyusb/src/device/usbd.c.obj
                0x20009efc                _usbd_qdef_buf
 .bss.alarm_callbacks
                0x20009fbc       0x10 CMakeFiles/uart_bridge.dir/pico-sdk/src/rp2_common/hardware_timer/timer.c.obj
 .bss.boot2_copyout
                0x20009fcc      0x100 CMakeFiles/uart_bridge.dir/pico-sdk/src/rp2_common/hardware_flash/flash.c.obj
 .bss.claimed   0x2000a0cc        0x4 CMakeFiles/uart_bridge.dir/pico-sdk/src/rp2_common/hardware_sync/sync.c.obj
 .bss.default_alarm_pool_entry_ids_high
                0x2000a0d0       0x10 CMakeFiles/uart_bridge.dir/pico-sdk/src/common/pico_time/time.c.obj
 .bss.default_alarm_pool_heap_nodes
                0x2000a0e0       0x30 CMakeFiles/uart_bridge.dir/pico-sdk/src/common/pico_time/time.c.obj
 .bss.desc_str.0
                0x2000a110       0x28 CMakeFiles/uart_bridge.dir/usb-descriptors.c.obj
 .bss.drivers   0x2000a138        0x4 CMakeFiles/uart_bridge.dir/pico-sdk/src/rp2_common/pico_stdio/stdio.c.obj
 .bss.e15_last_sof
                0x2000a13c        0x4 CMakeFiles/uart_bridge.dir/pico-sdk/lib/tinyusb/src/portable/raspberrypi/rp2040/rp2040_usb.c.obj
                0x2000a13c                e15_last_sof
 .bss.filter    0x2000a140        0x4 CMakeFiles/uart_bridge.dir/pico-sdk/src/rp2_common/pico_stdio/stdio.c.obj
 .bss.hw_endpoints
                0x2000a144      0x400 CMakeFiles/uart_bridge.dir/pico-sdk/lib/tinyusb/src/portable/raspberrypi/rp2040/dcd_rp2040.c.obj
 .bss.lazy_vsnprintf
                0x2000a544        0x4 CMakeFiles/uart_bridge.dir/pico-sdk/src/rp2_common/pico_printf/printf.c.obj
 .bss.next_buffer_ptr
                0x2000a548        0x4 CMakeFiles/uart_bridge.dir/pico-sdk/lib/tinyusb/src/portable/raspberrypi/rp2040/dcd_rp2040.c.obj
 .bss.pools     0x2000a54c       0x10 CMakeFiles/uart_bridge.dir/pico-sdk/src/common/pico_time/time.c.obj
 .bss.sf_clz_func
                0x2000a55c        0x4 CMakeFiles/uart_bridge.dir/pico-sdk/src/rp2_common/pico_double/double_init_rom.c.obj
                0x2000a55c                sf_clz_func
 .bss.sleep_notifier
                0x2000a560        0x4 CMakeFiles/uart_bridge.dir/pico-sdk/src/common/pico_time/time.c.obj
 .bss.target_hi
                0x2000a564       0x10 CMakeFiles/uart_bridge.dir/pico-sdk/src/rp2_common/hardware_timer/timer.c.obj
 .bss.uart_char_to_line_feed
                0x2000a574        0x4 CMakeFiles/uart_bridge.dir/pico-sdk/src/rp2_common/hardware_uart/uart.c.obj
                0x2000a574                uart_char_to_line_feed
 .bss._app_driver_count
                0x2000a578        0x1 CMakeFiles/uart_bridge.dir/pico-sdk/lib/tinyusb/src/device/usbd.c.obj
 .bss._sof_enable
                0x2000a579        0x1 CMakeFiles/uart_bridge.dir/pico-sdk/lib/tinyusb/src/portable/raspberrypi/rp2040/dcd_rp2040.c.obj
 .bss.boot2_copyout_valid
                0x2000a57a        0x1 CMakeFiles/uart_bridge.dir/pico-sdk/src/rp2_common/hardware_flash/flash.c.obj
 .bss.claimed   0x2000a57b        0x1 CMakeFiles/uart_bridge.dir/pico-sdk/src/rp2_common/hardware_timer/timer.c.obj
 .bss.irq_hander_chain_free_slot_head
                0x2000a57c        0x1 CMakeFiles/uart_bridge.dir/pico-sdk/src/rp2_common/hardware_irq/irq.c.obj
 .bss.timer_callbacks_pending
                0x2000a57d        0x1 CMakeFiles/uart_bridge.dir/pico-sdk/src/rp2_common/hardware_timer/timer.c.obj
 *(COMMON)
                0x2000a580                        . = ALIGN (0x4)
 *fill*         0x2000a57e        0x2 
                0x2000a580                        __bss_end__ = .

.heap           0x2000a580      0x800
                0x2000a580                        __end__ = .
                0x2000a580                        end = __end__
 *(.heap*)
 .heap          0x2000a580      0x800 CMakeFiles/uart_bridge.dir/pico-sdk/src/rp2_common/pico_standard_link/crt0.S.obj
                0x2000ad80                        __HeapLimit = .

.stack1_dummy   0x20040000      0x800
 *(.stack1*)
 .stack1        0x20040000      0x800 CMakeFiles/uart_bridge.dir/pico-sdk/src/rp2_common/pico_multicore/multicore.c.obj

.stack_dummy    0x20041000      0x800
 *(.stack*)
 .stack         0x20041000      0x800 CMakeFiles/uart_bridge.dir/pico-sdk/src/rp2_common/pico_standard_link/crt0.S.obj

.flash_end      0x10007ea4        0x0
                0x10007ea4                        __flash_binary_end = .
                0x20040000                        __StackLimit = (ORIGIN (RAM) + LENGTH (RAM))
                0x20041000                        __StackOneTop = (ORIGIN (SCRATCH_X) + LENGTH (SCRATCH_X))
                0x20042000                        __StackTop = (ORIGIN (SCRATCH_Y) + LENGTH (SCRATCH_Y))
                0x20040800                        __StackOneBottom = (__StackOneTop - SIZEOF (.stack1_dummy))
                0x20041800                        __StackBottom = (__StackTop - SIZEOF (.stack_dummy))
                0x20042000                        PROVIDE (__stack = __StackTop)
                0x00000001                        ASSERT ((__StackLimit >= __HeapLimit), region RAM overflowed)
                0x00000001                        ASSERT (((__binary_info_header_end - __logical_binary_start) <= 0x100), Binary info must be in first 256 bytes of the binary)
LOAD CMakeFiles/uart_bridge.dir/uart-bridge.c.obj
LOAD CMakeFiles/uart_bridge.dir/usb-descriptors.c.obj
LOAD CMakeFiles/uart_bridge.dir/pico-sdk/src/rp2_common/hardware_flash/flash.c.obj
LOAD CMakeFiles/uart_bridge.dir/pico-sdk/src/rp2_common/pico_platform/platform.c.obj
LOAD CMakeFiles/uart_bridge.dir/pico-sdk/src/rp2_common/hardware_claim/claim.c.obj
LOAD CMakeFiles/uart_bridge.dir/pico-sdk/src/rp2_common/hardware_sync/sync.c.obj
LOAD CMakeFiles/uart_bridge.dir/pico-sdk/src/rp2_common/pico_bootrom/bootrom.c.obj
LOAD CMakeFiles/uart_bridge.dir/pico-sdk/src/rp2_common/pico_multicore/multicore.c.obj
LOAD CMakeFiles/uart_bridge.dir/pico-sdk/src/common/pico_sync/sem.c.obj
LOAD CMakeFiles/uart_bridge.dir/pico-sdk/src/common/pico_sync/lock_core.c.obj
LOAD CMakeFiles/uart_bridge.dir/pico-sdk/src/common/pico_sync/mutex.c.obj
LOAD CMakeFiles/uart_bridge.dir/pico-sdk/src/common/pico_sync/critical_section.c.obj
LOAD CMakeFiles/uart_bridge.dir/pico-sdk/src/common/pico_time/time.c.obj
LOAD CMakeFiles/uart_bridge.dir/pico-sdk/src/common/pico_time/timeout_helper.c.obj
LOAD CMakeFiles/uart_bridge.dir/pico-sdk/src/rp2_common/hardware_timer/timer.c.obj
LOAD CMakeFiles/uart_bridge.dir/pico-sdk/src/rp2_common/hardware_irq/irq.c.obj
LOAD CMakeFiles/uart_bridge.dir/pico-sdk/src/rp2_common/hardware_irq/irq_handler_chain.S.obj
LOAD CMakeFiles/uart_bridge.dir/pico-sdk/src/common/pico_util/datetime.c.obj
LOAD CMakeFiles/uart_bridge.dir/pico-sdk/src/common/pico_util/pheap.c.obj
LOAD CMakeFiles/uart_bridge.dir/pico-sdk/src/common/pico_util/queue.c.obj
LOAD CMakeFiles/uart_bridge.dir/pico-sdk/src/rp2_common/pico_stdlib/stdlib.c.obj
LOAD CMakeFiles/uart_bridge.dir/pico-sdk/src/rp2_common/hardware_gpio/gpio.c.obj
LOAD CMakeFiles/uart_bridge.dir/pico-sdk/src/rp2_common/hardware_uart/uart.c.obj
LOAD CMakeFiles/uart_bridge.dir/pico-sdk/src/rp2_common/hardware_clocks/clocks.c.obj
LOAD CMakeFiles/uart_bridge.dir/pico-sdk/src/rp2_common/hardware_pll/pll.c.obj
LOAD CMakeFiles/uart_bridge.dir/pico-sdk/src/rp2_common/hardware_vreg/vreg.c.obj
LOAD CMakeFiles/uart_bridge.dir/pico-sdk/src/rp2_common/hardware_watchdog/watchdog.c.obj
LOAD CMakeFiles/uart_bridge.dir/pico-sdk/src/rp2_common/hardware_xosc/xosc.c.obj
LOAD CMakeFiles/uart_bridge.dir/pico-sdk/src/rp2_common/hardware_divider/divider.S.obj
LOAD CMakeFiles/uart_bridge.dir/pico-sdk/src/rp2_common/pico_runtime/runtime.c.obj
LOAD CMakeFiles/uart_bridge.dir/pico-sdk/src/rp2_common/pico_printf/printf.c.obj
LOAD CMakeFiles/uart_bridge.dir/pico-sdk/src/rp2_common/pico_bit_ops/bit_ops_aeabi.S.obj
LOAD CMakeFiles/uart_bridge.dir/pico-sdk/src/rp2_common/pico_divider/divider.S.obj
LOAD CMakeFiles/uart_bridge.dir/pico-sdk/src/rp2_common/pico_double/double_aeabi.S.obj
LOAD CMakeFiles/uart_bridge.dir/pico-sdk/src/rp2_common/pico_double/double_init_rom.c.obj
LOAD CMakeFiles/uart_bridge.dir/pico-sdk/src/rp2_common/pico_double/double_math.c.obj
LOAD CMakeFiles/uart_bridge.dir/pico-sdk/src/rp2_common/pico_double/double_v1_rom_shim.S.obj
LOAD CMakeFiles/uart_bridge.dir/pico-sdk/src/rp2_common/pico_int64_ops/pico_int64_ops_aeabi.S.obj
LOAD CMakeFiles/uart_bridge.dir/pico-sdk/src/rp2_common/pico_float/float_aeabi.S.obj
LOAD CMakeFiles/uart_bridge.dir/pico-sdk/src/rp2_common/pico_float/float_init_rom.c.obj
LOAD CMakeFiles/uart_bridge.dir/pico-sdk/src/rp2_common/pico_float/float_math.c.obj
LOAD CMakeFiles/uart_bridge.dir/pico-sdk/src/rp2_common/pico_float/float_v1_rom_shim.S.obj
LOAD CMakeFiles/uart_bridge.dir/pico-sdk/src/rp2_common/pico_malloc/pico_malloc.c.obj
LOAD CMakeFiles/uart_bridge.dir/pico-sdk/src/rp2_common/pico_mem_ops/mem_ops_aeabi.S.obj
LOAD CMakeFiles/uart_bridge.dir/pico-sdk/src/rp2_common/pico_standard_link/crt0.S.obj
LOAD CMakeFiles/uart_bridge.dir/pico-sdk/src/rp2_common/pico_standard_link/new_delete.cpp.obj
LOAD CMakeFiles/uart_bridge.dir/pico-sdk/src/rp2_common/pico_standard_link/binary_info.c.obj
LOAD CMakeFiles/uart_bridge.dir/pico-sdk/src/rp2_common/pico_stdio/stdio.c.obj
LOAD CMakeFiles/uart_bridge.dir/pico-sdk/src/rp2_common/pico_stdio_uart/stdio_uart.c.obj
LOAD CMakeFiles/uart_bridge.dir/pico-sdk/lib/tinyusb/src/portable/raspberrypi/rp2040/dcd_rp2040.c.obj
LOAD CMakeFiles/uart_bridge.dir/pico-sdk/lib/tinyusb/src/portable/raspberrypi/rp2040/rp2040_usb.c.obj
LOAD CMakeFiles/uart_bridge.dir/pico-sdk/lib/tinyusb/src/device/usbd.c.obj
LOAD CMakeFiles/uart_bridge.dir/pico-sdk/lib/tinyusb/src/device/usbd_control.c.obj
LOAD CMakeFiles/uart_bridge.dir/pico-sdk/lib/tinyusb/src/class/audio/audio_device.c.obj
LOAD CMakeFiles/uart_bridge.dir/pico-sdk/lib/tinyusb/src/class/cdc/cdc_device.c.obj
LOAD CMakeFiles/uart_bridge.dir/pico-sdk/lib/tinyusb/src/class/dfu/dfu_device.c.obj
LOAD CMakeFiles/uart_bridge.dir/pico-sdk/lib/tinyusb/src/class/dfu/dfu_rt_device.c.obj
LOAD CMakeFiles/uart_bridge.dir/pico-sdk/lib/tinyusb/src/class/hid/hid_device.c.obj
LOAD CMakeFiles/uart_bridge.dir/pico-sdk/lib/tinyusb/src/class/midi/midi_device.c.obj
LOAD CMakeFiles/uart_bridge.dir/pico-sdk/lib/tinyusb/src/class/msc/msc_device.c.obj
LOAD CMakeFiles/uart_bridge.dir/pico-sdk/lib/tinyusb/src/class/net/ecm_rndis_device.c.obj
LOAD CMakeFiles/uart_bridge.dir/pico-sdk/lib/tinyusb/src/class/net/ncm_device.c.obj
LOAD CMakeFiles/uart_bridge.dir/pico-sdk/lib/tinyusb/src/class/usbtmc/usbtmc_device.c.obj
LOAD CMakeFiles/uart_bridge.dir/pico-sdk/lib/tinyusb/src/class/vendor/vendor_device.c.obj
LOAD CMakeFiles/uart_bridge.dir/pico-sdk/lib/tinyusb/src/class/video/video_device.c.obj
LOAD CMakeFiles/uart_bridge.dir/pico-sdk/lib/tinyusb/src/portable/raspberrypi/pio_usb/dcd_pio_usb.c.obj
LOAD CMakeFiles/uart_bridge.dir/pico-sdk/lib/tinyusb/src/tusb.c.obj
LOAD CMakeFiles/uart_bridge.dir/pico-sdk/lib/tinyusb/src/common/tusb_fifo.c.obj
LOAD CMakeFiles/uart_bridge.dir/pico-sdk/src/rp2_common/pico_fix/rp2040_usb_device_enumeration/rp2040_usb_device_enumeration.c.obj
LOAD /tmp/ccQkFooB.o
LOAD /usr/lib/gcc/arm-none-eabi/13.2.1/../../../arm-none-eabi/lib/thumb/v6-m/nofp/libstdc++.a
LOAD /usr/lib/gcc/arm-none-eabi/13.2.1/../../../arm-none-eabi/lib/thumb/v6-m/nofp/libm.a
START GROUP
LOAD /usr/lib/gcc/arm-none-eabi/13.2.1/thumb/v6-m/nofp/libgcc.a
LOAD /usr/lib/gcc/arm-none-eabi/13.2.1/../../../arm-none-eabi/lib/thumb/v6-m/nofp/libc.a
END GROUP
START GROUP
LOAD /usr/lib/gcc/arm-none-eabi/13.2.1/thumb/v6-m/nofp/libgcc.a
LOAD /usr/lib/gcc/arm-none-eabi/13.2.1/../../../arm-none-eabi/lib/thumb/v6-m/nofp/libc.a
LOAD /usr/lib/gcc/arm-none-eabi/13.2.1/../../../arm-none-eabi/lib/thumb/v6-m/nofp/libnosys.a
END GROUP
LOAD /usr/lib/gcc/arm-none-eabi/13.2.1/thumb/v6-m/nofp/crtend.o
LOAD /usr/lib/gcc/arm-none-eabi/13.2.1/thumb/v6-m/nofp/crtn.o
OUTPUT(uart_bridge.elf elf32-littlearm)
LOAD linker stubs

.ARM.attributes
                0x00000000       0x28
 .ARM.attributes
                0x00000000       0x1e /usr/lib/gcc/arm-none-eabi/13.2.1/thumb/v6-m/nofp/crti.o
 .ARM.attributes
                0x0000001e       0x2c /usr/lib/gcc/arm-none-eabi/13.2.1/thumb/v6-m/nofp/crtbegin.o
 .ARM.attributes
                0x0000004a       0x2c CMakeFiles/uart_bridge.dir/uart-bridge.c.obj
 .ARM.attributes
                0x00000076       0x2c CMakeFiles/uart_bridge.dir/usb-descriptors.c.obj
 .ARM.attributes
                0x000000a2       0x2c CMakeFiles/uart_bridge.dir/pico-sdk/src/rp2_common/hardware_flash/flash.c.obj
 .ARM.attributes
                0x000000ce       0x2c CMakeFiles/uart_bridge.dir/pico-sdk/src/rp2_common/pico_platform/platform.c.obj
 .ARM.attributes
                0x000000fa       0x2c CMakeFiles/uart_bridge.dir/pico-sdk/src/rp2_common/hardware_claim/claim.c.obj
 .ARM.attributes
                0x00000126       0x2c CMakeFiles/uart_bridge.dir/pico-sdk/src/rp2_common/hardware_sync/sync.c.obj
 .ARM.attributes
                0x00000152       0x2c CMakeFiles/uart_bridge.dir/pico-sdk/src/rp2_common/pico_bootrom/bootrom.c.obj
 .ARM.attributes
                0x0000017e       0x2c CMakeFiles/uart_bridge.dir/pico-sdk/src/rp2_common/pico_multicore/multicore.c.obj
 .ARM.attributes
                0x000001aa       0x2c CMakeFiles/uart_bridge.dir/pico-sdk/src/common/pico_sync/lock_core.c.obj
 .ARM.attributes
                0x000001d6       0x2c CMakeFiles/uart_bridge.dir/pico-sdk/src/common/pico_sync/mutex.c.obj
 .ARM.attributes
                0x00000202       0x2c CMakeFiles/uart_bridge.dir/pico-sdk/src/common/pico_sync/critical_section.c.obj
 .ARM.attributes
                0x0000022e       0x2c CMakeFiles/uart_bridge.dir/pico-sdk/src/common/pico_time/time.c.obj
 .ARM.attributes
                0x0000025a       0x2c CMakeFiles/uart_bridge.dir/pico-sdk/src/rp2_common/hardware_timer/timer.c.obj
 .ARM.attributes
                0x00000286       0x2c CMakeFiles/uart_bridge.dir/pico-sdk/src/rp2_common/hardware_irq/irq.c.obj
 .ARM.attributes
                0x000002b2       0x22 CMakeFiles/uart_bridge.dir/pico-sdk/src/rp2_common/hardware_irq/irq_handler_chain.S.obj
 .ARM.attributes
                0x000002d4       0x2c CMakeFiles/uart_bridge.dir/pico-sdk/src/common/pico_util/pheap.c.obj
 .ARM.attributes
                0x00000300       0x2c CMakeFiles/uart_bridge.dir/pico-sdk/src/rp2_common/hardware_gpio/gpio.c.obj
 .ARM.attributes
                0x0000032c       0x2c CMakeFiles/uart_bridge.dir/pico-sdk/src/rp2_common/hardware_uart/uart.c.obj
 .ARM.attributes
                0x00000358       0x2c CMakeFiles/uart_bridge.dir/pico-sdk/src/rp2_common/hardware_clocks/clocks.c.obj
 .ARM.attributes
                0x00000384       0x2c CMakeFiles/uart_bridge.dir/pico-sdk/src/rp2_common/hardware_pll/pll.c.obj
 .ARM.attributes
                0x000003b0       0x2c CMakeFiles/uart_bridge.dir/pico-sdk/src/rp2_common/hardware_watchdog/watchdog.c.obj
 .ARM.attributes
                0x000003dc       0x2c CMakeFiles/uart_bridge.dir/pico-sdk/src/rp2_common/hardware_xosc/xosc.c.obj
 .ARM.attributes
                0x00000408       0x2c CMakeFiles/uart_bridge.dir/pico-sdk/src/rp2_common/pico_runtime/runtime.c.obj
 .ARM.attributes
                0x00000434       0x2c CMakeFiles/uart_bridge.dir/pico-sdk/src/rp2_common/pico_printf/printf.c.obj
 .ARM.attributes
                0x00000460       0x22 CMakeFiles/uart_bridge.dir/pico-sdk/src/rp2_common/pico_bit_ops/bit_ops_aeabi.S.obj
 .ARM.attributes
                0x00000482       0x22 CMakeFiles/uart_bridge.dir/pico-sdk/src/rp2_common/pico_divider/divider.S.obj
 .ARM.attributes
                0x000004a4       0x22 CMakeFiles/uart_bridge.dir/pico-sdk/src/rp2_common/pico_double/double_aeabi.S.obj
 .ARM.attributes
                0x000004c6       0x2c CMakeFiles/uart_bridge.dir/pico-sdk/src/rp2_common/pico_double/double_init_rom.c.obj
 .ARM.attributes
                0x000004f2       0x22 CMakeFiles/uart_bridge.dir/pico-sdk/src/rp2_common/pico_double/double_v1_rom_shim.S.obj
 .ARM.attributes
                0x00000514       0x22 CMakeFiles/uart_bridge.dir/pico-sdk/src/rp2_common/pico_int64_ops/pico_int64_ops_aeabi.S.obj
 .ARM.attributes
                0x00000536       0x22 CMakeFiles/uart_bridge.dir/pico-sdk/src/rp2_common/pico_float/float_aeabi.S.obj
 .ARM.attributes
                0x00000558       0x2c CMakeFiles/uart_bridge.dir/pico-sdk/src/rp2_common/pico_float/float_init_rom.c.obj
 .ARM.attributes
                0x00000584       0x22 CMakeFiles/uart_bridge.dir/pico-sdk/src/rp2_common/pico_float/float_v1_rom_shim.S.obj
 .ARM.attributes
                0x000005a6       0x2c CMakeFiles/uart_bridge.dir/pico-sdk/src/rp2_common/pico_malloc/pico_malloc.c.obj
 .ARM.attributes
                0x000005d2       0x22 CMakeFiles/uart_bridge.dir/pico-sdk/src/rp2_common/pico_mem_ops/mem_ops_aeabi.S.obj
 .ARM.attributes
                0x000005f4       0x22 CMakeFiles/uart_bridge.dir/pico-sdk/src/rp2_common/pico_standard_link/crt0.S.obj
 .ARM.attributes
                0x00000616       0x2c CMakeFiles/uart_bridge.dir/pico-sdk/src/rp2_common/pico_standard_link/binary_info.c.obj
 .ARM.attributes
                0x00000642       0x2c CMakeFiles/uart_bridge.dir/pico-sdk/src/rp2_common/pico_stdio/stdio.c.obj
 .ARM.attributes
                0x0000066e       0x2c CMakeFiles/uart_bridge.dir/pico-sdk/lib/tinyusb/src/portable/raspberrypi/rp2040/dcd_rp2040.c.obj
 .ARM.attributes
                0x0000069a       0x2c CMakeFiles/uart_bridge.dir/pico-sdk/lib/tinyusb/src/portable/raspberrypi/rp2040/rp2040_usb.c.obj
 .ARM.attributes
                0x000006c6       0x2c CMakeFiles/uart_bridge.dir/pico-sdk/lib/tinyusb/src/device/usbd.c.obj
 .ARM.attributes
                0x000006f2       0x2c CMakeFiles/uart_bridge.dir/pico-sdk/lib/tinyusb/src/device/usbd_control.c.obj
 .ARM.attributes
                0x0000071e       0x2c CMakeFiles/uart_bridge.dir/pico-sdk/lib/tinyusb/src/class/cdc/cdc_device.c.obj
 .ARM.attributes
                0x0000074a       0x2c CMakeFiles/uart_bridge.dir/pico-sdk/lib/tinyusb/src/tusb.c.obj
 .ARM.attributes
                0x00000776       0x2c CMakeFiles/uart_bridge.dir/pico-sdk/lib/tinyusb/src/common/tusb_fifo.c.obj
 .ARM.attributes
                0x000007a2       0x22 /tmp/ccQkFooB.o
 .ARM.attributes
                0x000007c4       0x1e /usr/lib/gcc/arm-none-eabi/13.2.1/thumb/v6-m/nofp/libgcc.a(_dvmd_tls.o)
 .ARM.attributes
                0x000007e2       0x2c /usr/lib/gcc/arm-none-eabi/13.2.1/../../../arm-none-eabi/lib/thumb/v6-m/nofp/libc.a(libc_a-memmove.o)
 .ARM.attributes
                0x0000080e       0x2c /usr/lib/gcc/arm-none-eabi/13.2.1/../../../arm-none-eabi/lib/thumb/v6-m/nofp/libc.a(libc_a-atexit.o)
 .ARM.attributes
                0x0000083a       0x2c /usr/lib/gcc/arm-none-eabi/13.2.1/../../../arm-none-eabi/lib/thumb/v6-m/nofp/libc.a(libc_a-strlen-stub.o)
 .ARM.attributes
                0x00000866       0x2c /usr/lib/gcc/arm-none-eabi/13.2.1/../../../arm-none-eabi/lib/thumb/v6-m/nofp/libc.a(libc_a-fini.o)
 .ARM.attributes
                0x00000892       0x2c /usr/lib/gcc/arm-none-eabi/13.2.1/../../../arm-none-eabi/lib/thumb/v6-m/nofp/libc.a(libc_a-__atexit.o)
 .ARM.attributes
                0x000008be       0x2c /usr/lib/gcc/arm-none-eabi/13.2.1/../../../arm-none-eabi/lib/thumb/v6-m/nofp/libc.a(libc_a-__call_atexit.o)
 .ARM.attributes
                0x000008ea       0x2c /usr/lib/gcc/arm-none-eabi/13.2.1/thumb/v6-m/nofp/crtend.o

.comment        0x00000000       0x26
 .comment       0x00000000       0x26 /usr/lib/gcc/arm-none-eabi/13.2.1/thumb/v6-m/nofp/crtbegin.o
                                 0x27 (size before relaxing)
 .comment       0x00000026       0x27 CMakeFiles/uart_bridge.dir/uart-bridge.c.obj
 .comment       0x00000026       0x27 CMakeFiles/uart_bridge.dir/usb-descriptors.c.obj
 .comment       0x00000026       0x27 CMakeFiles/uart_bridge.dir/pico-sdk/src/rp2_common/hardware_flash/flash.c.obj
 .comment       0x00000026       0x27 CMakeFiles/uart_bridge.dir/pico-sdk/src/rp2_common/pico_platform/platform.c.obj
 .comment       0x00000026       0x27 CMakeFiles/uart_bridge.dir/pico-sdk/src/rp2_common/hardware_claim/claim.c.obj
 .comment       0x00000026       0x27 CMakeFiles/uart_bridge.dir/pico-sdk/src/rp2_common/hardware_sync/sync.c.obj
 .comment       0x00000026       0x27 CMakeFiles/uart_bridge.dir/pico-sdk/src/rp2_common/pico_bootrom/bootrom.c.obj
 .comment       0x00000026       0x27 CMakeFiles/uart_bridge.dir/pico-sdk/src/rp2_common/pico_multicore/multicore.c.obj
 .comment       0x00000026       0x27 CMakeFiles/uart_bridge.dir/pico-sdk/src/common/pico_sync/lock_core.c.obj
 .comment       0x00000026       0x27 CMakeFiles/uart_bridge.dir/pico-sdk/src/common/pico_sync/mutex.c.obj
 .comment       0x00000026       0x27 CMakeFiles/uart_bridge.dir/pico-sdk/src/common/pico_sync/critical_section.c.obj
 .comment       0x00000026       0x27 CMakeFiles/uart_bridge.dir/pico-sdk/src/common/pico_time/time.c.obj
 .comment       0x00000026       0x27 CMakeFiles/uart_bridge.dir/pico-sdk/src/rp2_common/hardware_timer/timer.c.obj
 .comment       0x00000026       0x27 CMakeFiles/uart_bridge.dir/pico-sdk/src/rp2_common/hardware_irq/irq.c.obj
 .comment       0x00000026       0x27 CMakeFiles/uart_bridge.dir/pico-sdk/src/common/pico_util/pheap.c.obj
 .comment       0x00000026       0x27 CMakeFiles/uart_bridge.dir/pico-sdk/src/rp2_common/hardware_gpio/gpio.c.obj
 .comment       0x00000026       0x27 CMakeFiles/uart_bridge.dir/pico-sdk/src/rp2_common/hardware_uart/uart.c.obj
 .comment       0x00000026       0x27 CMakeFiles/uart_bridge.dir/pico-sdk/src/rp2_common/hardware_clocks/clocks.c.obj
 .comment       0x00000026       0x27 CMakeFiles/uart_bridge.dir/pico-sdk/src/rp2_common/hardware_pll/pll.c.obj
 .comment       0x00000026       0x27 CMakeFiles/uart_bridge.dir/pico-sdk/src/rp2_common/hardware_watchdog/watchdog.c.obj
 .comment       0x00000026       0x27 CMakeFiles/uart_bridge.dir/pico-sdk/src/rp2_common/hardware_xosc/xosc.c.obj
 .comment       0x00000026       0x27 CMakeFiles/uart_bridge.dir/pico-sdk/src/rp2_common/pico_runtime/runtime.c.obj
 .comment       0x00000026       0x27 CMakeFiles/uart_bridge.dir/pico-sdk/src/rp2_common/pico_printf/printf.c.obj
 .comment       0x00000026       0x27 CMakeFiles/uart_bridge.dir/pico-sdk/src/rp2_common/pico_double/double_init_rom.c.obj
 .comment       0x00000026       0x27 CMakeFiles/uart_bridge.dir/pico-sdk/src/rp2_common/pico_float/float_init_rom.c.obj
 .comment       0x00000026       0x27 CMakeFiles/uart_bridge.dir/pico-sdk/src/rp2_common/pico_malloc/pico_malloc.c.obj
 .comment       0x00000026       0x27 CMakeFiles/uart_bridge.dir/pico-sdk/src/rp2_common/pico_standard_link/binary_info.c.obj
 .comment       0x00000026       0x27 CMakeFiles/uart_bridge.dir/pico-sdk/src/rp2_common/pico_stdio/stdio.c.obj
 .comment       0x00000026       0x27 CMakeFiles/uart_bridge.dir/pico-sdk/lib/tinyusb/src/portable/raspberrypi/rp2040/dcd_rp2040.c.obj
 .comment       0x00000026       0x27 CMakeFiles/uart_bridge.dir/pico-sdk/lib/tinyusb/src/portable/raspberrypi/rp2040/rp2040_usb.c.obj
 .comment       0x00000026       0x27 CMakeFiles/uart_bridge.dir/pico-sdk/lib/tinyusb/src/device/usbd.c.obj
 .comment       0x00000026       0x27 CMakeFiles/uart_bridge.dir/pico-sdk/lib/tinyusb/src/device/usbd_control.c.obj
 .comment       0x00000026       0x27 CMakeFiles/uart_bridge.dir/pico-sdk/lib/tinyusb/src/class/cdc/cdc_device.c.obj
 .comment       0x00000026       0x27 CMakeFiles/uart_bridge.dir/pico-sdk/lib/tinyusb/src/tusb.c.obj
 .comment       0x00000026       0x27 CMakeFiles/uart_bridge.dir/pico-sdk/lib/tinyusb/src/common/tusb_fifo.c.obj
 .comment       0x00000026       0x27 /usr/lib/gcc/arm-none-eabi/13.2.1/../../../arm-none-eabi/lib/thumb/v6-m/nofp/libc.a(libc_a-memmove.o)
 .comment       0x00000026       0x27 /usr/lib/gcc/arm-none-eabi/13.2.1/../../../arm-none-eabi/lib/thumb/v6-m/nofp/libc.a(libc_a-atexit.o)
 .comment       0x00000026       0x27 /usr/lib/gcc/arm-none-eabi/13.2.1/../../../arm-none-eabi/lib/thumb/v6-m/nofp/libc.a(libc_a-strlen-stub.o)
 .comment       0x00000026       0x27 /usr/lib/gcc/arm-none-eabi/13.2.1/../../../arm-none-eabi/lib/thumb/v6-m/nofp/libc.a(libc_a-fini.o)
 .comment       0x00000026       0x27 /usr/lib/gcc/arm-none-eabi/13.2.1/../../../arm-none-eabi/lib/thumb/v6-m/nofp/libc.a(libc_a-__atexit.o)
 .comment       0x00000026       0x27 /usr/lib/gcc/arm-none-eabi/13.2.1/../../../arm-none-eabi/lib/thumb/v6-m/nofp/libc.a(libc_a-__call_atexit.o)
 .comment       0x00000026       0x27 /usr/lib/gcc/arm-none-eabi/13.2.1/thumb/v6-m/nofp/crtend.o

.debug_line     0x00000000      0x961
 .debug_line    0x00000000       0x4a /usr/lib/gcc/arm-none-eabi/13.2.1/thumb/v6-m/nofp/libgcc.a(_dvmd_tls.o)
 .debug_line    0x0000004a      0x1f5 /usr/lib/gcc/arm-none-eabi/13.2.1/../../../arm-none-eabi/lib/thumb/v6-m/nofp/libc.a(libc_a-memmove.o)
 .debug_line    0x0000023f       0xc6 /usr/lib/gcc/arm-none-eabi/13.2.1/../../../arm-none-eabi/lib/thumb/v6-m/nofp/libc.a(libc_a-atexit.o)
 .debug_line    0x00000305      0x1aa /usr/lib/gcc/arm-none-eabi/13.2.1/../../../arm-none-eabi/lib/thumb/v6-m/nofp/libc.a(libc_a-strlen-stub.o)
 .debug_line    0x000004af       0xd1 /usr/lib/gcc/arm-none-eabi/13.2.1/../../../arm-none-eabi/lib/thumb/v6-m/nofp/libc.a(libc_a-fini.o)
 .debug_line    0x00000580      0x163 /usr/lib/gcc/arm-none-eabi/13.2.1/../../../arm-none-eabi/lib/thumb/v6-m/nofp/libc.a(libc_a-__atexit.o)
 .debug_line    0x000006e3      0x27e /usr/lib/gcc/arm-none-eabi/13.2.1/../../../arm-none-eabi/lib/thumb/v6-m/nofp/libc.a(libc_a-__call_atexit.o)

.debug_line_str
                0x00000000       0x97
 .debug_line_str
                0x00000000       0x97 /usr/lib/gcc/arm-none-eabi/13.2.1/thumb/v6-m/nofp/libgcc.a(_dvmd_tls.o)

.debug_info     0x00000000      0x905
 .debug_info    0x00000000       0x3c /usr/lib/gcc/arm-none-eabi/13.2.1/thumb/v6-m/nofp/libgcc.a(_dvmd_tls.o)
 .debug_info    0x0000003c      0x148 /usr/lib/gcc/arm-none-eabi/13.2.1/../../../arm-none-eabi/lib/thumb/v6-m/nofp/libc.a(libc_a-memmove.o)
 .debug_info    0x00000184      0x11e /usr/lib/gcc/arm-none-eabi/13.2.1/../../../arm-none-eabi/lib/thumb/v6-m/nofp/libc.a(libc_a-atexit.o)
 .debug_info    0x000002a2       0xeb /usr/lib/gcc/arm-none-eabi/13.2.1/../../../arm-none-eabi/lib/thumb/v6-m/nofp/libc.a(libc_a-strlen-stub.o)
 .debug_info    0x0000038d       0xf7 /usr/lib/gcc/arm-none-eabi/13.2.1/../../../arm-none-eabi/lib/thumb/v6-m/nofp/libc.a(libc_a-fini.o)
 .debug_info    0x00000484      0x1fd /usr/lib/gcc/arm-none-eabi/13.2.1/../../../arm-none-eabi/lib/thumb/v6-m/nofp/libc.a(libc_a-__atexit.o)
 .debug_info    0x00000681      0x284 /usr/lib/gcc/arm-none-eabi/13.2.1/../../../arm-none-eabi/lib/thumb/v6-m/nofp/libc.a(libc_a-__call_atexit.o)

.debug_abbrev   0x00000000      0x631
 .debug_abbrev  0x00000000       0x26 /usr/lib/gcc/arm-none-eabi/13.2.1/thumb/v6-m/nofp/libgcc.a(_dvmd_tls.o)
 .debug_abbrev  0x00000026       0xc3 /usr/lib/gcc/arm-none-eabi/13.2.1/../../../arm-none-eabi/lib/thumb/v6-m/nofp/libc.a(libc_a-memmove.o)
 .debug_abbrev  0x000000e9       0xbe /usr/lib/gcc/arm-none-eabi/13.2.1/../../../arm-none-eabi/lib/thumb/v6-m/nofp/libc.a(libc_a-atexit.o)
 .debug_abbrev  0x000001a7       0x90 /usr/lib/gcc/arm-none-eabi/13.2.1/../../../arm-none-eabi/lib/thumb/v6-m/nofp/libc.a(libc_a-strlen-stub.o)
 .debug_abbrev  0x00000237       0xc9 /usr/lib/gcc/arm-none-eabi/13.2.1/../../../arm-none-eabi/lib/thumb/v6-m/nofp/libc.a(libc_a-fini.o)
 .debug_abbrev  0x00000300      0x157 /usr/lib/gcc/arm-none-eabi/13.2.1/../../../arm-none-eabi/lib/thumb/v6-m/nofp/libc.a(libc_a-__atexit.o)
 .debug_abbrev  0x00000457      0x1da /usr/lib/gcc/arm-none-eabi/13.2.1/../../../arm-none-eabi/lib/thumb/v6-m/nofp/libc.a(libc_a-__call_atexit.o)

.debug_aranges  0x00000000       0xe8
 .debug_aranges
                0x00000000       0x20 /usr/lib/gcc/arm-none-eabi/13.2.1/thumb/v6-m/nofp/libgcc.a(_dvmd_tls.o)
 .debug_aranges
                0x00000020       0x20 /usr/lib/gcc/arm-none-eabi/13.2.1/../../../arm-none-eabi/lib/thumb/v6-m/nofp/libc.a(libc_a-memmove.o)
 .debug_aranges
                0x00000040       0x20 /usr/lib/gcc/arm-none-eabi/13.2.1/../../../arm-none-eabi/lib/thumb/v6-m/nofp/libc.a(libc_a-atexit.o)
 .debug_aranges
                0x00000060       0x20 /usr/lib/gcc/arm-none-eabi/13.2.1/../../../arm-none-eabi/lib/thumb/v6-m/nofp/libc.a(libc_a-strlen-stub.o)
 .debug_aranges
                0x00000080       0x20 /usr/lib/gcc/arm-none-eabi/13.2.1/../../../arm-none-eabi/lib/thumb/v6-m/nofp/libc.a(libc_a-fini.o)
 .debug_aranges
                0x000000a0       0x20 /usr/lib/gcc/arm-none-eabi/13.2.1/../../../arm-none-eabi/lib/thumb/v6-m/nofp/libc.a(libc_a-__atexit.o)
 .debug_aranges
                0x000000c0       0x28 /usr/lib/gcc/arm-none-eabi/13.2.1/../../../arm-none-eabi/lib/thumb/v6-m/nofp/libc.a(libc_a-__call_atexit.o)

.debug_str      0x00000000      0x489
 .debug_str     0x00000000      0x489 /usr/lib/gcc/arm-none-eabi/13.2.1/thumb/v6-m/nofp/libgcc.a(_dvmd_tls.o)
                                 0xbf (size before relaxing)
 .debug_str     0x00000489      0x1c0 /usr/lib/gcc/arm-none-eabi/13.2.1/../../../arm-none-eabi/lib/thumb/v6-m/nofp/libc.a(libc_a-memmove.o)
 .debug_str     0x00000489      0x1ca /usr/lib/gcc/arm-none-eabi/13.2.1/../../../arm-none-eabi/lib/thumb/v6-m/nofp/libc.a(libc_a-atexit.o)
 .debug_str     0x00000489      0x1aa /usr/lib/gcc/arm-none-eabi/13.2.1/../../../arm-none-eabi/lib/thumb/v6-m/nofp/libc.a(libc_a-strlen-stub.o)
 .debug_str     0x00000489      0x1c4 /usr/lib/gcc/arm-none-eabi/13.2.1/../../../arm-none-eabi/lib/thumb/v6-m/nofp/libc.a(libc_a-fini.o)
 .debug_str     0x00000489      0x235 /usr/lib/gcc/arm-none-eabi/13.2.1/../../../arm-none-eabi/lib/thumb/v6-m/nofp/libc.a(libc_a-__atexit.o)
 .debug_str     0x00000489      0x257 /usr/lib/gcc/arm-none-eabi/13.2.1/../../../arm-none-eabi/lib/thumb/v6-m/nofp/libc.a(libc_a-__call_atexit.o)

.debug_loclists
                0x00000000      0x68c
 .debug_loclists
                0x00000000      0x3ac /usr/lib/gcc/arm-none-eabi/13.2.1/../../../arm-none-eabi/lib/thumb/v6-m/nofp/libc.a(libc_a-memmove.o)
 .debug_loclists
                0x000003ac       0x2b /usr/lib/gcc/arm-none-eabi/13.2.1/../../../arm-none-eabi/lib/thumb/v6-m/nofp/libc.a(libc_a-atexit.o)
 .debug_loclists
                0x000003d7       0x57 /usr/lib/gcc/arm-none-eabi/13.2.1/../../../arm-none-eabi/lib/thumb/v6-m/nofp/libc.a(libc_a-strlen-stub.o)
 .debug_loclists
                0x0000042e       0x2c /usr/lib/gcc/arm-none-eabi/13.2.1/../../../arm-none-eabi/lib/thumb/v6-m/nofp/libc.a(libc_a-fini.o)
 .debug_loclists
                0x0000045a       0xff /usr/lib/gcc/arm-none-eabi/13.2.1/../../../arm-none-eabi/lib/thumb/v6-m/nofp/libc.a(libc_a-__atexit.o)
 .debug_loclists
                0x00000559      0x133 /usr/lib/gcc/arm-none-eabi/13.2.1/../../../arm-none-eabi/lib/thumb/v6-m/nofp/libc.a(libc_a-__call_atexit.o)

.debug_frame    0x00000000      0x134
 .debug_frame   0x00000000       0x30 /usr/lib/gcc/arm-none-eabi/13.2.1/../../../arm-none-eabi/lib/thumb/v6-m/nofp/libc.a(libc_a-memmove.o)
 .debug_frame   0x00000030       0x28 /usr/lib/gcc/arm-none-eabi/13.2.1/../../../arm-none-eabi/lib/thumb/v6-m/nofp/libc.a(libc_a-atexit.o)
 .debug_frame   0x00000058       0x28 /usr/lib/gcc/arm-none-eabi/13.2.1/../../../arm-none-eabi/lib/thumb/v6-m/nofp/libc.a(libc_a-strlen-stub.o)
 .debug_frame   0x00000080       0x2c /usr/lib/gcc/arm-none-eabi/13.2.1/../../../arm-none-eabi/lib/thumb/v6-m/nofp/libc.a(libc_a-fini.o)
 .debug_frame   0x000000ac       0x34 /usr/lib/gcc/arm-none-eabi/13.2.1/../../../arm-none-eabi/lib/thumb/v6-m/nofp/libc.a(libc_a-__atexit.o)
 .debug_frame   0x000000e0       0x54 /usr/lib/gcc/arm-none-eabi/13.2.1/../../../arm-none-eabi/lib/thumb/v6-m/nofp/libc.a(libc_a-__call_atexit.o)

.debug_rnglists
                0x00000000       0x30
 .debug_rnglists
                0x00000000       0x30 /usr/lib/gcc/arm-none-eabi/13.2.1/../../../arm-none-eabi/lib/thumb/v6-m/nofp/libc.a(libc_a-__call_atexit.o)